Java HotSpot(TM) 64-Bit Server VM (25.151-b12) for bsd-amd64 JRE (1.8.0_151-b12), built on Sep  5 2017 19:37:08 by "java_re" with gcc 4.2.1 (Based on Apple Inc. build 5658) (LLVM build 2336.11.00)
Memory: 4k page, physical 8388608k(233752k free)

/proc/meminfo:

CommandLine flags: -XX:InitialHeapSize=268435456 -XX:MaxHeapSize=536870912 -XX:+PrintGC -XX:+PrintGCDateStamps -XX:+PrintGCDetails -XX:+PrintGCTimeStamps -XX:+UseCompressedClassPointers -XX:+UseCompressedOops -XX:+UseParallelGC 
2020-10-24T14:01:40.134-0800: 0.317: [GC (Allocation Failure) [PSYoungGen: 65536K->10740K(76288K)] 65536K->23784K(251392K), 0.0104645 secs] [Times: user=0.01 sys=0.02, real=0.01 secs] 
2020-10-24T14:01:40.164-0800: 0.347: [GC (Allocation Failure) [PSYoungGen: 76222K->10751K(141824K)] 89265K->47524K(316928K), 0.0205330 secs] [Times: user=0.01 sys=0.04, real=0.02 secs] 
2020-10-24T14:01:40.233-0800: 0.415: [GC (Allocation Failure) [PSYoungGen: 141709K->10739K(141824K)] 178483K->95792K(316928K), 0.0410582 secs] [Times: user=0.04 sys=0.07, real=0.04 secs] 
2020-10-24T14:01:40.303-0800: 0.486: [GC (Allocation Failure) [PSYoungGen: 141811K->10734K(163840K)] 226864K->135667K(338944K), 0.0342940 secs] [Times: user=0.03 sys=0.05, real=0.03 secs] 
2020-10-24T14:01:40.338-0800: 0.521: [Full GC (Ergonomics) [PSYoungGen: 10734K->0K(163840K)] [ParOldGen: 124932K->121164K(251904K)] 135667K->121164K(415744K), [Metaspace: 2691K->2691K(1056768K)], 0.0277414 secs] [Times: user=0.06 sys=0.00, real=0.03 secs] 
2020-10-24T14:01:40.392-0800: 0.574: [GC (Allocation Failure) [PSYoungGen: 153088K->10743K(163840K)] 274252K->169011K(415744K), 0.0347534 secs] [Times: user=0.02 sys=0.04, real=0.03 secs] 
2020-10-24T14:01:40.459-0800: 0.642: [GC (Allocation Failure) [PSYoungGen: 163831K->10745K(69632K)] 322099K->220650K(321536K), 0.0403120 secs] [Times: user=0.03 sys=0.04, real=0.04 secs] 
2020-10-24T14:01:40.499-0800: 0.682: [Full GC (Ergonomics) [PSYoungGen: 10745K->0K(69632K)] [ParOldGen: 209904K->181374K(334336K)] 220650K->181374K(403968K), [Metaspace: 2691K->2691K(1056768K)], 0.0311973 secs] [Times: user=0.07 sys=0.00, real=0.04 secs] 
2020-10-24T14:01:40.545-0800: 0.728: [GC (Allocation Failure) [PSYoungGen: 58852K->22243K(116736K)] 240227K->203618K(451072K), 0.0025515 secs] [Times: user=0.01 sys=0.00, real=0.00 secs] 
2020-10-24T14:01:40.555-0800: 0.738: [GC (Allocation Failure) [PSYoungGen: 81111K->37568K(116736K)] 262485K->218943K(451072K), 0.0051284 secs] [Times: user=0.02 sys=0.00, real=0.01 secs] 
2020-10-24T14:01:40.573-0800: 0.756: [GC (Allocation Failure) [PSYoungGen: 96448K->54649K(116736K)] 277823K->236023K(451072K), 0.0093564 secs] [Times: user=0.03 sys=0.00, real=0.01 secs] 
2020-10-24T14:01:40.597-0800: 0.780: [GC (Allocation Failure) [PSYoungGen: 113529K->39456K(116736K)] 294903K->253815K(451072K), 0.0195215 secs] [Times: user=0.05 sys=0.01, real=0.02 secs] 
2020-10-24T14:01:40.631-0800: 0.813: [GC (Allocation Failure) [PSYoungGen: 98336K->18142K(116736K)] 312695K->269894K(451072K), 0.0178010 secs] [Times: user=0.02 sys=0.02, real=0.01 secs] 
2020-10-24T14:01:40.663-0800: 0.845: [GC (Allocation Failure) [PSYoungGen: 77021K->17765K(116736K)] 328773K->287155K(451072K), 0.0189907 secs] [Times: user=0.02 sys=0.02, real=0.02 secs] 
2020-10-24T14:01:40.696-0800: 0.879: [GC (Allocation Failure) [PSYoungGen: 76645K->17794K(116736K)] 346035K->304467K(451072K), 0.0183164 secs] [Times: user=0.01 sys=0.02, real=0.02 secs] 
2020-10-24T14:01:40.715-0800: 0.898: [Full GC (Ergonomics) [PSYoungGen: 17794K->0K(116736K)] [ParOldGen: 286673K->237251K(349696K)] 304467K->237251K(466432K), [Metaspace: 2691K->2691K(1056768K)], 0.0346342 secs] [Times: user=0.10 sys=0.00, real=0.04 secs] 
2020-10-24T14:01:40.765-0800: 0.948: [GC (Allocation Failure) [PSYoungGen: 58880K->23806K(116736K)] 296131K->261057K(466432K), 0.0116023 secs] [Times: user=0.03 sys=0.00, real=0.01 secs] 
2020-10-24T14:01:40.790-0800: 0.973: [GC (Allocation Failure) [PSYoungGen: 82686K->20115K(116736K)] 319937K->280435K(466432K), 0.0075864 secs] [Times: user=0.02 sys=0.00, real=0.00 secs] 
2020-10-24T14:01:40.813-0800: 0.996: [GC (Allocation Failure) [PSYoungGen: 78801K->17467K(116736K)] 339121K->296700K(466432K), 0.0060933 secs] [Times: user=0.01 sys=0.00, real=0.00 secs] 
2020-10-24T14:01:40.834-0800: 1.016: [GC (Allocation Failure) [PSYoungGen: 76092K->19709K(116736K)] 355324K->315123K(466432K), 0.0162567 secs] [Times: user=0.03 sys=0.01, real=0.02 secs] 
2020-10-24T14:01:40.864-0800: 1.047: [GC (Allocation Failure) [PSYoungGen: 78530K->19528K(116736K)] 373943K->333871K(466432K), 0.0187814 secs] [Times: user=0.02 sys=0.02, real=0.02 secs] 
2020-10-24T14:01:40.883-0800: 1.066: [Full GC (Ergonomics) [PSYoungGen: 19528K->0K(116736K)] [ParOldGen: 314342K->270662K(349696K)] 333871K->270662K(466432K), [Metaspace: 2691K->2691K(1056768K)], 0.0534893 secs] [Times: user=0.14 sys=0.01, real=0.05 secs] 
2020-10-24T14:01:40.945-0800: 1.128: [GC (Allocation Failure) [PSYoungGen: 58880K->19681K(116736K)] 329542K->290344K(466432K), 0.0034099 secs] [Times: user=0.01 sys=0.00, real=0.00 secs] 
2020-10-24T14:01:40.964-0800: 1.146: [GC (Allocation Failure) [PSYoungGen: 78480K->21433K(116736K)] 349143K->310775K(466432K), 0.0105855 secs] [Times: user=0.02 sys=0.00, real=0.01 secs] 
2020-10-24T14:01:40.991-0800: 1.174: [GC (Allocation Failure) [PSYoungGen: 80313K->16819K(116736K)] 369655K->326358K(466432K), 0.0054764 secs] [Times: user=0.01 sys=0.00, real=0.00 secs] 
2020-10-24T14:01:41.004-0800: 1.187: [GC (Allocation Failure) [PSYoungGen: 75699K->16855K(116736K)] 385238K->342626K(466432K), 0.0084168 secs] [Times: user=0.01 sys=0.01, real=0.01 secs] 
2020-10-24T14:01:41.012-0800: 1.195: [Full GC (Ergonomics) [PSYoungGen: 16855K->0K(116736K)] [ParOldGen: 325770K->291322K(349696K)] 342626K->291322K(466432K), [Metaspace: 2691K->2691K(1056768K)], 0.0583280 secs] [Times: user=0.14 sys=0.00, real=0.06 secs] 
Heap
 PSYoungGen      total 116736K, used 6197K [0x00000007b5580000, 0x00000007c0000000, 0x00000007c0000000)
  eden space 58880K, 10% used [0x00000007b5580000,0x00000007b5b8d6c8,0x00000007b8f00000)
  from space 57856K, 0% used [0x00000007bc780000,0x00000007bc780000,0x00000007c0000000)
  to   space 57856K, 0% used [0x00000007b8f00000,0x00000007b8f00000,0x00000007bc780000)
 ParOldGen       total 349696K, used 291322K [0x00000007a0000000, 0x00000007b5580000, 0x00000007b5580000)
  object space 349696K, 83% used [0x00000007a0000000,0x00000007b1c7ea00,0x00000007b5580000)
 Metaspace       used 2697K, capacity 4486K, committed 4864K, reserved 1056768K
  class space    used 295K, capacity 386K, committed 512K, reserved 1048576K
