
 num     #instances         #bytes  class name
----------------------------------------------
   1:         88155       12518176  [C
   2:          8949        7363776  [I
   3:          8938        6845728  [B
   4:         20746        2422736  [Ljava.lang.Object;
   5:         86992        2087808  java.lang.String
   6:         21658        1905904  java.lang.reflect.Method
   7:         14721        1638624  java.lang.Class
   8:         33237        1063584  java.util.concurrent.ConcurrentHashMap$Node
   9:         22795         729440  java.util.HashMap$Node
  10:          6952         585024  [Ljava.util.HashMap$Node;
  11:         10699         427960  java.util.LinkedHashMap$Entry
  12:         18947         406112  [Ljava.lang.Class;
  13:          5258         378576  java.lang.reflect.Field
  14:         23660         378560  java.lang.Object
  15:          6096         341376  java.util.LinkedHashMap
  16:           783         313592  [Ljava.util.concurrent.ConcurrentHashMap$Node;
  17:         12043         289032  java.util.ArrayList
  18:          5994         287712  java.util.HashMap
  19:             2         262176  [Lcom.hazelcast.client.impl.protocol.MessageTaskFactory;
  20:          3104         248320  java.lang.reflect.Constructor
  21:          7666         245312  java.lang.ref.WeakReference
  22:          3273         209472  java.util.concurrent.ConcurrentHashMap
  23:          6320         202240  java.util.concurrent.locks.ReentrantLock$NonfairSync
  24:          4861         194440  java.lang.ref.SoftReference
  25:          3086         171056  [Ljava.lang.String;
  26:          3010         144480  org.aspectj.weaver.reflect.ShadowMatchImpl
  27:          1825         132624  [S
  28:          1750         121256  [Ljava.lang.reflect.Method;
  29:          3749         119968  java.util.concurrent.locks.AbstractQueuedSynchronizer$Node
  30:          2912         116480  com.fasterxml.jackson.databind.introspect.AnnotatedMethod
  31:            26         106912  [Ljava.nio.ByteBuffer;
  32:          3010          96320  org.aspectj.weaver.patterns.ExposedState
  33:          1600          89600  java.lang.Class$ReflectionData
  34:          3669          88056  java.beans.MethodRef
  35:          2048          81920  org.jboss.netty.util.internal.ConcurrentIdentityHashMap$Segment
  36:          2468          78976  java.util.Hashtable$Entry
  37:          1826          78864  [Z
  38:          1309          73304  java.beans.MethodDescriptor
  39:          1829          73160  java.util.TreeMap$Entry
  40:          2239          71648  java.lang.ref.ReferenceQueue
  41:          1760          70400  org.springframework.util.ConcurrentReferenceHashMap$Segment
  42:             2          65568  [Lcom.aliyun.openservices.shade.com.alibaba.fastjson.util.IdentityHashMap$Entry;
  43:          2048          65536  [Lorg.jboss.netty.util.internal.ConcurrentIdentityHashMap$HashEntry;
  44:           637          60704  [Ljava.util.Hashtable$Entry;
  45:          3695          59120  com.fasterxml.jackson.databind.introspect.AnnotationMap
  46:          1466          58640  com.sun.org.apache.xerces.internal.dom.DeferredTextImpl
  47:          1768          56576  com.fasterxml.jackson.databind.introspect.POJOPropertyBuilder$Linked
  48:          2308          55392  javassist.bytecode.Utf8Info
  49:           571          54816  org.springframework.beans.GenericTypeAwarePropertyDescriptor
  50:           943          52808  java.lang.Package
  51:          1290          51600  com.sun.org.apache.xerces.internal.dom.DeferredAttrImpl
  52:          1780          49048  [Lorg.springframework.util.ConcurrentReferenceHashMap$Reference;
  53:           552          48576  com.fasterxml.jackson.databind.ser.BeanPropertyWriter
  54:           829          46424  java.util.concurrent.ConcurrentHashMap$ValueIterator
  55:          1152          46080  java.util.WeakHashMap$Entry
  56:          1887          45288  com.fasterxml.jackson.databind.introspect.MemberKey
  57:           938          45024  org.springframework.core.ResolvableType
  58:           782          43792  com.sun.org.apache.xerces.internal.dom.DeferredElementImpl
  59:           603          43416  java.beans.PropertyDescriptor
  60:          1351          43232  java.util.LinkedList
  61:          1760          42240  org.springframework.util.ConcurrentReferenceHashMap$ReferenceManager
  62:           843          40464  org.apache.tomcat.util.modeler.AttributeInfo
  63:           630          40320  java.net.URL
  64:           714          39984  org.springframework.beans.PropertyValue
  65:           354          39840  [Lcom.aliyun.openservices.shade.io.netty.util.Recycler$DefaultHandle;
  66:           536          38592  sun.reflect.DelegatingClassLoader
  67:          2328          37248  java.util.concurrent.locks.ReentrantLock
  68:            99          37224  java.lang.Thread
  69:          1546          37104  sun.reflect.generics.tree.SimpleClassTypeSignature
  70:            70          36960  [Ljavassist.bytecode.ConstInfo;
  71:          1522          36528  sun.reflect.annotation.AnnotationInvocationHandler
  72:          1506          36136  [Lorg.aspectj.weaver.ast.Var;
  73:          2241          35856  java.lang.ref.ReferenceQueue$Lock
  74:          1117          35744  java.util.Vector
  75:           299          35648  [Ljava.util.WeakHashMap$Entry;
  76:          1553          35288  [Ljava.lang.reflect.Type;
  77:           620          34720  java.util.zip.ZipFile$ZipFileInputStream
  78:           619          34664  java.util.zip.ZipFile$ZipFileInflaterInputStream
  79:           217          32984  org.springframework.beans.factory.support.RootBeanDefinition
  80:           676          32448  com.fasterxml.jackson.databind.introspect.POJOPropertyBuilder
  81:           667          32016  org.springframework.util.ConcurrentReferenceHashMap$SoftEntryReference
  82:            55          32000  [[C
  83:           788          31520  java.math.BigInteger
  84:          1935          30960  java.util.HashSet
  85:          1252          30048  java.util.jar.Attributes$Name
  86:           935          29920  sun.security.util.DerInputBuffer
  87:           935          29920  sun.security.util.DerValue
  88:           524          29344  org.springframework.core.MethodParameter
  89:          1546          29240  [Lsun.reflect.generics.tree.TypeArgument;
  90:           521          29176  org.apache.ibatis.mapping.ParameterMapping
  91:          1217          28120  [Ljava.lang.reflect.Constructor;
  92:            49          27392  [Ljava.nio.channels.SelectionKey;
  93:           564          27072  java.util.Hashtable
  94:          1128          27072  sun.reflect.NativeConstructorAccessorImpl
  95:            13          26832  [Lorg.apache.ibatis.ognl.internal.Entry;
  96:           368          26496  com.alibaba.dubbo.common.URL
  97:           542          26016  ch.qos.logback.classic.Logger
  98:          1068          25632  java.util.LinkedList$Node
  99:           633          25320  java.security.ProtectionDomain
 100:           789          25248  sun.reflect.UnsafeObjectFieldAccessorImpl
 101:           629          25160  java.lang.ref.Finalizer
 102:           512          24576  org.jboss.netty.util.internal.ConcurrentIdentityHashMap
 103:           512          24576  org.jboss.netty.util.internal.ConcurrentIdentityHashMap$KeyIterator
 104:           591          23640  javassist.bytecode.MethodInfo
 105:           316          23504  [J
 106:           976          23424  java.util.concurrent.CopyOnWriteArrayList
 107:           935          22440  sun.security.util.DerInputStream
 108:           921          22104  [Lsun.security.x509.AVA;
 109:           921          22104  sun.security.x509.AVA
 110:           921          22104  sun.security.x509.RDN
 111:          1377          22032  sun.reflect.generics.tree.ClassTypeSignature
 112:           510          21832  [Ljava.lang.reflect.Field;
 113:           301          21672  java.util.concurrent.ScheduledThreadPoolExecutor$ScheduledFutureTask
 114:           870          20880  java.util.Collections$UnmodifiableRandomAccessList
 115:           992          20648  [Lsun.reflect.generics.tree.FieldTypeSignature;
 116:           429          20592  java.util.logging.LogManager$LoggerWeakRef
 117:           635          20320  java.security.CodeSource
 118:           629          20128  java.util.Collections$UnmodifiableMap
 119:           626          20032  com.fasterxml.jackson.databind.introspect.AnnotatedField
 120:          1244          19904  java.lang.Integer
 121:           275          19800  com.hazelcast.spi.impl.operationservice.impl.OperationRunnerImpl
 122:            99          19800  com.sun.org.apache.xerces.internal.impl.dv.xs.XSSimpleTypeDecl
 123:           402          19296  java.util.concurrent.locks.ReentrantReadWriteLock$NonfairSync
 124:           782          18768  com.sun.org.apache.xerces.internal.dom.AttributeMap
 125:          1168          18688  sun.reflect.DelegatingConstructorAccessorImpl
 126:          1144          18304  java.util.LinkedHashSet
 127:           553          17696  com.fasterxml.jackson.core.io.SerializedString
 128:           182          17472  java.util.jar.JarFile$JarFileEntry
 129:           271          17344  com.hazelcast.map.impl.PartitionContainer
 130:           540          17280  javax.management.MBeanAttributeInfo
 131:           306          17136  sun.nio.cs.UTF_8$Encoder
 132:          1070          17120  java.util.concurrent.ConcurrentHashMap$ValuesView
 133:          1052          16832  java.util.LinkedHashMap$LinkedValues
 134:           685          16440  java.lang.Class$AnnotationData
 135:           512          16384  [Lorg.jboss.netty.util.internal.ConcurrentIdentityHashMap$Segment;
 136:           681          16344  com.fasterxml.jackson.databind.PropertyName
 137:           129          16248  [Ljava.beans.MethodDescriptor;
 138:           494          15808  sun.security.util.ObjectIdentifier
 139:           981          15696  java.util.LinkedHashMap$LinkedKeySet
 140:           389          15560  sun.reflect.generics.repository.MethodRepository
 141:           972          15552  org.apache.ibatis.scripting.xmltags.StaticTextSqlNode
 142:           211          15192  java.util.logging.Logger
 143:           315          15120  java.util.TreeMap
 144:           471          15072  java.lang.ThreadLocal$ThreadLocalMap$Entry
 145:           313          15024  org.apache.tomcat.util.modeler.OperationInfo
 146:           614          14736  com.aliyun.openservices.shade.com.alibaba.rocketmq.common.MQVersion$Version
 147:           228          14592  javassist.CtClassType
 148:           224          14336  com.mysql.jdbc.ConnectionPropertiesImpl$BooleanConnectionProperty
 149:           355          14200  org.springframework.beans.factory.annotation.AutowiredAnnotationBeanPostProcessor$AutowiredFieldElement
 150:           291          13968  java.util.WeakHashMap
 151:           343          13720  javassist.bytecode.CodeAttribute
 152:           240          13440  java.lang.invoke.MemberName
 153:           549          13176  sun.reflect.generics.factory.CoreReflectionFactory
 154:           273          13072  [Lcom.hazelcast.nio.Address;
 155:           203          12992  com.fasterxml.jackson.databind.introspect.AnnotatedClass
 156:           798          12768  java.util.HashMap$KeySet
 157:           529          12696  javassist.bytecode.NameAndTypeInfo
 158:           226          12656  java.security.Provider$Service
 159:           197          12608  com.fasterxml.jackson.databind.introspect.BasicBeanDescription
 160:           394          12608  sun.reflect.generics.tree.MethodTypeSignature
 161:           515          12360  org.springframework.util.ConcurrentReferenceHashMap$Entry
 162:           191          12224  java.util.jar.JarFile
 163:           369          11808  com.hazelcast.internal.util.counters.SwCounter$UnsafeSwCounter
 164:           162          11664  org.apache.ibatis.mapping.ResultMapping
 165:           364          11648  java.util.UUID
 166:           480          11520  java.security.Provider$ServiceKey
 167:           477          11448  javassist.bytecode.MethodrefInfo
 168:           235          11280  java.util.zip.Inflater
 169:           233          11184  sun.security.x509.X500Name
 170:           349          11168  java.util.logging.LogManager$LogNode
 171:           198          11088  sun.misc.URLClassPath$JarLoader
 172:           342          10944  com.aliyun.openservices.shade.io.netty.util.Recycler$WeakOrderQueue$Link
 173:           195          10920  org.springframework.core.annotation.AnnotationAttributes
 174:           341          10912  sun.misc.FDBigInteger
 175:           230          10784  [Ljava.beans.PropertyDescriptor;
 176:           449          10776  org.apache.ibatis.scripting.xmltags.IfSqlNode
 177:           333          10656  sun.security.x509.AlgorithmId
 178:            69          10488  org.jboss.resteasy.spi.ResteasyProviderFactory
 179:           653          10448  sun.reflect.DelegatingMethodAccessorImpl
 180:           433          10392  sun.reflect.generics.reflectiveObjects.ParameterizedTypeImpl
 181:           259          10360  sun.nio.cs.UTF_8$Decoder
 182:           141          10152  java.util.regex.Pattern
 183:           634          10144  java.security.ProtectionDomain$Key
 184:           633          10128  [Ljava.security.Principal;
 185:           418          10032  com.alibaba.dubbo.rpc.protocol.ProtocolFilterWrapper$1
 186:           244           9760  javax.management.MBeanOperationInfo
 187:           400           9600  java.util.concurrent.locks.ReentrantReadWriteLock
 188:           100           9600  org.apache.ibatis.mapping.MappedStatement
 189:           547           9552  [Lsun.reflect.generics.tree.FormalTypeParameter;
 190:           389           9336  sun.reflect.generics.scope.MethodScope
 191:           394           9256  [Lsun.reflect.generics.tree.TypeSignature;
 192:           383           9192  org.apache.ibatis.reflection.invoker.MethodInvoker
 193:           569           9104  org.springframework.core.ResolvableType$DefaultVariableResolver
 194:           375           9000  org.springframework.cglib.core.Signature
 195:           374           8976  com.fasterxml.jackson.databind.ser.impl.JsonSerializerMap$Bucket
 196:            75           8968  [Lcom.hazelcast.util.ConcurrentReferenceHashMap$HashEntry;
 197:           111           8880  sun.security.x509.X509CertImpl
 198:            85           8840  org.springframework.context.annotation.ScannedGenericBeanDefinition
 199:           110           8800  [Lorg.springframework.util.ConcurrentReferenceHashMap$Segment;
 200:           274           8768  com.hazelcast.spi.impl.operationexecutor.slowoperationdetector.SlowOperationDetector$CurrentOperationData
 201:           548           8768  java.util.LinkedHashMap$LinkedEntrySet
 202:           271           8672  com.hazelcast.cache.impl.CachePartitionSegment
 203:           271           8672  com.hazelcast.concurrent.lock.LockStoreContainer
 204:           271           8672  com.hazelcast.internal.partition.impl.InternalPartitionImpl
 205:           271           8672  com.hazelcast.multimap.impl.MultiMapPartitionContainer
 206:           271           8672  com.hazelcast.replicatedmap.impl.PartitionContainer
 207:           271           8672  com.hazelcast.scheduledexecutor.impl.ScheduledExecutorPartition
 208:           348           8640  [Lcom.fasterxml.jackson.databind.introspect.AnnotationMap;
 209:           358           8592  sun.reflect.NativeMethodAccessorImpl
 210:            79           8432  [Ljava.lang.ThreadLocal$ThreadLocalMap$Entry;
 211:           344           8256  java.lang.Long
 212:           343           8232  javassist.bytecode.ExceptionTable
 213:           343           8232  javassist.bytecode.LineNumberAttribute
 214:             2           8224  [Lcom.alibaba.fastjson.util.IdentityHashMap$Entry;
 215:           512           8192  org.jboss.netty.util.MapBackedSet
 216:           512           8192  org.jboss.netty.util.internal.ConcurrentIdentityHashMap$KeySet
 217:            57           8024  [[I
 218:           334           8016  org.springframework.beans.BeanWrapperImpl$PropertyTokenHolder
 219:           233           8008  [Lsun.security.x509.RDN;
 220:           500           8000  sun.reflect.generics.tree.TypeVariableSignature
 221:           332           7968  org.springframework.beans.MutablePropertyValues
 222:           332           7968  org.springframework.beans.factory.config.ConstructorArgumentValues
 223:           497           7952  org.apache.ibatis.scripting.xmltags.MixedSqlNode
 224:           326           7824  org.springframework.beans.factory.annotation.InjectionMetadata
 225:           485           7760  java.util.HashMap$EntrySet
 226:            96           7680  com.google.common.cache.LocalCache$Segment
 227:           480           7680  java.util.concurrent.atomic.AtomicInteger
 228:           240           7680  sun.reflect.UnsafeStaticObjectFieldAccessorImpl
 229:           236           7552  java.lang.invoke.LambdaForm$Name
 230:           231           7392  java.util.zip.ZipCoder
 231:           308           7392  javassist.bytecode.ClassInfo
 232:           305           7320  java.util.concurrent.locks.AbstractQueuedSynchronizer$ConditionObject
 233:           449           7184  org.apache.ibatis.scripting.xmltags.ExpressionEvaluator
 234:           224           7168  org.apache.tomcat.util.modeler.ParameterInfo
 235:           148           7104  org.apache.tomcat.util.buf.ByteChunk
 236:           295           7080  java.util.concurrent.Executors$RunnableAdapter
 237:           295           7080  sun.reflect.generics.scope.ClassScope
 238:           441           7056  java.util.concurrent.CopyOnWriteArraySet
 239:           174           6960  ch.qos.logback.core.status.WarnStatus
 240:           174           6960  com.fasterxml.jackson.core.JsonGenerationException
 241:           217           6944  sun.reflect.generics.reflectiveObjects.WildcardTypeImpl
 242:           381           6880  [Ljava.lang.reflect.TypeVariable;
 243:           213           6816  org.springframework.core.SerializableTypeWrapper$MethodParameterTypeProvider
 244:           212           6784  com.fasterxml.jackson.databind.ser.SerializerCache$TypeKey
 245:           121           6776  org.springframework.expression.spel.ast.Indexer
 246:           281           6744  org.springframework.beans.factory.config.RuntimeBeanReference
 247:           210           6720  java.util.concurrent.SynchronousQueue$TransferStack$SNode
 248:           166           6640  java.lang.invoke.MethodType
 249:           313           6600  [Ljava.lang.annotation.Annotation;
 250:           275           6600  com.hazelcast.util.ContextMutexFactory
 251:           205           6560  org.springframework.asm.Type
 252:           271           6504  com.hazelcast.durableexecutor.impl.DurableExecutorPartitionContainer
 253:           271           6504  com.hazelcast.internal.partition.PartitionServiceProxy$PartitionProxy
 254:           271           6504  com.hazelcast.internal.partition.impl.PartitionReplicaVersions
 255:           313           6472  [Lorg.apache.tomcat.util.modeler.ParameterInfo;
 256:           269           6456  java.util.Date
 257:           403           6448  java.util.concurrent.locks.ReentrantReadWriteLock$ReadLock
 258:           403           6448  java.util.concurrent.locks.ReentrantReadWriteLock$Sync$ThreadLocalHoldCounter
 259:           403           6448  java.util.concurrent.locks.ReentrantReadWriteLock$WriteLock
 260:           161           6440  org.springframework.beans.factory.support.DisposableBeanAdapter
 261:           267           6408  java.util.ArrayDeque
 262:           266           6384  java.util.concurrent.atomic.AtomicLong
 263:           132           6336  org.apache.tomcat.util.buf.CharChunk
 264:           391           6256  java.util.Collections$UnmodifiableMap$UnmodifiableEntrySet
 265:           156           6240  java.security.AccessControlContext
 266:           111           6216  sun.security.util.MemoryCache$SoftCacheEntry
 267:           111           6216  sun.security.x509.X509CertInfo
 268:           129           6192  java.beans.BeanDescriptor
 269:           129           6192  org.apache.tomcat.util.buf.MessageBytes
 270:           102           6120  [Ljava.lang.ref.SoftReference;
 271:            85           6120  org.springframework.core.type.classreading.AnnotationMetadataReadingVisitor
 272:           108           6048  java.util.ResourceBundle$CacheKey
 273:           108           6048  org.springframework.beans.factory.config.DependencyDescriptor
 274:            22           5984  [Lcom.fasterxml.jackson.core.sym.Name;
 275:           187           5984  com.hazelcast.internal.partition.impl.PartitionReplicaFragmentVersions
 276:           187           5984  javax.management.MBeanParameterInfo
 277:           243           5824  [Lorg.springframework.expression.spel.ast.SpelNodeImpl;
 278:           121           5808  org.springframework.expression.spel.ast.PropertyOrFieldReference
 279:           236           5664  sun.reflect.generics.tree.Wildcard
 280:           235           5640  java.util.zip.ZStreamRef
 281:           176           5632  java.lang.invoke.MethodType$ConcurrentWeakInternSet$WeakEntry
 282:            49           5488  java.util.GregorianCalendar
 283:           168           5376  com.hazelcast.spi.properties.HazelcastProperty
 284:           335           5360  java.util.jar.Attributes
 285:            19           5320  com.alibaba.dubbo.config.ProviderConfig
 286:           332           5312  org.springframework.beans.factory.support.MethodOverrides
 287:           137           5240  [Ljava.security.ProtectionDomain;
 288:           108           5184  java.util.ResourceBundle$BundleReference
 289:           129           5160  java.beans.GenericBeanInfo
 290:           200           5096  [Lorg.springframework.core.ResolvableType;
 291:            53           5088  sun.util.calendar.Gregorian$Date
 292:            79           5072  [Ljavax.management.MBeanAttributeInfo;
 293:           154           4928  java.util.regex.Pattern$Curly
 294:           153           4896  com.alibaba.fastjson.util.IdentityHashMap$Entry
 295:            68           4896  org.jboss.resteasy.core.ResourceMethodInvoker
 296:           153           4896  sun.reflect.generics.repository.ClassRepository
 297:           152           4864  org.springframework.cglib.proxy.MethodProxy
 298:           121           4840  org.springframework.expression.spel.ast.StringLiteral
 299:           121           4840  org.springframework.expression.spel.standard.SpelExpression
 300:            34           4800  [[Ljava.lang.Object;
 301:           150           4800  org.springframework.cglib.proxy.MethodProxy$CreateInfo
 302:           119           4760  java.io.ObjectStreamField
 303:           198           4752  java.util.regex.Pattern$1
 304:            12           4704  com.alibaba.druid.stat.JdbcSqlStat
 305:            21           4704  com.alibaba.dubbo.config.spring.ReferenceBean
 306:           195           4680  java.util.regex.Pattern$5
 307:           195           4680  javax.management.ImmutableDescriptor
 308:           193           4632  java.util.concurrent.LinkedBlockingQueue$Node
 309:           192           4608  com.sun.org.apache.xerces.internal.util.SymbolHash$Entry
 310:           192           4608  java.util.concurrent.ConcurrentLinkedQueue$Node
 311:           276           4416  java.lang.Byte
 312:            19           4408  com.alibaba.dubbo.config.spring.ServiceBean
 313:           110           4400  org.springframework.util.ConcurrentReferenceHashMap
 314:            68           4352  com.mysql.jdbc.ConnectionPropertiesImpl$StringConnectionProperty
 315:            68           4352  org.jboss.resteasy.spi.metadata.ResourceMethod
 316:           271           4336  com.hazelcast.concurrent.lock.LockStoreContainer$1
 317:           271           4336  com.hazelcast.map.impl.PartitionContainer$1
 318:           271           4336  com.hazelcast.map.impl.PartitionContainer$2
 319:           271           4336  com.hazelcast.map.impl.PartitionContainer$3
 320:           271           4336  com.hazelcast.multimap.impl.MultiMapPartitionContainer$1
 321:           271           4336  com.hazelcast.replicatedmap.impl.PartitionContainer$1
 322:           271           4336  com.hazelcast.scheduledexecutor.impl.ScheduledExecutorPartition$1
 323:            30           4320  java.text.DecimalFormat
 324:           179           4296  javax.ws.rs.core.MediaType
 325:           178           4272  javassist.bytecode.SignatureAttribute
 326:            87           4176  org.springframework.core.type.classreading.MethodMetadataReadingVisitor
 327:           130           4160  com.fasterxml.jackson.databind.introspect.AnnotatedConstructor
 328:           130           4160  com.sun.jmx.mbeanserver.ConvertingMethod
 329:           173           4152  java.util.regex.Pattern$GroupTail
 330:           259           4144  java.lang.Short
 331:            74           4144  java.util.concurrent.ConcurrentHashMap$EntryIterator
 332:            86           4128  com.fasterxml.jackson.databind.ser.BeanSerializer
 333:           172           4128  java.util.regex.Pattern$GroupHead
 334:             1           4112  [Lcom.sun.org.apache.xpath.internal.objects.XObject;
 335:           128           4096  org.xml.sax.helpers.LocatorImpl
 336:           127           4064  com.sun.org.apache.xerces.internal.xni.QName
 337:           101           4040  org.springframework.beans.factory.annotation.InitDestroyAnnotationBeanPostProcessor$LifecycleMetadata
 338:            56           4032  com.mysql.jdbc.ConnectionPropertiesImpl$IntegerConnectionProperty
 339:           252           4032  com.sun.proxy.$Proxy32
 340:           252           4032  java.util.Collections$UnmodifiableSet
 341:           168           4032  org.springframework.beans.BeanMetadataAttribute
 342:             1           4016  [Ljava.util.concurrent.locks.Lock;
 343:            17           3984  [Lcom.fasterxml.jackson.databind.ser.impl.JsonSerializerMap$Bucket;
 344:            71           3976  com.hazelcast.util.ConcurrentReferenceHashMap$Segment
 345:           124           3968  com.aliyun.openservices.shade.com.alibaba.fastjson.util.IdentityHashMap$Entry
 346:            81           3888  java.lang.invoke.LambdaForm
 347:            97           3880  sun.security.rsa.RSAPublicKeyImpl
 348:           121           3872  org.springframework.expression.spel.ast.CompoundExpression
 349:           121           3872  sun.reflect.generics.reflectiveObjects.TypeVariableImpl
 350:            10           3840  org.apache.tomcat.util.threads.TaskThread
 351:            86           3824  [Ljava.lang.invoke.LambdaForm$Name;
 352:            68           3808  org.jboss.resteasy.spi.metadata.MethodParameter
 353:            78           3744  javax.management.MBeanInfo
 354:            82           3672  [Lcom.fasterxml.jackson.databind.ser.BeanPropertyWriter;
 355:             9           3672  org.apache.zookeeper.ClientCnxn$SendThread
 356:           153           3672  sun.reflect.generics.tree.ClassSignature
 357:            76           3648  com.fasterxml.jackson.databind.type.SimpleType
 358:            64           3584  org.apache.tomcat.util.modeler.ManagedBean
 359:           149           3576  javassist.bytecode.AnnotationsAttribute
 360:           221           3536  java.util.HashMap$Values
 361:             9           3528  org.apache.zookeeper.ClientCnxn$EventThread
 362:            20           3520  com.alibaba.dubbo.config.ConsumerConfig
 363:            73           3504  java.util.concurrent.LinkedBlockingQueue
 364:           108           3456  java.util.ResourceBundle$LoaderReference
 365:           144           3456  javassist.bytecode.StackMapTable
 366:            24           3456  org.aspectj.weaver.ReferenceType
 367:           144           3456  org.jboss.resteasy.core.MediaTypeMap$Entry
 368:           138           3432  [Ljavax.management.MBeanParameterInfo;
 369:           105           3360  java.util.Collections$SynchronizedMap
 370:            30           3360  sun.nio.ch.SocketChannelImpl
 371:            52           3328  java.nio.DirectByteBuffer
 372:            26           3328  org.aspectj.weaver.reflect.ReflectionBasedResolvedMemberImpl
 373:            83           3320  com.fasterxml.jackson.databind.type.TypeBindings
 374:            68           3264  java.util.concurrent.ThreadPoolExecutor$Worker
 375:            51           3264  javassist.bytecode.ClassFile
 376:            68           3264  org.jboss.resteasy.core.MessageBodyParameterInjector
 377:            68           3264  org.jboss.resteasy.core.registry.MethodExpression
 378:            40           3200  sun.net.www.protocol.jar.URLJarFile
 379:            24           3192  [Ljava.util.concurrent.RunnableScheduledFuture;
 380:           153           3152  [Lsun.reflect.generics.tree.ClassTypeSignature;
 381:           131           3144  java.io.ExpiringCache$Entry
 382:            98           3136  sun.security.x509.BasicConstraintsExtension
 383:            24           3072  com.google.common.cache.LocalCache
 384:             8           3072  com.hazelcast.util.executor.PoolExecutorThreadFactory$ManagedThread
 385:            96           3072  sun.security.x509.SubjectKeyIdentifierExtension
 386:           126           3024  java.security.Provider$UString
 387:           126           3024  java.util.regex.Pattern$BitClass
 388:           125           3000  sun.reflect.generics.tree.FormalTypeParameter
 389:           186           2976  com.sun.proxy.$Proxy16
 390:            53           2968  java.lang.invoke.MethodTypeForm
 391:            37           2960  java.util.concurrent.ThreadPoolExecutor
 392:           185           2960  java.util.concurrent.atomic.AtomicBoolean
 393:           123           2952  org.springframework.expression.TypedValue
 394:            61           2928  java.util.Properties
 395:            19           2912  [Lcom.hazelcast.util.ConstructorFunction;
 396:            28           2912  [Ljava.lang.invoke.MethodHandle;
 397:            91           2912  java.lang.invoke.DirectMethodHandle
 398:            60           2880  java.nio.HeapByteBuffer
 399:            90           2880  java.security.Permissions
 400:            45           2880  javax.management.openmbean.OpenMBeanAttributeInfoSupport
 401:           107           2816  [Ljavax.management.ObjectName$Property;
 402:            88           2816  sun.security.x509.KeyUsageExtension
 403:             6           2784  com.hazelcast.internal.networking.nio.NioThread
 404:            87           2784  java.io.FilePermission
 405:           116           2784  java.util.regex.Pattern$Slice
 406:           116           2784  org.springframework.aop.framework.AdvisedSupport$MethodCacheKey
 407:           173           2768  org.springframework.util.LinkedMultiValueMap
 408:            47           2752  [Lcom.sun.org.apache.xerces.internal.util.SymbolHash$Entry;
 409:            86           2752  java.security.BasicPermissionCollection
 410:           111           2664  sun.security.util.BitArray
 411:           111           2664  sun.security.util.Cache$EqualByteArray
 412:           111           2664  sun.security.x509.CertificateValidity
 413:            82           2624  java.io.FileDescriptor
 414:           163           2608  com.sun.proxy.$Proxy40
 415:            36           2592  com.fasterxml.jackson.databind.deser.impl.MethodProperty
 416:           108           2592  javax.management.ObjectName$Property
 417:           137           2568  [Lcom.sun.jmx.mbeanserver.MXBeanMapping;
 418:           106           2544  java.lang.invoke.LambdaForm$NamedFunction
 419:            52           2528  [[Ljavassist.bytecode.ConstInfo;
 420:           157           2512  javax.ws.rs.core.MediaType$1
 421:            78           2496  java.lang.reflect.WeakCache$CacheValue
 422:            78           2496  java.net.InetAddress$InetAddressHolder
 423:             1           2472  [Lcom.aliyun.openservices.shade.com.alibaba.rocketmq.common.MQVersion$Version;
 424:           103           2472  com.hazelcast.logging.LoggingServiceImpl$DefaultLogger
 425:           103           2472  org.apache.log4j.Logger
 426:            22           2464  java.net.SocksSocketImpl
 427:            69           2440  [Ljavax.management.MBeanOperationInfo;
 428:            27           2440  [[B
 429:            76           2432  java.util.regex.Pattern$BnM
 430:           101           2424  com.hazelcast.internal.metrics.impl.FieldProbe$LongFieldProbe
 431:           101           2424  org.springframework.beans.CachedIntrospectionResults
 432:            75           2400  java.lang.reflect.Proxy$Key1
 433:           100           2400  org.apache.ibatis.mapping.ParameterMap
 434:            99           2376  sun.security.x509.CertificateExtensions
 435:            98           2352  java.util.regex.Pattern$Single
 436:            97           2328  java.lang.RuntimePermission
 437:            58           2320  org.codehaus.jackson.map.type.SimpleType
 438:            96           2304  com.sun.org.apache.xml.internal.serializer.EncodingInfo
 439:             2           2240  com.mysql.jdbc.JDBC4Connection
 440:            70           2240  org.aspectj.weaver.Lint$Kind
 441:            92           2208  java.net.InetSocketAddress$InetSocketAddressHolder
 442:            11           2200  com.sun.org.apache.xerces.internal.dom.DeferredDocumentImpl
 443:           136           2176  com.sun.proxy.$Proxy23
 444:            68           2176  org.jboss.resteasy.core.MethodInjectorImpl
 445:            54           2160  javax.management.ObjectName
 446:            54           2160  org.springframework.core.convert.Property
 447:            67           2144  com.mysql.jdbc.VersionedStringProperty
 448:            53           2120  sun.security.ec.NamedCurve
 449:            88           2112  java.io.FilePermissionCollection
 450:           132           2112  org.springframework.expression.common.LiteralExpression
 451:            52           2080  ch.qos.logback.core.joran.event.StartEvent
 452:           130           2080  java.lang.Character
 453:            37           2072  sun.util.calendar.ZoneInfo
 454:             1           2064  [Ljava.util.Set;
 455:             1           2064  [Lorg.jboss.netty.util.internal.ReusableIterator;
 456:            86           2064  java.util.jar.Manifest
 457:           129           2064  sun.security.x509.KeyIdentifier
 458:            43           2064  sun.util.locale.LocaleObjectCache$CacheEntry
 459:            85           2040  org.springframework.core.io.UrlResource
 460:           127           2032  com.alibaba.druid.proxy.jdbc.JdbcParameterInt
 461:            50           2000  java.util.HashMap$KeyIterator
 462:            50           2000  org.springframework.beans.factory.config.ConstructorArgumentValues$ValueHolder
 463:           124           1984  com.fasterxml.jackson.databind.introspect.AnnotatedMethodMap
 464:             5           1960  com.hazelcast.util.executor.StripedExecutor$Worker
 465:            81           1944  java.util.concurrent.ConcurrentLinkedQueue
 466:            81           1944  org.springframework.aop.framework.InterceptorAndDynamicMethodMatcher
 467:            22           1936  org.aspectj.weaver.reflect.Java15ReflectionBasedReferenceTypeDelegate
 468:           121           1936  sun.security.x509.SerialNumber
 469:            60           1920  com.hazelcast.util.ConcurrentReferenceHashMap$HashEntry
 470:            30           1920  java.text.DateFormatSymbols
 471:            30           1920  java.text.DecimalFormatSymbols
 472:            48           1920  javassist.bytecode.FieldInfo
 473:            12           1920  org.springframework.context.annotation.ConfigurationClassBeanDefinitionReader$ConfigurationClassBeanDefinition
 474:            60           1920  sun.reflect.annotation.AnnotationType
 475:            34           1904  org.apache.ibatis.mapping.ResultMap
 476:            79           1896  com.alibaba.dubbo.remoting.zookeeper.zkclient.ZkclientZookeeperClient$2
 477:            79           1896  java.lang.ThreadLocal$ThreadLocalMap
 478:            79           1896  org.apache.ibatis.builder.StaticSqlSource
 479:           117           1872  com.hazelcast.logging.StandardLoggerFactory$StandardLogger
 480:            78           1872  java.net.Inet4Address
 481:            18           1872  org.springframework.beans.factory.support.GenericBeanDefinition
 482:            26           1872  sun.nio.ch.EPollArrayWrapper
 483:            26           1872  sun.nio.ch.EPollSelectorImpl
 484:            29           1856  java.text.SimpleDateFormat
 485:            23           1840  java.util.concurrent.ScheduledThreadPoolExecutor
 486:            76           1824  com.fasterxml.jackson.databind.util.LRUMap
 487:            76           1824  org.springframework.core.convert.TypeDescriptor
 488:           113           1808  sun.reflect.BootstrapConstructorAccessorImpl
 489:            56           1792  java.lang.StringCoding$StringEncoder
 490:            74           1776  com.hazelcast.internal.metrics.impl.ProbeInstance
 491:           111           1776  sun.security.x509.CertificateAlgorithmId
 492:           111           1776  sun.security.x509.CertificateSerialNumber
 493:           111           1776  sun.security.x509.CertificateVersion
 494:           111           1776  sun.security.x509.CertificateX509Key
 495:            13           1768  org.jboss.netty.channel.socket.nio.NioClientSocketChannel
 496:            44           1760  ch.qos.logback.core.status.InfoStatus
 497:            44           1760  sun.misc.Cleaner
 498:            73           1752  org.jboss.resteasy.core.registry.SegmentNode
 499:           109           1744  org.apache.ibatis.logging.slf4j.Slf4jImpl
 500:           109           1744  org.apache.ibatis.logging.slf4j.Slf4jLocationAwareLoggerImpl
 501:             3           1728  com.aliyun.openservices.shade.io.netty.util.internal.shaded.org.jctools.queues.MpscChunkedArrayQueue
 502:            72           1728  org.springframework.core.convert.converter.GenericConverter$ConvertiblePair
 503:           107           1712  com.sun.proxy.$Proxy35
 504:            53           1696  java.security.spec.EllipticCurve
 505:            53           1696  java.util.regex.Pattern$Branch
 506:            70           1680  com.fasterxml.jackson.databind.ser.impl.PropertySerializerMap$TypeAndSerializer
 507:            42           1680  java.lang.reflect.Parameter
 508:            70           1672  [Ljavax.ws.rs.core.MediaType;
 509:            52           1664  ch.qos.logback.core.joran.event.EndEvent
 510:            69           1656  [Ljavax.ws.rs.container.ContainerRequestFilter;
 511:            69           1656  com.hazelcast.client.impl.protocol.codec.MapMessageType
 512:             4           1648  [Ljava.lang.Thread;
 513:            69           1648  [Lorg.jboss.resteasy.core.ValueInjector;
 514:            68           1632  [Ljavax.ws.rs.container.ContainerResponseFilter;
 515:            68           1632  [Ljavax.ws.rs.ext.ReaderInterceptor;
 516:            68           1632  [Ljavax.ws.rs.ext.WriterInterceptor;
 517:            68           1632  [Lorg.jboss.resteasy.spi.metadata.MethodParameter;
 518:            51           1632  javassist.bytecode.ConstPool
 519:            34           1632  org.aspectj.weaver.UnresolvedType
 520:           101           1616  com.alibaba.dubbo.common.utils.Holder
 521:            25           1600  com.alibaba.dubbo.common.extension.ExtensionLoader
 522:            20           1600  com.alibaba.dubbo.registry.integration.RegistryDirectory
 523:            50           1600  com.hazelcast.util.ConcurrentReferenceHashMap$WeakKeyReference
 524:            40           1600  sun.management.DiagnosticCommandArgumentInfo
 525:             3           1584  [Ljava.util.TimerTask;
 526:            22           1584  com.fasterxml.jackson.core.sym.BytesToNameCanonicalizer
 527:            22           1584  com.fasterxml.jackson.databind.deser.DefaultDeserializationContext$Impl
 528:            22           1584  com.fasterxml.jackson.databind.ser.DefaultSerializerProvider$Impl
 529:            18           1584  org.aspectj.weaver.ResolvedType$Primitive
 530:            98           1568  org.apache.ibatis.executor.keygen.NoKeyGenerator
 531:            65           1560  java.security.spec.ECPoint
 532:            39           1560  org.jboss.netty.channel.DefaultChannelPipeline$DefaultChannelHandlerContext
 533:            32           1536  com.fasterxml.jackson.core.json.JsonWriteContext
 534:            96           1536  com.hazelcast.util.executor.CachedExecutorServiceDelegate$Worker
 535:            48           1536  com.ruubypay.db.model.ItpcsICBCErrorCode
 536:            32           1536  com.sun.org.apache.xerces.internal.impl.dv.xs.DecimalDV$XDecimal
 537:            48           1536  com.sun.org.apache.xerces.internal.impl.xs.traversers.OneAttr
 538:            96           1536  java.util.concurrent.atomic.AtomicReferenceArray
 539:            64           1536  javassist.bytecode.FieldrefInfo
 540:            47           1504  com.sun.org.apache.xerces.internal.util.SymbolHash
 541:            47           1504  java.util.Random
 542:            47           1504  org.springframework.expression.spel.standard.TokenKind
 543:            92           1472  java.net.InetSocketAddress
 544:            61           1464  com.fasterxml.jackson.databind.type.ClassKey
 545:            61           1464  javassist.bytecode.StringInfo
 546:            26           1456  org.apache.tomcat.util.res.StringManager$1
 547:            18           1440  com.aliyun.openservices.shade.com.alibaba.fastjson.util.FieldInfo
 548:            36           1440  java.math.BigDecimal
 549:            30           1440  java.time.temporal.ValueRange
 550:            45           1440  java.util.concurrent.atomic.AtomicLongFieldUpdater$CASUpdater
 551:            60           1440  org.apache.commons.logging.impl.SLF4JLocationAwareLog
 552:            60           1440  org.apache.ibatis.ognl.internal.Entry
 553:            59           1416  java.util.regex.Pattern$Ctype
 554:            16           1408  com.fasterxml.jackson.core.json.UTF8JsonGenerator
 555:            22           1408  com.fasterxml.jackson.databind.DeserializationConfig
 556:            22           1408  com.fasterxml.jackson.databind.ObjectMapper
 557:            22           1408  com.fasterxml.jackson.databind.SerializationConfig
 558:            35           1400  com.fasterxml.jackson.databind.type.CollectionType
 559:            87           1392  org.codehaus.jackson.map.introspect.AnnotationMap
 560:            15           1376  [Ljava.lang.Byte;
 561:             1           1376  [Lsun.misc.FDBigInteger;
 562:            43           1376  org.codehaus.jackson.map.introspect.AnnotatedMethod
 563:            53           1360  [Ljava.util.regex.Pattern$Node;
 564:            17           1360  java.net.URI
 565:            85           1360  java.util.concurrent.atomic.AtomicReference
 566:            42           1344  java.nio.DirectByteBuffer$Deallocator
 567:            42           1344  java.util.concurrent.ConcurrentHashMap$ForwardingNode
 568:            33           1320  sun.security.x509.AuthorityKeyIdentifierExtension
 569:            82           1312  [Lcom.hazelcast.spi.impl.executionservice.impl.CompletableFutureEntry;
 570:             9           1296  [Lorg.aspectj.apache.bcel.generic.Type;
 571:             3           1296  com.hazelcast.spi.impl.operationexecutor.impl.GenericOperationThread
 572:            54           1296  java.util.regex.Pattern$Start
 573:            23           1288  com.fasterxml.jackson.core.sym.CharsToNameCanonicalizer
 574:            23           1288  com.fasterxml.jackson.databind.cfg.BaseSettings
 575:            39           1280  [Ljava.math.BigInteger;
 576:            80           1280  java.lang.ThreadLocal
 577:            53           1272  com.sun.jmx.mbeanserver.NamedObject
 578:            41           1264  [Lcom.sun.org.apache.xerces.internal.impl.xs.traversers.OneAttr;
 579:            79           1264  org.apache.ibatis.scripting.defaults.RawSqlSource
 580:            39           1248  com.aliyun.openservices.shade.com.alibaba.rocketmq.common.stats.StatsItemSet
 581:            78           1248  com.sun.proxy.$Proxy12
 582:            52           1248  javassist.bytecode.InterfaceMethodrefInfo
 583:            52           1248  javassist.bytecode.LongVector
 584:            52           1248  org.xml.sax.helpers.AttributesImpl
 585:            31           1240  java.util.PropertyResourceBundle
 586:            22           1232  com.fasterxml.jackson.databind.MappingJsonFactory
 587:             9           1224  com.aliyun.openservices.shade.io.netty.util.internal.InternalThreadLocalMap
 588:            51           1224  com.hazelcast.internal.metrics.impl.MethodProbe$LongMethodProbe
 589:            51           1224  javassist.bytecode.SourceFileAttribute
 590:            43           1216  [Ljava.lang.annotation.ElementType;
 591:            38           1216  com.alibaba.dubbo.rpc.proxy.javassist.JavassistProxyFactory$1
 592:            38           1216  com.hazelcast.config.XmlElements
 593:            38           1216  java.io.File
 594:            19           1216  org.springframework.aop.framework.ProxyFactory
 595:            40           1200  [Ljava.io.ObjectStreamField;
 596:            30           1200  java.text.DigitList
 597:            30           1200  java.time.temporal.ChronoField
 598:            30           1200  sun.nio.ch.SelectionKeyImpl
 599:            30           1200  sun.nio.ch.SocketAdaptor
 600:            74           1184  org.springframework.core.convert.support.GenericConversionService$ConvertersForPair
 601:            12           1152  com.aliyun.openservices.shade.io.netty.util.concurrent.DefaultEventExecutor
 602:            36           1152  com.fasterxml.jackson.databind.deser.impl.BeanPropertyMap$Bucket
 603:            48           1152  java.lang.StringBuilder
 604:             3           1152  java.util.TimerThread
 605:            48           1152  java.util.concurrent.ConcurrentHashMap$KeySetView
 606:            36           1152  javax.ws.rs.core.Response$Status
 607:            36           1152  org.jboss.resteasy.spi.ResteasyProviderFactory$SortedKey
 608:            13           1144  com.alibaba.dubbo.remoting.transport.netty.NettyClient
 609:             2           1136  [Lcom.hazelcast.spi.impl.operationexecutor.OperationRunner;
 610:             2           1136  [Lcom.hazelcast.spi.impl.operationexecutor.slowoperationdetector.SlowOperationDetector$CurrentOperationData;
 611:            60           1120  [Lorg.aspectj.weaver.ResolvedType;
 612:             3           1120  [[S
 613:             4           1120  java.util.concurrent.ConcurrentHashMap$CounterCell
 614:            28           1120  sun.reflect.UnsafeQualifiedStaticObjectFieldAccessorImpl
 615:             1           1104  [Lcom.hazelcast.cache.impl.CachePartitionSegment;
 616:             1           1104  [Lcom.hazelcast.concurrent.lock.LockStoreContainer;
 617:             1           1104  [Lcom.hazelcast.durableexecutor.impl.DurableExecutorPartitionContainer;
 618:             1           1104  [Lcom.hazelcast.internal.partition.impl.InternalPartitionImpl;
 619:             1           1104  [Lcom.hazelcast.internal.partition.impl.PartitionReplicaVersions;
 620:             1           1104  [Lcom.hazelcast.map.impl.PartitionContainer;
 621:             1           1104  [Lcom.hazelcast.multimap.impl.MultiMapPartitionContainer;
 622:             1           1104  [Lcom.hazelcast.replicatedmap.impl.PartitionContainer;
 623:             1           1104  [Lcom.hazelcast.scheduledexecutor.impl.ScheduledExecutorPartition;
 624:            17           1088  com.fasterxml.jackson.databind.ser.std.MapSerializer
 625:            68           1088  com.sun.proxy.$Proxy48
 626:            68           1088  org.jboss.resteasy.core.ResourceMethodInvoker$1
 627:            15           1080  com.aliyun.openservices.shade.io.netty.channel.DefaultChannelHandlerContext
 628:            27           1080  com.fasterxml.jackson.databind.ser.impl.IndexedListSerializer
 629:            45           1080  javassist.bytecode.ExceptionsAttribute
 630:            67           1072  com.alibaba.dubbo.common.logger.log4j.Log4jLogger
 631:            67           1072  com.alibaba.dubbo.common.logger.support.FailsafeLogger
 632:            67           1072  com.sun.proxy.$Proxy11
 633:            19           1064  com.alibaba.dubbo.rpc.protocol.dubbo.DubboInvoker
 634:            22           1056  com.fasterxml.jackson.core.sym.BytesToNameCanonicalizer$TableInfo
 635:             1           1040  [Ljava.lang.Integer;
 636:             1           1040  [Ljava.lang.Long;
 637:             1           1040  [Ljava.lang.Short;
 638:            24           1040  [Lorg.springframework.asm.Type;
 639:             1           1040  [[Ljava.lang.Class;
 640:            26           1040  java.util.IdentityHashMap
 641:            64           1024  [Lorg.apache.tomcat.util.modeler.NotificationInfo;
 642:            64           1024  org.apache.juli.logging.DirectJDKLog
 643:            42           1008  com.fasterxml.jackson.databind.ser.impl.PropertySerializerMap$Single
 644:            63           1008  java.util.concurrent.ConcurrentHashMap$EntrySetView
 645:            18           1008  java.util.concurrent.ConcurrentHashMap$KeyIterator
 646:            18           1008  sun.net.www.MeteredStream
 647:            62            992  org.springframework.core.SerializableTypeWrapper$TypeProxyInvocationHandler
 648:            41            984  com.aliyun.openservices.shade.com.alibaba.rocketmq.logging.inner.Logger$DefaultLoggerRepository$CategoryKey
 649:            41            984  java.util.Collections$SetFromMap
 650:            41            984  org.apache.coyote.ActionCode
 651:            41            984  org.codehaus.jackson.map.type.ClassKey
 652:            11            968  com.sun.org.apache.xerces.internal.dom.DeferredDocumentTypeImpl
 653:            20            960  java.net.SocketInputStream
 654:            20            960  java.net.SocketOutputStream
 655:            30            960  java.security.Provider$EngineDescription
 656:            30            960  org.springframework.core.convert.support.GenericConversionService$ConverterAdapter
 657:            38            944  [Lorg.springframework.aop.Advisor;
 658:            39            936  com.alibaba.dubbo.registry.zookeeper.ZookeeperRegistry$3
 659:            39            936  com.hazelcast.internal.metrics.impl.LongGaugeImpl
 660:             9            936  org.apache.zookeeper.ClientCnxn
 661:            23            920  sun.util.locale.BaseLocale$Key
 662:            38            912  com.alibaba.dubbo.rpc.listener.ListenerExporterWrapper
 663:            19            912  com.fasterxml.jackson.jaxrs.json.JsonEndpointConfig
 664:            38            912  java.util.Collections$UnmodifiableCollection$1
 665:            19            912  org.springframework.aop.framework.AdvisedSupport
 666:            19            912  sun.management.DiagnosticCommandInfo
 667:            28            896  com.aliyun.openservices.shade.com.alibaba.rocketmq.logging.inner.Logger
 668:            16            896  com.fasterxml.jackson.core.io.IOContext
 669:            28            896  com.sun.org.apache.xerces.internal.dom.NodeListCache
 670:            28            896  java.util.LinkedList$ListItr
 671:             8            896  org.apache.curator.framework.imps.NamespaceFacade
 672:            37            888  java.util.Arrays$ArrayList
 673:            22            880  org.apache.tomcat.util.modeler.BaseModelMBean
 674:            22            880  org.springframework.cglib.proxy.Enhancer$EnhancerKey$$KeyFactoryByCGLIB$$4ce19e8f
 675:             7            864  [D
 676:             2            864  com.hazelcast.spi.impl.operationexecutor.impl.PartitionOperationThread
 677:            36            864  com.sun.org.apache.xerces.internal.impl.xs.traversers.SmallContainer
 678:            36            864  com.sun.org.apache.xerces.internal.util.XMLStringBuffer
 679:            36            864  org.apache.tomcat.util.http.MimeHeaderField
 680:            12            864  org.codehaus.jackson.map.ser.BeanPropertyWriter
 681:            53            848  ch.qos.logback.core.joran.spi.ElementPath
 682:            53            848  com.sun.proxy.$Proxy6
 683:            53            848  java.util.regex.Pattern$BranchConn
 684:            15            840  javax.management.openmbean.ArrayType
 685:            52            832  com.alibaba.dubbo.common.utils.ConcurrentHashSet
 686:             8            832  com.hazelcast.internal.cluster.impl.operations.HeartbeatOp
 687:            26            832  java.util.ArrayList$Itr
 688:             8            832  org.apache.curator.framework.imps.CuratorFrameworkImpl
 689:            52            832  org.springframework.core.$Proxy2
 690:            26            832  sun.nio.ch.AllocatedNativeObject
 691:             1            816  [Lcom.alibaba.druid.pool.DruidConnectionHolder;
 692:            35            816  [Ljava.lang.reflect.Parameter;
 693:            34            816  com.hazelcast.client.impl.protocol.codec.CacheMessageType
 694:            34            816  com.hazelcast.spi.impl.servicemanager.ServiceInfo
 695:            17            816  org.apache.ibatis.reflection.Reflector
 696:            20            800  com.sun.jmx.mbeanserver.MXBeanSupport
 697:            20            800  com.sun.org.apache.xerces.internal.impl.xpath.regex.RangeToken
 698:            33            792  com.sun.org.apache.xerces.internal.dom.NamedNodeMapImpl
 699:            33            792  java.util.BitSet
 700:             9            792  org.apache.zookeeper.ClientCnxnSocketNIO
 701:            43            784  [Ljavax.management.MBeanNotificationInfo;
 702:            14            784  org.codehaus.jackson.map.deser.SettableBeanProperty$FieldProperty
 703:            24            768  [Lcom.google.common.cache.LocalCache$Segment;
 704:             8            768  [Lcom.sun.org.apache.xerces.internal.xni.QName;
 705:            24            768  ch.qos.logback.core.joran.event.BodyEvent
 706:            12            768  com.aliyun.openservices.shade.io.netty.util.Recycler$Stack
 707:            32            768  com.google.common.cache.LocalCache$AccessQueue$1
 708:            24            768  com.google.common.util.concurrent.MoreExecutors$SameThreadExecutorService
 709:             2            768  com.hazelcast.util.executor.SingleExecutorThreadFactory$ManagedThread
 710:            32            768  com.sun.jmx.mbeanserver.DefaultMXBeanMappingFactory$IdentityMapping
 711:            16            768  com.sun.org.apache.xerces.internal.util.XMLAttributesImpl$Attribute
 712:            24            768  java.util.concurrent.ScheduledThreadPoolExecutor$DelayedWorkQueue
 713:            24            768  org.aspectj.apache.bcel.util.NonCachingClassLoaderRepository$SoftHashMap
 714:            24            768  sun.font.EAttribute
 715:            24            768  sun.security.x509.OIDMap$OIDInfo
 716:            19            760  com.alibaba.dubbo.registry.integration.RegistryProtocol$1
 717:            19            760  com.alibaba.dubbo.rpc.protocol.AbstractProxyProtocol$1
 718:            19            760  java.io.BufferedInputStream
 719:            19            760  org.jboss.resteasy.spi.metadata.ResourceClass
 720:            19            760  sun.reflect.UnsafeQualifiedStaticIntegerFieldAccessorImpl
 721:            47            752  com.alibaba.com.caucho.hessian.io.JavaDeserializer$StringFieldDeserializer
 722:            31            744  com.hazelcast.internal.metrics.impl.SourceMetadata
 723:            31            744  com.sun.org.apache.xerces.internal.xni.XMLString
 724:            31            744  org.apache.ibatis.type.JdbcType
 725:            31            744  org.codehaus.jackson.map.introspect.MemberKey
 726:            23            736  com.hazelcast.nio.Address
 727:            23            736  java.io.FileInputStream
 728:            23            736  java.util.concurrent.atomic.AtomicIntegerFieldUpdater$AtomicIntegerFieldUpdaterImpl
 729:            23            736  javassist.bytecode.ExceptionTableEntry
 730:            23            736  sun.util.locale.BaseLocale
 731:             7            728  com.dangdang.config.service.zookeeper.ZookeeperConfigGroup
 732:             7            728  com.hazelcast.cache.impl.CacheRecordStore
 733:            30            720  com.aliyun.openservices.shade.com.alibaba.fastjson.serializer.SerializerFeature
 734:             9            720  com.fasterxml.jackson.databind.deser.BeanDeserializer
 735:            15            720  java.lang.management.PlatformComponent
 736:            18            720  org.apache.ibatis.scripting.xmltags.TrimSqlNode
 737:            22            704  com.alibaba.dubbo.common.utils.NamedThreadFactory
 738:            22            704  com.fasterxml.jackson.databind.SerializationFeature
 739:            44            704  com.fasterxml.jackson.databind.util.RootNameLookup
 740:            29            696  com.aliyun.openservices.shade.io.netty.channel.ChannelOption
 741:            29            696  com.hazelcast.internal.serialization.impl.StreamSerializerAdapter
 742:            41            680  [Ljavax.management.MBeanConstructorInfo;
 743:            17            680  java.io.ObjectStreamClass$FieldReflectorKey
 744:            17            680  org.jboss.netty.channel.DefaultChannelFuture
 745:            21            672  com.aliyun.openservices.shade.io.netty.util.concurrent.DefaultPromise
 746:            21            672  com.fasterxml.jackson.databind.DeserializationFeature
 747:            12            672  com.fasterxml.jackson.databind.ser.impl.MapEntrySerializer
 748:            28            672  com.sun.jmx.mbeanserver.PerInterface$MethodAndSig
 749:            21            672  com.sun.jmx.mbeanserver.WeakIdentityHashMap$IdentityWeakReference
 750:            42            672  com.sun.proxy.$Proxy0
 751:            42            672  com.sun.proxy.$Proxy17
 752:            21            672  java.io.ObjectStreamClass$WeakClassKey
 753:            28            672  java.util.Collections$SingletonList
 754:            21            672  java.util.Locale
 755:            21            672  java.util.PropertyPermission
 756:            28            672  java.util.regex.Pattern$CharProperty$1
 757:            12            672  org.aspectj.internal.lang.reflect.AjTypeImpl
 758:            12            672  org.springframework.context.annotation.CommonAnnotationBeanPostProcessor$ResourceElement
 759:            41            656  com.sun.proxy.$Proxy3
 760:            27            648  com.alibaba.fastjson.serializer.SerializerFeature
 761:            20            640  [Lorg.jboss.resteasy.spi.metadata.ResourceMethod;
 762:            16            640  com.google.common.util.concurrent.ThreadFactoryBuilder$1
 763:            40            640  com.sun.org.apache.xerces.internal.dom.DeferredDocumentImpl$RefCount
 764:            20            640  java.net.Socket
 765:            16            640  java.util.HashMap$EntryIterator
 766:            16            640  org.apache.ibatis.parsing.XNode
 767:            16            640  org.jboss.netty.util.internal.ConcurrentHashMap$Segment
 768:             3            624  [Ljava.lang.invoke.LambdaForm;
 769:            26            624  com.alibaba.dubbo.remoting.exchange.support.header.HeaderExchangeChannel
 770:            39            624  com.alibaba.dubbo.rpc.proxy.InvokerInvocationHandler
 771:             6            624  com.aliyun.openservices.shade.com.alibaba.rocketmq.client.producer.DefaultMQProducer
 772:            39            624  com.aliyun.openservices.shade.com.alibaba.rocketmq.common.stats.StatsItemSet$1
 773:            39            624  com.aliyun.openservices.shade.com.alibaba.rocketmq.common.stats.StatsItemSet$2
 774:            39            624  com.aliyun.openservices.shade.com.alibaba.rocketmq.common.stats.StatsItemSet$3
 775:            39            624  com.aliyun.openservices.shade.com.alibaba.rocketmq.common.stats.StatsItemSet$4
 776:            39            624  com.aliyun.openservices.shade.com.alibaba.rocketmq.common.stats.StatsItemSet$5
 777:            39            624  com.aliyun.openservices.shade.com.alibaba.rocketmq.common.stats.StatsItemSet$6
 778:            13            624  com.fasterxml.jackson.core.JsonToken
 779:            26            624  com.fasterxml.jackson.jaxrs.util.ClassKey
 780:            26            624  com.hazelcast.internal.ascii.TextCommandConstants$TextCommandType
 781:             6            624  java.io.ObjectStreamClass
 782:            26            624  java.security.spec.ECFieldF2m
 783:            39            624  java.util.regex.Pattern$CharPropertyNames$1
 784:            26            624  org.apache.tomcat.util.res.StringManager
 785:            13            624  org.jboss.netty.channel.AbstractChannel$ChannelCloseFuture
 786:            13            624  org.jboss.netty.channel.socket.nio.DefaultNioSocketChannelConfig
 787:            13            624  org.jboss.netty.util.HashedWheelTimer$HashedWheelTimeout
 788:            19            608  com.alibaba.dubbo.rpc.protocol.injvm.InjvmExporter
 789:            38            608  com.aliyun.openservices.shade.com.alibaba.rocketmq.logging.InnerLoggerFactory$InnerLogger
 790:            19            608  com.fasterxml.jackson.jaxrs.cfg.AnnotationBundleKey
 791:             4            608  org.aspectj.weaver.ArrayReferenceType
 792:            19            608  sun.management.DiagnosticCommandImpl$Wrapper
 793:            15            600  com.hazelcast.internal.serialization.impl.ByteArrayObjectDataOutput
 794:            25            600  java.time.LocalTime
 795:            25            600  org.codehaus.jackson.map.introspect.AnnotatedField
 796:            25            600  sun.nio.cs.CharsetMapping$Entry
 797:             8            576  ch.qos.logback.classic.spi.LoggingEvent
 798:             1            576  com.alibaba.druid.pool.DruidDataSource
 799:            24            576  com.fasterxml.jackson.core.util.BufferRecycler
 800:            18            576  com.fasterxml.jackson.databind.MapperFeature
 801:             9            576  com.fasterxml.jackson.databind.ObjectReader
 802:             9            576  com.fasterxml.jackson.databind.deser.std.StdValueInstantiator
 803:            12            576  java.util.concurrent.ArrayBlockingQueue
 804:            24            576  org.apache.curator.framework.imps.NamespaceImpl
 805:            24            576  org.apache.curator.framework.listen.ListenerContainer
 806:            24            576  org.aspectj.apache.bcel.util.NonCachingClassLoaderRepository
 807:            24            576  org.aspectj.weaver.WeakClassLoaderReference
 808:            24            576  org.aspectj.weaver.bcel.BcelWeakClassLoaderReference
 809:            24            576  org.aspectj.weaver.reflect.Java15AnnotationFinder
 810:            24            576  org.aspectj.weaver.tools.PointcutPrimitive
 811:            35            560  ch.qos.logback.core.joran.spi.ElementSelector
 812:            10            560  com.aliyun.openservices.shade.io.netty.util.concurrent.ScheduledFutureTask
 813:            14            560  com.sun.jmx.mbeanserver.PerInterface
 814:            14            560  java.util.regex.Pattern$Loop
 815:            14            560  javax.management.openmbean.SimpleType
 816:            14            560  org.aspectj.weaver.patterns.NamePattern
 817:            10            560  sun.invoke.util.Wrapper
 818:            10            560  sun.nio.cs.ISO_8859_1$Encoder
 819:            15            552  [Lcom.fasterxml.jackson.databind.ser.impl.PropertySerializerMap$TypeAndSerializer;
 820:            23            552  com.aliyun.openservices.shade.com.alibaba.fastjson.parser.Feature
 821:            23            552  com.hazelcast.client.impl.protocol.codec.ListMessageType
 822:            23            552  java.lang.ProcessEnvironment$Value
 823:            23            552  java.lang.ProcessEnvironment$Variable
 824:            23            552  org.apache.curator.framework.listen.ListenerEntry
 825:            23            552  org.codehaus.jackson.map.SerializationConfig$Feature
 826:            23            552  org.springframework.core.SerializableTypeWrapper$2
 827:            23            552  sun.nio.ch.Util$BufferCache
 828:            17            544  com.sun.org.apache.xerces.internal.util.AugmentationsImpl$SmallContainer
 829:            17            544  java.util.concurrent.SynchronousQueue
 830:            17            544  sun.security.x509.DistributionPoint
 831:            17            544  sun.security.x509.URIName
 832:             1            528  [Lcom.alibaba.druid.proxy.jdbc.JdbcParameterInt;
 833:             1            528  [Ljava.lang.Character;
 834:            22            528  com.fasterxml.jackson.databind.deser.DeserializerCache
 835:            22            528  com.fasterxml.jackson.databind.ser.SerializerCache
 836:            11            528  com.hazelcast.cache.impl.record.CacheDataRecord
 837:            11            528  com.hazelcast.internal.serialization.impl.ByteArrayObjectDataInput
 838:            11            528  com.sun.org.apache.xpath.internal.jaxp.XPathImpl
 839:            22            528  java.lang.StringBuffer
 840:            22            528  java.util.regex.Pattern$7
 841:             1            528  org.apache.catalina.core.StandardContext
 842:             3            528  org.apache.coyote.Request
 843:            33            528  org.apache.ibatis.reflection.invoker.GetFieldInvoker
 844:            22            528  org.apache.zookeeper.KeeperException$Code
 845:            22            528  org.aspectj.weaver.reflect.JavaLangTypeToResolvedTypeConverter
 846:            13            520  com.alibaba.dubbo.remoting.transport.netty.NettyCodecAdapter
 847:            13            520  java.lang.invoke.MethodHandleImpl$IntrinsicMethodHandle
 848:            32            512  com.alibaba.com.caucho.hessian.io.BasicDeserializer
 849:            32            512  com.google.common.cache.LocalCache$AccessQueue
 850:            16            512  java.time.temporal.ChronoUnit
 851:            16            512  java.util.PriorityQueue
 852:            16            512  java.util.concurrent.Semaphore$NonfairSync
 853:            16            512  org.codehaus.jackson.io.SerializedString
 854:            16            512  org.springframework.beans.factory.config.TypedStringValue
 855:            16            512  org.springframework.cglib.proxy.MethodProxy$FastClassInfo
 856:             9            504  com.aliyun.openservices.shade.com.alibaba.fastjson.serializer.FieldSerializer
 857:            21            504  com.hazelcast.client.impl.protocol.codec.MultiMapMessageType
 858:             9            504  javax.management.openmbean.CompositeType
 859:             3            504  org.apache.catalina.connector.Request
 860:            21            504  org.apache.ibatis.scripting.xmltags.DynamicSqlSource
 861:            21            504  sun.security.x509.AVAKeyword
 862:             9            496  [Lcom.fasterxml.jackson.databind.deser.impl.BeanPropertyMap$Bucket;
 863:            31            496  com.sun.proxy.$Proxy4
 864:            31            496  java.nio.channels.spi.AbstractInterruptibleChannel$1
 865:            31            496  java.util.TreeMap$EntrySet
 866:            31            496  sun.security.x509.GeneralName
 867:            11            488  [Lcom.hazelcast.util.ConcurrentReferenceHashMap$Segment;
 868:            19            488  [Lsun.management.DiagnosticCommandArgumentInfo;
 869:            30            480  com.alibaba.com.caucho.hessian.io.BasicSerializer
 870:            20            480  com.alibaba.dubbo.rpc.cluster.support.FailoverClusterInvoker
 871:            20            480  com.alibaba.dubbo.rpc.cluster.support.wrapper.MockClusterInvoker
 872:            20            480  com.hazelcast.client.impl.protocol.codec.QueueMessageType
 873:            20            480  com.hazelcast.internal.util.counters.MwCounter
 874:             6            480  com.mysql.jdbc.ConnectionPropertiesImpl$MemorySizeConnectionProperty
 875:             3            480  com.sun.org.apache.xerces.internal.impl.xs.SchemaGrammar$BuiltinSchemaGrammar
 876:            10            480  java.nio.HeapCharBuffer
 877:            20            480  java.util.Collections$SynchronizedSet
 878:            12            480  org.apache.ibatis.binding.MapperMethod$MethodSignature
 879:            20            480  org.springframework.aop.target.EmptyTargetSource
 880:            30            480  sun.security.x509.GeneralNames
 881:            29            464  sun.reflect.generics.tree.ArrayTypeSignature
 882:            19            456  [Lcom.alibaba.dubbo.remoting.exchange.ExchangeClient;
 883:             6            456  [Lsun.invoke.util.Wrapper;
 884:            19            456  com.alibaba.dubbo.registry.integration.RegistryDirectory$InvokerDelegete
 885:            19            456  com.alibaba.dubbo.registry.integration.RegistryProtocol$ExporterChangeableWrapper
 886:            19            456  com.alibaba.dubbo.registry.integration.RegistryProtocol$InvokerDelegete
 887:            19            456  com.alibaba.dubbo.registry.integration.RegistryProtocol$OverrideListener
 888:            19            456  com.alibaba.dubbo.rpc.listener.ListenerInvokerWrapper
 889:            19            456  com.alibaba.dubbo.rpc.protocol.rest.DubboResourceFactory
 890:            19            456  com.alibaba.dubbo.rpc.protocol.rest.RestProtocol$1
 891:            19            456  com.ruubypay.common.dictionary.IndustryCode
 892:            19            456  com.ruubypay.common.enumpackage.PayChannelEnum3
 893:            19            456  java.util.Locale$LocaleKey
 894:            19            456  org.jboss.resteasy.plugins.providers.jackson.ResteasyJackson2Provider$ClassAnnotationKey
 895:            19            456  org.springframework.aop.framework.CglibAopProxy$ProxyCallbackFilter
 896:            14            448  com.alibaba.druid.support.logging.Log4jImpl
 897:             7            448  com.hazelcast.cache.impl.record.CacheRecordHashMap
 898:             8            448  com.hazelcast.util.executor.CachedExecutorServiceDelegate
 899:             2            448  com.mysql.jdbc.MysqlIO
 900:            14            448  com.sun.org.apache.xml.internal.dtm.ref.ExtendedType
 901:            14            448  java.security.AlgorithmParameters
 902:            14            448  java.util.Stack
 903:             8            448  javax.management.openmbean.OpenMBeanParameterInfoSupport
 904:             8            448  org.apache.curator.ConnectionState
 905:            14            448  org.jboss.netty.util.internal.ConcurrentHashMap$HashEntry
 906:            14            448  sun.reflect.UnsafeQualifiedObjectFieldAccessorImpl
 907:            14            448  sun.security.x509.CRLDistributionPointsExtension
 908:            11            440  com.hazelcast.nio.Packet
 909:            11            440  sun.misc.FloatingDecimal$BinaryToASCIIBuffer
 910:            11            440  sun.security.ec.ECPublicKeyImpl
 911:             6            432  com.aliyun.openservices.shade.com.alibaba.rocketmq.client.impl.producer.DefaultMQProducerImpl
 912:            18            432  com.aliyun.openservices.shade.com.alibaba.rocketmq.remoting.common.Pair
 913:            18            432  com.hazelcast.client.impl.protocol.codec.ReplicatedMapMessageType
 914:            18            432  com.hazelcast.client.impl.protocol.codec.ScheduledExecutorMessageType
 915:            18            432  com.ruubypay.common.dictionary.BusinessCode
 916:            18            432  java.io.ByteArrayOutputStream
 917:            27            432  java.security.spec.ECFieldFp
 918:            18            432  java.text.DateFormat$Field
 919:             9            432  javassist.CtPrimitiveType
 920:             1            424  [Lcom.sun.org.apache.xerces.internal.util.SymbolTable$Entry;
 921:             1            416  [Lcom.hazelcast.internal.ascii.TextCommandProcessor;
 922:            13            416  com.alibaba.dubbo.remoting.exchange.support.header.HeaderExchangeClient
 923:            13            416  com.alibaba.dubbo.remoting.transport.netty.NettyChannel
 924:            13            416  com.alibaba.dubbo.rpc.protocol.dubbo.ReferenceCountExchangeClient
 925:            13            416  com.aliyun.openservices.shade.com.alibaba.rocketmq.logging.inner.Logger$ProvisionNode
 926:             1            416  com.hazelcast.internal.partition.impl.MigrationThread
 927:             4            416  com.sun.org.apache.xerces.internal.impl.dv.xs.AbstractDateTimeDV$DateTimeData
 928:            26            416  com.sun.proxy.$Proxy25
 929:            13            416  java.awt.Color
 930:            26            416  java.lang.Float
 931:            13            416  java.lang.StringCoding$StringDecoder
 932:            13            416  java.lang.invoke.SimpleMethodHandle
 933:            26            416  java.nio.channels.spi.AbstractSelector$1
 934:            26            416  org.aspectj.weaver.reflect.Java15GenericSignatureInformationProvider
 935:            13            416  org.codehaus.jackson.JsonToken
 936:            13            416  org.jboss.netty.bootstrap.ClientBootstrap
 937:            13            416  org.jboss.netty.channel.AdaptiveReceiveBufferSizePredictor
 938:            13            416  org.jboss.netty.channel.DefaultChannelPipeline
 939:            17            408  [Lorg.jboss.netty.util.internal.ConcurrentHashMap$HashEntry;
 940:            17            408  com.alibaba.fastjson.parser.Feature
 941:             3            408  com.aliyun.openservices.shade.io.netty.channel.nio.NioEventLoop
 942:            17            408  com.fasterxml.jackson.databind.ser.impl.JsonSerializerMap
 943:            17            408  com.fasterxml.jackson.databind.ser.impl.ReadOnlyClassToSerializerMap
 944:            17            408  com.hazelcast.client.impl.protocol.codec.DynamicConfigMessageType
 945:            17            408  com.hazelcast.client.impl.protocol.codec.TransactionalMapMessageType
 946:            17            408  com.hazelcast.internal.serialization.impl.ArrayDataSerializableFactory
 947:            17            408  com.hazelcast.internal.serialization.impl.bufferpool.BufferPoolImpl
 948:            17            408  com.sun.org.apache.xerces.internal.util.SymbolTable$Entry
 949:            17            408  java.time.Duration
 950:            17            408  java.util.regex.Pattern$Ques
 951:             3            408  org.apache.coyote.http11.Http11Processor
 952:             3            408  org.apache.tomcat.util.net.NioEndpoint$NioSocketWrapper
 953:            17            408  org.codehaus.jackson.map.DeserializationConfig$Feature
 954:            17            408  org.jboss.resteasy.util.Types$1
 955:            16            400  [Lcom.sun.org.apache.xalan.internal.utils.FeaturePropertyBase$State;
 956:            17            400  [Ljava.security.cert.Certificate;
 957:            10            400  com.fasterxml.jackson.databind.ObjectWriter
 958:            25            400  com.sun.proxy.$Proxy15
 959:            25            400  com.sun.proxy.$Proxy33
 960:            10            400  java.lang.invoke.DirectMethodHandle$Accessor
 961:            10            400  javax.crypto.CryptoPermission
 962:            10            400  sun.nio.cs.ISO_8859_1$Decoder
 963:             1            392  com.hazelcast.internal.diagnostics.HealthMonitor$HealthMonitorThread
 964:             1            392  com.hazelcast.internal.management.ManagementCenterService$PrepareStateThread
 965:             1            392  com.hazelcast.internal.management.ManagementCenterService$StateSendThread
 966:             1            392  com.hazelcast.internal.management.ManagementCenterService$TaskPollThread
 967:             1            392  com.hazelcast.internal.networking.nio.iobalancer.IOBalancerThread
 968:             1            392  com.hazelcast.spi.impl.operationservice.impl.AsyncInboundResponseHandler$ResponseThread
 969:             7            392  java.lang.invoke.LambdaFormEditor$Transform
 970:             1            392  org.apache.tomcat.util.net.NioBlockingSelector$BlockPoller
 971:             7            392  org.codehaus.jackson.map.introspect.AnnotatedClass
 972:            16            384  ch.qos.logback.core.pattern.LiteralConverter
 973:             1            384  com.alibaba.druid.pool.DruidDataSource$CreateConnectionThread
 974:             1            384  com.alibaba.druid.pool.DruidDataSource$DestroyConnectionThread
 975:            24            384  com.aliyun.openservices.shade.com.alibaba.rocketmq.remoting.netty.NettyLogger$NettyBridgeLogger
 976:            12            384  com.aliyun.openservices.shade.io.netty.util.Recycler$DefaultHandle
 977:            16            384  com.hazelcast.client.impl.protocol.codec.ClientMessageType
 978:             1            384  com.hazelcast.instance.Node$NodeShutdownHookThread
 979:            16            384  com.hazelcast.internal.networking.nio.NioEventLoopGroup$PublishAllTask$1
 980:            16            384  com.hazelcast.internal.networking.nio.NioEventLoopGroup$PublishAllTask$2
 981:             1            384  com.hazelcast.nio.tcp.TcpIpAcceptor$AcceptorIOThread
 982:             1            384  com.hazelcast.spi.impl.operationexecutor.slowoperationdetector.SlowOperationDetector$DetectorThread
 983:            12            384  com.hazelcast.util.executor.LoggingScheduledExecutor$LoggingDelegatingFuture
 984:             1            384  java.lang.ref.Finalizer$FinalizerThread
 985:            12            384  java.util.Collections$UnmodifiableSortedMap
 986:            16            384  java.util.concurrent.Executors$DefaultThreadFactory
 987:             1            384  java.util.logging.LogManager$Cleaner
 988:             3            384  net.logstash.logback.LogstashFormatter
 989:             1            384  org.I0Itec.zkclient.ZkEventThread
 990:            12            384  org.apache.catalina.LifecycleState
 991:            16            384  org.apache.curator.framework.imps.FailedDeleteManager
 992:            16            384  org.apache.curator.framework.imps.NamespaceWatcherMap
 993:             8            384  org.apache.curator.framework.state.ConnectionStateManager
 994:             2            384  org.aspectj.weaver.reflect.ReflectionWorld
 995:            12            384  org.jboss.resteasy.core.MediaTypeMap$SubtypeMap
 996:            16            384  org.jboss.resteasy.logging.impl.Log4jLogger
 997:             1            384  org.springframework.context.support.AbstractApplicationContext$1
 998:            16            384  sun.misc.MetaIndex
 999:            16            384  sun.nio.ch.OptionKey
1000:            16            384  sun.nio.ch.SocketOptionRegistry$RegistryKey
1001:             1            376  com.hazelcast.spi.impl.operationservice.impl.InvocationMonitor$InvocationMonitorThread
1002:             1            376  java.lang.ref.Reference$ReferenceHandler
1003:            23            368  com.fasterxml.jackson.databind.introspect.BasicClassIntrospector
1004:            23            368  java.awt.font.TextAttribute
1005:            15            360  ch.qos.logback.core.spi.ContextAwareBase
1006:             3            360  com.aliyun.openservices.shade.com.alibaba.rocketmq.client.impl.factory.MQClientInstance
1007:            15            360  com.fasterxml.jackson.databind.ser.impl.PropertySerializerMap$Multi
1008:             9            360  com.fasterxml.jackson.databind.ser.std.ObjectArraySerializer
1009:             9            360  com.sun.org.apache.xalan.internal.utils.XMLSecurityManager$Limit
1010:             9            360  com.sun.org.apache.xerces.internal.utils.XMLSecurityManager$Limit
1011:            15            360  java.util.regex.Pattern$Prolog
1012:            15            360  javassist.bytecode.ConstantAttribute
1013:            15            360  javassist.bytecode.DeprecatedAttribute
1014:            15            360  javax.management.StandardMBean
1015:             9            360  org.apache.ibatis.scripting.xmltags.SetSqlNode
1016:             9            360  org.jboss.resteasy.core.interception.JaxrsInterceptorRegistry$OnDemandInterceptorFactory
1017:            22            352  com.fasterxml.jackson.databind.jsontype.impl.StdSubtypeResolver
1018:             1            352  com.sun.org.apache.xerces.internal.impl.XMLNSDocumentScannerImpl
1019:            22            352  com.sun.proxy.$Proxy59
1020:            22            352  java.util.concurrent.Semaphore
1021:            22            352  javax.ws.rs.core.MediaType$2
1022:            11            352  org.apache.ibatis.parsing.XPathParser
1023:            11            352  org.mybatis.spring.SqlSessionTemplate
1024:            11            352  org.mybatis.spring.mapper.MapperFactoryBean
1025:             1            344  com.sun.org.apache.xerces.internal.impl.XMLDocumentScannerImpl
1026:             3            336  [Lsun.font.EAttribute;
1027:            21            336  com.alibaba.dubbo.config.ReferenceConfig$1
1028:            14            336  com.aliyun.openservices.shade.com.alibaba.rocketmq.client.common.ThreadLocalIndex
1029:             3            336  com.aliyun.openservices.shade.io.netty.channel.socket.nio.NioSocketChannel
1030:            14            336  com.google.gson.internal.bind.TypeAdapters$32
1031:            21            336  com.hazelcast.internal.serialization.impl.HeapData
1032:            14            336  com.hazelcast.spi.DistributedObjectNamespace
1033:            14            336  com.ruubypay.common.enumpackage.PayChannelEnum2
1034:             7            336  com.sun.jmx.mbeanserver.DefaultMXBeanMappingFactory$CompositeMapping
1035:            21            336  com.sun.proxy.$Proxy39
1036:            14            336  java.lang.invoke.LambdaFormEditor$Transform$Kind
1037:             6            336  java.nio.DirectLongBufferU
1038:            14            336  java.util.concurrent.Executors$DelegatedScheduledExecutorService
1039:             6            336  sun.management.MemoryPoolImpl
1040:             7            336  sun.nio.cs.StreamEncoder
1041:             7            336  sun.util.locale.provider.LocaleResources$ResourceReference
1042:            16            328  [Ljava.lang.management.PlatformComponent;
1043:            20            320  [Lorg.jboss.resteasy.spi.metadata.FieldParameter;
1044:            20            320  [Lorg.jboss.resteasy.spi.metadata.ResourceLocator;
1045:            20            320  [Lorg.jboss.resteasy.spi.metadata.SetterParameter;
1046:             4            320  com.alibaba.com.caucho.hessian.io.Hessian2Input
1047:            20            320  com.alibaba.dubbo.rpc.cluster.router.MockInvokersSelector
1048:            10            320  com.fasterxml.jackson.core.JsonGenerator$Feature
1049:            10            320  com.fasterxml.jackson.core.JsonParser$Feature
1050:             8            320  com.hazelcast.spi.impl.eventservice.impl.Registration
1051:            10            320  java.lang.OutOfMemoryError
1052:            10            320  java.security.cert.PolicyQualifierInfo
1053:            10            320  java.util.regex.Pattern$3
1054:            10            320  org.apache.catalina.util.ManifestResource
1055:             8            320  org.apache.curator.CuratorZookeeperClient
1056:             8            320  org.apache.curator.HandleHolder
1057:             2            320  org.aspectj.weaver.Lint
1058:            10            320  org.codehaus.jackson.map.ser.impl.SerializerCache$TypeKey
1059:             8            320  sun.reflect.UnsafeQualifiedStaticLongFieldAccessorImpl
1060:             6            312  [Lcom.sun.org.apache.xerces.internal.impl.xs.util.SimpleLocator;
1061:             3            312  com.alibaba.druid.stat.JdbcConnectionStat
1062:            13            312  com.alibaba.dubbo.common.threadpool.support.AbortPolicyWithReport
1063:            13            312  com.alibaba.dubbo.remoting.exchange.support.header.HeartBeatTask
1064:            13            312  com.alibaba.dubbo.remoting.transport.dispatcher.all.AllChannelHandler
1065:            13            312  com.alibaba.dubbo.remoting.transport.netty.NettyClient$2
1066:            13            312  com.alibaba.dubbo.remoting.transport.netty.NettyCodecAdapter$InternalDecoder
1067:            13            312  com.alibaba.dubbo.remoting.transport.netty.NettyHandler
1068:             3            312  com.aliyun.openservices.shade.com.alibaba.rocketmq.remoting.netty.NettyRemotingClient
1069:             3            312  com.aliyun.openservices.shade.io.netty.util.internal.ThreadLocalRandom
1070:            13            312  com.hazelcast.client.impl.protocol.codec.AtomicLongMessageType
1071:            13            312  com.hazelcast.client.impl.protocol.codec.SetMessageType
1072:            13            312  com.sun.org.apache.xalan.internal.utils.FeatureManager
1073:            13            312  java.lang.management.ManagementPermission
1074:            13            312  org.apache.coyote.AsyncStateMachine$AsyncState
1075:             3            312  org.apache.coyote.Response
1076:            13            312  org.apache.ibatis.ognl.internal.ClassCacheImpl
1077:            13            312  org.apache.log4j.Level
1078:            13            312  org.aspectj.weaver.Shadow$Kind
1079:            13            312  org.jboss.netty.channel.socket.nio.AbstractNioChannel$WriteRequestQueue
1080:            13            312  org.jboss.netty.channel.socket.nio.NioClientSocketPipelineSink$1
1081:            13            312  org.jboss.netty.util.internal.ThreadLocalBoolean
1082:            13            312  org.jboss.resteasy.spi.metadata.Parameter$ParamType
1083:            19            304  com.alibaba.dubbo.common.utils.AtomicPositiveInteger
1084:            19            304  com.sun.proxy.$Proxy34
1085:             2            304  org.jboss.resteasy.spi.ResteasyDeployment
1086:            19            304  org.springframework.aop.framework.CglibAopProxy$AdvisedDispatcher
1087:            19            304  org.springframework.aop.framework.CglibAopProxy$DynamicAdvisedInterceptor
1088:            19            304  org.springframework.aop.framework.CglibAopProxy$EqualsInterceptor
1089:            19            304  org.springframework.aop.framework.CglibAopProxy$HashCodeInterceptor
1090:            19            304  org.springframework.aop.framework.CglibAopProxy$SerializableNoOp
1091:            19            304  org.springframework.aop.framework.CglibAopProxy$StaticDispatcher
1092:            19            304  org.springframework.aop.framework.CglibAopProxy$StaticUnadvisedInterceptor
1093:            19            304  org.springframework.aop.framework.DefaultAdvisorChainFactory
1094:            19            304  org.springframework.aop.framework.DefaultAopProxyFactory
1095:            19            304  org.springframework.aop.target.SingletonTargetSource
1096:            19            304  org.springframework.cglib.transform.impl.UndeclaredThrowableStrategy
1097:             1            296  [Lcom.hazelcast.client.impl.protocol.codec.MapMessageType;
1098:             6            288  [Lcom.hazelcast.nio.Packet$Type;
1099:             8            288  [Ljava.lang.Boolean;
1100:             2            288  [Lorg.apache.ibatis.type.JdbcType;
1101:             6            288  [Lorg.apache.tomcat.util.http.MimeHeaderField;
1102:            12            288  ch.qos.logback.core.joran.spi.HostClassAndPropertyDouble
1103:             6            288  ch.qos.logback.core.rolling.helper.DateTokenConverter
1104:             9            288  com.alibaba.dubbo.remoting.buffer.HeapChannelBuffer
1105:             9            288  com.aliyun.openservices.shade.com.alibaba.fastjson.asm.Type
1106:             9            288  com.aliyun.openservices.shade.com.alibaba.fastjson.parser.deserializer.DefaultFieldDeserializer
1107:            12            288  com.aliyun.openservices.shade.com.alibaba.rocketmq.remoting.protocol.LanguageCode
1108:             9            288  com.fasterxml.jackson.databind.deser.impl.BeanPropertyMap
1109:            12            288  com.hazelcast.client.impl.protocol.codec.AtomicReferenceMessageType
1110:             2            288  com.hazelcast.internal.networking.nio.NioChannelWriter
1111:            12            288  com.hazelcast.internal.networking.nio.SelectorOptimizer$SelectionKeys
1112:            12            288  com.hazelcast.spi.impl.executionservice.impl.DelegateAndSkipOnConcurrentExecutionDecorator
1113:            12            288  com.hazelcast.spi.impl.executionservice.impl.DelegateAndSkipOnConcurrentExecutionDecorator$DelegateDecorator
1114:            12            288  com.hazelcast.util.MutableLong
1115:            12            288  com.sun.org.apache.xerces.internal.impl.xpath.regex.Token$CharToken
1116:            18            288  com.sun.proxy.$Proxy60
1117:             9            288  java.lang.invoke.BoundMethodHandle$Species_L
1118:            12            288  java.lang.invoke.Invokers
1119:             9            288  java.util.RegularEnumSet
1120:             9            288  java.util.concurrent.DelayQueue
1121:             9            288  java.util.concurrent.FutureTask
1122:             9            288  java.util.logging.Level
1123:            18            288  java.util.regex.Pattern$CharPropertyNames$4
1124:            12            288  java.util.regex.Pattern$SingleI
1125:             9            288  jdk.internal.org.objectweb.asm.Type
1126:            12            288  org.apache.ibatis.binding.MapperMethod
1127:            12            288  org.apache.ibatis.binding.MapperMethod$SqlCommand
1128:             6            288  org.apache.ibatis.session.Configuration$StrictMap
1129:             9            288  org.apache.zookeeper.ZooKeeper$ZKWatchManager
1130:             9            288  org.apache.zookeeper.client.ZooKeeperSaslClient
1131:            12            288  org.aspectj.apache.bcel.generic.ObjectType
1132:            12            288  org.codehaus.jackson.map.deser.impl.BeanPropertyMap$Bucket
1133:             9            288  org.jboss.netty.buffer.BigEndianHeapChannelBuffer
1134:             9            288  sun.reflect.UnsafeIntegerFieldAccessorImpl
1135:             9            288  sun.security.jca.ProviderConfig
1136:             7            280  com.aliyun.openservices.shade.io.netty.util.Recycler$WeakOrderQueue
1137:             7            280  java.lang.ClassLoader$NativeLibrary
1138:             1            272  [Lorg.codehaus.jackson.sym.Name;
1139:            17            272  com.alibaba.druid.proxy.jdbc.JdbcParameterNull
1140:            17            272  com.sun.org.apache.xerces.internal.util.AugmentationsImpl
1141:            17            272  java.util.Collections$SingletonSet
1142:            17            272  java.util.concurrent.SynchronousQueue$TransferStack
1143:            17            272  sun.nio.ch.Util$3
1144:            17            272  sun.security.x509.DNSName
1145:             3            264  com.aliyun.openservices.shade.com.alibaba.rocketmq.remoting.netty.NettyDecoder
1146:            11            264  com.hazelcast.nio.ConnectionType
1147:             3            264  java.beans.IndexedPropertyDescriptor
1148:            11            264  java.beans.PropertyChangeSupport
1149:            11            264  java.net.StandardSocketOptions$StdSocketOption
1150:            11            264  java.util.Collections$1
1151:            11            264  java.util.regex.Pattern$Dollar
1152:             3            264  net.logstash.logback.fieldnames.LogstashFieldNames
1153:             3            264  org.apache.catalina.webresources.CachedResource
1154:             3            264  org.apache.coyote.RequestInfo
1155:            11            264  org.apache.curator.framework.api.CuratorEventType
1156:            11            264  org.apache.ibatis.binding.MapperProxyFactory
1157:            11            264  org.mybatis.spring.MyBatisExceptionTranslator
1158:            11            264  sun.nio.cs.Surrogate$Parser
1159:             4            256  [Lcom.sun.org.apache.xerces.internal.impl.xs.XSElementDecl;
1160:             8            256  com.hazelcast.internal.cluster.impl.MembersViewMetadata
1161:             8            256  com.mysql.jdbc.Buffer
1162:             8            256  javax.management.MBeanNotificationInfo
1163:             8            256  org.apache.curator.framework.imps.NamespaceFacadeCache
1164:            16            256  org.apache.curator.utils.ThreadUtils$1
1165:            16            256  org.apache.ibatis.reflection.invoker.SetFieldInvoker
1166:             8            256  org.aspectj.weaver.patterns.TypePatternList
1167:             4            256  org.codehaus.jackson.map.deser.std.StdValueInstantiator
1168:             4            256  org.codehaus.jackson.map.introspect.BasicBeanDescription
1169:             8            256  org.jboss.netty.channel.DownstreamMessageEvent
1170:             8            256  sun.misc.ProxyGenerator$PrimitiveTypeInfo
1171:             8            256  sun.security.x509.CertificatePoliciesExtension
1172:             8            248  [Ljava.lang.invoke.LambdaForm$BasicType;
1173:             3            240  [Lcom.sun.org.apache.xerces.internal.impl.xs.XSComplexTypeDecl;
1174:             6            240  [Ljava.lang.invoke.BoundMethodHandle$SpeciesData;
1175:             2            240  [Lsun.nio.cs.CharsetMapping$Entry;
1176:             4            240  [[Ljava.lang.String;
1177:             2            240  ch.qos.logback.core.rolling.helper.RollingCalendar
1178:             3            240  com.aliyun.openservices.shade.io.netty.handler.timeout.IdleStateHandler
1179:            15            240  com.aliyun.openservices.shade.io.netty.util.concurrent.SingleThreadEventExecutor$2
1180:            15            240  com.aliyun.openservices.shade.io.netty.util.concurrent.SingleThreadEventExecutor$DefaultThreadProperties
1181:             5            240  com.fasterxml.jackson.databind.type.ArrayType
1182:             5            240  com.fasterxml.jackson.databind.type.MapType
1183:            10            240  com.google.gson.stream.JsonToken
1184:             2            240  com.hazelcast.internal.networking.nio.NioChannelReader
1185:            10            240  com.hazelcast.spi.CallsPerMember$CategorizedCallIds
1186:             3            240  com.hazelcast.util.executor.NamedThreadPoolExecutor
1187:            10            240  com.ruubypay.common.enumpackage.PayChannelStatusEnumChange
1188:            10            240  com.sun.org.apache.xerces.internal.impl.XMLScanner$NameType
1189:            10            240  java.lang.annotation.ElementType
1190:            10            240  java.security.CryptoPrimitive
1191:            15            240  java.util.regex.Pattern$Dot
1192:            10            240  javax.cache.expiry.Duration
1193:             1            240  org.apache.catalina.startup.Tomcat$ExistingStandardWrapper
1194:             3            240  org.apache.coyote.http11.Http11InputBuffer
1195:            10            240  org.apache.ibatis.binding.MapperProxy
1196:            10            240  org.codehaus.jackson.JsonParser$Feature
1197:             3            240  org.codehaus.jackson.map.deser.BeanDeserializer
1198:            10            240  org.jboss.resteasy.core.MediaTypeMap$CachedMediaTypeAndClass
1199:             6            240  sun.management.MemoryPoolImpl$CollectionSensor
1200:             6            240  sun.management.MemoryPoolImpl$PoolSensor
1201:             5            240  sun.misc.URLClassPath
1202:            10            240  sun.security.x509.Extension
1203:             4            224  [Lcom.aliyun.openservices.shade.com.alibaba.fastjson.util.FieldInfo;
1204:             2            224  [Lorg.codehaus.jackson.map.SerializationConfig$Feature;
1205:             7            224  ch.qos.logback.core.util.CachingDateFormatter
1206:             7            224  com.alibaba.com.caucho.hessian.io.JavaDeserializer
1207:             7            224  java.lang.StackTraceElement
1208:             7            224  java.util.concurrent.CountDownLatch$Sync
1209:             7            224  org.apache.tomcat.util.digester.ObjectCreateRule
1210:             7            224  org.apache.tomcat.util.digester.SetNextRule
1211:             7            224  org.codehaus.jackson.JsonGenerator$Feature
1212:             7            224  org.codehaus.jackson.sym.Name2
1213:            14            224  org.jboss.netty.logging.InternalLoggerFactory$1
1214:             4            224  sun.security.provider.SHA
1215:             7            224  sun.security.x509.NetscapeCertTypeExtension
1216:             9            216  ch.qos.logback.core.rolling.helper.PeriodicityType
1217:             9            216  com.alibaba.druid.pool.PreparedStatementPool$MethodType
1218:             3            216  com.alibaba.druid.stat.JdbcResultSetStat
1219:             3            216  com.alibaba.druid.stat.JdbcStatementStat
1220:             9            216  com.alibaba.druid.util.Histogram
1221:             9            216  com.aliyun.openservices.shade.com.alibaba.fastjson.serializer.BeanContext
1222:             3            216  com.aliyun.openservices.shade.io.netty.channel.DefaultChannelPipeline$HeadContext
1223:             3            216  com.aliyun.openservices.shade.io.netty.channel.DefaultChannelPipeline$TailContext
1224:             3            216  com.aliyun.openservices.shade.io.netty.channel.socket.nio.NioSocketChannel$NioSocketChannelConfig
1225:             9            216  com.aliyun.openservices.shade.io.netty.util.concurrent.PromiseTask$RunnableAdapter
1226:             9            216  com.fasterxml.jackson.annotation.JsonFormat$Shape
1227:             9            216  com.hazelcast.cache.CacheEventType
1228:             9            216  com.hazelcast.client.impl.protocol.codec.RingbufferMessageType
1229:             9            216  com.hazelcast.core.LifecycleEvent$LifecycleState
1230:             9            216  com.ruubypay.common.enumpackage.PayChannelNameEnum
1231:             9            216  java.util.logging.Level$KnownLevel
1232:             3            216  org.apache.catalina.connector.InputBuffer
1233:             3            216  org.apache.catalina.connector.Response
1234:             3            216  org.apache.tomcat.util.http.Parameters
1235:             9            216  org.apache.zookeeper.ZooKeeper
1236:             9            216  org.apache.zookeeper.client.StaticHostProvider
1237:             9            216  org.aspectj.apache.bcel.generic.BasicType
1238:             9            216  org.aspectj.weaver.MemberKind
1239:             9            216  org.springframework.core.NamedThreadLocal
1240:             3            216  sun.security.provider.NativePRNG$RandomIO
1241:             9            216  sun.util.logging.PlatformLogger$Level
1242:             2            208  [Lcom.fasterxml.jackson.databind.DeserializationFeature;
1243:             2            208  [Lcom.fasterxml.jackson.databind.SerializationFeature;
1244:             4            208  [Lcom.sun.org.apache.xalan.internal.utils.XMLSecurityManager$State;
1245:             7            208  [Ljava.lang.invoke.LambdaForm$NamedFunction;
1246:             2            208  [Lorg.apache.zookeeper.KeeperException$Code;
1247:             1            208  [Lorg.springframework.expression.spel.standard.TokenKind;
1248:            13            208  com.alibaba.dubbo.remoting.exchange.support.header.HeaderExchangeClient$1
1249:            13            208  com.alibaba.dubbo.remoting.exchange.support.header.HeaderExchangeHandler
1250:            13            208  com.alibaba.dubbo.remoting.exchange.support.header.HeartbeatHandler
1251:            13            208  com.alibaba.dubbo.remoting.transport.AbstractClient$1
1252:            13            208  com.alibaba.dubbo.remoting.transport.DecodeHandler
1253:            13            208  com.alibaba.dubbo.remoting.transport.MultiMessageHandler
1254:            13            208  com.alibaba.dubbo.remoting.transport.netty.NettyCodecAdapter$InternalEncoder
1255:             1            208  com.hazelcast.internal.diagnostics.HealthMonitor$HealthMetrics
1256:            13            208  org.jboss.netty.channel.SucceededChannelFuture
1257:            13            208  org.jboss.netty.channel.socket.nio.AbstractNioChannel$WriteTask
1258:             1            208  org.springframework.beans.factory.support.DefaultListableBeanFactory
1259:            13            208  sun.reflect.generics.reflectiveObjects.GenericArrayTypeImpl
1260:             5            200  [Lcom.alibaba.com.caucho.hessian.io.JavaSerializer$FieldSerializer;
1261:             9            200  [Ljava.lang.StackTraceElement;
1262:             2            200  [Ljava.text.DateFormat$Field;
1263:             3            200  [Lorg.codehaus.jackson.map.deser.impl.BeanPropertyMap$Bucket;
1264:             1            200  com.hazelcast.internal.dynamicconfig.DynamicConfigurationAwareConfig
1265:             1            200  com.hazelcast.monitor.impl.LocalMapStatsImpl
1266:             1            200  com.sun.org.apache.xerces.internal.impl.XMLDTDScannerImpl
1267:             5            200  java.io.BufferedWriter
1268:             5            200  java.io.ObjectStreamClass$FieldReflector
1269:             5            200  java.lang.invoke.BoundMethodHandle$SpeciesData
1270:             5            200  org.apache.tomcat.util.log.UserDataHelper
1271:             5            200  org.codehaus.jackson.map.type.CollectionType
1272:             4            192  [F
1273:             3            192  [Lcom.aliyun.openservices.shade.com.alibaba.rocketmq.remoting.protocol.LanguageCode;
1274:             6            192  [Lorg.apache.coyote.http11.InputFilter;
1275:             6            192  [Lorg.apache.coyote.http11.OutputFilter;
1276:             2            192  ch.qos.logback.core.rolling.SizeAndTimeBasedRollingPolicy
1277:             6            192  ch.qos.logback.core.rolling.helper.FileNamePattern
1278:             6            192  ch.qos.logback.core.rolling.helper.IntegerTokenConverter
1279:             4            192  com.alibaba.com.caucho.hessian.io.Hessian2Output
1280:             3            192  com.aliyun.openservices.shade.com.alibaba.rocketmq.client.ClientConfig
1281:             6            192  com.aliyun.openservices.shade.com.alibaba.rocketmq.client.impl.producer.TopicPublishInfo
1282:             6            192  com.aliyun.openservices.shade.com.alibaba.rocketmq.client.latency.MQFaultStrategy
1283:             3            192  com.aliyun.openservices.shade.com.alibaba.rocketmq.client.stat.ConsumerStatsManager
1284:             6            192  com.aliyun.openservices.shade.com.alibaba.rocketmq.common.CountDownLatch2$Sync
1285:             3            192  com.aliyun.openservices.shade.io.netty.channel.ChannelOutboundBuffer
1286:             3            192  com.aliyun.openservices.shade.io.netty.channel.ChannelOutboundBuffer$Entry
1287:             8            192  com.hazelcast.client.impl.protocol.codec.LockMessageType
1288:             8            192  com.hazelcast.internal.metrics.metricsets.OperatingSystemMetricSet$2
1289:             4            192  com.hazelcast.util.ConcurrentReferenceHashMap
1290:             6            192  com.sun.org.apache.xerces.internal.impl.xpath.regex.Token$ClosureToken
1291:             4            192  com.sun.org.apache.xerces.internal.impl.xs.SchemaGrammar$BuiltinAttrDecl
1292:             1            192  com.sun.org.apache.xerces.internal.parsers.XIncludeAwareParserConfiguration
1293:            12            192  com.sun.proxy.$Proxy31
1294:             6            192  java.lang.invoke.LambdaForm$BasicType
1295:             8            192  java.lang.invoke.MethodHandleImpl$Intrinsic
1296:             8            192  java.math.RoundingMode
1297:             3            192  java.security.SecureRandom
1298:             6            192  java.util.concurrent.Semaphore$FairSync
1299:             8            192  javassist.bytecode.IntegerInfo
1300:             8            192  javassist.bytecode.LongInfo
1301:             8            192  javax.crypto.CryptoPermissionCollection
1302:             8            192  jdk.net.SocketFlow$Status
1303:             3            192  net.logstash.logback.encoder.LogstashEncoder
1304:             3            192  org.apache.catalina.connector.OutputBuffer
1305:             3            192  org.apache.catalina.mapper.MappingData
1306:             3            192  org.apache.coyote.http11.filters.ChunkedInputFilter
1307:             8            192  org.apache.curator.HandleHolder$1
1308:             8            192  org.apache.curator.framework.imps.CuratorFrameworkImpl$2
1309:            12            192  org.apache.ibatis.session.Configuration$StrictMap$Ambiguity
1310:             8            192  org.apache.tomcat.util.net.AbstractEndpoint$Handler$SocketState
1311:             8            192  org.apache.zookeeper.Watcher$Event$KeeperState
1312:             8            192  org.aspectj.bridge.IMessage$Kind
1313:             8            192  org.codehaus.jackson.map.introspect.AnnotatedConstructor
1314:             8            192  org.jboss.netty.channel.UpstreamMessageEvent
1315:             8            192  org.springframework.core.convert.support.GenericConversionService$ConverterFactoryAdapter
1316:             2            192  sun.nio.ch.ServerSocketChannelImpl
1317:             2            192  sun.security.provider.Sun
1318:             8            192  sun.security.x509.PolicyInformation
1319:             1            184  [Lorg.apache.coyote.ActionCode;
1320:             1            184  com.hazelcast.config.Config
1321:             1            184  com.ruubypay.common.PaymentConfig
1322:             1            184  org.apache.tomcat.util.net.NioEndpoint
1323:             4            176  [Lcom.alibaba.fastjson.serializer.SerializerFeature;
1324:             8            176  [Lcom.fasterxml.jackson.databind.JavaType;
1325:             2            176  [Lcom.fasterxml.jackson.databind.MapperFeature;
1326:             4            176  [Ljava.lang.Enum;
1327:             2            176  [Lorg.codehaus.jackson.map.DeserializationConfig$Feature;
1328:             2            176  ch.qos.logback.core.rolling.RollingFileAppender
1329:             2            176  ch.qos.logback.core.rolling.SizeAndTimeBasedFNATP
1330:             2            176  com.alibaba.druid.pool.DruidConnectionHolder
1331:             1            176  com.sun.org.apache.xerces.internal.impl.dtd.XMLDTDValidator
1332:             1            176  com.sun.org.apache.xerces.internal.impl.dtd.XMLNSDTDValidator
1333:            11            176  com.sun.org.apache.xerces.internal.impl.xs.util.XInt
1334:            11            176  com.sun.proxy.$Proxy37
1335:            11            176  java.beans.PropertyChangeSupport$PropertyChangeListenerMap
1336:            11            176  java.text.NumberFormat$Field
1337:            11            176  java.util.Hashtable$EntrySet
1338:             2            176  java.util.jar.JarVerifier
1339:            11            176  java.util.regex.Pattern$Begin
1340:             2            176  org.apache.catalina.deploy.NamingResourcesImpl
1341:            11            176  org.apache.ibatis.builder.xml.XMLMapperEntityResolver
1342:            11            176  org.mybatis.spring.SqlSessionTemplate$SqlSessionInterceptor
1343:            11            176  sun.security.ec.ECParameters
1344:             3            168  [Lcom.aliyun.openservices.shade.com.alibaba.fastjson.serializer.SerializerFeature;
1345:             6            168  [Lcom.aliyun.openservices.shade.io.netty.util.concurrent.SingleThreadEventExecutor;
1346:             1            168  [Lcom.hazelcast.config.XmlElements;
1347:             7            168  [Ljava.net.InetAddress;
1348:             1            168  [[Ljava.math.BigInteger;
1349:             7            168  ch.qos.logback.classic.Level
1350:             3            168  com.aliyun.openservices.shade.com.alibaba.rocketmq.remoting.netty.NettyClientConfig
1351:             7            168  com.dangdang.config.service.zookeeper.SessionConnectionListener
1352:             7            168  com.hazelcast.cache.impl.maxsize.impl.EntryCountCacheEvictionChecker
1353:             7            168  com.hazelcast.cache.impl.record.CacheRecordFactory
1354:             7            168  com.hazelcast.client.impl.protocol.codec.MapReduceMessageType
1355:             7            168  com.hazelcast.client.impl.protocol.codec.SemaphoreMessageType
1356:             7            168  com.hazelcast.client.impl.protocol.codec.XATransactionMessageType
1357:             7            168  com.hazelcast.core.ClientType
1358:             7            168  com.ruubypay.common.dictionary.MerchantNumberCode
1359:             7            168  com.ruubypay.common.enumpackage.OrderQuiryEnum
1360:             7            168  com.sun.management.VMOption$Origin
1361:             3            168  com.sun.org.apache.xerces.internal.impl.xs.XSDDescription
1362:             7            168  com.sun.org.apache.xerces.internal.util.FeatureState
1363:             7            168  java.io.OutputStreamWriter
1364:             7            168  java.net.InetAddress$CacheEntry
1365:             7            168  java.net.NetPermission
1366:             3            168  javax.management.openmbean.OpenMBeanOperationInfoSupport
1367:             3            168  org.apache.catalina.connector.CoyoteReader
1368:             1            168  org.apache.catalina.core.StandardHost
1369:             3            168  org.apache.coyote.http11.Http11OutputBuffer
1370:             1            168  org.apache.ibatis.session.Configuration
1371:             7            168  org.apache.tomcat.util.digester.SetPropertiesRule
1372:             7            168  org.apache.zookeeper.ZooKeeper$States
1373:             7            168  org.codehaus.jackson.annotate.JsonMethod
1374:             3            168  org.jboss.netty.channel.socket.nio.NioWorker
1375:             7            168  org.jboss.netty.logging.JdkLogger
1376:             7            168  org.jboss.resteasy.core.ContextParameterInjector
1377:             3            168  org.springframework.beans.factory.support.ManagedProperties
1378:             7            168  org.springframework.cglib.proxy.CallbackInfo
1379:             7            168  org.springframework.transaction.annotation.Propagation
1380:             7            168  sun.security.x509.NetscapeCertTypeExtension$MapEntry
1381:             1            160  [Ljavax.ws.rs.core.Response$Status;
1382:             5            160  ch.qos.logback.core.joran.util.beans.BeanDescription
1383:             5            160  com.alibaba.com.caucho.hessian.io.JavaSerializer
1384:             2            160  com.alibaba.druid.stat.JdbcConnectionStat$Entry
1385:             4            160  com.alibaba.dubbo.remoting.buffer.DynamicChannelBuffer
1386:             4            160  com.alibaba.dubbo.remoting.exchange.Response
1387:             4            160  com.fasterxml.jackson.core.Base64Variant
1388:             5            160  com.fasterxml.jackson.core.JsonEncoding
1389:             5            160  com.hazelcast.config.properties.SimplePropertyDefinition
1390:             2            160  com.sun.org.apache.xalan.internal.xsltc.trax.TransformerFactoryImpl
1391:             4            160  com.sun.org.apache.xerces.internal.impl.dtd.XMLSimpleType
1392:             5            160  com.sun.org.apache.xpath.internal.objects.XNumber
1393:             5            160  java.io.FileOutputStream
1394:             4            160  java.lang.ClassNotFoundException
1395:             5            160  java.lang.NullPointerException
1396:             5            160  java.lang.invoke.DirectMethodHandle$Special
1397:             5            160  java.nio.channels.ClosedChannelException
1398:            10            160  java.util.Formatter$Flags
1399:            10            160  java.util.concurrent.atomic.AtomicLongArray
1400:             5            160  java.util.concurrent.atomic.AtomicReferenceFieldUpdater$AtomicReferenceFieldUpdaterImpl
1401:             5            160  javax.management.StandardEmitterMBean
1402:            10            160  org.apache.tomcat.util.threads.TaskThread$WrappingRunnable
1403:             5            160  org.codehaus.jackson.JsonEncoding
1404:             4            160  org.jboss.netty.buffer.TruncatedChannelBuffer
1405:             2            160  org.springframework.aop.aspectj.AspectJAroundAdvice
1406:            10            160  org.springframework.core.convert.support.ObjectToStringConverter
1407:             5            160  sun.reflect.generics.repository.ConstructorRepository
1408:             5            160  sun.security.util.DisabledAlgorithmConstraints$KeySizeConstraint
1409:            10            160  sun.security.x509.CertificatePolicyId
1410:             5            160  sun.util.locale.provider.LocaleProviderAdapter$Type
1411:             1            152  [Lcom.hazelcast.client.impl.protocol.codec.CacheMessageType;
1412:             8            152  [Lorg.aspectj.weaver.patterns.TypePattern;
1413:             1            152  org.apache.catalina.session.StandardManager
1414:             1            152  org.apache.coyote.http11.Http11NioProtocol
1415:             1            144  [Lcom.fasterxml.jackson.core.sym.CharsToNameCanonicalizer$Bucket;
1416:             2            144  [Ljava.math.BigDecimal;
1417:             2            144  [Ljava.util.Map;
1418:             2            144  [Lorg.aspectj.weaver.ResolvedMember;
1419:             5            144  [Lorg.codehaus.jackson.map.introspect.AnnotationMap;
1420:             1            144  [Lorg.codehaus.jackson.sym.BytesToNameCanonicalizer$Bucket;
1421:             1            144  [Lorg.codehaus.jackson.sym.CharsToNameCanonicalizer$Bucket;
1422:             3            144  ch.qos.logback.classic.pattern.ExtendedThrowableProxyConverter
1423:             6            144  ch.qos.logback.core.util.FileSize
1424:             2            144  com.alibaba.druid.stat.JdbcDataSourceStat
1425:             1            144  com.alibaba.dubbo.config.ProtocolConfig
1426:             2            144  com.alibaba.fastjson.util.ASMClassLoader
1427:             2            144  com.alibaba.ons.open.trace.core.dispatch.impl.AsyncArrayDispatcher
1428:             2            144  com.aliyun.openservices.shade.com.alibaba.fastjson.util.ASMClassLoader
1429:             3            144  com.aliyun.openservices.shade.com.alibaba.rocketmq.client.impl.consumer.PullMessageService
1430:             6            144  com.aliyun.openservices.shade.com.alibaba.rocketmq.client.latency.LatencyFaultToleranceImpl
1431:             6            144  com.aliyun.openservices.shade.com.alibaba.rocketmq.logging.inner.Level
1432:             6            144  com.aliyun.openservices.shade.io.netty.channel.AbstractChannelHandlerContext$15
1433:             6            144  com.aliyun.openservices.shade.io.netty.channel.VoidChannelPromise
1434:             6            144  com.fasterxml.jackson.annotation.JsonAutoDetect$Visibility
1435:             6            144  com.fasterxml.jackson.core.JsonParser$NumberType
1436:             6            144  com.hazelcast.cache.impl.CacheEntryProcessorEntry$State
1437:             6            144  com.hazelcast.client.impl.protocol.codec.ContinuousQueryMessageType
1438:             6            144  com.hazelcast.client.impl.protocol.codec.DurableExecutorMessageType
1439:             6            144  com.hazelcast.client.impl.protocol.codec.ExecutorServiceMessageType
1440:             6            144  com.hazelcast.client.impl.protocol.codec.TransactionalMultiMapMessageType
1441:             3            144  com.hazelcast.instance.MemberImpl
1442:             2            144  com.hazelcast.internal.nearcache.impl.invalidation.BatchInvalidator
1443:             6            144  com.hazelcast.internal.networking.nio.SelectorOptimizer$IteratorImpl
1444:             6            144  com.hazelcast.internal.networking.nio.SelectorOptimizer$SelectionKeysSet
1445:             6            144  com.hazelcast.nio.Packet$Type
1446:             2            144  com.mysql.jdbc.ConnectionPropertiesImpl$LongConnectionProperty
1447:             6            144  com.ruubypay.common.dictionary.LocationCode
1448:             6            144  com.sun.org.apache.xerces.internal.util.Status
1449:             6            144  com.sun.org.apache.xml.internal.utils.NSInfo
1450:             9            144  com.sun.proxy.$Proxy13
1451:             9            144  com.sun.proxy.$Proxy70
1452:             6            144  java.io.BufferedOutputStream
1453:             6            144  java.security.SecurityPermission
1454:             9            144  java.util.IdentityHashMap$KeySet
1455:             9            144  java.util.concurrent.Executors$FinalizableDelegatedExecutorService
1456:             6            144  java.util.regex.Pattern$CharPropertyNames$2
1457:             6            144  javax.ws.rs.core.Response$Status$Family
1458:             3            144  net.logstash.logback.composite.LogstashVersionJsonProvider
1459:             3            144  net.logstash.logback.composite.loggingevent.LoggingEventFormattedTimestampJsonProvider
1460:             3            144  org.apache.catalina.connector.CoyoteWriter
1461:             1            144  org.apache.catalina.loader.ParallelWebappClassLoader
1462:             6            144  org.apache.catalina.servlet4preview.http.MappingMatch
1463:             3            144  org.apache.catalina.util.Extension
1464:             6            144  org.apache.coyote.http11.Http11InputBuffer$HeaderParsePosition
1465:             6            144  org.apache.ibatis.mapping.SqlCommandType
1466:             6            144  org.apache.tomcat.util.http.MimeHeaders
1467:             6            144  org.apache.tomcat.util.net.SocketEvent
1468:             2            144  org.aspectj.weaver.CrosscuttingMembersSet
1469:             2            144  org.aspectj.weaver.patterns.SignaturePattern
1470:             2            144  org.aspectj.weaver.patterns.WildTypePattern
1471:             6            144  org.codehaus.jackson.annotate.JsonAutoDetect$Visibility
1472:             6            144  org.springframework.core.annotation.AnnotationUtils$AnnotationCacheKey
1473:             6            144  sun.misc.PerfCounter
1474:             6            144  sun.security.util.DisabledAlgorithmConstraints$Constraint$Operator
1475:             6            144  sun.security.util.DisabledAlgorithmConstraints$DisabledConstraint
1476:             1            136  [Lcom.sun.org.apache.xerces.internal.impl.dv.xs.TypeValidator;
1477:             1            136  [Ljava.time.temporal.ChronoField;
1478:             5            136  [Lorg.codehaus.jackson.map.ser.BeanPropertyWriter;
1479:             2            128  [Lcom.aliyun.openservices.shade.com.alibaba.fastjson.parser.Feature;
1480:             4            128  [Lcom.hazelcast.internal.networking.nio.NioThread;
1481:             1            128  [Lcom.hazelcast.internal.serialization.impl.SerializerAdapter;
1482:             6            128  [Ljava.security.CodeSigner;
1483:             4            128  [Ljava.text.SimpleDateFormat;
1484:             2            128  ch.qos.logback.core.rolling.helper.SizeAndTimeBasedArchiveRemover
1485:             4            128  ch.qos.logback.core.util.COWArrayList
1486:             2            128  ch.qos.logback.core.util.DefaultInvocationGate
1487:             4            128  com.alibaba.com.caucho.hessian.util.IdentityIntMap
1488:             2            128  com.alibaba.druid.proxy.jdbc.ConnectionProxyImpl
1489:             2            128  com.alibaba.druid.stat.JdbcDataSourceStat$1
1490:             4            128  com.alibaba.dubbo.remoting.exchange.Request
1491:             4            128  com.fasterxml.jackson.databind.ser.impl.PropertySerializerMap$Double
1492:             4            128  com.fasterxml.jackson.jaxrs.json.JsonMapperConfigurator
1493:             8            128  com.google.common.cache.LocalCache$LocalLoadingCache
1494:             4            128  com.hazelcast.cache.BuiltInCacheMergePolicies
1495:             2            128  com.hazelcast.config.NetworkConfig
1496:             4            128  com.hazelcast.util.executor.PoolExecutorThreadFactory
1497:             1            128  com.ruubypay.common.ConfConfig
1498:             2            128  com.ruubypay.miss.extension.resteasy.provider.RestEasyJackJson2ProviderExtension
1499:             4            128  com.sun.jmx.mbeanserver.DefaultMXBeanMappingFactory$ArrayMapping
1500:             1            128  com.sun.org.apache.xerces.internal.impl.XMLEntityManager
1501:             2            128  com.sun.org.apache.xerces.internal.impl.xpath.regex.RegularExpression
1502:             4            128  com.sun.org.apache.xerces.internal.util.XMLResourceIdentifierImpl
1503:             2            128  java.io.ExpiringCache$1
1504:             4            128  java.lang.IllegalStateException
1505:             4            128  java.lang.NoClassDefFoundError
1506:             4            128  java.security.MessageDigest$Delegate
1507:             4            128  java.util.LinkedHashMap$LinkedKeyIterator
1508:             8            128  java.util.regex.Pattern$CharPropertyNames$3
1509:             8            128  javassist.bytecode.ConstInfoPadding
1510:             1            128  org.apache.catalina.core.StandardEngine
1511:             4            128  org.apache.catalina.core.StandardPipeline
1512:             4            128  org.apache.coyote.ErrorState
1513:             8            128  org.apache.curator.HandleHolder$1$1
1514:             8            128  org.apache.curator.ensemble.fixed.FixedEnsembleProvider
1515:             8            128  org.apache.curator.framework.imps.CuratorFrameworkImpl$1
1516:             8            128  org.apache.curator.framework.imps.CuratorFrameworkImpl$3
1517:             8            128  org.apache.curator.framework.imps.CuratorFrameworkImpl$4
1518:             8            128  org.apache.curator.framework.imps.NamespaceFacadeCache$1
1519:             8            128  org.apache.curator.framework.state.ConnectionStateManager$1
1520:             8            128  org.apache.curator.utils.DefaultTracerDriver
1521:             4            128  org.apache.tomcat.util.collections.SynchronizedStack
1522:             4            128  org.apache.zookeeper.CreateMode
1523:             2            128  org.aspectj.weaver.patterns.AndPointcut
1524:             2            128  org.aspectj.weaver.patterns.KindedPointcut
1525:             4            128  org.jboss.netty.channel.socket.nio.SocketSendBufferPool$PooledSendBuffer
1526:             4            128  org.jboss.resteasy.core.MediaTypeMap
1527:             2            128  org.jboss.resteasy.plugins.providers.jackson.ResteasyJackson2Provider
1528:             8            128  org.springframework.core.$Proxy20
1529:             4            128  org.springframework.core.SerializableTypeWrapper$MethodInvokeTypeProvider
1530:             2            128  sun.nio.cs.ext.DoubleByte$Encoder_DBCSONLY
1531:             4            128  sun.security.provider.SecureRandom
1532:             4            128  sun.security.x509.ExtendedKeyUsageExtension
1533:             6            120  [Lch.qos.logback.core.filter.Filter;
1534:             3            120  [Lcom.alibaba.fastjson.parser.Feature;
1535:             1            120  [Lcom.hazelcast.internal.ascii.TextCommandConstants$TextCommandType;
1536:             3            120  [Lorg.codehaus.jackson.annotate.JsonMethod;
1537:             3            120  ch.qos.logback.classic.filter.ThresholdFilter
1538:             5            120  ch.qos.logback.core.pattern.parser.TokenStream$TokenizerState
1539:             5            120  ch.qos.logback.core.subst.Token$Type
1540:             5            120  ch.qos.logback.core.util.AggregationType
1541:             5            120  com.alibaba.dubbo.remoting.transport.dispatcher.ChannelEventRunnable$ChannelState
1542:             3            120  com.aliyun.openservices.shade.com.alibaba.rocketmq.client.impl.MQClientAPIImpl
1543:             3            120  com.aliyun.openservices.shade.com.alibaba.rocketmq.client.impl.consumer.RebalanceService
1544:             3            120  com.aliyun.openservices.shade.com.alibaba.rocketmq.remoting.netty.NettyRemotingClient$5
1545:             3            120  com.aliyun.openservices.shade.com.alibaba.rocketmq.remoting.netty.NettyRemotingClient$6
1546:             3            120  com.aliyun.openservices.shade.io.netty.bootstrap.Bootstrap
1547:             3            120  com.aliyun.openservices.shade.io.netty.channel.AbstractChannel$CloseFuture
1548:             3            120  com.aliyun.openservices.shade.io.netty.channel.DefaultChannelPipeline
1549:             3            120  com.aliyun.openservices.shade.io.netty.channel.DefaultChannelPromise
1550:             3            120  com.aliyun.openservices.shade.io.netty.channel.socket.nio.NioSocketChannel$NioSocketChannelUnsafe
1551:             5            120  com.aliyun.openservices.shade.io.netty.util.internal.UnsafeAtomicIntegerFieldUpdater
1552:             5            120  com.aliyun.openservices.shade.io.netty.util.internal.logging.InternalLogLevel
1553:             5            120  com.google.gson.internal.bind.TypeAdapters$33
1554:             5            120  com.hazelcast.client.impl.protocol.codec.TransactionalQueueMessageType
1555:             5            120  com.hazelcast.cluster.ClusterState
1556:             5            120  com.hazelcast.config.CacheSimpleConfig$ExpiryPolicyFactoryConfig$TimedExpiryPolicyFactoryConfig$ExpiryPolicyType
1557:             5            120  com.hazelcast.config.EvictionConfig$MaxSizePolicy
1558:             5            120  com.hazelcast.config.PartitionGroupConfig$MemberGroupType
1559:             1            120  com.hazelcast.instance.Node
1560:             5            120  com.hazelcast.internal.ascii.memcache.SetCommandProcessor
1561:             1            120  com.hazelcast.internal.cluster.impl.ClusterHeartbeatManager
1562:             3            120  com.hazelcast.internal.util.concurrent.MPSCQueue
1563:             1            120  com.hazelcast.map.impl.MapServiceContextImpl
1564:             5            120  com.ruubypay.common.enumpackage.BusinessTypeEnum
1565:             5            120  com.ruubypay.common.enumpackage.ChannelBindWithFlagEnum
1566:             5            120  com.sun.org.apache.xalan.internal.utils.FeaturePropertyBase$State
1567:             5            120  com.sun.org.apache.xalan.internal.utils.XMLSecurityManager$State
1568:             3            120  com.sun.org.apache.xerces.internal.dom.DeferredCDATASectionImpl
1569:             3            120  com.sun.org.apache.xerces.internal.impl.dtd.XMLEntityDecl
1570:             5            120  com.sun.org.apache.xerces.internal.impl.xs.traversers.LargeContainer
1571:             1            120  com.sun.org.apache.xerces.internal.jaxp.SAXParserImpl$JAXPSAXParser
1572:             5            120  com.sun.org.apache.xerces.internal.util.PropertyState
1573:             5            120  com.sun.org.apache.xerces.internal.utils.XMLSecurityManager$State
1574:             5            120  com.sun.org.apache.xerces.internal.utils.XMLSecurityPropertyManager$State
1575:             3            120  java.io.PrintWriter
1576:             3            120  java.lang.invoke.BoundMethodHandle$Species_LL
1577:             3            120  java.util.EnumMap
1578:             3            120  java.util.concurrent.LinkedBlockingDeque
1579:             5            120  java.util.regex.Pattern$SliceI
1580:             5            120  javassist.bytecode.InnerClassesAttribute
1581:             5            120  javassist.bytecode.stackmap.TypeData$BasicType
1582:             5            120  javax.servlet.DispatcherType
1583:             5            120  javax.xml.namespace.QName
1584:             3            120  net.logstash.logback.composite.loggingevent.ArgumentsJsonProvider
1585:             3            120  net.logstash.logback.composite.loggingevent.LoggerNameJsonProvider
1586:             3            120  net.logstash.logback.composite.loggingevent.MdcJsonProvider
1587:             3            120  net.logstash.logback.composite.loggingevent.StackTraceJsonProvider
1588:             1            120  org.apache.catalina.connector.Connector
1589:             3            120  org.apache.coyote.http11.filters.IdentityInputFilter
1590:             5            120  org.apache.curator.x.discovery.UriSpec$Part
1591:             5            120  org.apache.ibatis.type.StringTypeHandler
1592:             3            120  org.apache.tomcat.util.buf.Utf8Decoder
1593:             5            120  org.apache.zookeeper.Watcher$Event$EventType
1594:             5            120  org.codehaus.jackson.annotate.JsonTypeInfo$Id
1595:             5            120  org.jboss.netty.util.ThreadRenamingRunnable
1596:             1            120  org.springframework.context.support.ClassPathXmlApplicationContext
1597:             5            120  org.springframework.expression.spel.ast.Indexer$IndexedType
1598:             5            120  org.springframework.transaction.annotation.Isolation
1599:             5            120  sun.misc.FloatingDecimal$PreparedASCIIToBinaryBuffer
1600:             5            120  sun.reflect.generics.scope.ConstructorScope
1601:             5            120  sun.security.jca.ServiceId
1602:             3            120  sun.security.provider.DSAPublicKeyImpl
1603:             2            112  [Lcom.aliyun.openservices.shade.com.alibaba.fastjson.parser.deserializer.FieldDeserializer;
1604:             2            112  [Lcom.aliyun.openservices.shade.com.alibaba.fastjson.serializer.FieldSerializer;
1605:             1            112  [Lcom.hazelcast.client.impl.protocol.codec.ListMessageType;
1606:             3            112  [Lcom.sun.org.apache.xerces.internal.util.XMLAttributesImpl$Attribute;
1607:             2            112  [Ljava.lang.invoke.MethodType;
1608:             2            112  [Ljava.security.CryptoPrimitive;
1609:             1            112  [Ljava.time.LocalTime;
1610:             2            112  [[Z
1611:             7            112  com.alibaba.com.caucho.hessian.io.JavaDeserializer$ObjectFieldDeserializer
1612:             7            112  com.alibaba.dubbo.remoting.transport.netty.NettyHelper$DubboLogger
1613:             1            112  com.aliyun.openservices.shade.com.alibaba.fastjson.parser.deserializer.FastjsonASMDeserializer_3_RemotingCommand
1614:             2            112  com.aliyun.openservices.shade.io.netty.util.ResourceLeakDetector$DefaultResourceLeak
1615:             7            112  com.dangdang.config.service.zookeeper.ConfigNodeEventListener
1616:             2            112  com.hazelcast.config.AwsConfig
1617:             1            112  com.hazelcast.config.CacheConfig
1618:             2            112  com.hazelcast.config.SerializationConfig
1619:             1            112  com.hazelcast.internal.dynamicconfig.ClusterWideConfigurationService
1620:             7            112  com.hazelcast.internal.eviction.impl.comparator.LRUEvictionPolicyComparator
1621:             7            112  com.hazelcast.internal.eviction.impl.evaluator.EvictionPolicyEvaluator
1622:             2            112  com.hazelcast.nio.tcp.TcpIpConnection
1623:             1            112  com.hazelcast.spi.impl.operationservice.impl.OperationServiceImpl
1624:             2            112  com.sun.org.apache.xerces.internal.util.XMLAttributesIteratorImpl
1625:             2            112  java.net.SocketPermission
1626:             7            112  java.util.concurrent.CountDownLatch
1627:             1            112  org.apache.catalina.core.StandardServer
1628:             1            112  org.apache.tomcat.util.digester.Digester
1629:             2            112  org.apache.zookeeper.ClientCnxn$Packet
1630:             7            112  org.aspectj.weaver.UnresolvedType$TypeKind
1631:             2            112  org.aspectj.weaver.World$TypeMap
1632:             2            112  org.aspectj.weaver.patterns.AnnotationPointcut
1633:             7            112  org.jboss.resteasy.core.ContextParameterInjector$GenericDelegatingProxy
1634:             2            112  sun.nio.cs.ext.DoubleByte$Decoder_DBCSONLY
1635:             2            104  [Lch.qos.logback.core.rolling.helper.PeriodicityType;
1636:             1            104  [Lcom.hazelcast.client.impl.protocol.codec.MultiMapMessageType;
1637:             1            104  ch.qos.logback.classic.LoggerContext
1638:             1            104  com.alibaba.dubbo.config.RegistryConfig
1639:             1            104  com.aliyun.openservices.shade.com.alibaba.fastjson.serializer.ASMSerializer_2_RemotingCommand
1640:             1            104  com.hazelcast.internal.partition.impl.MigrationManager
1641:             1            104  com.hazelcast.nio.tcp.TcpIpConnectionManager
1642:             1            104  org.apache.tomcat.util.net.SocketProperties
1643:             2             96  [Lcom.google.common.cache.LocalCache$EntryFactory;
1644:             1             96  [Lcom.hazelcast.client.impl.protocol.codec.QueueMessageType;
1645:             1             96  [Lcom.ruubypay.common.dictionary.IndustryCode;
1646:             1             96  [Lcom.ruubypay.common.enumpackage.PayChannelEnum3;
1647:             1             96  [Lcom.sun.org.apache.xerces.internal.impl.xpath.regex.RegularExpression;
1648:             2             96  [Lcom.sun.org.apache.xerces.internal.utils.XMLSecurityManager$State;
1649:             3             96  [Ljava.lang.ref.WeakReference;
1650:             2             96  [Ljava.util.concurrent.TimeUnit;
1651:             3             96  [Lorg.apache.curator.x.discovery.ServiceType;
1652:             3             96  [Lorg.apache.tomcat.util.http.ServerCookie;
1653:             2             96  [Lorg.springframework.transaction.annotation.Propagation;
1654:             1             96  [[J
1655:             3             96  ch.qos.logback.core.joran.action.AppenderRefAction
1656:             4             96  ch.qos.logback.core.pattern.parser.Token
1657:             2             96  ch.qos.logback.core.recovery.ResilientFileOutputStream
1658:             4             96  ch.qos.logback.core.subst.Token
1659:             6             96  com.alibaba.com.caucho.hessian.io.JavaDeserializer$IntFieldDeserializer
1660:             4             96  com.alibaba.druid.proxy.jdbc.StatementExecuteType
1661:             1             96  com.alibaba.dubbo.registry.zookeeper.ZookeeperRegistry
1662:             4             96  com.alibaba.dubbo.remoting.buffer.ChannelBufferInputStream
1663:             4             96  com.alibaba.dubbo.remoting.buffer.ChannelBufferOutputStream
1664:             3             96  com.aliyun.openservices.shade.com.alibaba.rocketmq.client.impl.MQAdminImpl
1665:             4             96  com.aliyun.openservices.shade.com.alibaba.rocketmq.client.producer.SendStatus
1666:             6             96  com.aliyun.openservices.shade.com.alibaba.rocketmq.common.CountDownLatch2
1667:             4             96  com.aliyun.openservices.shade.com.alibaba.rocketmq.common.ServiceState
1668:             4             96  com.aliyun.openservices.shade.com.alibaba.rocketmq.remoting.netty.NettyEventType
1669:             3             96  com.aliyun.openservices.shade.com.alibaba.rocketmq.remoting.netty.NettyRemotingAbstract$NettyEventExecutor
1670:             3             96  com.aliyun.openservices.shade.com.alibaba.rocketmq.remoting.netty.NettyRemotingClient$NettyClientHandler
1671:             6             96  com.aliyun.openservices.shade.io.netty.channel.AbstractChannelHandlerContext$8
1672:             3             96  com.aliyun.openservices.shade.io.netty.channel.AbstractChannelHandlerContext$WriteAndFlushTask
1673:             3             96  com.aliyun.openservices.shade.io.netty.channel.AbstractChannelHandlerContext$WriteTask
1674:             3             96  com.aliyun.openservices.shade.io.netty.channel.AdaptiveRecvByteBufAllocator$HandleImpl
1675:             3             96  com.aliyun.openservices.shade.io.netty.channel.nio.NioEventLoopGroup
1676:             3             96  com.aliyun.openservices.shade.io.netty.channel.nio.SelectedSelectionKeySet
1677:             3             96  com.aliyun.openservices.shade.io.netty.handler.codec.CodecOutputList
1678:             4             96  com.aliyun.openservices.shade.io.netty.util.Recycler$2
1679:             4             96  com.aliyun.openservices.shade.io.netty.util.ResourceLeakDetector$Level
1680:             3             96  com.aliyun.openservices.shade.io.netty.util.concurrent.DefaultEventExecutorGroup
1681:             6             96  com.aliyun.openservices.shade.io.netty.util.concurrent.MultithreadEventExecutorGroup$1
1682:             6             96  com.aliyun.openservices.shade.io.netty.util.concurrent.MultithreadEventExecutorGroup$PowerOfTwoEventExecutorChooser
1683:             4             96  com.fasterxml.jackson.annotation.JsonInclude$Include
1684:             3             96  com.fasterxml.jackson.databind.PropertyMetadata
1685:             1             96  com.hazelcast.cache.impl.CacheProxy
1686:             4             96  com.hazelcast.client.impl.protocol.codec.ConditionMessageType
1687:             4             96  com.hazelcast.client.impl.protocol.codec.CountDownLatchMessageType
1688:             1             96  com.hazelcast.config.CacheSimpleConfig
1689:             4             96  com.hazelcast.config.EvictionPolicy
1690:             1             96  com.hazelcast.internal.cluster.impl.ClusterJoinManager
1691:             4             96  com.hazelcast.internal.metrics.impl.DoubleGaugeImpl
1692:             2             96  com.hazelcast.internal.networking.nio.iobalancer.LoadImbalance
1693:             2             96  com.hazelcast.internal.networking.nio.iobalancer.LoadTracker
1694:             4             96  com.hazelcast.internal.networking.nio.iobalancer.LoadTracker$AddHandlerTask
1695:             4             96  com.hazelcast.internal.partition.MigrationInfo$MigrationStatus
1696:             1             96  com.hazelcast.internal.serialization.impl.SerializationServiceV1
1697:             2             96  com.hazelcast.nio.tcp.TcpIpConnectionErrorHandler
1698:             4             96  com.hazelcast.spi.OperationControl
1699:             3             96  com.hazelcast.spi.impl.eventservice.impl.EventServiceSegment
1700:             1             96  com.hazelcast.spi.impl.operationservice.impl.InvocationMonitor
1701:             6             96  com.hazelcast.util.ItemCounter
1702:             2             96  com.hazelcast.util.scheduler.SecondsBasedEntryTaskScheduler
1703:             4             96  com.ruubypay.common.enumpackage.BWListOperateType
1704:             4             96  com.ruubypay.common.enumpackage.CarrierTypeEnum
1705:             3             96  com.ruubypay.config.toolkit.extension.HotLoadConfig$1
1706:             1             96  com.ruubypay.service.impl.DangerControllImpl$$EnhancerBySpringCGLIB$$2b7fb1aa
1707:             1             96  com.ruubypay.service.impl.OpenFaceVerifyBusinessImpl$$EnhancerBySpringCGLIB$$7408cec3
1708:             1             96  com.ruubypay.service.impl.PayChannelImpl$$EnhancerBySpringCGLIB$$50576d9e
1709:             1             96  com.sun.crypto.provider.SunJCE
1710:             3             96  com.sun.jmx.mbeanserver.DefaultMXBeanMappingFactory$EnumMapping
1711:             2             96  com.sun.jmx.mbeanserver.MBeanIntrospector$MBeanInfoMap
1712:             2             96  com.sun.jmx.mbeanserver.MBeanIntrospector$PerInterfaceMap
1713:             1             96  com.sun.net.ssl.internal.ssl.Provider
1714:             3             96  com.sun.org.apache.xalan.internal.utils.XMLSecurityManager
1715:             3             96  com.sun.org.apache.xalan.internal.utils.XMLSecurityManager$NameMap
1716:             2             96  com.sun.org.apache.xerces.internal.impl.XMLDocumentFragmentScannerImpl$ElementStack
1717:             1             96  com.sun.org.apache.xerces.internal.impl.dtd.XMLDTDProcessor
1718:             4             96  com.sun.org.apache.xerces.internal.impl.xpath.regex.Token$ParenToken
1719:             4             96  com.sun.org.apache.xerces.internal.impl.xpath.regex.Token$UnionToken
1720:             3             96  com.sun.org.apache.xerces.internal.utils.XMLSecurityManager$NameMap
1721:             6             96  com.sun.proxy.$Proxy29
1722:             6             96  com.sun.proxy.$Proxy7
1723:             4             96  java.lang.Double
1724:             2             96  java.lang.ThreadGroup
1725:             3             96  java.lang.Throwable
1726:             4             96  java.math.MathContext
1727:             4             96  java.text.Normalizer$Form
1728:             3             96  java.util.AbstractList$Itr
1729:             4             96  javassist.ClassPathList
1730:             4             96  javassist.CtArray
1731:             4             96  javassist.bytecode.LocalVariableAttribute
1732:             3             96  javax.management.MBeanConstructorInfo
1733:             2             96  javax.management.openmbean.TabularType
1734:             3             96  net.logstash.logback.composite.ContextJsonProvider
1735:             3             96  net.logstash.logback.composite.loggingevent.JsonMessageJsonProvider
1736:             3             96  net.logstash.logback.composite.loggingevent.LogLevelJsonProvider
1737:             3             96  net.logstash.logback.composite.loggingevent.LogLevelValueJsonProvider
1738:             3             96  net.logstash.logback.composite.loggingevent.LogstashMarkersJsonProvider
1739:             3             96  net.logstash.logback.composite.loggingevent.MessageJsonProvider
1740:             3             96  net.logstash.logback.composite.loggingevent.TagsJsonProvider
1741:             3             96  net.logstash.logback.composite.loggingevent.ThreadNameJsonProvider
1742:             6             96  net.logstash.logback.encoder.org.apache.commons.lang.time.FastDateFormat$CharacterLiteral
1743:             3             96  org.apache.catalina.core.ApplicationFilterChain
1744:             4             96  org.apache.catalina.core.ContainerBase$StartStopThreadFactory
1745:             2             96  org.apache.catalina.mbeans.NamingResourcesMBean
1746:             2             96  org.apache.catalina.util.StandardSessionIdGenerator
1747:             3             96  org.apache.coyote.AsyncStateMachine
1748:             3             96  org.apache.coyote.http11.Http11InputBuffer$HeaderParseData
1749:             3             96  org.apache.coyote.http11.filters.BufferedInputFilter
1750:             3             96  org.apache.coyote.http11.filters.IdentityOutputFilter
1751:             4             96  org.apache.curator.x.discovery.ServiceType
1752:             4             96  org.apache.ibatis.type.BigDecimalTypeHandler
1753:             4             96  org.apache.ibatis.type.BlobTypeHandler
1754:             4             96  org.apache.ibatis.type.BooleanTypeHandler
1755:             4             96  org.apache.ibatis.type.ClobTypeHandler
1756:             4             96  org.apache.ibatis.type.NStringTypeHandler
1757:             3             96  org.apache.tomcat.util.buf.B2CConverter
1758:             3             96  org.apache.tomcat.util.buf.UDecoder$DecodeException
1759:             3             96  org.apache.tomcat.util.buf.UEncoder
1760:             3             96  org.apache.tomcat.util.collections.SynchronizedQueue
1761:             4             96  org.apache.tomcat.util.digester.ArrayStack
1762:             4             96  org.apache.tomcat.util.log.UserDataHelper$Config
1763:             4             96  org.apache.tomcat.util.net.AbstractEndpoint$Acceptor$AcceptorState
1764:             3             96  org.apache.tomcat.util.net.NioChannel
1765:             2             96  org.apache.tomcat.util.net.NioEndpoint$Poller
1766:             1             96  org.apache.tomcat.util.threads.ThreadPoolExecutor
1767:             4             96  org.apache.zookeeper.client.ZooKeeperSaslClient$SaslState
1768:             2             96  org.aspectj.weaver.TypeVariable
1769:             3             96  org.aspectj.weaver.reflect.ReflectionVar
1770:             4             96  org.codehaus.jackson.annotate.JsonTypeInfo$As
1771:             2             96  org.codehaus.jackson.map.DeserializationConfig
1772:             2             96  org.codehaus.jackson.map.MapperConfig$Base
1773:             4             96  org.codehaus.jackson.map.annotate.JsonSerialize$Inclusion
1774:             3             96  org.codehaus.jackson.map.ser.BeanSerializer
1775:             2             96  org.codehaus.jackson.sym.CharsToNameCanonicalizer
1776:             4             96  org.codehaus.jackson.sym.Name1
1777:             4             96  org.codehaus.jackson.util.BufferRecycler$CharBufferType
1778:             4             96  org.jboss.netty.channel.ChannelState
1779:             4             96  org.jboss.netty.channel.DefaultWriteCompletionEvent
1780:             3             96  org.jboss.netty.channel.socket.nio.SocketReceiveBufferAllocator
1781:             4             96  org.jboss.netty.util.internal.DeadLockProofWorker$1
1782:             2             96  org.jboss.resteasy.core.registry.ClassExpression
1783:             2             96  org.springframework.aop.aspectj.AspectJExpressionPointcut
1784:             4             96  org.springframework.context.annotation.ScopedProxyMode
1785:             3             96  org.springframework.context.event.AbstractApplicationEventMulticaster$ListenerRetriever
1786:             4             96  org.springframework.util.ConcurrentReferenceHashMap$TaskOption
1787:             1             96  sun.font.AttributeValues
1788:             2             96  sun.management.GarbageCollectorImpl
1789:             4             96  sun.misc.JarIndex
1790:             1             96  sun.misc.Launcher$AppClassLoader
1791:             3             96  sun.net.spi.DefaultProxySelector$NonProxyInfo
1792:             2             96  sun.nio.cs.US_ASCII$Decoder
1793:             3             96  sun.nio.fs.UnixPath
1794:             1             96  sun.security.ec.SunEC
1795:             1             96  sun.security.jca.ProviderList$1
1796:             1             96  sun.security.rsa.SunRsaSign
1797:             3             96  sun.util.locale.provider.LocaleServiceProviderPool
1798:             1             88  [Lcom.hazelcast.client.impl.protocol.codec.DynamicConfigMessageType;
1799:             1             88  [Lcom.hazelcast.client.impl.protocol.codec.ReplicatedMapMessageType;
1800:             1             88  [Lcom.hazelcast.client.impl.protocol.codec.ScheduledExecutorMessageType;
1801:             1             88  [Lcom.hazelcast.client.impl.protocol.codec.TransactionalMapMessageType;
1802:             1             88  [Lcom.ruubypay.common.dictionary.BusinessCode;
1803:             1             88  [Lsun.security.util.ObjectIdentifier;
1804:             1             88  [[Ljava.lang.Byte;
1805:             1             88  com.aliyun.openservices.shade.com.alibaba.fastjson.util.JavaBeanInfo
1806:             1             88  com.hazelcast.internal.ascii.TextCommandServiceImpl
1807:             1             88  com.hazelcast.internal.cluster.impl.DiscoveryJoiner
1808:             1             88  com.hazelcast.internal.networking.nio.NioEventLoopGroup
1809:             1             88  com.hazelcast.internal.partition.impl.InternalPartitionServiceImpl
1810:             1             88  com.hazelcast.spi.impl.NodeEngineImpl
1811:             1             88  com.hazelcast.spi.impl.operationservice.impl.Invocation$Context
1812:             1             88  com.hazelcast.util.executor.LoggingScheduledExecutor
1813:             1             88  com.ruubypay.common.ConditionInfoConfig
1814:             1             88  com.ruubypay.service.impl.OpenBusinessImpl$$EnhancerBySpringCGLIB$$7ed981a2
1815:             1             88  com.ruubypay.service.impl.SignAliImpl$$EnhancerBySpringCGLIB$$3facffe
1816:             1             88  java.net.URLClassLoader
1817:             1             88  org.apache.catalina.authenticator.NonLoginAuthenticator
1818:             1             88  org.mybatis.spring.SqlSessionFactoryBean
1819:             1             88  org.springframework.aop.aspectj.annotation.AnnotationAwareAspectJAutoProxyCreator
1820:             1             88  sun.misc.Launcher$ExtClassLoader
1821:             1             88  sun.nio.cs.CharsetMapping
1822:             2             80  [Lcom.fasterxml.jackson.annotation.JsonAutoDetect$Visibility;
1823:             1             80  [Lcom.hazelcast.client.impl.protocol.codec.ClientMessageType;
1824:             2             80  [Lcom.hazelcast.cluster.ClusterState;
1825:             2             80  [Lcom.hazelcast.config.CacheSimpleConfig$ExpiryPolicyFactoryConfig$TimedExpiryPolicyFactoryConfig$ExpiryPolicyType;
1826:             2             80  [Lcom.hazelcast.config.EvictionConfig$MaxSizePolicy;
1827:             1             80  [Ljava.time.temporal.ChronoUnit;
1828:             2             80  [Lorg.apache.ibatis.mapping.SqlCommandType;
1829:             2             80  [Lorg.aspectj.weaver.patterns.NamePattern;
1830:             2             80  [Lorg.codehaus.jackson.annotate.JsonAutoDetect$Visibility;
1831:             2             80  [Lorg.codehaus.jackson.annotate.JsonTypeInfo$Id;
1832:             1             80  [Lorg.jboss.netty.util.internal.ConcurrentHashMap$Segment;
1833:             2             80  [Lorg.springframework.transaction.annotation.Isolation;
1834:             2             80  com.alibaba.fastjson.support.jaxrs.FastJsonProvider
1835:             2             80  com.aliyun.openservices.ons.api.impl.authority.SessionCredentials
1836:             2             80  com.aliyun.openservices.ons.api.impl.rocketmq.ProducerImpl
1837:             5             80  com.aliyun.openservices.shade.com.alibaba.rocketmq.logging.inner.Appender$AppenderPipelineImpl
1838:             2             80  com.aliyun.openservices.shade.io.netty.util.Signal
1839:             1             80  com.hazelcast.cache.impl.CacheService
1840:             2             80  com.hazelcast.config.HotRestartPersistenceConfig
1841:             2             80  com.hazelcast.config.MulticastConfig
1842:             2             80  com.hazelcast.config.NativeMemoryConfig
1843:             2             80  com.hazelcast.config.SecurityConfig
1844:             2             80  com.hazelcast.config.UserCodeDeploymentConfig
1845:             2             80  com.hazelcast.internal.networking.nio.NioChannel
1846:             2             80  com.hazelcast.map.impl.query.QueryResultSizeLimiter
1847:             1             80  com.hazelcast.spi.impl.eventservice.impl.EventServiceImpl
1848:             5             80  com.hazelcast.spi.impl.eventservice.impl.TrueEventFilter
1849:             5             80  com.hazelcast.version.Version
1850:             2             80  com.mysql.jdbc.util.ReadAheadInputStream
1851:             1             80  com.ruubypay.service.impl.BusinessImpl$$EnhancerBySpringCGLIB$$5c0fc0c3
1852:             1             80  com.ruubypay.service.impl.CodeConditionQueryImpl$$EnhancerBySpringCGLIB$$219dbebd
1853:             1             80  com.ruubypay.service.impl.OrderImpl$$EnhancerBySpringCGLIB$$c2b048cb
1854:             1             80  com.ruubypay.service.impl.RepayImpl$$EnhancerBySpringCGLIB$$1be99db2
1855:             2             80  com.sun.jmx.mbeanserver.DefaultMXBeanMappingFactory$TabularMapping
1856:             2             80  com.sun.org.apache.xerces.internal.impl.XMLDocumentFragmentScannerImpl$ElementStack2
1857:             2             80  com.sun.org.apache.xerces.internal.impl.dtd.XMLDTDDescription
1858:             2             80  com.sun.org.apache.xerces.internal.impl.validation.ValidationState
1859:             1             80  com.sun.org.apache.xerces.internal.impl.xs.models.XSDFACM
1860:             2             80  com.sun.org.apache.xerces.internal.jaxp.DocumentBuilderFactoryImpl
1861:             5             80  com.sun.proxy.$Proxy36
1862:             5             80  com.sun.proxy.$Proxy67
1863:             2             80  com.sun.xml.internal.stream.util.BufferAllocator
1864:             2             80  java.io.ExpiringCache
1865:             2             80  java.lang.invoke.MethodHandleImpl$AsVarargsCollector
1866:             2             80  java.util.Locale$Category
1867:             2             80  javassist.ClassPool
1868:             5             80  javax.security.auth.x500.X500Principal
1869:             1             80  org.apache.catalina.core.StandardWrapperValve
1870:             2             80  org.apache.catalina.mbeans.ContainerMBean
1871:             1             80  org.apache.catalina.startup.Tomcat$1
1872:             1             80  org.apache.catalina.webresources.StandardRoot
1873:             1             80  org.aspectj.weaver.ResolvedType$Missing
1874:             2             80  org.aspectj.weaver.patterns.EllipsisTypePattern
1875:             2             80  org.jboss.resteasy.core.interception.ReaderInterceptorRegistry
1876:             2             80  org.jboss.resteasy.core.interception.WriterInterceptorRegistry
1877:             1             80  org.springframework.beans.BeanWrapperImpl
1878:             5             80  org.springframework.beans.factory.support.ConstructorResolver$AutowiredArgumentMarker
1879:             5             80  org.springframework.core.SerializableTypeWrapper$1
1880:             2             80  sun.management.MemoryManagerImpl
1881:             2             80  sun.util.logging.resources.logging
1882:             3             72  [Lcom.aliyun.openservices.shade.com.alibaba.rocketmq.remoting.protocol.SerializeType;
1883:             1             72  [Lcom.fasterxml.jackson.core.JsonToken;
1884:             3             72  [Lcom.fasterxml.jackson.jaxrs.cfg.Annotations;
1885:             1             72  [Lcom.hazelcast.client.impl.protocol.codec.AtomicLongMessageType;
1886:             1             72  [Lcom.hazelcast.client.impl.protocol.codec.SetMessageType;
1887:             1             72  [Lcom.ruubypay.common.enumpackage.PayChannelEnum2;
1888:             3             72  [Lcom.ruubypay.ratelimit.annotation.RateLimitKey;
1889:             3             72  [Lcom.sun.org.apache.xerces.internal.impl.xs.XSGroupDecl;
1890:             1             72  [Lcom.sun.org.apache.xml.internal.dtm.ref.ExtendedType;
1891:             1             72  [Ljava.lang.invoke.LambdaFormEditor$Transform$Kind;
1892:             1             72  [Ljavax.management.openmbean.SimpleType;
1893:             1             72  [Lnet.logstash.logback.encoder.org.apache.commons.lang.time.FastDateFormat$Rule;
1894:             1             72  [Lorg.apache.coyote.AsyncStateMachine$AsyncState;
1895:             1             72  [Lorg.aspectj.weaver.Shadow$Kind;
1896:             1             72  [Lorg.codehaus.jackson.JsonToken;
1897:             1             72  [Lorg.jboss.resteasy.spi.metadata.Parameter$ParamType;
1898:             3             72  [Lorg.springframework.core.annotation.AnnotationAttributes;
1899:             2             72  [Lsun.security.jca.ProviderConfig;
1900:             1             72  ch.qos.logback.core.ConsoleAppender
1901:             3             72  ch.qos.logback.core.joran.action.ActionUtil$Scope
1902:             3             72  ch.qos.logback.core.joran.action.NOPAction
1903:             3             72  ch.qos.logback.core.joran.action.PropertyAction
1904:             3             72  ch.qos.logback.core.rolling.helper.CompressionMode
1905:             3             72  ch.qos.logback.core.spi.FilterReply
1906:             3             72  ch.qos.logback.core.subst.Tokenizer$TokenizerState
1907:             3             72  com.alibaba.com.caucho.hessian.io.SqlDateDeserializer
1908:             3             72  com.alibaba.com.caucho.hessian.io.StringValueDeserializer
1909:             1             72  com.alibaba.dubbo.rpc.StaticContext
1910:             3             72  com.aliyun.openservices.ons.api.impl.authority.SigningAlgorithm
1911:             3             72  com.aliyun.openservices.ons.api.impl.rocketmq.ONSChannel
1912:             3             72  com.aliyun.openservices.shade.com.alibaba.rocketmq.client.impl.ClientRemotingProcessor
1913:             3             72  com.aliyun.openservices.shade.com.alibaba.rocketmq.client.impl.CommunicationMode
1914:             3             72  com.aliyun.openservices.shade.com.alibaba.rocketmq.client.producer.LocalTransactionState
1915:             3             72  com.aliyun.openservices.shade.com.alibaba.rocketmq.common.namesrv.TopAddressing
1916:             1             72  com.aliyun.openservices.shade.com.alibaba.rocketmq.logging.inner.LoggingBuilder$RollingFileAppender
1917:             3             72  com.aliyun.openservices.shade.com.alibaba.rocketmq.remoting.common.TlsMode
1918:             3             72  com.aliyun.openservices.shade.com.alibaba.rocketmq.remoting.netty.NettyEncoder
1919:             3             72  com.aliyun.openservices.shade.com.alibaba.rocketmq.remoting.netty.NettyRemotingClient$1
1920:             3             72  com.aliyun.openservices.shade.com.alibaba.rocketmq.remoting.netty.NettyRemotingClient$4
1921:             3             72  com.aliyun.openservices.shade.com.alibaba.rocketmq.remoting.netty.NettyRemotingClient$ChannelWrapper
1922:             3             72  com.aliyun.openservices.shade.com.alibaba.rocketmq.remoting.netty.NettyRemotingClient$NettyConnectManageHandler
1923:             3             72  com.aliyun.openservices.shade.io.netty.channel.AbstractChannelHandlerContext$16
1924:             3             72  com.aliyun.openservices.shade.io.netty.channel.SucceededChannelFuture
1925:             3             72  com.aliyun.openservices.shade.io.netty.channel.nio.AbstractNioChannel$AbstractNioUnsafe$1
1926:             3             72  com.aliyun.openservices.shade.io.netty.handler.timeout.IdleStateHandler$AllIdleTimeoutTask
1927:             1             72  com.aliyun.openservices.shade.io.netty.util.ResourceLeakDetector
1928:             3             72  com.dangdang.config.service.ConfigProfile$KeyLoadingMode
1929:             3             72  com.fasterxml.jackson.core.JsonFactory$Feature
1930:             1             72  com.fasterxml.jackson.core.util.InternCache
1931:             3             72  com.fasterxml.jackson.databind.ser.std.NumberSerializer
1932:             3             72  com.google.common.base.CharMatcher$13
1933:             3             72  com.google.common.base.CharMatcher$RangesMatcher
1934:             1             72  com.hazelcast.client.impl.ClientEngineImpl
1935:             3             72  com.hazelcast.client.impl.protocol.codec.TopicMessageType
1936:             3             72  com.hazelcast.client.impl.protocol.codec.TransactionMessageType
1937:             3             72  com.hazelcast.client.impl.protocol.codec.TransactionalListMessageType
1938:             3             72  com.hazelcast.client.impl.protocol.codec.TransactionalSetMessageType
1939:             3             72  com.hazelcast.config.AbstractConfigBuilder$ConfigType
1940:             3             72  com.hazelcast.config.CredentialsFactoryConfig
1941:             3             72  com.hazelcast.config.HotRestartClusterDataRecoveryPolicy
1942:             3             72  com.hazelcast.config.InMemoryFormat
1943:             3             72  com.hazelcast.config.PermissionPolicyConfig
1944:             3             72  com.hazelcast.config.UserCodeDeploymentConfig$ProviderMode
1945:             3             72  com.hazelcast.instance.NodeState
1946:             1             72  com.hazelcast.internal.cluster.impl.ClusterServiceImpl
1947:             3             72  com.hazelcast.internal.diagnostics.HealthMonitorLevel
1948:             1             72  com.hazelcast.internal.management.ManagementCenterService
1949:             3             72  com.hazelcast.internal.memory.GlobalMemoryAccessorType
1950:             3             72  com.hazelcast.internal.metrics.ProbeLevel
1951:             1             72  com.hazelcast.internal.nearcache.impl.invalidation.RepairingTask
1952:             3             72  com.hazelcast.internal.networking.nio.SelectorMode
1953:             3             72  com.hazelcast.internal.partition.impl.InternalMigrationListener$MigrationParticipant
1954:             1             72  com.hazelcast.internal.partition.impl.PartitionReplicaManager
1955:             1             72  com.hazelcast.map.impl.MapService
1956:             1             72  com.hazelcast.map.impl.eviction.ExpirationManager
1957:             3             72  com.hazelcast.query.impl.IndexCopyBehavior
1958:             3             72  com.hazelcast.spi.impl.operationexecutor.impl.DefaultOperationQueue
1959:             1             72  com.hazelcast.spi.impl.operationexecutor.slowoperationdetector.SlowOperationDetector
1960:             3             72  com.hazelcast.transaction.TransactionOptions$TransactionType
1961:             3             72  com.hazelcast.util.ConcurrentReferenceHashMap$ReferenceType
1962:             3             72  com.ruubypay.common.enumpackage.DatabaseCardTypeEnum
1963:             3             72  com.ruubypay.common.enumpackage.PayChannelPostionEnum
1964:             3             72  com.ruubypay.config.ConfigBind$$EnhancerBySpringCGLIB$$4c44139a$$FastClassBySpringCGLIB$$9cef5549
1965:             3             72  com.ruubypay.config.ConfigBind$$FastClassBySpringCGLIB$$26f956e9
1966:             3             72  com.ruubypay.config.DataSourceConfig$$EnhancerBySpringCGLIB$$8a67ed82$$FastClassBySpringCGLIB$$40e4200b
1967:             3             72  com.ruubypay.config.DataSourceConfig$$FastClassBySpringCGLIB$$75aaf8d1
1968:             3             72  com.ruubypay.config.toolkit.extension.HotLoadConfig
1969:             1             72  com.ruubypay.service.impl.CancelPayChannelImpl$$EnhancerBySpringCGLIB$$910b7738
1970:             1             72  com.ruubypay.service.impl.RealTimeRepayImpl$$EnhancerBySpringCGLIB$$ad331c7
1971:             1             72  com.ruubypay.service.impl.SignWeChatImpl$$EnhancerBySpringCGLIB$$6898ecc6
1972:             1             72  java.awt.geom.AffineTransform
1973:             3             72  java.lang.annotation.RetentionPolicy
1974:             3             72  java.lang.reflect.Proxy$KeyX
1975:             3             72  java.lang.reflect.ReflectPermission
1976:             3             72  java.net.Proxy$Type
1977:             3             72  java.sql.DriverInfo
1978:             3             72  java.time.Instant
1979:             3             72  java.time.ZoneOffset
1980:             3             72  java.util.Base64$Encoder
1981:             1             72  java.util.ResourceBundle$RBClassLoader
1982:             3             72  java.util.TaskQueue
1983:             3             72  java.util.Timer
1984:             3             72  java.util.concurrent.atomic.AtomicMarkableReference$Pair
1985:             1             72  java.util.logging.LogManager$RootLogger
1986:             3             72  javax.management.NotificationBroadcasterSupport
1987:             3             72  javax.servlet.SessionTrackingMode
1988:             3             72  net.logstash.logback.composite.CompositeJsonFormatter$1
1989:             3             72  org.apache.catalina.core.ApplicationMapping
1990:             1             72  org.apache.catalina.core.StandardService
1991:             3             72  org.apache.catalina.util.ParameterMap
1992:             3             72  org.apache.catalina.webresources.EmptyResource
1993:             3             72  org.apache.coyote.http11.Http11InputBuffer$HeaderParseStatus
1994:             3             72  org.apache.coyote.http11.filters.ChunkedOutputFilter
1995:             3             72  org.apache.coyote.http11.filters.GzipOutputFilter
1996:             3             72  org.apache.coyote.http11.filters.GzipOutputFilter$FakeOutputStream
1997:             3             72  org.apache.curator.framework.imps.CuratorFrameworkState
1998:             3             72  org.apache.curator.framework.state.ConnectionStateManager$State
1999:             3             72  org.apache.ibatis.mapping.ParameterMode
2000:             3             72  org.apache.ibatis.mapping.StatementType
2001:             3             72  org.apache.ibatis.scripting.xmltags.TextSqlNode
2002:             3             72  org.apache.ibatis.session.AutoMappingBehavior
2003:             3             72  org.apache.ibatis.session.ExecutorType
2004:             3             72  org.apache.ibatis.type.ByteTypeHandler
2005:             3             72  org.apache.ibatis.type.DoubleTypeHandler
2006:             3             72  org.apache.ibatis.type.FloatTypeHandler
2007:             3             72  org.apache.ibatis.type.IntegerTypeHandler
2008:             3             72  org.apache.ibatis.type.LongTypeHandler
2009:             3             72  org.apache.ibatis.type.ShortTypeHandler
2010:             3             72  org.apache.tomcat.util.http.ServerCookies
2011:             3             72  org.apache.tomcat.util.http.parser.SkipResult
2012:             3             72  org.apache.tomcat.util.net.AbstractEndpoint$BindState
2013:             3             72  org.apache.tomcat.util.net.NioEndpoint$SocketProcessor
2014:             3             72  org.apache.tomcat.util.net.SendfileState
2015:             3             72  org.apache.tomcat.util.net.SocketBufferHandler
2016:             3             72  org.apache.zookeeper.data.ACL
2017:             3             72  org.aspectj.weaver.patterns.Pointcut$State
2018:             3             72  org.codehaus.jackson.map.deser.impl.BeanPropertyMap
2019:             3             72  org.codehaus.jackson.map.ser.impl.PropertySerializerMap$Single
2020:             3             72  org.codehaus.jackson.util.BufferRecycler$ByteBufferType
2021:             3             72  org.jboss.netty.channel.socket.nio.SocketSendBufferPool
2022:             3             72  org.jboss.netty.channel.socket.nio.SocketSendBufferPool$Preallocation
2023:             3             72  org.jboss.resteasy.core.registry.ClassNode
2024:             3             72  org.jboss.resteasy.core.registry.RootNode
2025:             3             72  org.jboss.resteasy.logging.Logger$LoggerType
2026:             3             72  org.springframework.beans.factory.annotation.Autowire
2027:             3             72  org.springframework.cglib.core.AbstractClassGenerator$Source
2028:             3             72  org.springframework.expression.spel.SpelCompilerMode
2029:             3             72  sun.misc.FloatingDecimal$ExceptionalBinaryToASCIIBuffer
2030:             3             72  sun.misc.Signal
2031:             3             72  sun.net.www.protocol.http.HttpURLConnection$TunnelState
2032:             3             72  sun.reflect.generics.repository.FieldRepository
2033:             3             72  sun.security.provider.DSAParameters
2034:             3             72  sun.security.provider.NativePRNG$Variant
2035:             3             72  sun.security.provider.PolicyFile$PolicyEntry
2036:             3             72  sun.security.util.DisabledAlgorithmConstraints
2037:             1             72  sun.util.locale.provider.JRELocaleProviderAdapter
2038:             3             72  sun.util.resources.ParallelListResourceBundle$KeySet
2039:             2             64  [Lcom.aliyun.openservices.shade.io.netty.util.ResourceLeakDetector$Level;
2040:             2             64  [Lcom.fasterxml.jackson.annotation.JsonInclude$Include;
2041:             1             64  [Lcom.hazelcast.client.impl.protocol.codec.AtomicReferenceMessageType;
2042:             2             64  [Lcom.hazelcast.config.EvictionPolicy;
2043:             2             64  [Lcom.hazelcast.config.InMemoryFormat;
2044:             2             64  [Lcom.hazelcast.internal.diagnostics.HealthMonitorLevel;
2045:             2             64  [Lcom.hazelcast.internal.memory.GlobalMemoryAccessorType;
2046:             2             64  [Lcom.hazelcast.internal.metrics.ProbeLevel;
2047:             1             64  [Lcom.hazelcast.nio.ConnectionType;
2048:             2             64  [Lcom.sun.org.apache.xerces.internal.impl.XMLEntityManager$CharacterBuffer;
2049:             2             64  [Lcom.sun.org.apache.xerces.internal.utils.XMLSecurityPropertyManager$State;
2050:             2             64  [Ljava.lang.annotation.RetentionPolicy;
2051:             2             64  [Ljavax.servlet.SessionTrackingMode;
2052:             1             64  [Lorg.apache.catalina.LifecycleState;
2053:             1             64  [Lorg.apache.curator.framework.api.CuratorEventType;
2054:             2             64  [Lorg.apache.ibatis.mapping.StatementType;
2055:             3             64  [Lorg.aspectj.weaver.TypeVariable;
2056:             2             64  [Lorg.codehaus.jackson.annotate.JsonTypeInfo$As;
2057:             2             64  [Lorg.springframework.beans.factory.annotation.Autowire;
2058:             2             64  [Lorg.springframework.util.ConcurrentReferenceHashMap$TaskOption;
2059:             2             64  [Lsun.nio.fs.NativeBuffer;
2060:             2             64  ch.qos.logback.classic.joran.action.LevelAction
2061:             2             64  ch.qos.logback.core.joran.spi.ConsoleTarget
2062:             2             64  ch.qos.logback.core.rolling.helper.Compressor
2063:             4             64  com.alibaba.dubbo.common.serialize.support.hessian.Hessian2ObjectInput
2064:             4             64  com.alibaba.dubbo.common.serialize.support.hessian.Hessian2ObjectOutput
2065:             1             64  com.alibaba.dubbo.common.utils.LRUCache
2066:             1             64  com.alibaba.dubbo.config.ApplicationConfig
2067:             4             64  com.alibaba.dubbo.remoting.exchange.support.MultiMessage
2068:             4             64  com.alibaba.dubbo.rpc.protocol.ProtocolFilterWrapper
2069:             4             64  com.alibaba.dubbo.rpc.protocol.ProtocolListenerWrapper
2070:             2             64  com.aliyun.openservices.shade.com.alibaba.fastjson.parser.deserializer.EnumDeserializer
2071:             2             64  com.fasterxml.jackson.databind.type.HierarchicType
2072:             1             64  com.google.common.cache.CacheStats
2073:             4             64  com.google.gson.TypeAdapter$1
2074:             2             64  com.hazelcast.config.DiscoveryConfig
2075:             2             64  com.hazelcast.config.JoinConfig
2076:             2             64  com.hazelcast.config.ManagementCenterConfig
2077:             2             64  com.hazelcast.config.MemberAddressProviderConfig
2078:             2             64  com.hazelcast.config.TcpIpConfig
2079:             2             64  com.hazelcast.internal.cluster.impl.MemberMap
2080:             1             64  com.hazelcast.internal.management.ConsoleCommandHandler$ConsoleHandlerApp
2081:             1             64  com.hazelcast.internal.metrics.metricsets.GarbageCollectionMetricSet$GcStats
2082:             2             64  com.hazelcast.internal.nearcache.impl.invalidation.MetaDataGenerator
2083:             1             64  com.hazelcast.internal.partition.MigrationInfo
2084:             1             64  com.hazelcast.map.impl.nearcache.MapNearCacheManager
2085:             1             64  com.hazelcast.memory.DefaultGarbageCollectorStats
2086:             2             64  com.hazelcast.nio.tcp.MemberChannelInboundHandler
2087:             1             64  com.hazelcast.nio.tcp.TcpIpAcceptor
2088:             1             64  com.hazelcast.spi.impl.executionservice.impl.ExecutionServiceImpl
2089:             4             64  com.hazelcast.spi.impl.operationservice.impl.InvocationConstant
2090:             2             64  com.hazelcast.spi.impl.operationservice.impl.InvocationMonitor$ProcessOperationControlTask
2091:             4             64  com.hazelcast.version.MemberVersion
2092:             2             64  com.mysql.jdbc.JDBC4DatabaseMetaData
2093:             1             64  com.ruubypay.config.DataSourceConfig$$EnhancerBySpringCGLIB$$8a67ed82
2094:             2             64  com.ruubypay.ratelimit.Rule
2095:             1             64  com.ruubypay.service.impl.DangerControllImpl
2096:             1             64  com.ruubypay.service.impl.OpenFaceVerifyBusinessImpl
2097:             1             64  com.ruubypay.service.impl.PayChannelImpl
2098:             1             64  com.ruubypay.service.impl.SignCMBImpl$$EnhancerBySpringCGLIB$$dfa8cd58
2099:             1             64  com.ruubypay.service.impl.SignICBCImpl$$EnhancerBySpringCGLIB$$d8fd4c1b
2100:             1             64  com.ruubypay.service.impl.SignJDImpl$$EnhancerBySpringCGLIB$$a5e0721a
2101:             1             64  com.ruubypay.service.impl.UnionPayImpl$$EnhancerBySpringCGLIB$$8e39a5bc
2102:             2             64  com.sun.jmx.mbeanserver.DefaultMXBeanMappingFactory$CollectionMapping
2103:             2             64  com.sun.org.apache.xalan.internal.utils.XMLSecurityPropertyManager$Property
2104:             1             64  com.sun.org.apache.xerces.internal.impl.XMLEntityScanner
2105:             2             64  com.sun.org.apache.xerces.internal.impl.dtd.XMLElementDecl
2106:             1             64  com.sun.org.apache.xerces.internal.impl.xs.SchemaGrammar$XSAnyType
2107:             2             64  com.sun.org.apache.xerces.internal.utils.XMLSecurityPropertyManager$Property
2108:             4             64  com.sun.org.apache.xml.internal.serializer.CharInfo$CharKey
2109:             4             64  com.sun.proxy.$Proxy58
2110:             4             64  com.sun.proxy.$Proxy63
2111:             2             64  java.io.DataInputStream
2112:             2             64  java.io.DataOutputStream
2113:             2             64  java.io.PrintStream
2114:             2             64  java.lang.ClassValue$Entry
2115:             2             64  java.lang.Exception
2116:             2             64  java.lang.VirtualMachineError
2117:             2             64  java.lang.ref.ReferenceQueue$Null
2118:             4             64  java.util.Collections$UnmodifiableCollection
2119:             4             64  net.logstash.logback.encoder.org.apache.commons.lang.time.FastDateFormat$TwoDigitNumberField
2120:             2             64  net.logstash.logback.marker.ObjectAppendingMarker
2121:             1             64  org.apache.catalina.core.ApplicationContext
2122:             1             64  org.apache.catalina.loader.WebappLoader
2123:             1             64  org.apache.catalina.mapper.Mapper$ContextVersion
2124:             1             64  org.apache.catalina.webresources.DirResourceSet
2125:             2             64  org.apache.curator.retry.ExponentialBackoffRetry
2126:             2             64  org.apache.zookeeper.proto.ReplyHeader
2127:             1             64  org.aspectj.weaver.WildcardedUnresolvedType
2128:             2             64  org.aspectj.weaver.internal.tools.PointcutExpressionImpl
2129:             2             64  org.codehaus.jackson.map.BeanProperty$Std
2130:             1             64  org.codehaus.jackson.sym.BytesToNameCanonicalizer
2131:             1             64  org.springframework.context.annotation.ConfigurationClassPostProcessor
2132:             4             64  org.springframework.core.convert.support.CollectionToArrayConverter
2133:             4             64  org.springframework.core.convert.support.CollectionToStringConverter
2134:             1             64  org.springframework.core.type.classreading.CachingMetadataReaderFactory$1
2135:             2             64  org.springframework.expression.spel.SpelParserConfiguration
2136:             2             64  org.springframework.util.PropertyPlaceholderHelper
2137:             4             64  sun.net.www.protocol.jar.Handler
2138:             2             64  sun.nio.ch.ServerSocketAdaptor
2139:             2             64  sun.nio.fs.NativeBuffer
2140:             2             64  sun.reflect.UnsafeLongFieldAccessorImpl
2141:             2             64  sun.security.util.MemoryCache
2142:             2             64  sun.security.x509.PrivateKeyUsageExtension
2143:             2             64  sun.security.x509.SubjectAlternativeNameExtension
2144:             1             56  [Lcom.alibaba.druid.pool.PreparedStatementPool$MethodType;
2145:             1             56  [Lcom.fasterxml.jackson.annotation.JsonFormat$Shape;
2146:             1             56  [Lcom.fasterxml.jackson.core.JsonGenerator$Feature;
2147:             1             56  [Lcom.fasterxml.jackson.core.JsonParser$Feature;
2148:             1             56  [Lcom.google.gson.stream.JsonToken;
2149:             1             56  [Lcom.hazelcast.cache.CacheEventType;
2150:             1             56  [Lcom.hazelcast.client.impl.protocol.codec.RingbufferMessageType;
2151:             1             56  [Lcom.hazelcast.core.LifecycleEvent$LifecycleState;
2152:             1             56  [Lcom.ruubypay.common.enumpackage.PayChannelNameEnum;
2153:             1             56  [Lcom.ruubypay.common.enumpackage.PayChannelStatusEnumChange;
2154:             1             56  [Lcom.sun.org.apache.xalan.internal.utils.XMLSecurityManager$Limit;
2155:             1             56  [Lcom.sun.org.apache.xerces.internal.impl.XMLScanner$NameType;
2156:             1             56  [Lcom.sun.org.apache.xerces.internal.impl.dv.XSSimpleType;
2157:             1             56  [Lcom.sun.org.apache.xerces.internal.impl.xs.util.XInt;
2158:             1             56  [Lcom.sun.org.apache.xerces.internal.utils.XMLSecurityManager$Limit;
2159:             1             56  [Ljava.lang.Runnable;
2160:             1             56  [Ljava.text.Format;
2161:             1             56  [Ljava.util.Locale;
2162:             1             56  [Ljavassist.CtClass;
2163:             3             56  [Lorg.apache.catalina.mapper.Mapper$MappedWrapper;
2164:             3             56  [Lorg.aspectj.weaver.tools.PointcutParameter;
2165:             1             56  [Lorg.codehaus.jackson.JsonParser$Feature;
2166:             1             56  [Lsun.util.logging.PlatformLogger$Level;
2167:             1             56  com.alibaba.druid.mock.MockDriver
2168:             1             56  com.alibaba.dubbo.common.serialize.support.hessian.Hessian2SerializerFactory
2169:             1             56  com.alibaba.dubbo.rpc.protocol.dubbo.DubboProtocol
2170:             1             56  com.hazelcast.internal.diagnostics.Diagnostics
2171:             1             56  com.hazelcast.internal.networking.nio.iobalancer.IOBalancer
2172:             1             56  com.hazelcast.map.impl.query.MapQueryEngineImpl
2173:             1             56  com.hazelcast.map.impl.query.QueryRunner
2174:             1             56  com.hazelcast.replicatedmap.impl.ReplicatedMapService
2175:             1             56  com.hazelcast.spi.impl.operationservice.impl.InboundResponseHandler
2176:             1             56  com.hazelcast.util.collection.Int2ObjectHashMap
2177:             1             56  com.ruubypay.config.ConfigBind$$EnhancerBySpringCGLIB$$4c44139a
2178:             1             56  com.ruubypay.service.impl.CardBindOperateImpl$$EnhancerBySpringCGLIB$$e27e79f4
2179:             1             56  com.ruubypay.service.impl.MessageImpl$$EnhancerBySpringCGLIB$$d6b7c7a4
2180:             1             56  com.ruubypay.service.impl.OpenBusinessImpl
2181:             1             56  com.ruubypay.service.impl.SignAliImpl
2182:             1             56  com.ruubypay.service.impl.StationInfoImpl$$EnhancerBySpringCGLIB$$2af1e73f
2183:             1             56  com.sun.org.apache.xerces.internal.jaxp.SAXParserImpl
2184:             1             56  java.util.logging.ConsoleHandler
2185:             1             56  java.util.logging.LogManager
2186:             1             56  org.I0Itec.zkclient.ZkClient
2187:             1             56  org.apache.catalina.valves.ErrorReportValve
2188:             1             56  org.apache.catalina.webresources.Cache
2189:             1             56  org.apache.coyote.RequestGroupInfo
2190:             1             56  org.apache.curator.x.discovery.ServiceInstance
2191:             1             56  org.apache.ibatis.ognl.ASTProperty
2192:             1             56  org.apache.tomcat.util.net.NioSelectorPool
2193:             1             56  org.apache.tomcat.util.scan.StandardJarScanFilter
2194:             1             56  org.apache.tomcat.util.threads.TaskQueue
2195:             1             56  org.codehaus.jackson.map.ObjectMapper
2196:             1             56  org.codehaus.jackson.map.ser.StdSerializerProvider
2197:             1             56  org.codehaus.jackson.util.InternCache
2198:             1             56  org.jboss.netty.channel.socket.nio.NioClientBoss
2199:             1             56  org.jboss.netty.util.HashedWheelTimer
2200:             1             56  org.springframework.context.annotation.CommonAnnotationBeanPostProcessor
2201:             1             56  org.springframework.core.env.PropertySourcesPropertyResolver
2202:             1             56  org.springframework.expression.spel.support.StandardEvaluationContext
2203:             1             56  sun.nio.cs.US_ASCII$Encoder
2204:             2             48  [Lch.qos.logback.core.Appender;
2205:             1             48  [Lcom.hazelcast.client.impl.protocol.codec.LockMessageType;
2206:             1             48  [Lcom.hazelcast.client.impl.protocol.codec.MapReduceMessageType;
2207:             1             48  [Lcom.hazelcast.client.impl.protocol.codec.SemaphoreMessageType;
2208:             1             48  [Lcom.hazelcast.client.impl.protocol.codec.XATransactionMessageType;
2209:             1             48  [Lcom.hazelcast.config.properties.PropertyTypeConverter;
2210:             1             48  [Lcom.hazelcast.core.ClientType;
2211:             2             48  [Lcom.hazelcast.instance.Node$ShutdownHookPolicy;
2212:             2             48  [Lcom.hazelcast.query.impl.predicates.QueryOptimizerFactory$Type;
2213:             1             48  [Lcom.ruubypay.common.dictionary.MerchantNumberCode;
2214:             1             48  [Lcom.ruubypay.common.enumpackage.OrderQuiryEnum;
2215:             1             48  [Lcom.sun.beans.util.Cache$CacheEntry;
2216:             1             48  [Lcom.sun.management.VMOption$Origin;
2217:             1             48  [Ljava.beans.WeakIdentityMap$Entry;
2218:             1             48  [Ljava.lang.invoke.MethodHandleImpl$Intrinsic;
2219:             1             48  [Ljava.math.RoundingMode;
2220:             2             48  [Ljava.net.InetSocketAddress;
2221:             2             48  [Ljava.security.cert.X509Certificate;
2222:             2             48  [Ljava.util.concurrent.ConcurrentHashMap$CounterCell;
2223:             2             48  [Ljavax.annotation.Resource$AuthenticationType;
2224:             2             48  [Ljavax.ws.rs.RuntimeType;
2225:             1             48  [Ljdk.net.SocketFlow$Status;
2226:             3             48  [Lorg.apache.catalina.core.ApplicationFilterConfig;
2227:             1             48  [Lorg.apache.tomcat.util.net.AbstractEndpoint$Handler$SocketState;
2228:             1             48  [Lorg.apache.zookeeper.Watcher$Event$KeeperState;
2229:             1             48  [Lorg.apache.zookeeper.ZooKeeper$States;
2230:             1             48  [Lorg.aspectj.bridge.IMessage$Kind;
2231:             1             48  [Lorg.codehaus.jackson.JsonGenerator$Feature;
2232:             1             48  [Lorg.springframework.cglib.proxy.CallbackInfo;
2233:             1             48  [Lsun.security.x509.NetscapeCertTypeExtension$MapEntry;
2234:             1             48  ch.qos.logback.core.joran.action.DefinePropertyAction
2235:             1             48  ch.qos.logback.core.joran.spi.InterpretationContext
2236:             1             48  ch.qos.logback.core.joran.spi.Interpreter
2237:             2             48  ch.qos.logback.core.rolling.SizeAndTimeBasedFNATP$Usage
2238:             2             48  ch.qos.logback.core.rolling.helper.RenameUtil
2239:             3             48  ch.qos.logback.core.spi.FilterAttachableImpl
2240:             3             48  ch.qos.logback.core.spi.LogbackLock
2241:             2             48  ch.qos.logback.core.subst.Node$Type
2242:             3             48  com.alibaba.com.caucho.hessian.io.SqlDateSerializer
2243:             3             48  com.alibaba.com.caucho.hessian.io.StringValueSerializer
2244:             2             48  com.alibaba.druid.filter.FilterChainImpl
2245:             1             48  com.alibaba.druid.filter.stat.StatFilter
2246:             2             48  com.alibaba.dubbo.remoting.Codec2$DecodeResult
2247:             1             48  com.alibaba.dubbo.rpc.protocol.rest.RestProtocol
2248:             2             48  com.alibaba.ons.open.trace.core.common.OnsTraceDispatcherType
2249:             2             48  com.alibaba.ons.open.trace.core.dispatch.impl.AsyncArrayDispatcher$1
2250:             2             48  com.alibaba.ons.open.trace.core.dispatch.impl.AsyncArrayDispatcher$AsyncRunnable
2251:             2             48  com.aliyun.openservices.ons.api.bean.ProducerBean
2252:             2             48  com.aliyun.openservices.ons.api.impl.rocketmq.OnsClientRPCHook
2253:             1             48  com.aliyun.openservices.shade.com.alibaba.fastjson.parser.ParserConfig
2254:             1             48  com.aliyun.openservices.shade.com.alibaba.fastjson.serializer.MapSerializer
2255:             2             48  com.aliyun.openservices.shade.com.alibaba.fastjson.util.IdentityHashMap
2256:             3             48  com.aliyun.openservices.shade.com.alibaba.rocketmq.client.impl.consumer.PullMessageService$1
2257:             3             48  com.aliyun.openservices.shade.com.alibaba.rocketmq.client.impl.factory.MQClientInstance$1
2258:             3             48  com.aliyun.openservices.shade.com.alibaba.rocketmq.client.impl.factory.MQClientInstance$3
2259:             3             48  com.aliyun.openservices.shade.com.alibaba.rocketmq.client.impl.factory.MQClientInstance$4
2260:             3             48  com.aliyun.openservices.shade.com.alibaba.rocketmq.client.impl.factory.MQClientInstance$5
2261:             3             48  com.aliyun.openservices.shade.com.alibaba.rocketmq.client.impl.factory.MQClientInstance$6
2262:             2             48  com.aliyun.openservices.shade.com.alibaba.rocketmq.common.ThreadFactoryImpl
2263:             1             48  com.aliyun.openservices.shade.com.alibaba.rocketmq.logging.inner.LoggingBuilder$AsyncAppender
2264:             2             48  com.aliyun.openservices.shade.com.alibaba.rocketmq.remoting.protocol.RemotingCommandType
2265:             2             48  com.aliyun.openservices.shade.com.alibaba.rocketmq.remoting.protocol.SerializeType
2266:             3             48  com.aliyun.openservices.shade.io.netty.bootstrap.AbstractBootstrap$BootstrapChannelFactory
2267:             3             48  com.aliyun.openservices.shade.io.netty.channel.nio.NioEventLoop$1
2268:             3             48  com.aliyun.openservices.shade.io.netty.channel.nio.NioEventLoop$2
2269:             3             48  com.aliyun.openservices.shade.io.netty.handler.timeout.IdleStateHandler$1
2270:             2             48  com.aliyun.openservices.shade.io.netty.util.UniqueName
2271:             1             48  com.aliyun.openservices.shade.io.netty.util.concurrent.GlobalEventExecutor
2272:             2             48  com.aliyun.openservices.shade.io.netty.util.internal.UnsafeAtomicReferenceFieldUpdater
2273:             3             48  com.aliyun.openservices.shade.io.netty.util.internal.__matchers__.com.aliyun.openservices.shade.com.alibaba.rocketmq.remoting.protocol.RemotingCommandMatcher
2274:             2             48  com.fasterxml.jackson.databind.ser.std.BooleanSerializer
2275:             3             48  com.fasterxml.jackson.databind.ser.std.ClassSerializer
2276:             1             48  com.fasterxml.jackson.databind.util.StdDateFormat
2277:             2             48  com.fasterxml.jackson.jaxrs.cfg.Annotations
2278:             2             48  com.fasterxml.jackson.jaxrs.cfg.JaxRSFeature
2279:             2             48  com.google.gson.internal.bind.TypeAdapters$35
2280:             2             48  com.hazelcast.client.impl.protocol.codec.CardinalityEstimatorMessageType
2281:             2             48  com.hazelcast.config.GroupConfig
2282:             2             48  com.hazelcast.config.InterfacesConfig
2283:             2             48  com.hazelcast.config.NativeMemoryConfig$MemoryAllocatorType
2284:             2             48  com.hazelcast.config.PartitionGroupConfig
2285:             2             48  com.hazelcast.config.ServicesConfig
2286:             2             48  com.hazelcast.config.UserCodeDeploymentConfig$ClassCacheMode
2287:             2             48  com.hazelcast.core.DistributedObjectEvent$EventType
2288:             1             48  com.hazelcast.executor.impl.DistributedExecutorService
2289:             1             48  com.hazelcast.instance.HazelcastInstanceImpl
2290:             2             48  com.hazelcast.instance.Node$ShutdownHookPolicy
2291:             3             48  com.hazelcast.internal.ascii.memcache.ErrorCommandProcessor
2292:             2             48  com.hazelcast.internal.ascii.rest.HttpPostCommandProcessor
2293:             2             48  com.hazelcast.internal.cluster.fd.DeadlineClusterFailureDetector
2294:             2             48  com.hazelcast.internal.cluster.impl.MemberSelectingCollection
2295:             2             48  com.hazelcast.internal.cluster.impl.MemberSelectingCollection$MemberSelectingIterator
2296:             1             48  com.hazelcast.internal.cluster.impl.MembershipManager
2297:             1             48  com.hazelcast.internal.diagnostics.HealthMonitor
2298:             1             48  com.hazelcast.internal.dynamicconfig.DynamicSecurityConfig
2299:             2             48  com.hazelcast.internal.metrics.metricsets.OperatingSystemMetricSet$3
2300:             1             48  com.hazelcast.internal.partition.impl.PartitionStateManager
2301:             2             48  com.hazelcast.internal.util.concurrent.ThreadFactoryImpl
2302:             1             48  com.hazelcast.logging.LoggingServiceImpl
2303:             2             48  com.hazelcast.logging.StandardLoggerFactory
2304:             1             48  com.hazelcast.map.impl.LocalMapStatsProvider
2305:             1             48  com.hazelcast.map.impl.query.QueryDispatcher
2306:             1             48  com.hazelcast.map.impl.querycache.NodeQueryCacheContext
2307:             2             48  com.hazelcast.memory.MemorySize
2308:             2             48  com.hazelcast.query.impl.predicates.QueryOptimizerFactory$Type
2309:             1             48  com.hazelcast.scheduledexecutor.impl.DistributedScheduledExecutorService
2310:             2             48  com.hazelcast.spi.discovery.integration.DiscoveryMode
2311:             2             48  com.hazelcast.spi.impl.eventservice.impl.FutureUtilExceptionHandler
2312:             2             48  com.hazelcast.spi.impl.executionservice.impl.DelegatingTaskScheduler
2313:             1             48  com.hazelcast.spi.impl.operationexecutor.impl.OperationExecutorImpl
2314:             1             48  com.hazelcast.spi.impl.proxyservice.impl.ProxyServiceImpl
2315:             2             48  com.hazelcast.spi.partition.MigrationEndpoint
2316:             1             48  com.hazelcast.util.concurrent.BackoffIdleStrategy
2317:             2             48  com.hazelcast.util.executor.ExecutorType
2318:             2             48  com.hazelcast.util.executor.SingleExecutorThreadFactory
2319:             1             48  com.hazelcast.util.scheduler.CoalescingDelayedTrigger
2320:             2             48  com.hazelcast.util.scheduler.ScheduleType
2321:             1             48  com.hazelcast.zookeeper.ZookeeperDiscoveryStrategy
2322:             2             48  com.mysql.jdbc.StandardSocketFactory
2323:             2             48  com.ruubypay.common.enumpackage.OnlineTradeEnum.BWTypeEnum
2324:             1             48  com.ruubypay.function.CheckChannelUsableFunction
2325:             1             48  com.ruubypay.function.RBPSFunction
2326:             1             48  com.ruubypay.log.resolver.LogEntryNameResolver$1
2327:             1             48  com.ruubypay.service.impl.BusinessImpl
2328:             3             48  com.ruubypay.service.impl.BusinessImpl$$EnhancerBySpringCGLIB$$5c0fc0c3$$FastClassBySpringCGLIB$$8316b307
2329:             3             48  com.ruubypay.service.impl.BusinessImpl$$FastClassBySpringCGLIB$$b3fae033
2330:             1             48  com.ruubypay.service.impl.CodeConditionQueryImpl
2331:             1             48  com.ruubypay.service.impl.OrderImpl
2332:             3             48  com.ruubypay.service.impl.PayChannelImpl$$EnhancerBySpringCGLIB$$50576d9e$$FastClassBySpringCGLIB$$4f744b42
2333:             3             48  com.ruubypay.service.impl.PayChannelImpl$$FastClassBySpringCGLIB$$81d8016e
2334:             1             48  com.ruubypay.service.impl.RepayImpl
2335:             2             48  com.sun.jmx.mbeanserver.ClassLoaderRepositorySupport$LoaderEntry
2336:             1             48  com.sun.jmx.mbeanserver.DefaultMXBeanMappingFactory$Mappings
2337:             2             48  com.sun.jmx.mbeanserver.StandardMBeanSupport
2338:             2             48  com.sun.jmx.mbeanserver.WeakIdentityHashMap
2339:             2             48  com.sun.org.apache.xalan.internal.utils.XMLSecurityPropertyManager
2340:             2             48  com.sun.org.apache.xerces.internal.impl.dtd.DTDGrammarBucket
2341:             2             48  com.sun.org.apache.xerces.internal.impl.dtd.XMLAttributeDecl
2342:             3             48  com.sun.org.apache.xerces.internal.impl.dv.dtd.ListDatatypeValidator
2343:             1             48  com.sun.org.apache.xerces.internal.util.URI
2344:             1             48  com.sun.org.apache.xerces.internal.util.XMLAttributesImpl
2345:             3             48  com.sun.proxy.$Proxy22
2346:             3             48  com.sun.proxy.$Proxy24
2347:             3             48  com.sun.proxy.$Proxy28
2348:             3             48  com.sun.proxy.$Proxy49
2349:             3             48  com.sun.proxy.$Proxy50
2350:             3             48  com.sun.proxy.$Proxy57
2351:             2             48  java.io.File$PathStatus
2352:             2             48  java.io.ObjectStreamClass$ExceptionInfo
2353:             1             48  java.lang.invoke.BoundMethodHandle$Species_L4
2354:             2             48  java.lang.invoke.MethodHandles$Lookup
2355:             2             48  java.net.InetAddress$Cache
2356:             2             48  java.net.InetAddress$Cache$Type
2357:             2             48  java.net.StandardProtocolFamily
2358:             2             48  java.nio.charset.CoderResult
2359:             3             48  java.nio.charset.CodingErrorAction
2360:             2             48  java.security.CodeSigner
2361:             2             48  java.sql.SQLPermission
2362:             3             48  java.text.AttributedCharacterIterator$Attribute
2363:             2             48  java.time.LocalDate
2364:             2             48  java.time.LocalDateTime
2365:             2             48  java.time.OffsetDateTime
2366:             2             48  java.time.OffsetTime
2367:             3             48  java.util.Base64$Decoder
2368:             2             48  java.util.Collections$UnmodifiableMap$UnmodifiableEntrySet$1
2369:             3             48  java.util.Hashtable$KeySet
2370:             3             48  java.util.Timer$1
2371:             3             48  java.util.TreeMap$KeySet
2372:             3             48  java.util.concurrent.atomic.AtomicMarkableReference
2373:             1             48  java.util.concurrent.locks.ReentrantReadWriteLock$FairSync
2374:             2             48  java.util.concurrent.locks.ReentrantReadWriteLock$Sync$HoldCounter
2375:             2             48  java.util.logging.Logger$LoggerBundle
2376:             2             48  java.util.regex.Pattern$Category
2377:             1             48  java.util.regex.Pattern$GroupCurly
2378:             3             48  javassist.ClassClassPath
2379:             1             48  javassist.compiler.KeywordTable
2380:             2             48  javax.annotation.Resource$AuthenticationType
2381:             2             48  javax.crypto.CryptoPermissions
2382:             2             48  javax.ws.rs.RuntimeType
2383:             3             48  javax.ws.rs.core.MultivaluedHashMap
2384:             3             48  net.logstash.logback.composite.FormattedTimestampJsonProvider$PatternTimestampWriter
2385:             3             48  net.logstash.logback.composite.loggingevent.LoggingEventJsonProviders
2386:             3             48  net.logstash.logback.decorate.NullJsonFactoryDecorator
2387:             3             48  net.logstash.logback.decorate.NullJsonGeneratorDecorator
2388:             2             48  net.logstash.logback.encoder.org.apache.commons.lang.time.FastDateFormat$PaddedNumberField
2389:             3             48  org.apache.catalina.connector.CoyoteInputStream
2390:             3             48  org.apache.catalina.connector.CoyoteOutputStream
2391:             3             48  org.apache.catalina.connector.RequestFacade
2392:             3             48  org.apache.catalina.connector.ResponseFacade
2393:             1             48  org.apache.catalina.core.DefaultInstanceManager
2394:             1             48  org.apache.catalina.core.StandardContextValve
2395:             1             48  org.apache.catalina.core.StandardEngineValve
2396:             1             48  org.apache.catalina.core.StandardHostValve
2397:             1             48  org.apache.catalina.mapper.MapperListener
2398:             3             48  org.apache.catalina.realm.RealmBase$AllRolesMode
2399:             1             48  org.apache.catalina.startup.Tomcat
2400:             2             48  org.apache.catalina.util.URLEncoder
2401:             3             48  org.apache.coyote.http11.Http11InputBuffer$SocketInputBuffer
2402:             3             48  org.apache.coyote.http11.Http11OutputBuffer$SocketOutputBuffer
2403:             3             48  org.apache.coyote.http11.filters.VoidInputFilter
2404:             3             48  org.apache.coyote.http11.filters.VoidOutputFilter
2405:             1             48  org.apache.curator.x.discovery.details.ServiceDiscoveryImpl
2406:             2             48  org.apache.ibatis.mapping.ResultFlag
2407:             1             48  org.apache.ibatis.ognl.ASTConst
2408:             2             48  org.apache.ibatis.session.LocalCacheScope
2409:             2             48  org.apache.ibatis.type.ArrayTypeHandler
2410:             2             48  org.apache.ibatis.type.BlobByteObjectArrayTypeHandler
2411:             2             48  org.apache.ibatis.type.CharacterTypeHandler
2412:             2             48  org.apache.ibatis.type.DateOnlyTypeHandler
2413:             2             48  org.apache.ibatis.type.DateTypeHandler
2414:             2             48  org.apache.ibatis.type.NClobTypeHandler
2415:             2             48  org.apache.ibatis.type.TimeOnlyTypeHandler
2416:             2             48  org.apache.jute.BinaryOutputArchive
2417:             3             48  org.apache.tomcat.util.buf.UDecoder
2418:             2             48  org.apache.tomcat.util.buf.UEncoder$SafeCharsSet
2419:             1             48  org.apache.tomcat.util.digester.CallMethodRule
2420:             2             48  org.apache.zookeeper.data.Id
2421:             2             48  org.apache.zookeeper.proto.RequestHeader
2422:             2             48  org.aspectj.bridge.MessageWriter
2423:             2             48  org.aspectj.weaver.World$AspectPrecedenceCalculator
2424:             1             48  org.aspectj.weaver.patterns.BindingAnnotationTypePattern
2425:             1             48  org.aspectj.weaver.patterns.ExactAnnotationTypePattern
2426:             2             48  org.aspectj.weaver.tools.Jdk14Trace
2427:             1             48  org.codehaus.jackson.map.MappingJsonFactory
2428:             1             48  org.codehaus.jackson.map.SerializationConfig
2429:             2             48  org.codehaus.jackson.map.deser.SettableBeanProperty$NullProvider
2430:             2             48  org.codehaus.jackson.map.deser.std.CalendarDeserializer
2431:             2             48  org.codehaus.jackson.map.deser.std.StdDeserializer$BooleanDeserializer
2432:             2             48  org.codehaus.jackson.map.deser.std.StdDeserializer$ByteDeserializer
2433:             2             48  org.codehaus.jackson.map.deser.std.StdDeserializer$CharacterDeserializer
2434:             2             48  org.codehaus.jackson.map.deser.std.StdDeserializer$DoubleDeserializer
2435:             2             48  org.codehaus.jackson.map.deser.std.StdDeserializer$FloatDeserializer
2436:             2             48  org.codehaus.jackson.map.deser.std.StdDeserializer$IntegerDeserializer
2437:             2             48  org.codehaus.jackson.map.deser.std.StdDeserializer$LongDeserializer
2438:             2             48  org.codehaus.jackson.map.deser.std.StdDeserializer$ShortDeserializer
2439:             3             48  org.codehaus.jackson.map.introspect.AnnotatedMethodMap
2440:             2             48  org.codehaus.jackson.map.jsontype.impl.ClassNameIdResolver
2441:             2             48  org.codehaus.jackson.map.ser.StdSerializers$BooleanSerializer
2442:             1             48  org.codehaus.jackson.sym.BytesToNameCanonicalizer$TableInfo
2443:             1             48  org.jboss.netty.util.internal.ConcurrentHashMap
2444:             2             48  org.jboss.resteasy.plugins.providers.DocumentProvider
2445:             2             48  org.slf4j.helpers.BasicMarker
2446:             2             48  org.springframework.aop.aspectj.AspectJPointcutAdvisor
2447:             2             48  org.springframework.aop.config.MethodLocatingFactoryBean
2448:             2             48  org.springframework.aop.config.SimpleBeanFactoryAwareAspectInstanceFactory
2449:             2             48  org.springframework.aop.support.ComposablePointcut
2450:             2             48  org.springframework.aop.support.MethodMatchers$IntersectionMethodMatcher
2451:             1             48  org.springframework.beans.factory.annotation.AutowiredAnnotationBeanPostProcessor
2452:             2             48  org.springframework.beans.factory.annotation.InitDestroyAnnotationBeanPostProcessor$LifecycleElement
2453:             1             48  org.springframework.beans.factory.config.PropertiesFactoryBean
2454:             1             48  org.springframework.context.annotation.ConfigurationClassBeanDefinitionReader
2455:             2             48  org.springframework.context.annotation.ConfigurationCondition$ConfigurationPhase
2456:             2             48  org.springframework.context.event.AbstractApplicationEventMulticaster$ListenerCacheKey
2457:             2             48  org.springframework.core.Constants
2458:             2             48  org.springframework.core.SerializableTypeWrapper$FieldTypeProvider
2459:             2             48  org.springframework.core.convert.converter.ConvertingComparator
2460:             2             48  org.springframework.core.convert.support.ArrayToArrayConverter
2461:             2             48  org.springframework.core.convert.support.DefaultConversionService
2462:             2             48  org.springframework.core.convert.support.GenericConversionService$ConverterCacheKey
2463:             2             48  org.springframework.core.convert.support.GenericConversionService$Converters
2464:             2             48  org.springframework.util.ConcurrentReferenceHashMap$ReferenceType
2465:             2             48  org.springframework.util.ConcurrentReferenceHashMap$Restructure
2466:             2             48  org.springframework.util.comparator.InvertibleComparator
2467:             2             48  sun.management.ManagementFactoryHelper$1
2468:             2             48  sun.misc.NativeSignalHandler
2469:             2             48  sun.misc.URLClassPath$FileLoader
2470:             1             48  sun.net.www.http.KeepAliveCache
2471:             2             48  sun.net.www.protocol.http.Handler
2472:             2             48  sun.nio.cs.ext.EUC_KR
2473:             2             48  sun.nio.cs.ext.JIS_X_0208_MS5022X
2474:             2             48  sun.nio.cs.ext.JIS_X_0212_MS5022X
2475:             2             48  sun.nio.fs.NativeBuffer$Deallocator
2476:             2             48  sun.security.jca.ProviderList
2477:             2             48  sun.security.jca.ProviderList$3
2478:             2             48  sun.security.provider.certpath.X509CertPath
2479:             3             48  sun.security.util.AlgorithmDecomposer
2480:             3             48  sun.security.util.DisabledAlgorithmConstraints$Constraints
2481:             3             48  sun.security.x509.RFC822Name
2482:             3             48  sun.text.normalizer.NormalizerBase$QuickCheckResult
2483:             1             48  sun.text.resources.FormatData
2484:             1             48  sun.text.resources.en.FormatData_en
2485:             1             48  sun.text.resources.en.FormatData_en_US
2486:             1             48  sun.util.resources.CalendarData
2487:             1             48  sun.util.resources.CurrencyNames
2488:             1             48  sun.util.resources.TimeZoneNames
2489:             1             48  sun.util.resources.en.CalendarData_en
2490:             1             48  sun.util.resources.en.CurrencyNames_en_US
2491:             1             48  sun.util.resources.en.TimeZoneNames_en
2492:             1             40  [Lch.qos.logback.core.pattern.parser.TokenStream$TokenizerState;
2493:             1             40  [Lch.qos.logback.core.subst.Token$Type;
2494:             1             40  [Lch.qos.logback.core.util.AggregationType;
2495:             1             40  [Lcom.alibaba.dubbo.remoting.transport.dispatcher.ChannelEventRunnable$ChannelState;
2496:             1             40  [Lcom.aliyun.openservices.shade.io.netty.util.internal.logging.InternalLogLevel;
2497:             1             40  [Lcom.fasterxml.jackson.core.JsonEncoding;
2498:             1             40  [Lcom.fasterxml.jackson.core.JsonParser$NumberType;
2499:             1             40  [Lcom.google.gson.FieldNamingPolicy;
2500:             1             40  [Lcom.hazelcast.cache.impl.CacheEntryProcessorEntry$State;
2501:             1             40  [Lcom.hazelcast.client.impl.protocol.codec.ContinuousQueryMessageType;
2502:             1             40  [Lcom.hazelcast.client.impl.protocol.codec.DurableExecutorMessageType;
2503:             1             40  [Lcom.hazelcast.client.impl.protocol.codec.ExecutorServiceMessageType;
2504:             1             40  [Lcom.hazelcast.client.impl.protocol.codec.TransactionalMultiMapMessageType;
2505:             1             40  [Lcom.hazelcast.client.impl.protocol.codec.TransactionalQueueMessageType;
2506:             1             40  [Lcom.hazelcast.config.PartitionGroupConfig$MemberGroupType;
2507:             2             40  [Lcom.hazelcast.core.HazelcastInstance;
2508:             1             40  [Lcom.hazelcast.util.executor.StripedExecutor$Worker;
2509:             1             40  [Lcom.ruubypay.common.dictionary.LocationCode;
2510:             1             40  [Lcom.ruubypay.common.enumpackage.BusinessTypeEnum;
2511:             1             40  [Lcom.ruubypay.common.enumpackage.ChannelBindWithFlagEnum;
2512:             2             40  [Lcom.sun.jmx.mbeanserver.ClassLoaderRepositorySupport$LoaderEntry;
2513:             1             40  [Lcom.sun.org.apache.xerces.internal.util.Status;
2514:             2             40  [Ljava.beans.PropertyChangeListener;
2515:             1             40  [Ljava.lang.management.MemoryPoolMXBean;
2516:             1             40  [Ljavax.servlet.DispatcherType;
2517:             1             40  [Ljavax.ws.rs.core.Response$Status$Family;
2518:             1             40  [Lorg.apache.catalina.servlet4preview.http.MappingMatch;
2519:             1             40  [Lorg.apache.coyote.http11.Http11InputBuffer$HeaderParsePosition;
2520:             1             40  [Lorg.apache.curator.framework.state.ConnectionState;
2521:             1             40  [Lorg.apache.tomcat.util.net.SocketEvent;
2522:             1             40  [Lorg.apache.zookeeper.Watcher$Event$EventType;
2523:             2             40  [Lorg.aspectj.weaver.UnresolvedType;
2524:             1             40  [Lorg.codehaus.jackson.JsonEncoding;
2525:             1             40  [Lorg.springframework.expression.spel.ast.Indexer$IndexedType;
2526:             1             40  [Lsun.security.jca.ServiceId;
2527:             1             40  [Lsun.security.util.DisabledAlgorithmConstraints$Constraint$Operator;
2528:             1             40  [Lsun.util.locale.provider.LocaleProviderAdapter$Type;
2529:             1             40  [[Ljava.lang.invoke.LambdaForm$Name;
2530:             1             40  ch.qos.logback.core.BasicStatusManager
2531:             1             40  ch.qos.logback.core.joran.action.StatusListenerAction
2532:             1             40  ch.qos.logback.core.joran.spi.ConfigurationWatchList
2533:             1             40  com.alibaba.druid.stat.JdbcStatManager
2534:             1             40  com.alibaba.dubbo.registry.integration.RegistryProtocol
2535:             1             40  com.alibaba.dubbo.remoting.zookeeper.zkclient.ZkclientZookeeperClient
2536:             1             40  com.alibaba.dubbo.rpc.protocol.dubbo.LazyConnectExchangeClient
2537:             1             40  com.alibaba.fastjson.parser.ParserConfig
2538:             1             40  com.aliyun.openservices.shade.com.alibaba.fastjson.serializer.SerializeBeanInfo
2539:             1             40  com.aliyun.openservices.shade.com.alibaba.rocketmq.logging.inner.LoggingBuilder$RollingFileAppender$CountingQuietWriter
2540:             1             40  com.dangdang.config.service.zookeeper.ZookeeperConfigProfile
2541:             1             40  com.google.gson.internal.Excluder
2542:             1             40  com.hazelcast.collection.impl.queue.QueueService
2543:             1             40  com.hazelcast.concurrent.lock.LockServiceImpl
2544:             1             40  com.hazelcast.config.CacheEvictionConfig
2545:             1             40  com.hazelcast.config.EvictionConfig
2546:             1             40  com.hazelcast.instance.BuildInfo
2547:             1             40  com.hazelcast.internal.cluster.impl.ClusterClockImpl
2548:             1             40  com.hazelcast.internal.cluster.impl.ClusterStateManager
2549:             1             40  com.hazelcast.internal.cluster.impl.MembershipManagerCompat
2550:             1             40  com.hazelcast.internal.metrics.impl.MetricsRegistryImpl
2551:             1             40  com.hazelcast.internal.partition.PartitionServiceProxy
2552:             1             40  com.hazelcast.internal.partition.impl.PartitionReplicaStateChecker
2553:             1             40  com.hazelcast.map.impl.MapIndexSynchronizer
2554:             1             40  com.hazelcast.map.impl.event.MapEventPublisherImpl
2555:             1             40  com.hazelcast.map.impl.query.PartitionScanRunner
2556:             1             40  com.hazelcast.map.impl.querycache.publisher.DefaultPublisherContext
2557:             1             40  com.hazelcast.map.impl.querycache.subscriber.NodeSubscriberContext
2558:             1             40  com.hazelcast.mapreduce.impl.MapReduceService
2559:             1             40  com.hazelcast.multimap.impl.MultiMapService
2560:             1             40  com.hazelcast.spi.impl.PacketDispatcher
2561:             1             40  com.hazelcast.spi.impl.operationparker.impl.OperationParkerImpl
2562:             1             40  com.hazelcast.spi.impl.operationservice.impl.BackpressureRegulator
2563:             1             40  com.hazelcast.spi.impl.operationservice.impl.InvocationMonitor$BroadcastOperationControlTask
2564:             1             40  com.hazelcast.spi.impl.operationservice.impl.InvocationMonitor$MonitorInvocationsTask
2565:             1             40  com.hazelcast.topic.impl.TopicService
2566:             1             40  com.hazelcast.transaction.impl.TransactionManagerServiceImpl
2567:             1             40  com.hazelcast.transaction.impl.xa.XAResourceImpl
2568:             1             40  com.ruubypay.common.StationsConfig
2569:             1             40  com.ruubypay.function.FisFunction
2570:             1             40  com.ruubypay.function.UserCenterFunction
2571:             1             40  com.ruubypay.function.codecondition.CodeConditionService
2572:             1             40  com.ruubypay.service.impl.CancelPayChannelImpl
2573:             1             40  com.ruubypay.service.impl.RealTimeRepayImpl
2574:             1             40  com.ruubypay.service.impl.SignWeChatImpl
2575:             1             40  com.sun.beans.finder.MethodFinder$1
2576:             1             40  com.sun.jmx.interceptor.DefaultMBeanServerInterceptor
2577:             1             40  com.sun.jmx.mbeanserver.JmxMBeanServer
2578:             1             40  com.sun.jmx.mbeanserver.MBeanServerDelegateImpl
2579:             1             40  com.sun.org.apache.xerces.internal.impl.XMLEntityManager$CharacterBufferPool
2580:             1             40  com.sun.org.apache.xerces.internal.impl.XMLErrorReporter
2581:             1             40  com.sun.org.apache.xerces.internal.impl.XMLVersionDetector
2582:             1             40  com.sun.org.apache.xerces.internal.impl.xs.XSParticleDecl
2583:             1             40  com.sun.org.apache.xerces.internal.util.SymbolTable
2584:             1             40  com.sun.org.apache.xerces.internal.utils.XMLLimitAnalyzer
2585:             1             40  com.sun.org.apache.xerces.internal.utils.XMLSecurityManager
2586:             1             40  com.sun.org.apache.xml.internal.serializer.CharInfo
2587:             1             40  com.sun.xml.internal.stream.XMLEntityStorage
2588:             1             40  java.beans.WeakIdentityMap$Entry
2589:             1             40  java.text.MessageFormat
2590:             1             40  java.util.ResourceBundle$1
2591:             1             40  java.util.regex.Pattern$LazyLoop
2592:             1             40  javax.crypto.CryptoAllPermission
2593:             1             40  net.logstash.logback.encoder.org.apache.commons.lang.time.FastDateFormat
2594:             1             40  org.apache.catalina.core.ApplicationSessionCookieConfig
2595:             1             40  org.apache.catalina.mbeans.ConnectorMBean
2596:             1             40  org.apache.catalina.mbeans.ContextMBean
2597:             1             40  org.apache.catalina.mbeans.ServiceMBean
2598:             1             40  org.apache.catalina.realm.MessageDigestCredentialHandler
2599:             1             40  org.apache.coyote.AbstractProtocol$RecycledProcessors
2600:             1             40  org.apache.ibatis.cache.NullCacheKey
2601:             1             40  org.apache.tomcat.util.modeler.Registry
2602:             1             40  org.aspectj.weaver.patterns.AnyTypePattern
2603:             1             40  org.aspectj.weaver.patterns.NoTypePattern
2604:             1             40  org.codehaus.jackson.map.deser.std.CollectionDeserializer
2605:             1             40  org.codehaus.jackson.map.jsontype.impl.AsPropertyTypeDeserializer
2606:             1             40  org.codehaus.jackson.map.ser.std.StdContainerSerializers$IndexedListSerializer
2607:             1             40  org.codehaus.jackson.map.util.StdDateFormat
2608:             1             40  org.jboss.netty.channel.socket.nio.NioClientBossPool
2609:             1             40  org.jboss.resteasy.core.SynchronousDispatcher
2610:             1             40  org.jboss.resteasy.core.interception.ContainerRequestFilterRegistry
2611:             1             40  org.jboss.resteasy.core.interception.ContainerResponseFilterRegistry
2612:             1             40  org.jboss.resteasy.core.interception.InterceptorRegistry
2613:             1             40  org.jboss.resteasy.core.interception.JaxrsInterceptorRegistry$SingletonInterceptorFactory
2614:             1             40  org.jboss.resteasy.plugins.server.servlet.ServletContainerDispatcher
2615:             1             40  org.springframework.aop.aspectj.annotation.AnnotationAwareAspectJAutoProxyCreator$BeanFactoryAspectJAdvisorsBuilderAdapter
2616:             1             40  org.springframework.context.event.SimpleApplicationEventMulticaster
2617:             1             40  org.springframework.context.expression.StandardBeanExpressionResolver
2618:             1             40  org.springframework.core.io.ResourceEditor
2619:             1             40  org.springframework.core.io.support.ResourceArrayPropertyEditor
2620:             1             40  org.springframework.jdbc.datasource.DataSourceTransactionManager
2621:             1             40  org.springframework.jndi.support.SimpleJndiBeanFactory
2622:             1             40  org.springframework.util.AntPathMatcher
2623:             1             40  sun.awt.resources.awt
2624:             1             40  sun.management.DiagnosticCommandImpl
2625:             1             40  sun.nio.cs.StandardCharsets$Aliases
2626:             1             40  sun.nio.cs.StandardCharsets$Cache
2627:             1             40  sun.nio.cs.StandardCharsets$Classes
2628:             1             40  sun.nio.cs.ext.ExtendedCharsets
2629:             1             40  sun.reflect.UnsafeQualifiedStaticBooleanFieldAccessorImpl
2630:             1             40  sun.reflect.UnsafeQualifiedStaticFloatFieldAccessorImpl
2631:             1             40  sun.security.provider.ConfigFile$Spi
2632:             1             32  [Lch.qos.logback.core.joran.action.ActionUtil$Scope;
2633:             1             32  [Lch.qos.logback.core.rolling.helper.CompressionMode;
2634:             1             32  [Lch.qos.logback.core.spi.FilterReply;
2635:             1             32  [Lch.qos.logback.core.subst.Tokenizer$TokenizerState;
2636:             1             32  [Lcom.alibaba.druid.proxy.jdbc.StatementExecuteType;
2637:             1             32  [Lcom.aliyun.openservices.ons.api.impl.authority.SigningAlgorithm;
2638:             1             32  [Lcom.aliyun.openservices.ons.api.impl.rocketmq.ONSChannel;
2639:             1             32  [Lcom.aliyun.openservices.shade.com.alibaba.rocketmq.client.impl.CommunicationMode;
2640:             1             32  [Lcom.aliyun.openservices.shade.com.alibaba.rocketmq.client.producer.LocalTransactionState;
2641:             1             32  [Lcom.aliyun.openservices.shade.com.alibaba.rocketmq.client.producer.SendStatus;
2642:             1             32  [Lcom.aliyun.openservices.shade.com.alibaba.rocketmq.common.ServiceState;
2643:             1             32  [Lcom.aliyun.openservices.shade.com.alibaba.rocketmq.remoting.common.TlsMode;
2644:             1             32  [Lcom.aliyun.openservices.shade.com.alibaba.rocketmq.remoting.netty.NettyEventType;
2645:             1             32  [Lcom.dangdang.config.service.ConfigProfile$KeyLoadingMode;
2646:             1             32  [Lcom.fasterxml.jackson.core.JsonFactory$Feature;
2647:             2             32  [Lcom.fasterxml.jackson.databind.deser.Deserializers;
2648:             1             32  [Lcom.google.common.cache.LocalCache$Strength;
2649:             1             32  [Lcom.hazelcast.cache.BuiltInCacheMergePolicies;
2650:             1             32  [Lcom.hazelcast.client.impl.protocol.codec.ConditionMessageType;
2651:             1             32  [Lcom.hazelcast.client.impl.protocol.codec.CountDownLatchMessageType;
2652:             1             32  [Lcom.hazelcast.client.impl.protocol.codec.TopicMessageType;
2653:             1             32  [Lcom.hazelcast.client.impl.protocol.codec.TransactionMessageType;
2654:             1             32  [Lcom.hazelcast.client.impl.protocol.codec.TransactionalListMessageType;
2655:             1             32  [Lcom.hazelcast.client.impl.protocol.codec.TransactionalSetMessageType;
2656:             1             32  [Lcom.hazelcast.config.AbstractConfigBuilder$ConfigType;
2657:             1             32  [Lcom.hazelcast.config.HotRestartClusterDataRecoveryPolicy;
2658:             1             32  [Lcom.hazelcast.config.UserCodeDeploymentConfig$ProviderMode;
2659:             1             32  [Lcom.hazelcast.instance.NodeState;
2660:             1             32  [Lcom.hazelcast.internal.networking.nio.SelectorMode;
2661:             1             32  [Lcom.hazelcast.internal.partition.MigrationInfo$MigrationStatus;
2662:             1             32  [Lcom.hazelcast.internal.partition.impl.InternalMigrationListener$MigrationParticipant;
2663:             1             32  [Lcom.hazelcast.memory.MemoryUnit;
2664:             1             32  [Lcom.hazelcast.query.impl.IndexCopyBehavior;
2665:             1             32  [Lcom.hazelcast.spi.impl.operationexecutor.impl.GenericOperationThread;
2666:             1             32  [Lcom.hazelcast.transaction.TransactionOptions$TransactionType;
2667:             1             32  [Lcom.hazelcast.util.ConcurrentReferenceHashMap$ReferenceType;
2668:             1             32  [Lcom.ruubypay.common.enumpackage.BWListOperateType;
2669:             1             32  [Lcom.ruubypay.common.enumpackage.CarrierTypeEnum;
2670:             1             32  [Lcom.ruubypay.common.enumpackage.DatabaseCardTypeEnum;
2671:             1             32  [Lcom.ruubypay.common.enumpackage.PayChannelPostionEnum;
2672:             1             32  [Lcom.sun.beans.util.Cache$Kind;
2673:             1             32  [Lcom.sun.org.apache.xalan.internal.utils.XMLSecurityManager$NameMap;
2674:             1             32  [Lcom.sun.org.apache.xerces.internal.impl.dv.xs.AbstractDateTimeDV$DateTimeData;
2675:             1             32  [Lcom.sun.org.apache.xerces.internal.utils.XMLSecurityManager$NameMap;
2676:             1             32  [Ljava.lang.OutOfMemoryError;
2677:             1             32  [Ljava.lang.ThreadGroup;
2678:             1             32  [Ljava.lang.invoke.LambdaFormEditor$Transform;
2679:             1             32  [Ljava.lang.management.MemoryManagerMXBean;
2680:             1             32  [Ljava.net.Proxy$Type;
2681:             1             32  [Ljava.text.Normalizer$Form;
2682:             1             32  [Ljava.time.temporal.TemporalUnit;
2683:             1             32  [Lorg.apache.coyote.ErrorState;
2684:             1             32  [Lorg.apache.coyote.http11.Http11InputBuffer$HeaderParseStatus;
2685:             1             32  [Lorg.apache.curator.framework.imps.CuratorFrameworkState;
2686:             1             32  [Lorg.apache.curator.framework.state.ConnectionStateManager$State;
2687:             1             32  [Lorg.apache.ibatis.mapping.ParameterMode;
2688:             1             32  [Lorg.apache.ibatis.session.AutoMappingBehavior;
2689:             1             32  [Lorg.apache.ibatis.session.ExecutorType;
2690:             1             32  [Lorg.apache.tomcat.util.http.parser.SkipResult;
2691:             1             32  [Lorg.apache.tomcat.util.log.UserDataHelper$Config;
2692:             1             32  [Lorg.apache.tomcat.util.net.AbstractEndpoint$Acceptor$AcceptorState;
2693:             1             32  [Lorg.apache.tomcat.util.net.AbstractEndpoint$BindState;
2694:             1             32  [Lorg.apache.tomcat.util.net.SendfileState;
2695:             1             32  [Lorg.apache.zookeeper.CreateMode;
2696:             1             32  [Lorg.apache.zookeeper.client.ZooKeeperSaslClient$SaslState;
2697:             2             32  [Lorg.aspectj.apache.bcel.classfile.Attribute;
2698:             2             32  [Lorg.aspectj.apache.bcel.classfile.Field;
2699:             2             32  [Lorg.aspectj.apache.bcel.classfile.Method;
2700:             1             32  [Lorg.codehaus.jackson.map.annotate.JsonSerialize$Inclusion;
2701:             2             32  [Lorg.codehaus.jackson.type.JavaType;
2702:             1             32  [Lorg.codehaus.jackson.util.BufferRecycler$ByteBufferType;
2703:             1             32  [Lorg.codehaus.jackson.util.BufferRecycler$CharBufferType;
2704:             1             32  [Lorg.jboss.netty.channel.ChannelState;
2705:             1             32  [Lorg.jboss.netty.channel.socket.nio.AbstractNioWorker;
2706:             1             32  [Lorg.jboss.resteasy.logging.Logger$LoggerType;
2707:             1             32  [Lorg.springframework.cglib.proxy.Callback;
2708:             1             32  [Lorg.springframework.context.annotation.ScopedProxyMode;
2709:             1             32  [Lorg.springframework.expression.spel.SpelCompilerMode;
2710:             1             32  [Lsun.net.www.protocol.http.HttpURLConnection$TunnelState;
2711:             1             32  [Lsun.security.provider.NativePRNG$Variant;
2712:             2             32  [[Lorg.aspectj.weaver.ResolvedType;
2713:             1             32  ch.qos.logback.classic.joran.JoranConfigurator
2714:             1             32  ch.qos.logback.classic.joran.action.ConfigurationAction
2715:             1             32  ch.qos.logback.classic.joran.action.EvaluatorAction
2716:             1             32  ch.qos.logback.classic.joran.action.LoggerAction
2717:             1             32  ch.qos.logback.classic.joran.action.LoggerContextListenerAction
2718:             1             32  ch.qos.logback.classic.joran.action.ReceiverAction
2719:             1             32  ch.qos.logback.classic.joran.action.RootLoggerAction
2720:             1             32  ch.qos.logback.classic.sift.SiftAction
2721:             1             32  ch.qos.logback.classic.spi.LoggerContextVO
2722:             1             32  ch.qos.logback.core.helpers.CyclicBuffer
2723:             1             32  ch.qos.logback.core.joran.action.AppenderAction
2724:             1             32  ch.qos.logback.core.joran.action.ConversionRuleAction
2725:             1             32  ch.qos.logback.core.joran.action.IncludeAction
2726:             1             32  ch.qos.logback.core.joran.action.NestedBasicPropertyIA
2727:             1             32  ch.qos.logback.core.joran.action.NestedComplexPropertyIA
2728:             1             32  ch.qos.logback.core.joran.action.NewRuleAction
2729:             1             32  ch.qos.logback.core.joran.action.ParamAction
2730:             1             32  ch.qos.logback.core.joran.action.ShutdownHookAction
2731:             1             32  ch.qos.logback.core.joran.action.TimestampAction
2732:             1             32  ch.qos.logback.core.joran.conditional.ElseAction
2733:             1             32  ch.qos.logback.core.joran.conditional.IfAction
2734:             1             32  ch.qos.logback.core.joran.conditional.ThenAction
2735:             1             32  ch.qos.logback.core.joran.spi.SimpleRuleStore
2736:             1             32  ch.qos.logback.core.joran.util.beans.BeanDescriptionCache
2737:             1             32  com.alibaba.com.caucho.hessian.io.BigIntegerDeserializer
2738:             1             32  com.alibaba.com.caucho.hessian.io.StackTraceElementDeserializer
2739:             1             32  com.alibaba.druid.proxy.DruidDriver
2740:             1             32  com.alibaba.dubbo.remoting.http.tomcat.TomcatHttpServer
2741:             1             32  com.alibaba.dubbo.rpc.protocol.rest.DubboHttpServer
2742:             2             32  com.alibaba.fastjson.parser.deserializer.SqlDateDeserializer
2743:             1             32  com.alibaba.fastjson.serializer.SerializeConfig
2744:             2             32  com.aliyun.openservices.ons.api.impl.rocketmq.ONSClientAbstract$1
2745:             2             32  com.aliyun.openservices.ons.api.impl.rocketmq.ONSClientAbstract$2
2746:             2             32  com.aliyun.openservices.ons.api.impl.tracehook.OnsClientSendMessageHookImpl
2747:             2             32  com.aliyun.openservices.shade.com.alibaba.fastjson.parser.deserializer.JSONPDeserializer
2748:             2             32  com.aliyun.openservices.shade.com.alibaba.fastjson.parser.deserializer.SqlDateDeserializer
2749:             2             32  com.aliyun.openservices.shade.com.alibaba.fastjson.serializer.MiscCodec
2750:             1             32  com.aliyun.openservices.shade.com.alibaba.fastjson.serializer.SerializeConfig
2751:             1             32  com.aliyun.openservices.shade.com.alibaba.rocketmq.logging.inner.Logger$DefaultLoggerRepository
2752:             1             32  com.aliyun.openservices.shade.com.alibaba.rocketmq.logging.inner.Logger$RootLogger
2753:             1             32  com.aliyun.openservices.shade.com.alibaba.rocketmq.logging.inner.LoggingBuilder$AsyncAppender$Dispatcher
2754:             1             32  com.aliyun.openservices.shade.io.netty.buffer.EmptyByteBuf
2755:             1             32  com.aliyun.openservices.shade.io.netty.channel.AbstractChannelHandlerContext$WriteAndFlushTask$1
2756:             1             32  com.aliyun.openservices.shade.io.netty.channel.AbstractChannelHandlerContext$WriteTask$1
2757:             1             32  com.aliyun.openservices.shade.io.netty.channel.ChannelOutboundBuffer$Entry$1
2758:             1             32  com.aliyun.openservices.shade.io.netty.handler.codec.CodecOutputList$1
2759:             1             32  com.aliyun.openservices.shade.io.netty.util.concurrent.DefaultThreadFactory
2760:             1             32  com.fasterxml.jackson.core.util.ByteArrayBuilder
2761:             1             32  com.fasterxml.jackson.core.util.DefaultPrettyPrinter
2762:             1             32  com.fasterxml.jackson.databind.ObjectWriter$GeneratorSettings
2763:             1             32  com.fasterxml.jackson.databind.cfg.DeserializerFactoryConfig
2764:             1             32  com.fasterxml.jackson.databind.introspect.VisibilityChecker$Std
2765:             2             32  com.fasterxml.jackson.databind.node.JsonNodeFactory
2766:             2             32  com.fasterxml.jackson.databind.ser.impl.PropertySerializerMap$Empty
2767:             1             32  com.fasterxml.jackson.databind.ser.std.NumberSerializers$DoubleSerializer
2768:             1             32  com.fasterxml.jackson.databind.ser.std.NumberSerializers$FloatSerializer
2769:             1             32  com.fasterxml.jackson.databind.ser.std.NumberSerializers$IntLikeSerializer
2770:             1             32  com.fasterxml.jackson.databind.ser.std.NumberSerializers$IntegerSerializer
2771:             1             32  com.fasterxml.jackson.databind.ser.std.NumberSerializers$LongSerializer
2772:             1             32  com.fasterxml.jackson.databind.ser.std.NumberSerializers$ShortSerializer
2773:             1             32  com.fasterxml.jackson.databind.type.TypeFactory
2774:             1             32  com.google.common.base.Splitter
2775:             1             32  com.google.common.collect.RegularImmutableList
2776:             1             32  com.hazelcast.cache.impl.CacheSplitBrainHandler
2777:             1             32  com.hazelcast.client.impl.ClientHeartbeatMonitor
2778:             1             32  com.hazelcast.config.DiscoveryConfigReadOnly
2779:             1             32  com.hazelcast.config.EventJournalConfig
2780:             1             32  com.hazelcast.config.ExecutorConfig
2781:             1             32  com.hazelcast.config.ExecutorConfigReadOnly
2782:             2             32  com.hazelcast.config.HotRestartConfig
2783:             2             32  com.hazelcast.config.MemberAttributeConfig
2784:             1             32  com.hazelcast.config.SSLConfig
2785:             1             32  com.hazelcast.config.SocketInterceptorConfig
2786:             2             32  com.hazelcast.config.matcher.MatchingPointConfigPatternMatcher
2787:             1             32  com.hazelcast.instance.DefaultNodeExtension
2788:             2             32  com.hazelcast.internal.ascii.NoOpCommandProcessor
2789:             2             32  com.hazelcast.internal.ascii.memcache.IncrementCommandProcessor
2790:             1             32  com.hazelcast.internal.jmx.ManagementService
2791:             1             32  com.hazelcast.internal.management.ManagementCenterIdentifier
2792:             2             32  com.hazelcast.internal.nearcache.impl.invalidation.BatchInvalidator$1
2793:             2             32  com.hazelcast.internal.nearcache.impl.invalidation.BatchInvalidator$2
2794:             2             32  com.hazelcast.internal.nearcache.impl.invalidation.MetaDataGenerator$1
2795:             2             32  com.hazelcast.internal.nearcache.impl.invalidation.MetaDataGenerator$2
2796:             1             32  com.hazelcast.internal.partition.impl.InternalPartitionListener
2797:             2             32  com.hazelcast.internal.serialization.impl.JavaDefaultSerializers$BigIntegerSerializer
2798:             1             32  com.hazelcast.internal.serialization.impl.PortableContextImpl
2799:             1             32  com.hazelcast.internal.serialization.impl.bufferpool.BufferPoolThreadLocal
2800:             1             32  com.hazelcast.internal.util.LockGuard
2801:             2             32  com.hazelcast.logging.LoggerFactorySupport$1
2802:             2             32  com.hazelcast.map.impl.querycache.accumulator.DefaultAccumulatorInfoSupplier
2803:             2             32  com.hazelcast.nio.ClassLoaderUtil$ClassLoaderWeakCache
2804:             2             32  com.hazelcast.nio.tcp.MemberChannelOutboundHandler
2805:             1             32  com.hazelcast.nio.tcp.TcpIpConnector
2806:             1             32  com.hazelcast.quorum.impl.QuorumServiceImpl
2807:             1             32  com.hazelcast.replicatedmap.impl.ReplicatedMapEventPublishingService
2808:             1             32  com.hazelcast.replicatedmap.impl.ReplicatedMapSplitBrainHandlerService
2809:             1             32  com.hazelcast.scheduledexecutor.impl.ScheduledExecutorMemberBin
2810:             1             32  com.hazelcast.spi.discovery.impl.DefaultDiscoveryService
2811:             1             32  com.hazelcast.spi.impl.operationservice.impl.InvocationRegistry
2812:             1             32  com.hazelcast.spi.impl.operationservice.impl.OperationBackupHandler
2813:             1             32  com.hazelcast.spi.impl.operationservice.impl.OutboundResponseHandler
2814:             1             32  com.hazelcast.spi.impl.proxyservice.impl.ProxyRegistry
2815:             1             32  com.hazelcast.transaction.TransactionOptions
2816:             1             32  com.hazelcast.util.PhoneHome$1
2817:             1             32  com.hazelcast.util.executor.StripedExecutor
2818:             2             32  com.hazelcast.wan.impl.WanEventCounterContainer
2819:             1             32  com.hazelcast.wan.impl.WanReplicationServiceImpl
2820:             2             32  com.mysql.jdbc.Driver
2821:             2             32  com.mysql.jdbc.log.StandardLogger
2822:             1             32  com.ruubypay.common.enumpackage.CardTypeEnum
2823:             1             32  com.ruubypay.common.enumpackage.SecurityTypeEnum
2824:             2             32  com.ruubypay.dubbo.extension.TraceFilter
2825:             1             32  com.ruubypay.function.AdvanceRepayServiceFunction
2826:             1             32  com.ruubypay.function.FaceVerifyService
2827:             1             32  com.ruubypay.function.OpenBusinessService
2828:             1             32  com.ruubypay.function.PayChannelFunction
2829:             1             32  com.ruubypay.function.PayChannelRepaymentService
2830:             1             32  com.ruubypay.function.riskdisposefactory.RiskDisposeFactory
2831:             1             32  com.ruubypay.function.riskdisposefactory.impl.ForbidCodeImpl
2832:             1             32  com.ruubypay.function.riskdisposefactory.impl.ForbidPassImpl
2833:             1             32  com.ruubypay.function.riskdisposefactory.impl.WarningImpl
2834:             1             32  com.ruubypay.ratelimit.configtoolkit.RefreshableRuleStorage
2835:             2             32  com.ruubypay.service.impl.CodeConditionQueryImpl$$EnhancerBySpringCGLIB$$219dbebd$$FastClassBySpringCGLIB$$d6b38efb
2836:             2             32  com.ruubypay.service.impl.CodeConditionQueryImpl$$FastClassBySpringCGLIB$$7f147b6d
2837:             1             32  com.ruubypay.service.impl.SignCMBImpl
2838:             1             32  com.ruubypay.service.impl.SignICBCImpl
2839:             1             32  com.ruubypay.service.impl.SignJDImpl
2840:             1             32  com.ruubypay.service.impl.UnionPayImpl
2841:             2             32  com.sun.beans.WeakCache
2842:             1             32  com.sun.beans.finder.BeanInfoFinder
2843:             1             32  com.sun.jmx.mbeanserver.Repository
2844:             1             32  com.sun.org.apache.xalan.internal.utils.FeatureManager$Feature
2845:             2             32  com.sun.org.apache.xerces.internal.impl.XMLDocumentScannerImpl$PrologDriver
2846:             2             32  com.sun.org.apache.xerces.internal.impl.XMLDocumentScannerImpl$TrailingMiscDriver
2847:             2             32  com.sun.org.apache.xerces.internal.impl.XMLDocumentScannerImpl$XMLDeclDriver
2848:             1             32  com.sun.org.apache.xerces.internal.impl.XMLEntityScanner$1
2849:             2             32  com.sun.org.apache.xerces.internal.impl.dv.dtd.ENTITYDatatypeValidator
2850:             2             32  com.sun.org.apache.xerces.internal.impl.dv.xs.QNameDV
2851:             2             32  com.sun.org.apache.xerces.internal.impl.xpath.regex.Token
2852:             1             32  com.sun.org.apache.xerces.internal.impl.xs.XSModelGroupImpl
2853:             1             32  com.sun.org.apache.xerces.internal.impl.xs.XSWildcardDecl
2854:             1             32  com.sun.org.apache.xerces.internal.jaxp.SAXParserFactoryImpl
2855:             1             32  com.sun.org.apache.xerces.internal.util.NamespaceSupport
2856:             1             32  com.sun.org.apache.xml.internal.utils.XMLReaderManager
2857:             2             32  com.sun.proxy.$Proxy18
2858:             2             32  com.sun.proxy.$Proxy61
2859:             2             32  com.sun.proxy.$Proxy75
2860:             1             32  java.beans.ThreadGroupContext
2861:             1             32  java.beans.ThreadGroupContext$1
2862:             1             32  java.io.UnixFileSystem
2863:             1             32  java.lang.ArithmeticException
2864:             1             32  java.lang.ArrayIndexOutOfBoundsException
2865:             2             32  java.lang.Boolean
2866:             1             32  java.lang.ClassCastException
2867:             2             32  java.lang.Shutdown$Lock
2868:             1             32  java.lang.UnsupportedOperationException
2869:             1             32  java.lang.reflect.WeakCache
2870:             1             32  java.lang.reflect.WeakCache$CacheKey
2871:             2             32  java.nio.ByteOrder
2872:             1             32  java.nio.channels.NotYetConnectedException
2873:             2             32  java.security.AllPermission
2874:             1             32  java.security.ProtectionDomain$WeakProtectionDomainKey
2875:             1             32  java.text.DontCareFieldPosition
2876:             2             32  java.util.WeakHashMap$KeySet
2877:             1             32  java.util.concurrent.CancellationException
2878:             1             32  java.util.concurrent.ThreadLocalRandom
2879:             2             32  java.util.jar.JarVerifier$3
2880:             1             32  java.util.logging.LogManager$SystemLoggerContext
2881:             2             32  java.util.logging.SimpleFormatter
2882:             2             32  java.util.regex.Pattern$All
2883:             2             32  javassist.ClassPoolTail
2884:             1             32  javax.crypto.spec.RC5ParameterSpec
2885:             2             32  javax.xml.validation.SecuritySupport
2886:             2             32  javax.xml.xpath.SecuritySupport
2887:             2             32  net.logstash.logback.encoder.org.apache.commons.lang.time.FastDateFormat$TimeZoneNumberRule
2888:             1             32  org.I0Itec.zkclient.ZkConnection
2889:             1             32  org.I0Itec.zkclient.ZkLock
2890:             1             32  org.apache.catalina.authenticator.jaspic.AuthConfigFactoryImpl
2891:             1             32  org.apache.catalina.mapper.Mapper
2892:             1             32  org.apache.catalina.mapper.Mapper$MappedHost
2893:             1             32  org.apache.coyote.AbstractProtocol$ConnectionHandler
2894:             2             32  org.apache.ibatis.executor.keygen.Jdbc3KeyGenerator
2895:             2             32  org.apache.ibatis.ognl.OgnlRuntime$ClassPropertyMethodCache
2896:             1             32  org.apache.ibatis.type.TypeHandlerRegistry
2897:             2             32  org.apache.jute.BinaryInputArchive
2898:             1             32  org.apache.tomcat.util.collections.ManagedConcurrentWeakHashMap
2899:             1             32  org.apache.tomcat.util.descriptor.web.LoginConfig
2900:             1             32  org.apache.tomcat.util.digester.RulesBase
2901:             1             32  org.apache.tomcat.util.threads.LimitLatch
2902:             1             32  org.apache.tomcat.util.threads.LimitLatch$Sync
2903:             1             32  org.apache.tomcat.util.threads.TaskThreadFactory
2904:             2             32  org.apache.zookeeper.server.ByteBufferInputStream
2905:             2             32  org.aspectj.weaver.ast.Literal
2906:             1             32  org.aspectj.weaver.patterns.AnyAnnotationTypePattern
2907:             1             32  org.aspectj.weaver.patterns.BasicToken
2908:             1             32  org.aspectj.weaver.patterns.EllipsisAnnotationTypePattern
2909:             1             32  org.aspectj.weaver.patterns.ModifiersPattern
2910:             1             32  org.aspectj.weaver.patterns.ThrowsPattern
2911:             2             32  org.aspectj.weaver.patterns.TypePattern$MatchKind
2912:             2             32  org.aspectj.weaver.reflect.ReflectionWorld$ExceptionBasedMessageHandler
2913:             2             32  org.aspectj.weaver.tools.DefaultMatchingContext
2914:             1             32  org.codehaus.jackson.map.deser.BeanDeserializerFactory$ConfigImpl
2915:             1             32  org.codehaus.jackson.map.deser.StdDeserializerProvider
2916:             1             32  org.codehaus.jackson.map.introspect.VisibilityChecker$Std
2917:             2             32  org.codehaus.jackson.map.ser.StdSerializers$NumberSerializer
2918:             2             32  org.codehaus.jackson.map.ser.std.StdKeySerializer
2919:             1             32  org.codehaus.jackson.map.type.TypeFactory
2920:             2             32  org.codehaus.jackson.map.util.RootNameLookup
2921:             1             32  org.codehaus.jackson.sym.Name3
2922:             1             32  org.codehaus.jackson.sym.NameN
2923:             1             32  org.codehaus.jackson.util.ByteArrayBuilder
2924:             2             32  org.jboss.netty.buffer.HeapChannelBufferFactory
2925:             1             32  org.jboss.netty.channel.socket.nio.NioClientSocketChannelFactory
2926:             1             32  org.jboss.netty.channel.socket.nio.NioWorkerPool
2927:             1             32  org.jboss.netty.util.HashedWheelTimer$Worker
2928:             1             32  org.jboss.resteasy.core.ResourceMethodRegistry
2929:             1             32  org.jboss.resteasy.core.interception.ClientResponseFilterRegistry
2930:             1             32  org.jboss.resteasy.core.interception.InterceptorRegistry$PerMethodInterceptorFactory
2931:             1             32  org.jboss.resteasy.core.interception.JaxrsInterceptorRegistry
2932:             2             32  org.jboss.resteasy.plugins.interceptors.CacheControlFeature
2933:             2             32  org.jboss.resteasy.plugins.providers.ByteArrayProvider
2934:             2             32  org.jboss.resteasy.plugins.providers.DataSourceProvider
2935:             2             32  org.jboss.resteasy.plugins.providers.DefaultTextPlain
2936:             2             32  org.jboss.resteasy.plugins.providers.FileProvider
2937:             2             32  org.jboss.resteasy.plugins.providers.FormUrlEncodedProvider
2938:             2             32  org.jboss.resteasy.plugins.providers.IIOImageProvider
2939:             2             32  org.jboss.resteasy.plugins.providers.InputStreamProvider
2940:             2             32  org.jboss.resteasy.plugins.providers.JaxrsFormProvider
2941:             2             32  org.jboss.resteasy.plugins.providers.ReaderProvider
2942:             2             32  org.jboss.resteasy.plugins.providers.SerializableProvider
2943:             2             32  org.jboss.resteasy.plugins.providers.SourceProvider
2944:             2             32  org.jboss.resteasy.plugins.providers.StringTextStar
2945:             2             32  org.jboss.resteasy.util.ThreadLocalStack
2946:             2             32  org.springframework.aop.aspectj.AbstractAspectJAdvice$AdviceExcludingMethodMatcher
2947:             2             32  org.springframework.aop.aspectj.AspectJExpressionPointcut$BeanNamePointcutDesignatorHandler
2948:             1             32  org.springframework.beans.factory.annotation.RequiredAnnotationBeanPostProcessor
2949:             1             32  org.springframework.beans.factory.support.AbstractAutowireCapableBeanFactory$2
2950:             1             32  org.springframework.beans.factory.support.AbstractBeanFactory$1
2951:             1             32  org.springframework.beans.propertyeditors.ClassArrayEditor
2952:             1             32  org.springframework.beans.propertyeditors.ClassEditor
2953:             1             32  org.springframework.beans.propertyeditors.FileEditor
2954:             1             32  org.springframework.beans.propertyeditors.InputSourceEditor
2955:             1             32  org.springframework.beans.propertyeditors.InputStreamEditor
2956:             1             32  org.springframework.beans.propertyeditors.URIEditor
2957:             1             32  org.springframework.beans.propertyeditors.URLEditor
2958:             1             32  org.springframework.cglib.core.ClassNameReader$EarlyExitException
2959:             2             32  org.springframework.cglib.proxy.DispatcherGenerator
2960:             1             32  org.springframework.context.annotation.ConditionEvaluator$ConditionContextImpl
2961:             1             32  org.springframework.context.annotation.ConfigurationClassParser$ImportStack
2962:             1             32  org.springframework.context.support.DefaultLifecycleProcessor
2963:             1             32  org.springframework.context.support.DelegatingMessageSource
2964:             2             32  org.springframework.core.$Proxy14
2965:             2             32  org.springframework.core.DefaultParameterNameDiscoverer
2966:             2             32  org.springframework.core.LocalVariableTableParameterNameDiscoverer
2967:             2             32  org.springframework.core.StandardReflectionParameterNameDiscoverer
2968:             2             32  org.springframework.core.convert.support.ArrayToCollectionConverter
2969:             2             32  org.springframework.core.convert.support.ArrayToObjectConverter
2970:             2             32  org.springframework.core.convert.support.ArrayToStringConverter
2971:             2             32  org.springframework.core.convert.support.ByteBufferConverter
2972:             2             32  org.springframework.core.convert.support.CharacterToNumberFactory
2973:             2             32  org.springframework.core.convert.support.CollectionToCollectionConverter
2974:             2             32  org.springframework.core.convert.support.CollectionToObjectConverter
2975:             2             32  org.springframework.core.convert.support.EnumToStringConverter
2976:             2             32  org.springframework.core.convert.support.FallbackObjectToStringConverter
2977:             2             32  org.springframework.core.convert.support.GenericConversionService$NoOpConverter
2978:             2             32  org.springframework.core.convert.support.IdToEntityConverter
2979:             2             32  org.springframework.core.convert.support.MapToMapConverter
2980:             2             32  org.springframework.core.convert.support.NumberToCharacterConverter
2981:             2             32  org.springframework.core.convert.support.NumberToNumberConverterFactory
2982:             2             32  org.springframework.core.convert.support.ObjectToArrayConverter
2983:             2             32  org.springframework.core.convert.support.ObjectToCollectionConverter
2984:             2             32  org.springframework.core.convert.support.ObjectToObjectConverter
2985:             2             32  org.springframework.core.convert.support.ObjectToOptionalConverter
2986:             2             32  org.springframework.core.convert.support.PropertiesToStringConverter
2987:             2             32  org.springframework.core.convert.support.StringToArrayConverter
2988:             2             32  org.springframework.core.convert.support.StringToBooleanConverter
2989:             2             32  org.springframework.core.convert.support.StringToCharacterConverter
2990:             2             32  org.springframework.core.convert.support.StringToCollectionConverter
2991:             2             32  org.springframework.core.convert.support.StringToEnumConverterFactory
2992:             2             32  org.springframework.core.convert.support.StringToLocaleConverter
2993:             2             32  org.springframework.core.convert.support.StringToNumberConverterFactory
2994:             2             32  org.springframework.core.convert.support.StringToPropertiesConverter
2995:             2             32  org.springframework.core.convert.support.StringToUUIDConverter
2996:             2             32  org.springframework.core.convert.support.ZoneIdToTimeZoneConverter
2997:             2             32  org.springframework.core.convert.support.ZonedDateTimeToCalendarConverter
2998:             1             32  org.springframework.core.env.StandardEnvironment
2999:             2             32  org.springframework.core.io.DescriptiveResource
3000:             2             32  org.springframework.expression.spel.standard.SpelExpressionParser
3001:             1             32  org.springframework.expression.spel.support.ReflectivePropertyAccessor
3002:             1             32  sun.net.www.http.KeepAliveStreamCleaner
3003:             2             32  sun.net.www.protocol.file.Handler
3004:             2             32  sun.nio.ch.SocketDispatcher
3005:             1             32  sun.nio.cs.StandardCharsets
3006:             1             32  sun.nio.fs.LinuxFileSystem
3007:             1             32  sun.reflect.UnsafeQualifiedBooleanFieldAccessorImpl
3008:             1             32  sun.reflect.UnsafeQualifiedFloatFieldAccessorImpl
3009:             1             32  sun.reflect.UnsafeQualifiedIntegerFieldAccessorImpl
3010:             1             32  sun.reflect.UnsafeQualifiedLongFieldAccessorImpl
3011:             1             32  sun.reflect.UnsafeStaticCharacterFieldAccessorImpl
3012:             1             32  sun.security.provider.PolicyFile
3013:             1             32  sun.security.provider.PolicyFile$PolicyInfo
3014:             1             32  sun.security.validator.SimpleValidator
3015:             1             32  sun.security.x509.AuthorityInfoAccessExtension
3016:             1             32  sun.security.x509.IssuerAlternativeNameExtension
3017:             1             32  sun.security.x509.PolicyMappingsExtension
3018:             1             32  sun.util.locale.provider.LocaleResources
3019:             1             24  [Lch.qos.logback.core.joran.spi.ConsoleTarget;
3020:             1             24  [Lch.qos.logback.core.rolling.SizeAndTimeBasedFNATP$Usage;
3021:             1             24  [Lch.qos.logback.core.subst.Node$Type;
3022:             1             24  [Lcom.alibaba.dubbo.remoting.Codec2$DecodeResult;
3023:             1             24  [Lcom.alibaba.ons.open.trace.core.common.OnsTraceDispatcherType;
3024:             1             24  [Lcom.aliyun.openservices.shade.com.alibaba.rocketmq.remoting.protocol.RemotingCommandType;
3025:             1             24  [Lcom.fasterxml.jackson.databind.deser.KeyDeserializers;
3026:             1             24  [Lcom.fasterxml.jackson.jaxrs.cfg.JaxRSFeature;
3027:             1             24  [Lcom.google.common.cache.CacheBuilder$NullListener;
3028:             1             24  [Lcom.google.common.cache.CacheBuilder$OneWeigher;
3029:             1             24  [Lcom.google.gson.LongSerializationPolicy;
3030:             1             24  [Lcom.hazelcast.client.impl.protocol.codec.CardinalityEstimatorMessageType;
3031:             1             24  [Lcom.hazelcast.config.NativeMemoryConfig$MemoryAllocatorType;
3032:             1             24  [Lcom.hazelcast.config.UserCodeDeploymentConfig$ClassCacheMode;
3033:             1             24  [Lcom.hazelcast.core.DistributedObjectEvent$EventType;
3034:             1             24  [Lcom.hazelcast.spi.discovery.integration.DiscoveryMode;
3035:             1             24  [Lcom.hazelcast.spi.impl.operationexecutor.impl.PartitionOperationThread;
3036:             1             24  [Lcom.hazelcast.spi.partition.MigrationEndpoint;
3037:             1             24  [Lcom.hazelcast.util.executor.ExecutorType;
3038:             1             24  [Lcom.hazelcast.util.scheduler.ScheduleType;
3039:             1             24  [Lcom.ruubypay.common.enumpackage.CardTypeEnum;
3040:             1             24  [Lcom.ruubypay.common.enumpackage.OnlineTradeEnum.BWTypeEnum;
3041:             1             24  [Lcom.ruubypay.common.enumpackage.SecurityTypeEnum;
3042:             1             24  [Lcom.sun.org.apache.xalan.internal.utils.FeatureManager$Feature;
3043:             1             24  [Lcom.sun.org.apache.xalan.internal.utils.XMLSecurityPropertyManager$Property;
3044:             1             24  [Lcom.sun.org.apache.xerces.internal.utils.XMLSecurityPropertyManager$Property;
3045:             1             24  [Ljava.io.File$PathStatus;
3046:             1             24  [Ljava.io.ObjectStreamClass$ClassDataSlot;
3047:             1             24  [Ljava.lang.ClassValue$Entry;
3048:             1             24  [Ljava.net.InetAddress$Cache$Type;
3049:             1             24  [Ljava.net.StandardProtocolFamily;
3050:             1             24  [Ljava.util.Locale$Category;
3051:             1             24  [Ljava.util.Properties;
3052:             1             24  [Lorg.apache.catalina.Service;
3053:             1             24  [Lorg.apache.catalina.WebResource;
3054:             1             24  [Lorg.apache.catalina.connector.Connector;
3055:             1             24  [Lorg.apache.catalina.mapper.Mapper$ContextVersion;
3056:             1             24  [Lorg.apache.catalina.mapper.Mapper$MappedContext;
3057:             1             24  [Lorg.apache.catalina.mapper.Mapper$MappedHost;
3058:             1             24  [Lorg.apache.ibatis.executor.ExecutionPlaceholder;
3059:             1             24  [Lorg.apache.ibatis.mapping.ResultFlag;
3060:             1             24  [Lorg.apache.ibatis.ognl.Node;
3061:             1             24  [Lorg.apache.ibatis.ognl.internal.ClassCache;
3062:             1             24  [Lorg.apache.ibatis.session.LocalCacheScope;
3063:             1             24  [Lorg.apache.tomcat.util.IntrospectionUtils$PropertySource;
3064:             1             24  [Lorg.apache.tomcat.util.buf.UEncoder$SafeCharsSet;
3065:             1             24  [Lorg.apache.tomcat.util.net.AbstractEndpoint$Acceptor;
3066:             1             24  [Lorg.apache.tomcat.util.net.NioEndpoint$Poller;
3067:             1             24  [Lorg.jboss.netty.channel.socket.nio.Boss;
3068:             1             24  [Lorg.springframework.context.annotation.ConfigurationCondition$ConfigurationPhase;
3069:             1             24  [Lorg.springframework.core.io.Resource;
3070:             1             24  [Lorg.springframework.util.ConcurrentReferenceHashMap$ReferenceType;
3071:             1             24  [Lorg.springframework.util.ConcurrentReferenceHashMap$Restructure;
3072:             1             24  [Lsun.launcher.LauncherHelper;
3073:             1             24  [Lsun.misc.JavaSecurityProtectionDomainAccess$ProtectionDomainCache;
3074:             1             24  ch.qos.logback.classic.joran.action.ConsolePluginAction
3075:             1             24  ch.qos.logback.classic.joran.action.ContextNameAction
3076:             1             24  ch.qos.logback.classic.joran.action.InsertFromJNDIAction
3077:             1             24  ch.qos.logback.classic.joran.action.JMXConfiguratorAction
3078:             1             24  ch.qos.logback.classic.spi.TurboFilterList
3079:             1             24  ch.qos.logback.classic.util.ContextSelectorStaticBinder
3080:             1             24  ch.qos.logback.classic.util.LogbackMDCAdapter
3081:             1             24  ch.qos.logback.core.joran.action.ContextPropertyAction
3082:             1             24  ch.qos.logback.core.joran.spi.CAI_WithLocatorSupport
3083:             1             24  ch.qos.logback.core.joran.spi.EventPlayer
3084:             1             24  ch.qos.logback.core.joran.util.beans.BeanDescriptionFactory
3085:             1             24  com.alibaba.druid.pool.vendor.MySqlValidConnectionChecker
3086:             1             24  com.alibaba.dubbo.monitor.support.MonitorFilter
3087:             1             24  com.alibaba.dubbo.rpc.filter.AccessLogFilter
3088:             1             24  com.alibaba.dubbo.rpc.protocol.dubbo.DubboProtocol$1
3089:             1             24  com.alibaba.dubbo.rpc.protocol.injvm.InjvmProtocol
3090:             1             24  com.alibaba.dubbo.rpc.proxy.wrapper.StubProxyFactoryWrapper
3091:             1             24  com.alibaba.fastjson.parser.SymbolTable
3092:             1             24  com.alibaba.fastjson.parser.deserializer.ASMDeserializerFactory
3093:             1             24  com.alibaba.fastjson.serializer.ASMSerializerFactory
3094:             1             24  com.alibaba.fastjson.util.IdentityHashMap
3095:             1             24  com.aliyun.openservices.ons.api.impl.rocketmq.ClientRPCHook
3096:             1             24  com.aliyun.openservices.shade.com.alibaba.fastjson.parser.SymbolTable
3097:             1             24  com.aliyun.openservices.shade.com.alibaba.fastjson.parser.deserializer.ASMDeserializerFactory
3098:             1             24  com.aliyun.openservices.shade.com.alibaba.fastjson.serializer.ASMSerializerFactory
3099:             1             24  com.aliyun.openservices.shade.com.alibaba.rocketmq.client.impl.MQClientManager
3100:             1             24  com.aliyun.openservices.shade.io.netty.buffer.UnpooledByteBufAllocator
3101:             1             24  com.aliyun.openservices.shade.io.netty.channel.AdaptiveRecvByteBufAllocator
3102:             1             24  com.aliyun.openservices.shade.io.netty.util.concurrent.FailedFuture
3103:             1             24  com.aliyun.openservices.shade.io.netty.util.internal.UnsafeAtomicLongFieldUpdater
3104:             1             24  com.fasterxml.jackson.core.io.JsonStringEncoder
3105:             1             24  com.fasterxml.jackson.core.sym.Name1
3106:             1             24  com.fasterxml.jackson.core.util.DefaultIndenter
3107:             1             24  com.fasterxml.jackson.databind.ObjectWriter$Prefetch
3108:             1             24  com.fasterxml.jackson.databind.cfg.ContextAttributes$Impl
3109:             1             24  com.fasterxml.jackson.databind.cfg.SerializerFactoryConfig
3110:             1             24  com.fasterxml.jackson.databind.deser.impl.FailingDeserializer
3111:             1             24  com.fasterxml.jackson.databind.ser.impl.FailingSerializer
3112:             1             24  com.fasterxml.jackson.databind.ser.std.CalendarSerializer
3113:             1             24  com.fasterxml.jackson.databind.ser.std.DateSerializer
3114:             1             24  com.fasterxml.jackson.databind.ser.std.StdArraySerializers$BooleanArraySerializer
3115:             1             24  com.fasterxml.jackson.databind.ser.std.StdArraySerializers$DoubleArraySerializer
3116:             1             24  com.fasterxml.jackson.databind.ser.std.StdArraySerializers$FloatArraySerializer
3117:             1             24  com.fasterxml.jackson.databind.ser.std.StdArraySerializers$IntArraySerializer
3118:             1             24  com.fasterxml.jackson.databind.ser.std.StdArraySerializers$LongArraySerializer
3119:             1             24  com.fasterxml.jackson.databind.ser.std.StdArraySerializers$ShortArraySerializer
3120:             1             24  com.google.common.base.CharMatcher$Or
3121:             1             24  com.google.common.base.Joiner$1
3122:             1             24  com.google.common.base.Joiner$MapJoiner
3123:             1             24  com.google.common.cache.CacheBuilder$NullListener
3124:             1             24  com.google.common.cache.CacheBuilder$OneWeigher
3125:             1             24  com.google.common.cache.LocalCache$EntryFactory$1
3126:             1             24  com.google.common.cache.LocalCache$EntryFactory$2
3127:             1             24  com.google.common.cache.LocalCache$EntryFactory$3
3128:             1             24  com.google.common.cache.LocalCache$EntryFactory$4
3129:             1             24  com.google.common.cache.LocalCache$EntryFactory$5
3130:             1             24  com.google.common.cache.LocalCache$EntryFactory$6
3131:             1             24  com.google.common.cache.LocalCache$EntryFactory$7
3132:             1             24  com.google.common.cache.LocalCache$EntryFactory$8
3133:             1             24  com.google.common.cache.LocalCache$Strength$1
3134:             1             24  com.google.common.cache.LocalCache$Strength$2
3135:             1             24  com.google.common.cache.LocalCache$Strength$3
3136:             1             24  com.google.gson.FieldNamingPolicy$1
3137:             1             24  com.google.gson.FieldNamingPolicy$2
3138:             1             24  com.google.gson.FieldNamingPolicy$3
3139:             1             24  com.google.gson.FieldNamingPolicy$4
3140:             1             24  com.google.gson.FieldNamingPolicy$5
3141:             1             24  com.google.gson.Gson$1
3142:             1             24  com.google.gson.LongSerializationPolicy$1
3143:             1             24  com.google.gson.LongSerializationPolicy$2
3144:             1             24  com.google.gson.internal.bind.TypeAdapters$34
3145:             1             24  com.hazelcast.cache.impl.CacheContext
3146:             1             24  com.hazelcast.cache.impl.CacheEventHandler
3147:             1             24  com.hazelcast.cache.impl.journal.RingbufferCacheEventJournalImpl
3148:             1             24  com.hazelcast.cache.impl.merge.policy.CacheMergePolicyProvider
3149:             1             24  com.hazelcast.cardinality.impl.CardinalityEstimatorService
3150:             1             24  com.hazelcast.client.impl.ClientEndpointManagerImpl
3151:             1             24  com.hazelcast.client.impl.ClientPartitionListenerService
3152:             1             24  com.hazelcast.client.impl.CompositeMessageTaskFactory
3153:             1             24  com.hazelcast.client.impl.protocol.ClientExceptionFactory
3154:             1             24  com.hazelcast.client.impl.protocol.DefaultMessageTaskFactoryProvider
3155:             1             24  com.hazelcast.collection.impl.list.ListService
3156:             1             24  com.hazelcast.collection.impl.set.SetService
3157:             1             24  com.hazelcast.concurrent.atomiclong.AtomicLongService
3158:             1             24  com.hazelcast.concurrent.atomicreference.AtomicReferenceService
3159:             1             24  com.hazelcast.concurrent.countdownlatch.CountDownLatchService
3160:             1             24  com.hazelcast.concurrent.semaphore.SemaphoreService
3161:             1             24  com.hazelcast.config.CacheSimpleConfig$ExpiryPolicyFactoryConfig
3162:             1             24  com.hazelcast.config.CacheSimpleConfig$ExpiryPolicyFactoryConfig$DurationConfig
3163:             1             24  com.hazelcast.config.CacheSimpleConfig$ExpiryPolicyFactoryConfig$TimedExpiryPolicyFactoryConfig
3164:             1             24  com.hazelcast.config.DiscoveryStrategyConfig
3165:             1             24  com.hazelcast.config.properties.PropertyTypeConverter$1
3166:             1             24  com.hazelcast.config.properties.PropertyTypeConverter$2
3167:             1             24  com.hazelcast.config.properties.PropertyTypeConverter$3
3168:             1             24  com.hazelcast.config.properties.PropertyTypeConverter$4
3169:             1             24  com.hazelcast.config.properties.PropertyTypeConverter$5
3170:             1             24  com.hazelcast.config.properties.PropertyTypeConverter$6
3171:             1             24  com.hazelcast.config.properties.PropertyTypeConverter$7
3172:             1             24  com.hazelcast.durableexecutor.impl.DistributedDurableExecutorService
3173:             1             24  com.hazelcast.instance.BuildInfoProvider$Overrides
3174:             1             24  com.hazelcast.instance.DefaultOutOfMemoryHandler
3175:             1             24  com.hazelcast.instance.HazelcastInstanceFactory$InstanceFuture
3176:             1             24  com.hazelcast.instance.HazelcastInstanceProxy
3177:             1             24  com.hazelcast.instance.HazelcastManagedContext
3178:             1             24  com.hazelcast.instance.LifecycleServiceImpl
3179:             1             24  com.hazelcast.internal.ascii.memcache.BulkGetCommandProcessor
3180:             1             24  com.hazelcast.internal.ascii.memcache.EntryConverter
3181:             1             24  com.hazelcast.internal.ascii.memcache.GetCommandProcessor
3182:             1             24  com.hazelcast.internal.ascii.memcache.SimpleCommandProcessor
3183:             1             24  com.hazelcast.internal.cluster.impl.SplitBrainHandler
3184:             1             24  com.hazelcast.internal.management.ConsoleCommandHandler
3185:             1             24  com.hazelcast.internal.management.TimedMemberStateFactory
3186:             1             24  com.hazelcast.internal.metrics.impl.MethodProbe$DoubleMethodProbe
3187:             1             24  com.hazelcast.internal.metrics.impl.MetricsRegistryImpl$SortedProbeInstances
3188:             1             24  com.hazelcast.internal.partition.impl.MigrationPlanner
3189:             1             24  com.hazelcast.internal.partition.impl.MigrationQueue
3190:             1             24  com.hazelcast.internal.partition.impl.PartitionEventManager
3191:             1             24  com.hazelcast.internal.partition.impl.PublishPartitionRuntimeStateTask
3192:             1             24  com.hazelcast.internal.serialization.impl.DataSerializableSerializer
3193:             1             24  com.hazelcast.internal.serialization.impl.PortableSerializer
3194:             1             24  com.hazelcast.internal.usercodedeployment.UserCodeDeploymentService
3195:             1             24  com.hazelcast.internal.util.concurrent.MPSCQueue$Node
3196:             1             24  com.hazelcast.map.impl.MapMigrationAwareService
3197:             1             24  com.hazelcast.map.impl.MapPartitionAwareService
3198:             1             24  com.hazelcast.map.impl.MapRemoteService
3199:             1             24  com.hazelcast.map.impl.MapReplicationSupportingService
3200:             1             24  com.hazelcast.map.impl.MapSplitBrainHandlerService
3201:             1             24  com.hazelcast.map.impl.MapTransactionalService
3202:             1             24  com.hazelcast.map.impl.PartitioningStrategyFactory
3203:             1             24  com.hazelcast.map.impl.event.DefaultEntryEventFilteringStrategy
3204:             1             24  com.hazelcast.map.impl.event.MapEventPublishingService
3205:             1             24  com.hazelcast.map.impl.event.QueryCacheEventPublisher
3206:             1             24  com.hazelcast.map.impl.eviction.ExpirationManager$ClearExpiredRecordsTask
3207:             1             24  com.hazelcast.map.impl.journal.RingbufferMapEventJournalImpl
3208:             1             24  com.hazelcast.map.impl.nearcache.invalidation.MemberMapMetaDataFetcher
3209:             1             24  com.hazelcast.map.impl.operation.MapOperationProviders
3210:             1             24  com.hazelcast.map.impl.operation.WANAwareOperationProvider
3211:             1             24  com.hazelcast.map.impl.query.AggregationResultProcessor
3212:             1             24  com.hazelcast.map.impl.query.ParallelAccumulationExecutor
3213:             1             24  com.hazelcast.map.impl.querycache.accumulator.AccumulatorScannerTask
3214:             1             24  com.hazelcast.map.impl.querycache.publisher.MapListenerRegistry
3215:             1             24  com.hazelcast.map.impl.querycache.publisher.MapPublisherRegistry
3216:             1             24  com.hazelcast.map.impl.querycache.subscriber.MapSubscriberRegistry
3217:             1             24  com.hazelcast.map.impl.querycache.subscriber.NodeQueryCacheConfigurator
3218:             1             24  com.hazelcast.map.impl.querycache.subscriber.NodeQueryCacheEventService
3219:             1             24  com.hazelcast.map.impl.querycache.subscriber.NodeQueryCacheScheduler
3220:             1             24  com.hazelcast.map.impl.querycache.subscriber.QueryCacheEndToEndProvider
3221:             1             24  com.hazelcast.map.merge.MergePolicyProvider
3222:             1             24  com.hazelcast.mapreduce.impl.MapReducePortableHook$1
3223:             1             24  com.hazelcast.memory.DefaultMemoryStats
3224:             1             24  com.hazelcast.memory.MemoryUnit$1
3225:             1             24  com.hazelcast.memory.MemoryUnit$2
3226:             1             24  com.hazelcast.memory.MemoryUnit$3
3227:             1             24  com.hazelcast.memory.MemoryUnit$4
3228:             1             24  com.hazelcast.multimap.impl.MultiMapEventsDispatcher
3229:             1             24  com.hazelcast.multimap.impl.MultiMapService$2
3230:             1             24  com.hazelcast.nio.NodeIOService
3231:             1             24  com.hazelcast.nio.Packet$Type$1
3232:             1             24  com.hazelcast.nio.Packet$Type$2
3233:             1             24  com.hazelcast.nio.tcp.MemberChannelInitializer
3234:             1             24  com.hazelcast.query.impl.predicates.RuleBasedQueryOptimizer
3235:             1             24  com.hazelcast.replicatedmap.impl.client.ReplicatedMapPortableHook$1
3236:             1             24  com.hazelcast.replicatedmap.merge.MergePolicyProvider
3237:             1             24  com.hazelcast.ringbuffer.impl.RingbufferService
3238:             1             24  com.hazelcast.spi.CallsPerMember
3239:             1             24  com.hazelcast.spi.discovery.SimpleDiscoveryNode
3240:             1             24  com.hazelcast.spi.impl.CountingMigrationAwareService
3241:             1             24  com.hazelcast.spi.impl.NodeEngineImpl$1
3242:             1             24  com.hazelcast.spi.impl.executionservice.impl.CompletableFutureTask
3243:             1             24  com.hazelcast.spi.impl.operationservice.impl.AsyncInboundResponseHandler
3244:             1             24  com.hazelcast.spi.impl.operationservice.impl.OutboundOperationHandler
3245:             1             24  com.hazelcast.spi.impl.proxyservice.impl.DistributedObjectFuture
3246:             1             24  com.hazelcast.spi.impl.sequence.CallIdSequenceWithoutBackpressure
3247:             1             24  com.hazelcast.spi.impl.servicemanager.impl.ServiceManagerImpl
3248:             1             24  com.hazelcast.spi.properties.HazelcastProperties
3249:             1             24  com.hazelcast.topic.impl.reliable.ReliableTopicService
3250:             1             24  com.hazelcast.transaction.impl.xa.XAService
3251:             1             24  com.hazelcast.util.FutureUtil$7
3252:             1             24  com.mysql.jdbc.SingleByteCharsetConverter
3253:             1             24  com.ruubypay.common.SecretKeyConfig
3254:             1             24  com.ruubypay.config.InitConfigParameter
3255:             1             24  com.ruubypay.function.AuthMacKeyFunction
3256:             1             24  com.ruubypay.function.MacUtil
3257:             1             24  com.ruubypay.function.OBPSFunction
3258:             1             24  com.ruubypay.function.OspTransService
3259:             1             24  com.ruubypay.function.OtsVirtualTicketService
3260:             1             24  com.ruubypay.function.PayCenterFunction
3261:             1             24  com.ruubypay.function.UnionPayFunction
3262:             1             24  com.ruubypay.function.codecondition.CopywriterService
3263:             1             24  com.ruubypay.function.codecondition.PayChannelService
3264:             1             24  com.ruubypay.function.facefactory.CheckCollectFaceConditionFactory
3265:             1             24  com.ruubypay.function.facefactory.impl.JingTouCheckImpl
3266:             1             24  com.ruubypay.producer.FaceVerifyProducer
3267:             1             24  com.ruubypay.producer.FaceVerifyV2Producer
3268:             1             24  com.ruubypay.producer.RiskMessageProducer
3269:             1             24  com.ruubypay.ratelimit.RateLimitHandler
3270:             1             24  com.ruubypay.ratelimit.RateLimitImpl
3271:             1             24  com.ruubypay.ratelimit.script.SpelScriptParser
3272:             1             24  com.ruubypay.service.impl.CardBindOperateImpl
3273:             1             24  com.ruubypay.service.impl.MessageImpl
3274:             1             24  com.ruubypay.service.impl.StationInfoImpl
3275:             1             24  com.sun.beans.util.Cache$Kind$1
3276:             1             24  com.sun.beans.util.Cache$Kind$2
3277:             1             24  com.sun.beans.util.Cache$Kind$3
3278:             1             24  com.sun.jmx.mbeanserver.ClassLoaderRepositorySupport
3279:             1             24  com.sun.jmx.mbeanserver.MXBeanLookup
3280:             1             24  com.sun.jmx.remote.util.ClassLogger
3281:             1             24  com.sun.org.apache.xerces.internal.impl.Constants$ArrayEnumeration
3282:             1             24  com.sun.org.apache.xerces.internal.impl.XMLDocumentScannerImpl$ContentDriver
3283:             1             24  com.sun.org.apache.xerces.internal.impl.XMLNSDocumentScannerImpl$NSContentDriver
3284:             1             24  com.sun.org.apache.xerces.internal.impl.msg.XMLMessageFormatter
3285:             1             24  com.sun.org.apache.xerces.internal.impl.validation.ValidationManager
3286:             1             24  com.sun.org.apache.xerces.internal.impl.xs.util.ShortListImpl
3287:             1             24  com.sun.org.apache.xerces.internal.impl.xs.util.XSObjectListImpl
3288:             1             24  com.sun.org.apache.xerces.internal.parsers.AbstractSAXParser$LocatorProxy
3289:             1             24  com.sun.org.apache.xerces.internal.utils.XMLSecurityPropertyManager
3290:             1             24  com.sun.org.apache.xml.internal.serializer.Encodings$EncodingInfos
3291:             1             24  io.github.bucket4j.grid.CommandResult
3292:             1             24  java.io.ObjectStreamClass$ClassDataSlot
3293:             1             24  java.lang.ClassValue$Version
3294:             1             24  java.lang.ProcessEnvironment$StringEnvironment
3295:             1             24  java.lang.invoke.MethodHandleImpl$4
3296:             1             24  java.lang.invoke.MethodType$ConcurrentWeakInternSet
3297:             1             24  java.math.MutableBigInteger
3298:             1             24  java.net.Inet4AddressImpl
3299:             1             24  java.net.Proxy
3300:             1             24  java.net.SocketPermissionCollection
3301:             1             24  java.security.AllPermissionCollection
3302:             1             24  java.security.Policy$PolicyInfo
3303:             1             24  java.security.Policy$UnsupportedEmptyCollection
3304:             1             24  java.security.ProtectionDomain$PDCache
3305:             1             24  java.time.Period
3306:             1             24  java.util.Collections$EmptyMap
3307:             1             24  java.util.Collections$SynchronizedList
3308:             1             24  java.util.Collections$SynchronizedRandomAccessList
3309:             1             24  java.util.Currency
3310:             1             24  java.util.Locale$Cache
3311:             1             24  java.util.OptionalDouble
3312:             1             24  java.util.OptionalInt
3313:             1             24  java.util.OptionalLong
3314:             1             24  java.util.PropertyPermissionCollection
3315:             1             24  java.util.ResourceBundle$Control$CandidateListCache
3316:             1             24  java.util.concurrent.TimeUnit$1
3317:             1             24  java.util.concurrent.TimeUnit$2
3318:             1             24  java.util.concurrent.TimeUnit$3
3319:             1             24  java.util.concurrent.TimeUnit$4
3320:             1             24  java.util.concurrent.TimeUnit$5
3321:             1             24  java.util.concurrent.TimeUnit$6
3322:             1             24  java.util.concurrent.TimeUnit$7
3323:             1             24  java.util.logging.LogManager$LoggerContext
3324:             1             24  java.util.logging.LoggingPermission
3325:             1             24  javax.crypto.spec.RC2ParameterSpec
3326:             1             24  org.apache.catalina.core.ApplicationContextFacade
3327:             1             24  org.apache.catalina.core.StandardContext$ContextFilterMaps
3328:             1             24  org.apache.catalina.core.StandardWrapperFacade
3329:             1             24  org.apache.catalina.mapper.Mapper$ContextList
3330:             1             24  org.apache.catalina.mapper.Mapper$MappedContext
3331:             1             24  org.apache.catalina.mapper.Mapper$MappedWrapper
3332:             1             24  org.apache.catalina.webresources.TomcatURLStreamHandlerFactory
3333:             1             24  org.apache.commons.logging.impl.SLF4JLogFactory
3334:             1             24  org.apache.coyote.AbstractProtocol$AsyncTimeout
3335:             1             24  org.apache.curator.framework.state.ConnectionState$1
3336:             1             24  org.apache.curator.framework.state.ConnectionState$2
3337:             1             24  org.apache.curator.framework.state.ConnectionState$3
3338:             1             24  org.apache.curator.framework.state.ConnectionState$4
3339:             1             24  org.apache.curator.framework.state.ConnectionState$5
3340:             1             24  org.apache.curator.x.discovery.UriSpec
3341:             1             24  org.apache.curator.x.discovery.details.JsonInstanceSerializer
3342:             1             24  org.apache.curator.x.discovery.details.ServiceDiscoveryImpl$Entry
3343:             1             24  org.apache.ibatis.binding.MapperRegistry
3344:             1             24  org.apache.ibatis.executor.ExecutionPlaceholder
3345:             1             24  org.apache.ibatis.io.ClassLoaderWrapper
3346:             1             24  org.apache.ibatis.javassist.util.proxy.ProxyFactory$2
3347:             1             24  org.apache.ibatis.mapping.Environment
3348:             1             24  org.apache.ibatis.ognl.enhance.ExpressionCompiler
3349:             1             24  org.apache.ibatis.reflection.DefaultReflectorFactory
3350:             1             24  org.apache.ibatis.scripting.LanguageDriverRegistry
3351:             1             24  org.apache.ibatis.session.RowBounds
3352:             1             24  org.apache.ibatis.type.BigIntegerTypeHandler
3353:             1             24  org.apache.ibatis.type.ByteArrayTypeHandler
3354:             1             24  org.apache.ibatis.type.ByteObjectArrayTypeHandler
3355:             1             24  org.apache.ibatis.type.ObjectTypeHandler
3356:             1             24  org.apache.ibatis.type.SqlDateTypeHandler
3357:             1             24  org.apache.ibatis.type.SqlTimeTypeHandler
3358:             1             24  org.apache.ibatis.type.SqlTimestampTypeHandler
3359:             1             24  org.apache.ibatis.type.UnknownTypeHandler
3360:             1             24  org.apache.tomcat.util.collections.ConcurrentCache
3361:             1             24  org.apache.tomcat.util.net.NioBlockingSelector
3362:             1             24  org.apache.tomcat.util.net.NioEndpoint$Acceptor
3363:             1             24  org.apache.tomcat.util.net.NioEndpoint$PollerEvent
3364:             1             24  org.apache.tomcat.util.scan.StandardJarScanner
3365:             1             24  org.aspectj.apache.bcel.generic.Type$1
3366:             1             24  org.aspectj.apache.bcel.generic.Type$2
3367:             1             24  org.aspectj.weaver.reflect.JoinPointMatchImpl
3368:             1             24  org.aspectj.weaver.reflect.PointcutParameterImpl
3369:             1             24  org.codehaus.jackson.io.JsonStringEncoder
3370:             1             24  org.codehaus.jackson.map.deser.BeanDeserializerFactory
3371:             1             24  org.codehaus.jackson.map.deser.std.EnumDeserializer
3372:             1             24  org.codehaus.jackson.map.jsontype.impl.AsPropertyTypeSerializer
3373:             1             24  org.codehaus.jackson.map.ser.BeanSerializerFactory
3374:             1             24  org.codehaus.jackson.map.ser.BeanSerializerFactory$ConfigImpl
3375:             1             24  org.codehaus.jackson.map.ser.impl.FailingSerializer
3376:             1             24  org.codehaus.jackson.map.ser.impl.SerializerCache
3377:             1             24  org.codehaus.jackson.map.ser.std.EnumSerializer
3378:             1             24  org.codehaus.jackson.map.ser.std.StdArraySerializers$BooleanArraySerializer
3379:             1             24  org.codehaus.jackson.map.ser.std.StdArraySerializers$DoubleArraySerializer
3380:             1             24  org.codehaus.jackson.map.ser.std.StdArraySerializers$FloatArraySerializer
3381:             1             24  org.codehaus.jackson.map.ser.std.StdArraySerializers$IntArraySerializer
3382:             1             24  org.codehaus.jackson.map.ser.std.StdArraySerializers$LongArraySerializer
3383:             1             24  org.codehaus.jackson.map.ser.std.StdArraySerializers$ShortArraySerializer
3384:             1             24  org.codehaus.jackson.map.util.EnumResolver
3385:             1             24  org.codehaus.jackson.sym.BytesToNameCanonicalizer$Bucket
3386:             1             24  org.codehaus.jackson.util.BufferRecycler
3387:             1             24  org.jboss.netty.channel.AdaptiveReceiveBufferSizePredictorFactory
3388:             1             24  org.jboss.netty.util.internal.SharedResourceMisuseDetector
3389:             1             24  org.jboss.resteasy.core.AcceptHeaderByFileSuffixFilter
3390:             1             24  org.jboss.resteasy.core.ConstructorInjectorImpl
3391:             1             24  org.jboss.resteasy.core.interception.LegacyPrecedence
3392:             1             24  org.jboss.resteasy.core.registry.RootClassNode
3393:             1             24  org.jboss.resteasy.plugins.providers.ServerFormUrlEncodedProvider
3394:             1             24  org.jboss.resteasy.plugins.server.servlet.HttpServletDispatcher
3395:             1             24  org.jboss.resteasy.plugins.server.servlet.ServletBootstrap
3396:             1             24  org.slf4j.helpers.FormattingTuple
3397:             1             24  org.slf4j.helpers.SubstituteLoggerFactory
3398:             1             24  org.slf4j.impl.StaticLoggerBinder
3399:             1             24  org.springframework.aop.aspectj.annotation.ReflectiveAspectJAdvisorFactory
3400:             1             24  org.springframework.aop.framework.autoproxy.AbstractAdvisorAutoProxyCreator$BeanFactoryAdvisorRetrievalHelperAdapter
3401:             1             24  org.springframework.aop.interceptor.ExposeInvocationInterceptor$1
3402:             1             24  org.springframework.beans.TypeConverterDelegate
3403:             1             24  org.springframework.beans.factory.config.BeanExpressionContext
3404:             1             24  org.springframework.beans.support.ResourceEditorRegistrar
3405:             1             24  org.springframework.cglib.core.EmitUtils$ArrayDelimiters
3406:             1             24  org.springframework.cglib.core.MethodWrapper$MethodWrapperKey$$KeyFactoryByCGLIB$$552be97a
3407:             1             24  org.springframework.context.annotation.AnnotationScopeMetadataResolver
3408:             1             24  org.springframework.context.annotation.ConfigurationClassEnhancer$ConditionalCallbackFilter
3409:             1             24  org.springframework.context.annotation.ContextAnnotationAutowireCandidateResolver
3410:             1             24  org.springframework.context.event.ContextRefreshedEvent
3411:             1             24  org.springframework.context.support.PostProcessorRegistrationDelegate$ApplicationListenerDetector
3412:             1             24  org.springframework.context.support.PostProcessorRegistrationDelegate$BeanPostProcessorChecker
3413:             1             24  org.springframework.core.SerializableTypeWrapper$3
3414:             1             24  org.springframework.core.env.MapPropertySource
3415:             1             24  org.springframework.core.env.MutablePropertySources
3416:             1             24  org.springframework.core.env.SystemEnvironmentPropertySource
3417:             1             24  org.springframework.core.io.ClassPathResource
3418:             1             24  org.springframework.core.io.DefaultResourceLoader$ClassPathContextResource
3419:             1             24  org.springframework.core.io.support.PathMatchingResourcePatternResolver
3420:             1             24  org.springframework.core.type.classreading.CachingMetadataReaderFactory
3421:             1             24  org.springframework.expression.spel.support.StandardTypeLocator
3422:             1             24  org.springframework.jndi.JndiTemplate
3423:             1             24  org.springframework.util.AntPathMatcher$AntPathStringMatcher
3424:             1             24  org.springframework.util.AntPathMatcher$PathSeparatorPatternCache
3425:             1             24  sun.launcher.LauncherHelper
3426:             1             24  sun.management.CompilationImpl
3427:             1             24  sun.management.MemoryImpl
3428:             1             24  sun.management.OperatingSystemImpl
3429:             1             24  sun.management.RuntimeImpl
3430:             1             24  sun.management.ThreadImpl
3431:             1             24  sun.management.VMManagementImpl
3432:             1             24  sun.net.ProgressMonitor
3433:             1             24  sun.net.sdp.SdpProvider
3434:             1             24  sun.nio.cs.CESU_8
3435:             1             24  sun.nio.cs.IBM437
3436:             1             24  sun.nio.cs.IBM737
3437:             1             24  sun.nio.cs.IBM775
3438:             1             24  sun.nio.cs.IBM850
3439:             1             24  sun.nio.cs.IBM852
3440:             1             24  sun.nio.cs.IBM855
3441:             1             24  sun.nio.cs.IBM857
3442:             1             24  sun.nio.cs.IBM858
3443:             1             24  sun.nio.cs.IBM862
3444:             1             24  sun.nio.cs.IBM866
3445:             1             24  sun.nio.cs.IBM874
3446:             1             24  sun.nio.cs.ISO_8859_1
3447:             1             24  sun.nio.cs.ISO_8859_13
3448:             1             24  sun.nio.cs.ISO_8859_15
3449:             1             24  sun.nio.cs.ISO_8859_2
3450:             1             24  sun.nio.cs.ISO_8859_4
3451:             1             24  sun.nio.cs.ISO_8859_5
3452:             1             24  sun.nio.cs.ISO_8859_7
3453:             1             24  sun.nio.cs.ISO_8859_9
3454:             1             24  sun.nio.cs.KOI8_R
3455:             1             24  sun.nio.cs.KOI8_U
3456:             1             24  sun.nio.cs.MS1250
3457:             1             24  sun.nio.cs.MS1251
3458:             1             24  sun.nio.cs.MS1252
3459:             1             24  sun.nio.cs.MS1253
3460:             1             24  sun.nio.cs.MS1254
3461:             1             24  sun.nio.cs.MS1257
3462:             1             24  sun.nio.cs.ThreadLocalCoders$1
3463:             1             24  sun.nio.cs.ThreadLocalCoders$2
3464:             1             24  sun.nio.cs.US_ASCII
3465:             1             24  sun.nio.cs.UTF_16
3466:             1             24  sun.nio.cs.UTF_16BE
3467:             1             24  sun.nio.cs.UTF_16LE
3468:             1             24  sun.nio.cs.UTF_16LE_BOM
3469:             1             24  sun.nio.cs.UTF_32
3470:             1             24  sun.nio.cs.UTF_32BE
3471:             1             24  sun.nio.cs.UTF_32BE_BOM
3472:             1             24  sun.nio.cs.UTF_32LE
3473:             1             24  sun.nio.cs.UTF_32LE_BOM
3474:             1             24  sun.nio.cs.UTF_8
3475:             1             24  sun.nio.cs.ext.Big5
3476:             1             24  sun.nio.cs.ext.Big5_HKSCS
3477:             1             24  sun.nio.cs.ext.Big5_HKSCS_2001
3478:             1             24  sun.nio.cs.ext.Big5_Solaris
3479:             1             24  sun.nio.cs.ext.COMPOUND_TEXT
3480:             1             24  sun.nio.cs.ext.EUC_CN
3481:             1             24  sun.nio.cs.ext.EUC_JP
3482:             1             24  sun.nio.cs.ext.EUC_JP_LINUX
3483:             1             24  sun.nio.cs.ext.EUC_JP_Open
3484:             1             24  sun.nio.cs.ext.EUC_TW
3485:             1             24  sun.nio.cs.ext.GB18030
3486:             1             24  sun.nio.cs.ext.GBK
3487:             1             24  sun.nio.cs.ext.IBM037
3488:             1             24  sun.nio.cs.ext.IBM1006
3489:             1             24  sun.nio.cs.ext.IBM1025
3490:             1             24  sun.nio.cs.ext.IBM1026
3491:             1             24  sun.nio.cs.ext.IBM1046
3492:             1             24  sun.nio.cs.ext.IBM1047
3493:             1             24  sun.nio.cs.ext.IBM1097
3494:             1             24  sun.nio.cs.ext.IBM1098
3495:             1             24  sun.nio.cs.ext.IBM1112
3496:             1             24  sun.nio.cs.ext.IBM1122
3497:             1             24  sun.nio.cs.ext.IBM1123
3498:             1             24  sun.nio.cs.ext.IBM1124
3499:             1             24  sun.nio.cs.ext.IBM1140
3500:             1             24  sun.nio.cs.ext.IBM1141
3501:             1             24  sun.nio.cs.ext.IBM1142
3502:             1             24  sun.nio.cs.ext.IBM1143
3503:             1             24  sun.nio.cs.ext.IBM1144
3504:             1             24  sun.nio.cs.ext.IBM1145
3505:             1             24  sun.nio.cs.ext.IBM1146
3506:             1             24  sun.nio.cs.ext.IBM1147
3507:             1             24  sun.nio.cs.ext.IBM1148
3508:             1             24  sun.nio.cs.ext.IBM1149
3509:             1             24  sun.nio.cs.ext.IBM1166
3510:             1             24  sun.nio.cs.ext.IBM1364
3511:             1             24  sun.nio.cs.ext.IBM1381
3512:             1             24  sun.nio.cs.ext.IBM1383
3513:             1             24  sun.nio.cs.ext.IBM273
3514:             1             24  sun.nio.cs.ext.IBM277
3515:             1             24  sun.nio.cs.ext.IBM278
3516:             1             24  sun.nio.cs.ext.IBM280
3517:             1             24  sun.nio.cs.ext.IBM284
3518:             1             24  sun.nio.cs.ext.IBM285
3519:             1             24  sun.nio.cs.ext.IBM290
3520:             1             24  sun.nio.cs.ext.IBM297
3521:             1             24  sun.nio.cs.ext.IBM300
3522:             1             24  sun.nio.cs.ext.IBM33722
3523:             1             24  sun.nio.cs.ext.IBM420
3524:             1             24  sun.nio.cs.ext.IBM424
3525:             1             24  sun.nio.cs.ext.IBM500
3526:             1             24  sun.nio.cs.ext.IBM833
3527:             1             24  sun.nio.cs.ext.IBM834
3528:             1             24  sun.nio.cs.ext.IBM838
3529:             1             24  sun.nio.cs.ext.IBM856
3530:             1             24  sun.nio.cs.ext.IBM860
3531:             1             24  sun.nio.cs.ext.IBM861
3532:             1             24  sun.nio.cs.ext.IBM863
3533:             1             24  sun.nio.cs.ext.IBM864
3534:             1             24  sun.nio.cs.ext.IBM865
3535:             1             24  sun.nio.cs.ext.IBM868
3536:             1             24  sun.nio.cs.ext.IBM869
3537:             1             24  sun.nio.cs.ext.IBM870
3538:             1             24  sun.nio.cs.ext.IBM871
3539:             1             24  sun.nio.cs.ext.IBM875
3540:             1             24  sun.nio.cs.ext.IBM918
3541:             1             24  sun.nio.cs.ext.IBM921
3542:             1             24  sun.nio.cs.ext.IBM922
3543:             1             24  sun.nio.cs.ext.IBM930
3544:             1             24  sun.nio.cs.ext.IBM933
3545:             1             24  sun.nio.cs.ext.IBM935
3546:             1             24  sun.nio.cs.ext.IBM937
3547:             1             24  sun.nio.cs.ext.IBM939
3548:             1             24  sun.nio.cs.ext.IBM942
3549:             1             24  sun.nio.cs.ext.IBM942C
3550:             1             24  sun.nio.cs.ext.IBM943
3551:             1             24  sun.nio.cs.ext.IBM943C
3552:             1             24  sun.nio.cs.ext.IBM948
3553:             1             24  sun.nio.cs.ext.IBM949
3554:             1             24  sun.nio.cs.ext.IBM949C
3555:             1             24  sun.nio.cs.ext.IBM950
3556:             1             24  sun.nio.cs.ext.IBM964
3557:             1             24  sun.nio.cs.ext.IBM970
3558:             1             24  sun.nio.cs.ext.ISCII91
3559:             1             24  sun.nio.cs.ext.ISO2022_CN
3560:             1             24  sun.nio.cs.ext.ISO2022_CN_CNS
3561:             1             24  sun.nio.cs.ext.ISO2022_CN_GB
3562:             1             24  sun.nio.cs.ext.ISO2022_JP
3563:             1             24  sun.nio.cs.ext.ISO2022_JP_2
3564:             1             24  sun.nio.cs.ext.ISO2022_KR
3565:             1             24  sun.nio.cs.ext.ISO_8859_11
3566:             1             24  sun.nio.cs.ext.ISO_8859_3
3567:             1             24  sun.nio.cs.ext.ISO_8859_6
3568:             1             24  sun.nio.cs.ext.ISO_8859_8
3569:             1             24  sun.nio.cs.ext.JISAutoDetect
3570:             1             24  sun.nio.cs.ext.JIS_X_0201
3571:             1             24  sun.nio.cs.ext.JIS_X_0208
3572:             1             24  sun.nio.cs.ext.JIS_X_0212
3573:             1             24  sun.nio.cs.ext.Johab
3574:             1             24  sun.nio.cs.ext.MS1255
3575:             1             24  sun.nio.cs.ext.MS1256
3576:             1             24  sun.nio.cs.ext.MS1258
3577:             1             24  sun.nio.cs.ext.MS50220
3578:             1             24  sun.nio.cs.ext.MS50221
3579:             1             24  sun.nio.cs.ext.MS874
3580:             1             24  sun.nio.cs.ext.MS932
3581:             1             24  sun.nio.cs.ext.MS932_0213
3582:             1             24  sun.nio.cs.ext.MS936
3583:             1             24  sun.nio.cs.ext.MS949
3584:             1             24  sun.nio.cs.ext.MS950
3585:             1             24  sun.nio.cs.ext.MS950_HKSCS
3586:             1             24  sun.nio.cs.ext.MS950_HKSCS_XP
3587:             1             24  sun.nio.cs.ext.MSISO2022JP
3588:             1             24  sun.nio.cs.ext.MacArabic
3589:             1             24  sun.nio.cs.ext.MacCentralEurope
3590:             1             24  sun.nio.cs.ext.MacCroatian
3591:             1             24  sun.nio.cs.ext.MacCyrillic
3592:             1             24  sun.nio.cs.ext.MacDingbat
3593:             1             24  sun.nio.cs.ext.MacGreek
3594:             1             24  sun.nio.cs.ext.MacHebrew
3595:             1             24  sun.nio.cs.ext.MacIceland
3596:             1             24  sun.nio.cs.ext.MacRoman
3597:             1             24  sun.nio.cs.ext.MacRomania
3598:             1             24  sun.nio.cs.ext.MacSymbol
3599:             1             24  sun.nio.cs.ext.MacThai
3600:             1             24  sun.nio.cs.ext.MacTurkish
3601:             1             24  sun.nio.cs.ext.MacUkraine
3602:             1             24  sun.nio.cs.ext.PCK
3603:             1             24  sun.nio.cs.ext.SJIS
3604:             1             24  sun.nio.cs.ext.SJIS_0213
3605:             1             24  sun.nio.cs.ext.TIS_620
3606:             1             24  sun.security.provider.ConfigFile
3607:             1             24  sun.security.provider.SeedGenerator$URLSeedGenerator
3608:             1             24  sun.security.util.DisabledAlgorithmConstraints$UsageConstraint
3609:             1             24  sun.security.util.DisabledAlgorithmConstraints$jdkCAConstraint
3610:             1             24  sun.security.validator.EndEntityChecker
3611:             1             24  sun.security.x509.AccessDescription
3612:             1             24  sun.security.x509.CertificatePolicyMap
3613:             1             24  sun.util.locale.BaseLocale$Cache
3614:             1             24  sun.util.locale.provider.CalendarDataProviderImpl
3615:             1             24  sun.util.locale.provider.CalendarProviderImpl
3616:             1             24  sun.util.locale.provider.CurrencyNameProviderImpl
3617:             1             24  sun.util.locale.provider.DateFormatSymbolsProviderImpl
3618:             1             24  sun.util.locale.provider.DecimalFormatSymbolsProviderImpl
3619:             1             24  sun.util.locale.provider.NumberFormatProviderImpl
3620:             1             24  sun.util.locale.provider.TimeZoneNameProviderImpl
3621:             1             24  sun.util.logging.PlatformLogger
3622:             1             24  sun.util.logging.PlatformLogger$JavaLoggerProxy
3623:             1             16  [Lcom.alibaba.fastjson.serializer.SerializeFilter;
3624:             1             16  [Lcom.aliyun.openservices.shade.com.alibaba.fastjson.serializer.SerializeFilter;
3625:             1             16  [Lcom.fasterxml.jackson.databind.AbstractTypeResolver;
3626:             1             16  [Lcom.fasterxml.jackson.databind.deser.BeanDeserializerModifier;
3627:             1             16  [Lcom.fasterxml.jackson.databind.deser.ValueInstantiators;
3628:             1             16  [Lcom.fasterxml.jackson.databind.ser.BeanSerializerModifier;
3629:             1             16  [Lcom.fasterxml.jackson.databind.ser.Serializers;
3630:             1             16  [Lcom.hazelcast.internal.diagnostics.DiagnosticsPlugin;
3631:             1             16  [Lcom.hazelcast.spi.EventRegistration;
3632:             1             16  [Lcom.sun.org.apache.xerces.internal.impl.xs.SubstitutionGroupHandler$OneSubGroup;
3633:             1             16  [Lcom.sun.org.apache.xerces.internal.xni.grammars.Grammar;
3634:             1             16  [Lcom.sun.org.apache.xerces.internal.xs.XSObject;
3635:             1             16  [Ljava.beans.EventSetDescriptor;
3636:             1             16  [Ljava.lang.Throwable;
3637:             1             16  [Ljava.nio.file.attribute.FileAttribute;
3638:             1             16  [Ljava.security.Provider;
3639:             1             16  [Ljava.text.FieldPosition;
3640:             1             16  [Ljava.util.logging.Handler;
3641:             1             16  [Lorg.apache.catalina.core.DefaultInstanceManager$AnnotationCacheEntry;
3642:             1             16  [Lorg.apache.tomcat.util.descriptor.web.ApplicationParameter;
3643:             1             16  [Lorg.apache.tomcat.util.descriptor.web.FilterMap;
3644:             1             16  [Lorg.apache.tomcat.util.descriptor.web.SecurityConstraint;
3645:             1             16  [Lorg.aspectj.apache.bcel.classfile.CodeException;
3646:             1             16  [Lorg.aspectj.apache.bcel.classfile.annotation.AnnotationGen;
3647:             1             16  [Lorg.aspectj.apache.bcel.classfile.annotation.ElementValue;
3648:             1             16  [Lorg.aspectj.bridge.IMessage;
3649:             1             16  [Lorg.aspectj.weaver.JoinPointSignature;
3650:             1             16  [Lorg.aspectj.weaver.Member;
3651:             1             16  [Lorg.aspectj.weaver.ReferenceType;
3652:             1             16  [Lorg.aspectj.weaver.ast.Expr;
3653:             1             16  [Lorg.aspectj.weaver.patterns.AnnotationTypePattern;
3654:             1             16  [Lorg.aspectj.weaver.patterns.BindingPattern;
3655:             1             16  [Lorg.aspectj.weaver.patterns.FormalBinding;
3656:             1             16  [Lorg.codehaus.jackson.map.AbstractTypeResolver;
3657:             1             16  [Lorg.codehaus.jackson.map.Deserializers;
3658:             1             16  [Lorg.codehaus.jackson.map.KeyDeserializers;
3659:             1             16  [Lorg.codehaus.jackson.map.Serializers;
3660:             1             16  [Lorg.codehaus.jackson.map.deser.BeanDeserializerModifier;
3661:             1             16  [Lorg.codehaus.jackson.map.deser.ValueInstantiators;
3662:             1             16  [Lorg.codehaus.jackson.map.ser.BeanSerializerModifier;
3663:             1             16  [[Lorg.aspectj.apache.bcel.classfile.annotation.AnnotationGen;
3664:             1             16  [[Lorg.aspectj.weaver.AnnotationAJ;
3665:             1             16  ch.qos.logback.classic.selector.DefaultContextSelector
3666:             1             16  ch.qos.logback.core.joran.spi.ConsoleTarget$1
3667:             1             16  ch.qos.logback.core.joran.spi.ConsoleTarget$2
3668:             1             16  ch.qos.logback.core.joran.spi.DefaultNestedComponentRegistry
3669:             1             16  ch.qos.logback.core.joran.util.ConfigurationWatchListUtil
3670:             1             16  ch.qos.logback.core.spi.AppenderAttachableImpl
3671:             1             16  com.alibaba.com.caucho.hessian.io.ClassSerializer
3672:             1             16  com.alibaba.com.caucho.hessian.io.CollectionDeserializer
3673:             1             16  com.alibaba.com.caucho.hessian.io.InputStreamDeserializer
3674:             1             16  com.alibaba.com.caucho.hessian.io.InputStreamSerializer
3675:             1             16  com.alibaba.com.caucho.hessian.io.JavaSerializer$FieldSerializer
3676:             1             16  com.alibaba.com.caucho.hessian.io.JavaSerializer$StringFieldSerializer
3677:             1             16  com.alibaba.com.caucho.hessian.io.MapSerializer
3678:             1             16  com.alibaba.druid.filter.stat.StatFilterContext
3679:             1             16  com.alibaba.druid.mock.handler.MySqlMockExecuteHandlerImpl
3680:             1             16  com.alibaba.druid.pool.DruidDataSource$DestroyTask
3681:             1             16  com.alibaba.druid.pool.DruidDataSourceStatLoggerImpl
3682:             1             16  com.alibaba.druid.pool.vendor.MySqlExceptionSorter
3683:             1             16  com.alibaba.druid.stat.DruidDataSourceStatManager
3684:             1             16  com.alibaba.dubbo.cache.CacheFactory$Adpative
3685:             1             16  com.alibaba.dubbo.cache.filter.CacheFilter
3686:             1             16  com.alibaba.dubbo.common.bytecode.Proxy$1
3687:             1             16  com.alibaba.dubbo.common.bytecode.Proxy$2
3688:             1             16  com.alibaba.dubbo.common.bytecode.Wrapper$1
3689:             1             16  com.alibaba.dubbo.common.bytecode.Wrapper0
3690:             1             16  com.alibaba.dubbo.common.bytecode.Wrapper1
3691:             1             16  com.alibaba.dubbo.common.bytecode.Wrapper10
3692:             1             16  com.alibaba.dubbo.common.bytecode.Wrapper11
3693:             1             16  com.alibaba.dubbo.common.bytecode.Wrapper12
3694:             1             16  com.alibaba.dubbo.common.bytecode.Wrapper13
3695:             1             16  com.alibaba.dubbo.common.bytecode.Wrapper14
3696:             1             16  com.alibaba.dubbo.common.bytecode.Wrapper15
3697:             1             16  com.alibaba.dubbo.common.bytecode.Wrapper16
3698:             1             16  com.alibaba.dubbo.common.bytecode.Wrapper17
3699:             1             16  com.alibaba.dubbo.common.bytecode.Wrapper18
3700:             1             16  com.alibaba.dubbo.common.bytecode.Wrapper19
3701:             1             16  com.alibaba.dubbo.common.bytecode.Wrapper2
3702:             1             16  com.alibaba.dubbo.common.bytecode.Wrapper20
3703:             1             16  com.alibaba.dubbo.common.bytecode.Wrapper21
3704:             1             16  com.alibaba.dubbo.common.bytecode.Wrapper22
3705:             1             16  com.alibaba.dubbo.common.bytecode.Wrapper23
3706:             1             16  com.alibaba.dubbo.common.bytecode.Wrapper24
3707:             1             16  com.alibaba.dubbo.common.bytecode.Wrapper25
3708:             1             16  com.alibaba.dubbo.common.bytecode.Wrapper26
3709:             1             16  com.alibaba.dubbo.common.bytecode.Wrapper27
3710:             1             16  com.alibaba.dubbo.common.bytecode.Wrapper28
3711:             1             16  com.alibaba.dubbo.common.bytecode.Wrapper29
3712:             1             16  com.alibaba.dubbo.common.bytecode.Wrapper3
3713:             1             16  com.alibaba.dubbo.common.bytecode.Wrapper30
3714:             1             16  com.alibaba.dubbo.common.bytecode.Wrapper31
3715:             1             16  com.alibaba.dubbo.common.bytecode.Wrapper32
3716:             1             16  com.alibaba.dubbo.common.bytecode.Wrapper33
3717:             1             16  com.alibaba.dubbo.common.bytecode.Wrapper34
3718:             1             16  com.alibaba.dubbo.common.bytecode.Wrapper35
3719:             1             16  com.alibaba.dubbo.common.bytecode.Wrapper36
3720:             1             16  com.alibaba.dubbo.common.bytecode.Wrapper37
3721:             1             16  com.alibaba.dubbo.common.bytecode.Wrapper38
3722:             1             16  com.alibaba.dubbo.common.bytecode.Wrapper4
3723:             1             16  com.alibaba.dubbo.common.bytecode.Wrapper5
3724:             1             16  com.alibaba.dubbo.common.bytecode.Wrapper6
3725:             1             16  com.alibaba.dubbo.common.bytecode.Wrapper7
3726:             1             16  com.alibaba.dubbo.common.bytecode.Wrapper8
3727:             1             16  com.alibaba.dubbo.common.bytecode.Wrapper9
3728:             1             16  com.alibaba.dubbo.common.bytecode.proxy0
3729:             1             16  com.alibaba.dubbo.common.bytecode.proxy1
3730:             1             16  com.alibaba.dubbo.common.bytecode.proxy10
3731:             1             16  com.alibaba.dubbo.common.bytecode.proxy11
3732:             1             16  com.alibaba.dubbo.common.bytecode.proxy12
3733:             1             16  com.alibaba.dubbo.common.bytecode.proxy13
3734:             1             16  com.alibaba.dubbo.common.bytecode.proxy14
3735:             1             16  com.alibaba.dubbo.common.bytecode.proxy15
3736:             1             16  com.alibaba.dubbo.common.bytecode.proxy16
3737:             1             16  com.alibaba.dubbo.common.bytecode.proxy17
3738:             1             16  com.alibaba.dubbo.common.bytecode.proxy18
3739:             1             16  com.alibaba.dubbo.common.bytecode.proxy19
3740:             1             16  com.alibaba.dubbo.common.bytecode.proxy2
3741:             1             16  com.alibaba.dubbo.common.bytecode.proxy20
3742:             1             16  com.alibaba.dubbo.common.bytecode.proxy21
3743:             1             16  com.alibaba.dubbo.common.bytecode.proxy22
3744:             1             16  com.alibaba.dubbo.common.bytecode.proxy23
3745:             1             16  com.alibaba.dubbo.common.bytecode.proxy24
3746:             1             16  com.alibaba.dubbo.common.bytecode.proxy25
3747:             1             16  com.alibaba.dubbo.common.bytecode.proxy26
3748:             1             16  com.alibaba.dubbo.common.bytecode.proxy27
3749:             1             16  com.alibaba.dubbo.common.bytecode.proxy28
3750:             1             16  com.alibaba.dubbo.common.bytecode.proxy29
3751:             1             16  com.alibaba.dubbo.common.bytecode.proxy3
3752:             1             16  com.alibaba.dubbo.common.bytecode.proxy30
3753:             1             16  com.alibaba.dubbo.common.bytecode.proxy31
3754:             1             16  com.alibaba.dubbo.common.bytecode.proxy32
3755:             1             16  com.alibaba.dubbo.common.bytecode.proxy33
3756:             1             16  com.alibaba.dubbo.common.bytecode.proxy34
3757:             1             16  com.alibaba.dubbo.common.bytecode.proxy35
3758:             1             16  com.alibaba.dubbo.common.bytecode.proxy36
3759:             1             16  com.alibaba.dubbo.common.bytecode.proxy37
3760:             1             16  com.alibaba.dubbo.common.bytecode.proxy38
3761:             1             16  com.alibaba.dubbo.common.bytecode.proxy4
3762:             1             16  com.alibaba.dubbo.common.bytecode.proxy5
3763:             1             16  com.alibaba.dubbo.common.bytecode.proxy6
3764:             1             16  com.alibaba.dubbo.common.bytecode.proxy7
3765:             1             16  com.alibaba.dubbo.common.bytecode.proxy8
3766:             1             16  com.alibaba.dubbo.common.bytecode.proxy9
3767:             1             16  com.alibaba.dubbo.common.compiler.support.AdaptiveCompiler
3768:             1             16  com.alibaba.dubbo.common.compiler.support.JavassistCompiler
3769:             1             16  com.alibaba.dubbo.common.extension.factory.AdaptiveExtensionFactory
3770:             1             16  com.alibaba.dubbo.common.extension.factory.SpiExtensionFactory
3771:             1             16  com.alibaba.dubbo.common.extension.support.ActivateComparator
3772:             1             16  com.alibaba.dubbo.common.logger.log4j.Log4jLoggerAdapter
3773:             1             16  com.alibaba.dubbo.common.serialize.support.dubbo.DubboSerialization
3774:             1             16  com.alibaba.dubbo.common.serialize.support.fst.FstSerialization
3775:             1             16  com.alibaba.dubbo.common.serialize.support.hessian.Hessian2Serialization
3776:             1             16  com.alibaba.dubbo.common.serialize.support.java.CompactedJavaSerialization
3777:             1             16  com.alibaba.dubbo.common.serialize.support.java.JavaSerialization
3778:             1             16  com.alibaba.dubbo.common.serialize.support.json.FastJsonSerialization
3779:             1             16  com.alibaba.dubbo.common.serialize.support.json.JacksonSerialization
3780:             1             16  com.alibaba.dubbo.common.serialize.support.json.JsonSerialization
3781:             1             16  com.alibaba.dubbo.common.serialize.support.kryo.KryoSerialization
3782:             1             16  com.alibaba.dubbo.common.serialize.support.nativejava.NativeJavaSerialization
3783:             1             16  com.alibaba.dubbo.common.store.support.SimpleDataStore
3784:             1             16  com.alibaba.dubbo.common.threadpool.ThreadPool$Adpative
3785:             1             16  com.alibaba.dubbo.common.threadpool.support.cached.CachedThreadPool
3786:             1             16  com.alibaba.dubbo.config.AbstractConfig$1
3787:             1             16  com.alibaba.dubbo.config.spring.extension.SpringExtensionFactory
3788:             1             16  com.alibaba.dubbo.monitor.MonitorFactory$Adpative
3789:             1             16  com.alibaba.dubbo.registry.RegistryFactory$Adpative
3790:             1             16  com.alibaba.dubbo.registry.integration.RegistryDirectory$InvokerComparator
3791:             1             16  com.alibaba.dubbo.registry.support.FailbackRegistry$1
3792:             1             16  com.alibaba.dubbo.registry.zookeeper.ZookeeperRegistry$1
3793:             1             16  com.alibaba.dubbo.registry.zookeeper.ZookeeperRegistryFactory
3794:             1             16  com.alibaba.dubbo.remoting.Dispatcher$Adpative
3795:             1             16  com.alibaba.dubbo.remoting.Transporter$Adpative
3796:             1             16  com.alibaba.dubbo.remoting.buffer.HeapChannelBufferFactory
3797:             1             16  com.alibaba.dubbo.remoting.exchange.support.DefaultFuture$RemotingInvocationTimeoutScan
3798:             1             16  com.alibaba.dubbo.remoting.exchange.support.header.HeaderExchanger
3799:             1             16  com.alibaba.dubbo.remoting.http.HttpBinder$Adpative
3800:             1             16  com.alibaba.dubbo.remoting.http.servlet.DispatcherServlet
3801:             1             16  com.alibaba.dubbo.remoting.http.servlet.ServletManager
3802:             1             16  com.alibaba.dubbo.remoting.http.tomcat.TomcatHttpBinder
3803:             1             16  com.alibaba.dubbo.remoting.transport.dispatcher.ChannelHandlers
3804:             1             16  com.alibaba.dubbo.remoting.transport.dispatcher.all.AllDispatcher
3805:             1             16  com.alibaba.dubbo.remoting.transport.netty.NettyClient$1
3806:             1             16  com.alibaba.dubbo.remoting.transport.netty.NettyHelper$DubboLoggerFactory
3807:             1             16  com.alibaba.dubbo.remoting.transport.netty.NettyTransporter
3808:             1             16  com.alibaba.dubbo.remoting.zookeeper.ZookeeperTransporter$Adpative
3809:             1             16  com.alibaba.dubbo.remoting.zookeeper.zkclient.ZkclientZookeeperClient$1
3810:             1             16  com.alibaba.dubbo.remoting.zookeeper.zkclient.ZkclientZookeeperTransporter
3811:             1             16  com.alibaba.dubbo.rpc.Protocol$Adpative
3812:             1             16  com.alibaba.dubbo.rpc.ProxyFactory$Adpative
3813:             1             16  com.alibaba.dubbo.rpc.RpcContext$1
3814:             1             16  com.alibaba.dubbo.rpc.ServiceClassHolder
3815:             1             16  com.alibaba.dubbo.rpc.cluster.Cluster$Adpative
3816:             1             16  com.alibaba.dubbo.rpc.cluster.ConfiguratorFactory$Adpative
3817:             1             16  com.alibaba.dubbo.rpc.cluster.RouterFactory$Adpative
3818:             1             16  com.alibaba.dubbo.rpc.cluster.configurator.override.OverrideConfigurator
3819:             1             16  com.alibaba.dubbo.rpc.cluster.configurator.override.OverrideConfiguratorFactory
3820:             1             16  com.alibaba.dubbo.rpc.cluster.loadbalance.RandomLoadBalance
3821:             1             16  com.alibaba.dubbo.rpc.cluster.support.FailoverCluster
3822:             1             16  com.alibaba.dubbo.rpc.cluster.support.wrapper.MockClusterWrapper
3823:             1             16  com.alibaba.dubbo.rpc.filter.ActiveLimitFilter
3824:             1             16  com.alibaba.dubbo.rpc.filter.ClassLoaderFilter
3825:             1             16  com.alibaba.dubbo.rpc.filter.ConsumerContextFilter
3826:             1             16  com.alibaba.dubbo.rpc.filter.ContextFilter
3827:             1             16  com.alibaba.dubbo.rpc.filter.DeprecatedFilter
3828:             1             16  com.alibaba.dubbo.rpc.filter.EchoFilter
3829:             1             16  com.alibaba.dubbo.rpc.filter.ExceptionFilter
3830:             1             16  com.alibaba.dubbo.rpc.filter.ExecuteLimitFilter
3831:             1             16  com.alibaba.dubbo.rpc.filter.GenericFilter
3832:             1             16  com.alibaba.dubbo.rpc.filter.GenericImplFilter
3833:             1             16  com.alibaba.dubbo.rpc.filter.TimeoutFilter
3834:             1             16  com.alibaba.dubbo.rpc.filter.TokenFilter
3835:             1             16  com.alibaba.dubbo.rpc.listener.DeprecatedInvokerListener
3836:             1             16  com.alibaba.dubbo.rpc.protocol.dubbo.DubboCodec
3837:             1             16  com.alibaba.dubbo.rpc.protocol.dubbo.DubboCountCodec
3838:             1             16  com.alibaba.dubbo.rpc.protocol.dubbo.filter.FutureFilter
3839:             1             16  com.alibaba.dubbo.rpc.protocol.dubbo.filter.TraceFilter
3840:             1             16  com.alibaba.dubbo.rpc.protocol.rest.DubboHttpServer$RestHandler
3841:             1             16  com.alibaba.dubbo.rpc.protocol.rest.DubboHttpServer$SimpleServletConfig
3842:             1             16  com.alibaba.dubbo.rpc.protocol.rest.RestServerFactory
3843:             1             16  com.alibaba.dubbo.rpc.protocol.rest.RpcContextFilter
3844:             1             16  com.alibaba.dubbo.rpc.protocol.rest.RpcExceptionMapper
3845:             1             16  com.alibaba.dubbo.rpc.proxy.javassist.JavassistProxyFactory
3846:             1             16  com.alibaba.dubbo.validation.Validation$Adpative
3847:             1             16  com.alibaba.dubbo.validation.filter.ValidationFilter
3848:             1             16  com.alibaba.fastjson.parser.deserializer.JavaObjectDeserializer
3849:             1             16  com.alibaba.fastjson.parser.deserializer.Jdk8DateCodec
3850:             1             16  com.alibaba.fastjson.parser.deserializer.MapDeserializer
3851:             1             16  com.alibaba.fastjson.parser.deserializer.NumberDeserializer
3852:             1             16  com.alibaba.fastjson.parser.deserializer.OptionalCodec
3853:             1             16  com.alibaba.fastjson.parser.deserializer.StackTraceElementDeserializer
3854:             1             16  com.alibaba.fastjson.parser.deserializer.TimeDeserializer
3855:             1             16  com.alibaba.fastjson.serializer.AppendableSerializer
3856:             1             16  com.alibaba.fastjson.serializer.AtomicCodec
3857:             1             16  com.alibaba.fastjson.serializer.AwtCodec
3858:             1             16  com.alibaba.fastjson.serializer.BigDecimalCodec
3859:             1             16  com.alibaba.fastjson.serializer.BigIntegerCodec
3860:             1             16  com.alibaba.fastjson.serializer.BooleanCodec
3861:             1             16  com.alibaba.fastjson.serializer.CalendarCodec
3862:             1             16  com.alibaba.fastjson.serializer.CharArrayCodec
3863:             1             16  com.alibaba.fastjson.serializer.CharacterCodec
3864:             1             16  com.alibaba.fastjson.serializer.CharsetCodec
3865:             1             16  com.alibaba.fastjson.serializer.CollectionCodec
3866:             1             16  com.alibaba.fastjson.serializer.CurrencyCodec
3867:             1             16  com.alibaba.fastjson.serializer.DateCodec
3868:             1             16  com.alibaba.fastjson.serializer.DoubleSerializer
3869:             1             16  com.alibaba.fastjson.serializer.FloatCodec
3870:             1             16  com.alibaba.fastjson.serializer.IntegerCodec
3871:             1             16  com.alibaba.fastjson.serializer.LongCodec
3872:             1             16  com.alibaba.fastjson.serializer.MiscCodec
3873:             1             16  com.alibaba.fastjson.serializer.ObjectArrayCodec
3874:             1             16  com.alibaba.fastjson.serializer.PrimitiveArraySerializer
3875:             1             16  com.alibaba.fastjson.serializer.ReferenceCodec
3876:             1             16  com.alibaba.fastjson.serializer.StringCodec
3877:             1             16  com.aliyun.openservices.ons.api.impl.ONSFactoryImpl
3878:             1             16  com.aliyun.openservices.shade.com.alibaba.fastjson.parser.deserializer.JavaObjectDeserializer
3879:             1             16  com.aliyun.openservices.shade.com.alibaba.fastjson.parser.deserializer.MapDeserializer
3880:             1             16  com.aliyun.openservices.shade.com.alibaba.fastjson.parser.deserializer.NumberDeserializer
3881:             1             16  com.aliyun.openservices.shade.com.alibaba.fastjson.parser.deserializer.StackTraceElementDeserializer
3882:             1             16  com.aliyun.openservices.shade.com.alibaba.fastjson.parser.deserializer.TimeDeserializer
3883:             1             16  com.aliyun.openservices.shade.com.alibaba.fastjson.serializer.AppendableSerializer
3884:             1             16  com.aliyun.openservices.shade.com.alibaba.fastjson.serializer.AtomicCodec
3885:             1             16  com.aliyun.openservices.shade.com.alibaba.fastjson.serializer.BigDecimalCodec
3886:             1             16  com.aliyun.openservices.shade.com.alibaba.fastjson.serializer.BigIntegerCodec
3887:             1             16  com.aliyun.openservices.shade.com.alibaba.fastjson.serializer.BooleanCodec
3888:             1             16  com.aliyun.openservices.shade.com.alibaba.fastjson.serializer.CalendarCodec
3889:             1             16  com.aliyun.openservices.shade.com.alibaba.fastjson.serializer.CharArrayCodec
3890:             1             16  com.aliyun.openservices.shade.com.alibaba.fastjson.serializer.CharacterCodec
3891:             1             16  com.aliyun.openservices.shade.com.alibaba.fastjson.serializer.CollectionCodec
3892:             1             16  com.aliyun.openservices.shade.com.alibaba.fastjson.serializer.DateCodec
3893:             1             16  com.aliyun.openservices.shade.com.alibaba.fastjson.serializer.DoubleSerializer
3894:             1             16  com.aliyun.openservices.shade.com.alibaba.fastjson.serializer.EnumSerializer
3895:             1             16  com.aliyun.openservices.shade.com.alibaba.fastjson.serializer.FloatCodec
3896:             1             16  com.aliyun.openservices.shade.com.alibaba.fastjson.serializer.IntegerCodec
3897:             1             16  com.aliyun.openservices.shade.com.alibaba.fastjson.serializer.LongCodec
3898:             1             16  com.aliyun.openservices.shade.com.alibaba.fastjson.serializer.ObjectArrayCodec
3899:             1             16  com.aliyun.openservices.shade.com.alibaba.fastjson.serializer.PrimitiveArraySerializer
3900:             1             16  com.aliyun.openservices.shade.com.alibaba.fastjson.serializer.ReferenceCodec
3901:             1             16  com.aliyun.openservices.shade.com.alibaba.fastjson.serializer.StringCodec
3902:             1             16  com.aliyun.openservices.shade.com.alibaba.fastjson.serializer.ToStringSerializer
3903:             1             16  com.aliyun.openservices.shade.com.alibaba.rocketmq.logging.InnerLoggerFactory
3904:             1             16  com.aliyun.openservices.shade.com.alibaba.rocketmq.logging.Slf4jLoggerFactory
3905:             1             16  com.aliyun.openservices.shade.com.alibaba.rocketmq.logging.inner.LoggingBuilder$DefaultLayout
3906:             1             16  com.aliyun.openservices.shade.com.alibaba.rocketmq.remoting.netty.NettyLogger$NettyBridgeLoggerFactory
3907:             1             16  com.aliyun.openservices.shade.io.netty.buffer.ByteBufUtil$1
3908:             1             16  com.aliyun.openservices.shade.io.netty.buffer.ByteBufUtil$2
3909:             1             16  com.aliyun.openservices.shade.io.netty.channel.ChannelFutureListener$1
3910:             1             16  com.aliyun.openservices.shade.io.netty.channel.ChannelFutureListener$2
3911:             1             16  com.aliyun.openservices.shade.io.netty.channel.ChannelFutureListener$3
3912:             1             16  com.aliyun.openservices.shade.io.netty.channel.ChannelMetadata
3913:             1             16  com.aliyun.openservices.shade.io.netty.channel.ChannelOutboundBuffer$1
3914:             1             16  com.aliyun.openservices.shade.io.netty.channel.DefaultChannelPipeline$1
3915:             1             16  com.aliyun.openservices.shade.io.netty.channel.DefaultMessageSizeEstimator
3916:             1             16  com.aliyun.openservices.shade.io.netty.channel.DefaultMessageSizeEstimator$HandleImpl
3917:             1             16  com.aliyun.openservices.shade.io.netty.channel.DefaultSelectStrategy
3918:             1             16  com.aliyun.openservices.shade.io.netty.channel.DefaultSelectStrategyFactory
3919:             1             16  com.aliyun.openservices.shade.io.netty.handler.codec.ByteToMessageDecoder$1
3920:             1             16  com.aliyun.openservices.shade.io.netty.handler.codec.ByteToMessageDecoder$2
3921:             1             16  com.aliyun.openservices.shade.io.netty.util.Recycler$1
3922:             1             16  com.aliyun.openservices.shade.io.netty.util.Recycler$3
3923:             1             16  com.aliyun.openservices.shade.io.netty.util.ResourceLeakDetectorFactory$DefaultResourceLeakDetectorFactory
3924:             1             16  com.aliyun.openservices.shade.io.netty.util.concurrent.DefaultPromise$CauseHolder
3925:             1             16  com.aliyun.openservices.shade.io.netty.util.concurrent.GlobalEventExecutor$1
3926:             1             16  com.aliyun.openservices.shade.io.netty.util.concurrent.GlobalEventExecutor$TaskRunner
3927:             1             16  com.aliyun.openservices.shade.io.netty.util.concurrent.RejectedExecutionHandlers$1
3928:             1             16  com.aliyun.openservices.shade.io.netty.util.concurrent.SingleThreadEventExecutor$1
3929:             1             16  com.aliyun.openservices.shade.io.netty.util.internal.NoOpTypeParameterMatcher
3930:             1             16  com.aliyun.openservices.shade.io.netty.util.internal.logging.Slf4JLoggerFactory
3931:             1             16  com.fasterxml.jackson.core.util.DefaultPrettyPrinter$FixedSpaceIndenter
3932:             1             16  com.fasterxml.jackson.core.util.DefaultPrettyPrinter$NopIndenter
3933:             1             16  com.fasterxml.jackson.core.util.MinimalPrettyPrinter
3934:             1             16  com.fasterxml.jackson.databind.deser.BeanDeserializerFactory
3935:             1             16  com.fasterxml.jackson.databind.deser.std.StdKeyDeserializers
3936:             1             16  com.fasterxml.jackson.databind.deser.std.StringDeserializer
3937:             1             16  com.fasterxml.jackson.databind.ext.OptionalHandlerFactory
3938:             1             16  com.fasterxml.jackson.databind.introspect.JacksonAnnotationIntrospector
3939:             1             16  com.fasterxml.jackson.databind.ser.BeanSerializerFactory
3940:             1             16  com.fasterxml.jackson.databind.ser.impl.UnknownSerializer
3941:             1             16  com.fasterxml.jackson.databind.ser.std.NullSerializer
3942:             1             16  com.fasterxml.jackson.databind.ser.std.StdArraySerializers$ByteArraySerializer
3943:             1             16  com.fasterxml.jackson.databind.ser.std.StdArraySerializers$CharArraySerializer
3944:             1             16  com.fasterxml.jackson.databind.ser.std.StdKeySerializer
3945:             1             16  com.fasterxml.jackson.databind.ser.std.StdKeySerializers$StringKeySerializer
3946:             1             16  com.fasterxml.jackson.databind.ser.std.StringSerializer
3947:             1             16  com.fasterxml.jackson.databind.ser.std.ToStringSerializer
3948:             1             16  com.fasterxml.jackson.databind.ser.std.UUIDSerializer
3949:             1             16  com.fasterxml.jackson.databind.type.TypeParser
3950:             1             16  com.fasterxml.jackson.databind.util.EmptyIterator
3951:             1             16  com.google.common.base.CharMatcher$1
3952:             1             16  com.google.common.base.CharMatcher$15
3953:             1             16  com.google.common.base.CharMatcher$2
3954:             1             16  com.google.common.base.CharMatcher$3
3955:             1             16  com.google.common.base.CharMatcher$4
3956:             1             16  com.google.common.base.CharMatcher$5
3957:             1             16  com.google.common.base.CharMatcher$6
3958:             1             16  com.google.common.base.CharMatcher$7
3959:             1             16  com.google.common.base.CharMatcher$8
3960:             1             16  com.google.common.base.Equivalence$Equals
3961:             1             16  com.google.common.base.Equivalence$Identity
3962:             1             16  com.google.common.base.Joiner
3963:             1             16  com.google.common.base.Splitter$2
3964:             1             16  com.google.common.base.Suppliers$SupplierOfInstance
3965:             1             16  com.google.common.base.Ticker$1
3966:             1             16  com.google.common.cache.CacheBuilder$1
3967:             1             16  com.google.common.cache.CacheBuilder$2
3968:             1             16  com.google.common.cache.CacheBuilder$3
3969:             1             16  com.google.common.cache.LocalCache$1
3970:             1             16  com.google.common.cache.LocalCache$2
3971:             1             16  com.google.common.collect.Iterators$1
3972:             1             16  com.google.common.collect.Iterators$2
3973:             1             16  com.google.gson.internal.LinkedTreeMap$1
3974:             1             16  com.google.gson.internal.bind.ArrayTypeAdapter$1
3975:             1             16  com.google.gson.internal.bind.DateTypeAdapter$1
3976:             1             16  com.google.gson.internal.bind.ObjectTypeAdapter$1
3977:             1             16  com.google.gson.internal.bind.SqlDateTypeAdapter$1
3978:             1             16  com.google.gson.internal.bind.TimeTypeAdapter$1
3979:             1             16  com.google.gson.internal.bind.TypeAdapters$1
3980:             1             16  com.google.gson.internal.bind.TypeAdapters$10
3981:             1             16  com.google.gson.internal.bind.TypeAdapters$11
3982:             1             16  com.google.gson.internal.bind.TypeAdapters$12
3983:             1             16  com.google.gson.internal.bind.TypeAdapters$13
3984:             1             16  com.google.gson.internal.bind.TypeAdapters$14
3985:             1             16  com.google.gson.internal.bind.TypeAdapters$15
3986:             1             16  com.google.gson.internal.bind.TypeAdapters$16
3987:             1             16  com.google.gson.internal.bind.TypeAdapters$17
3988:             1             16  com.google.gson.internal.bind.TypeAdapters$18
3989:             1             16  com.google.gson.internal.bind.TypeAdapters$19
3990:             1             16  com.google.gson.internal.bind.TypeAdapters$2
3991:             1             16  com.google.gson.internal.bind.TypeAdapters$20
3992:             1             16  com.google.gson.internal.bind.TypeAdapters$21
3993:             1             16  com.google.gson.internal.bind.TypeAdapters$22
3994:             1             16  com.google.gson.internal.bind.TypeAdapters$23
3995:             1             16  com.google.gson.internal.bind.TypeAdapters$24
3996:             1             16  com.google.gson.internal.bind.TypeAdapters$25
3997:             1             16  com.google.gson.internal.bind.TypeAdapters$26
3998:             1             16  com.google.gson.internal.bind.TypeAdapters$27
3999:             1             16  com.google.gson.internal.bind.TypeAdapters$28
4000:             1             16  com.google.gson.internal.bind.TypeAdapters$29
4001:             1             16  com.google.gson.internal.bind.TypeAdapters$3
4002:             1             16  com.google.gson.internal.bind.TypeAdapters$30
4003:             1             16  com.google.gson.internal.bind.TypeAdapters$4
4004:             1             16  com.google.gson.internal.bind.TypeAdapters$5
4005:             1             16  com.google.gson.internal.bind.TypeAdapters$6
4006:             1             16  com.google.gson.internal.bind.TypeAdapters$7
4007:             1             16  com.google.gson.internal.bind.TypeAdapters$8
4008:             1             16  com.google.gson.internal.bind.TypeAdapters$9
4009:             1             16  com.google.gson.stream.JsonReader$1
4010:             1             16  com.hazelcast.aggregation.impl.AggregatorDataSerializerHook
4011:             1             16  com.hazelcast.aggregation.impl.AggregatorDataSerializerHook$1
4012:             1             16  com.hazelcast.aggregation.impl.AggregatorDataSerializerHook$10
4013:             1             16  com.hazelcast.aggregation.impl.AggregatorDataSerializerHook$11
4014:             1             16  com.hazelcast.aggregation.impl.AggregatorDataSerializerHook$12
4015:             1             16  com.hazelcast.aggregation.impl.AggregatorDataSerializerHook$13
4016:             1             16  com.hazelcast.aggregation.impl.AggregatorDataSerializerHook$14
4017:             1             16  com.hazelcast.aggregation.impl.AggregatorDataSerializerHook$15
4018:             1             16  com.hazelcast.aggregation.impl.AggregatorDataSerializerHook$16
4019:             1             16  com.hazelcast.aggregation.impl.AggregatorDataSerializerHook$17
4020:             1             16  com.hazelcast.aggregation.impl.AggregatorDataSerializerHook$18
4021:             1             16  com.hazelcast.aggregation.impl.AggregatorDataSerializerHook$19
4022:             1             16  com.hazelcast.aggregation.impl.AggregatorDataSerializerHook$2
4023:             1             16  com.hazelcast.aggregation.impl.AggregatorDataSerializerHook$3
4024:             1             16  com.hazelcast.aggregation.impl.AggregatorDataSerializerHook$4
4025:             1             16  com.hazelcast.aggregation.impl.AggregatorDataSerializerHook$5
4026:             1             16  com.hazelcast.aggregation.impl.AggregatorDataSerializerHook$6
4027:             1             16  com.hazelcast.aggregation.impl.AggregatorDataSerializerHook$7
4028:             1             16  com.hazelcast.aggregation.impl.AggregatorDataSerializerHook$8
4029:             1             16  com.hazelcast.aggregation.impl.AggregatorDataSerializerHook$9
4030:             1             16  com.hazelcast.cache.BuiltInCacheMergePolicies$1
4031:             1             16  com.hazelcast.cache.BuiltInCacheMergePolicies$2
4032:             1             16  com.hazelcast.cache.BuiltInCacheMergePolicies$3
4033:             1             16  com.hazelcast.cache.BuiltInCacheMergePolicies$4
4034:             1             16  com.hazelcast.cache.impl.AbstractCacheService$1
4035:             1             16  com.hazelcast.cache.impl.AbstractCacheService$2
4036:             1             16  com.hazelcast.cache.impl.AbstractCacheService$3
4037:             1             16  com.hazelcast.cache.impl.CacheDataSerializerHook
4038:             1             16  com.hazelcast.cache.impl.CacheDataSerializerHook$1
4039:             1             16  com.hazelcast.cache.impl.CacheDataSerializerHook$10
4040:             1             16  com.hazelcast.cache.impl.CacheDataSerializerHook$11
4041:             1             16  com.hazelcast.cache.impl.CacheDataSerializerHook$12
4042:             1             16  com.hazelcast.cache.impl.CacheDataSerializerHook$13
4043:             1             16  com.hazelcast.cache.impl.CacheDataSerializerHook$14
4044:             1             16  com.hazelcast.cache.impl.CacheDataSerializerHook$15
4045:             1             16  com.hazelcast.cache.impl.CacheDataSerializerHook$16
4046:             1             16  com.hazelcast.cache.impl.CacheDataSerializerHook$17
4047:             1             16  com.hazelcast.cache.impl.CacheDataSerializerHook$18
4048:             1             16  com.hazelcast.cache.impl.CacheDataSerializerHook$19
4049:             1             16  com.hazelcast.cache.impl.CacheDataSerializerHook$2
4050:             1             16  com.hazelcast.cache.impl.CacheDataSerializerHook$20
4051:             1             16  com.hazelcast.cache.impl.CacheDataSerializerHook$21
4052:             1             16  com.hazelcast.cache.impl.CacheDataSerializerHook$22
4053:             1             16  com.hazelcast.cache.impl.CacheDataSerializerHook$23
4054:             1             16  com.hazelcast.cache.impl.CacheDataSerializerHook$24
4055:             1             16  com.hazelcast.cache.impl.CacheDataSerializerHook$25
4056:             1             16  com.hazelcast.cache.impl.CacheDataSerializerHook$26
4057:             1             16  com.hazelcast.cache.impl.CacheDataSerializerHook$27
4058:             1             16  com.hazelcast.cache.impl.CacheDataSerializerHook$28
4059:             1             16  com.hazelcast.cache.impl.CacheDataSerializerHook$29
4060:             1             16  com.hazelcast.cache.impl.CacheDataSerializerHook$3
4061:             1             16  com.hazelcast.cache.impl.CacheDataSerializerHook$30
4062:             1             16  com.hazelcast.cache.impl.CacheDataSerializerHook$31
4063:             1             16  com.hazelcast.cache.impl.CacheDataSerializerHook$32
4064:             1             16  com.hazelcast.cache.impl.CacheDataSerializerHook$33
4065:             1             16  com.hazelcast.cache.impl.CacheDataSerializerHook$34
4066:             1             16  com.hazelcast.cache.impl.CacheDataSerializerHook$35
4067:             1             16  com.hazelcast.cache.impl.CacheDataSerializerHook$36
4068:             1             16  com.hazelcast.cache.impl.CacheDataSerializerHook$37
4069:             1             16  com.hazelcast.cache.impl.CacheDataSerializerHook$38
4070:             1             16  com.hazelcast.cache.impl.CacheDataSerializerHook$39
4071:             1             16  com.hazelcast.cache.impl.CacheDataSerializerHook$4
4072:             1             16  com.hazelcast.cache.impl.CacheDataSerializerHook$40
4073:             1             16  com.hazelcast.cache.impl.CacheDataSerializerHook$41
4074:             1             16  com.hazelcast.cache.impl.CacheDataSerializerHook$42
4075:             1             16  com.hazelcast.cache.impl.CacheDataSerializerHook$43
4076:             1             16  com.hazelcast.cache.impl.CacheDataSerializerHook$44
4077:             1             16  com.hazelcast.cache.impl.CacheDataSerializerHook$45
4078:             1             16  com.hazelcast.cache.impl.CacheDataSerializerHook$46
4079:             1             16  com.hazelcast.cache.impl.CacheDataSerializerHook$47
4080:             1             16  com.hazelcast.cache.impl.CacheDataSerializerHook$48
4081:             1             16  com.hazelcast.cache.impl.CacheDataSerializerHook$49
4082:             1             16  com.hazelcast.cache.impl.CacheDataSerializerHook$5
4083:             1             16  com.hazelcast.cache.impl.CacheDataSerializerHook$50
4084:             1             16  com.hazelcast.cache.impl.CacheDataSerializerHook$51
4085:             1             16  com.hazelcast.cache.impl.CacheDataSerializerHook$52
4086:             1             16  com.hazelcast.cache.impl.CacheDataSerializerHook$53
4087:             1             16  com.hazelcast.cache.impl.CacheDataSerializerHook$54
4088:             1             16  com.hazelcast.cache.impl.CacheDataSerializerHook$55
4089:             1             16  com.hazelcast.cache.impl.CacheDataSerializerHook$56
4090:             1             16  com.hazelcast.cache.impl.CacheDataSerializerHook$57
4091:             1             16  com.hazelcast.cache.impl.CacheDataSerializerHook$58
4092:             1             16  com.hazelcast.cache.impl.CacheDataSerializerHook$59
4093:             1             16  com.hazelcast.cache.impl.CacheDataSerializerHook$6
4094:             1             16  com.hazelcast.cache.impl.CacheDataSerializerHook$60
4095:             1             16  com.hazelcast.cache.impl.CacheDataSerializerHook$61
4096:             1             16  com.hazelcast.cache.impl.CacheDataSerializerHook$7
4097:             1             16  com.hazelcast.cache.impl.CacheDataSerializerHook$8
4098:             1             16  com.hazelcast.cache.impl.CacheDataSerializerHook$9
4099:             1             16  com.hazelcast.cache.impl.DefaultOperationProvider
4100:             1             16  com.hazelcast.cache.impl.merge.policy.CacheMergePolicyProvider$1
4101:             1             16  com.hazelcast.cache.merge.HigherHitsCacheMergePolicy
4102:             1             16  com.hazelcast.cache.merge.LatestAccessCacheMergePolicy
4103:             1             16  com.hazelcast.cache.merge.PassThroughCacheMergePolicy
4104:             1             16  com.hazelcast.cache.merge.PutIfAbsentCacheMergePolicy
4105:             1             16  com.hazelcast.cardinality.impl.CardinalityEstimatorDataSerializerHook
4106:             1             16  com.hazelcast.cardinality.impl.CardinalityEstimatorDataSerializerHook$1
4107:             1             16  com.hazelcast.cardinality.impl.CardinalityEstimatorService$1
4108:             1             16  com.hazelcast.client.impl.ClientDataSerializerHook
4109:             1             16  com.hazelcast.client.impl.ClientDataSerializerHook$1
4110:             1             16  com.hazelcast.client.impl.ClientEngineImpl$1
4111:             1             16  com.hazelcast.client.impl.ClientEngineImpl$ConnectionListenerImpl
4112:             1             16  com.hazelcast.client.impl.protocol.ClientExceptionFactory$1
4113:             1             16  com.hazelcast.client.impl.protocol.ClientExceptionFactory$10
4114:             1             16  com.hazelcast.client.impl.protocol.ClientExceptionFactory$11
4115:             1             16  com.hazelcast.client.impl.protocol.ClientExceptionFactory$12
4116:             1             16  com.hazelcast.client.impl.protocol.ClientExceptionFactory$13
4117:             1             16  com.hazelcast.client.impl.protocol.ClientExceptionFactory$14
4118:             1             16  com.hazelcast.client.impl.protocol.ClientExceptionFactory$15
4119:             1             16  com.hazelcast.client.impl.protocol.ClientExceptionFactory$16
4120:             1             16  com.hazelcast.client.impl.protocol.ClientExceptionFactory$17
4121:             1             16  com.hazelcast.client.impl.protocol.ClientExceptionFactory$18
4122:             1             16  com.hazelcast.client.impl.protocol.ClientExceptionFactory$19
4123:             1             16  com.hazelcast.client.impl.protocol.ClientExceptionFactory$2
4124:             1             16  com.hazelcast.client.impl.protocol.ClientExceptionFactory$20
4125:             1             16  com.hazelcast.client.impl.protocol.ClientExceptionFactory$21
4126:             1             16  com.hazelcast.client.impl.protocol.ClientExceptionFactory$22
4127:             1             16  com.hazelcast.client.impl.protocol.ClientExceptionFactory$23
4128:             1             16  com.hazelcast.client.impl.protocol.ClientExceptionFactory$24
4129:             1             16  com.hazelcast.client.impl.protocol.ClientExceptionFactory$25
4130:             1             16  com.hazelcast.client.impl.protocol.ClientExceptionFactory$26
4131:             1             16  com.hazelcast.client.impl.protocol.ClientExceptionFactory$27
4132:             1             16  com.hazelcast.client.impl.protocol.ClientExceptionFactory$28
4133:             1             16  com.hazelcast.client.impl.protocol.ClientExceptionFactory$29
4134:             1             16  com.hazelcast.client.impl.protocol.ClientExceptionFactory$3
4135:             1             16  com.hazelcast.client.impl.protocol.ClientExceptionFactory$30
4136:             1             16  com.hazelcast.client.impl.protocol.ClientExceptionFactory$31
4137:             1             16  com.hazelcast.client.impl.protocol.ClientExceptionFactory$32
4138:             1             16  com.hazelcast.client.impl.protocol.ClientExceptionFactory$33
4139:             1             16  com.hazelcast.client.impl.protocol.ClientExceptionFactory$34
4140:             1             16  com.hazelcast.client.impl.protocol.ClientExceptionFactory$35
4141:             1             16  com.hazelcast.client.impl.protocol.ClientExceptionFactory$36
4142:             1             16  com.hazelcast.client.impl.protocol.ClientExceptionFactory$37
4143:             1             16  com.hazelcast.client.impl.protocol.ClientExceptionFactory$38
4144:             1             16  com.hazelcast.client.impl.protocol.ClientExceptionFactory$39
4145:             1             16  com.hazelcast.client.impl.protocol.ClientExceptionFactory$4
4146:             1             16  com.hazelcast.client.impl.protocol.ClientExceptionFactory$40
4147:             1             16  com.hazelcast.client.impl.protocol.ClientExceptionFactory$41
4148:             1             16  com.hazelcast.client.impl.protocol.ClientExceptionFactory$42
4149:             1             16  com.hazelcast.client.impl.protocol.ClientExceptionFactory$43
4150:             1             16  com.hazelcast.client.impl.protocol.ClientExceptionFactory$44
4151:             1             16  com.hazelcast.client.impl.protocol.ClientExceptionFactory$45
4152:             1             16  com.hazelcast.client.impl.protocol.ClientExceptionFactory$46
4153:             1             16  com.hazelcast.client.impl.protocol.ClientExceptionFactory$47
4154:             1             16  com.hazelcast.client.impl.protocol.ClientExceptionFactory$48
4155:             1             16  com.hazelcast.client.impl.protocol.ClientExceptionFactory$49
4156:             1             16  com.hazelcast.client.impl.protocol.ClientExceptionFactory$5
4157:             1             16  com.hazelcast.client.impl.protocol.ClientExceptionFactory$50
4158:             1             16  com.hazelcast.client.impl.protocol.ClientExceptionFactory$51
4159:             1             16  com.hazelcast.client.impl.protocol.ClientExceptionFactory$52
4160:             1             16  com.hazelcast.client.impl.protocol.ClientExceptionFactory$53
4161:             1             16  com.hazelcast.client.impl.protocol.ClientExceptionFactory$54
4162:             1             16  com.hazelcast.client.impl.protocol.ClientExceptionFactory$55
4163:             1             16  com.hazelcast.client.impl.protocol.ClientExceptionFactory$56
4164:             1             16  com.hazelcast.client.impl.protocol.ClientExceptionFactory$57
4165:             1             16  com.hazelcast.client.impl.protocol.ClientExceptionFactory$58
4166:             1             16  com.hazelcast.client.impl.protocol.ClientExceptionFactory$59
4167:             1             16  com.hazelcast.client.impl.protocol.ClientExceptionFactory$6
4168:             1             16  com.hazelcast.client.impl.protocol.ClientExceptionFactory$60
4169:             1             16  com.hazelcast.client.impl.protocol.ClientExceptionFactory$61
4170:             1             16  com.hazelcast.client.impl.protocol.ClientExceptionFactory$62
4171:             1             16  com.hazelcast.client.impl.protocol.ClientExceptionFactory$63
4172:             1             16  com.hazelcast.client.impl.protocol.ClientExceptionFactory$64
4173:             1             16  com.hazelcast.client.impl.protocol.ClientExceptionFactory$65
4174:             1             16  com.hazelcast.client.impl.protocol.ClientExceptionFactory$66
4175:             1             16  com.hazelcast.client.impl.protocol.ClientExceptionFactory$67
4176:             1             16  com.hazelcast.client.impl.protocol.ClientExceptionFactory$68
4177:             1             16  com.hazelcast.client.impl.protocol.ClientExceptionFactory$69
4178:             1             16  com.hazelcast.client.impl.protocol.ClientExceptionFactory$7
4179:             1             16  com.hazelcast.client.impl.protocol.ClientExceptionFactory$70
4180:             1             16  com.hazelcast.client.impl.protocol.ClientExceptionFactory$71
4181:             1             16  com.hazelcast.client.impl.protocol.ClientExceptionFactory$72
4182:             1             16  com.hazelcast.client.impl.protocol.ClientExceptionFactory$73
4183:             1             16  com.hazelcast.client.impl.protocol.ClientExceptionFactory$74
4184:             1             16  com.hazelcast.client.impl.protocol.ClientExceptionFactory$75
4185:             1             16  com.hazelcast.client.impl.protocol.ClientExceptionFactory$76
4186:             1             16  com.hazelcast.client.impl.protocol.ClientExceptionFactory$77
4187:             1             16  com.hazelcast.client.impl.protocol.ClientExceptionFactory$78
4188:             1             16  com.hazelcast.client.impl.protocol.ClientExceptionFactory$79
4189:             1             16  com.hazelcast.client.impl.protocol.ClientExceptionFactory$8
4190:             1             16  com.hazelcast.client.impl.protocol.ClientExceptionFactory$80
4191:             1             16  com.hazelcast.client.impl.protocol.ClientExceptionFactory$81
4192:             1             16  com.hazelcast.client.impl.protocol.ClientExceptionFactory$82
4193:             1             16  com.hazelcast.client.impl.protocol.ClientExceptionFactory$83
4194:             1             16  com.hazelcast.client.impl.protocol.ClientExceptionFactory$84
4195:             1             16  com.hazelcast.client.impl.protocol.ClientExceptionFactory$9
4196:             1             16  com.hazelcast.client.impl.protocol.DefaultMessageTaskFactoryProvider$1
4197:             1             16  com.hazelcast.client.impl.protocol.DefaultMessageTaskFactoryProvider$10
4198:             1             16  com.hazelcast.client.impl.protocol.DefaultMessageTaskFactoryProvider$100
4199:             1             16  com.hazelcast.client.impl.protocol.DefaultMessageTaskFactoryProvider$101
4200:             1             16  com.hazelcast.client.impl.protocol.DefaultMessageTaskFactoryProvider$102
4201:             1             16  com.hazelcast.client.impl.protocol.DefaultMessageTaskFactoryProvider$103
4202:             1             16  com.hazelcast.client.impl.protocol.DefaultMessageTaskFactoryProvider$104
4203:             1             16  com.hazelcast.client.impl.protocol.DefaultMessageTaskFactoryProvider$105
4204:             1             16  com.hazelcast.client.impl.protocol.DefaultMessageTaskFactoryProvider$106
4205:             1             16  com.hazelcast.client.impl.protocol.DefaultMessageTaskFactoryProvider$107
4206:             1             16  com.hazelcast.client.impl.protocol.DefaultMessageTaskFactoryProvider$108
4207:             1             16  com.hazelcast.client.impl.protocol.DefaultMessageTaskFactoryProvider$109
4208:             1             16  com.hazelcast.client.impl.protocol.DefaultMessageTaskFactoryProvider$11
4209:             1             16  com.hazelcast.client.impl.protocol.DefaultMessageTaskFactoryProvider$110
4210:             1             16  com.hazelcast.client.impl.protocol.DefaultMessageTaskFactoryProvider$111
4211:             1             16  com.hazelcast.client.impl.protocol.DefaultMessageTaskFactoryProvider$112
4212:             1             16  com.hazelcast.client.impl.protocol.DefaultMessageTaskFactoryProvider$113
4213:             1             16  com.hazelcast.client.impl.protocol.DefaultMessageTaskFactoryProvider$114
4214:             1             16  com.hazelcast.client.impl.protocol.DefaultMessageTaskFactoryProvider$115
4215:             1             16  com.hazelcast.client.impl.protocol.DefaultMessageTaskFactoryProvider$116
4216:             1             16  com.hazelcast.client.impl.protocol.DefaultMessageTaskFactoryProvider$117
4217:             1             16  com.hazelcast.client.impl.protocol.DefaultMessageTaskFactoryProvider$118
4218:             1             16  com.hazelcast.client.impl.protocol.DefaultMessageTaskFactoryProvider$119
4219:             1             16  com.hazelcast.client.impl.protocol.DefaultMessageTaskFactoryProvider$12
4220:             1             16  com.hazelcast.client.impl.protocol.DefaultMessageTaskFactoryProvider$120
4221:             1             16  com.hazelcast.client.impl.protocol.DefaultMessageTaskFactoryProvider$121
4222:             1             16  com.hazelcast.client.impl.protocol.DefaultMessageTaskFactoryProvider$122
4223:             1             16  com.hazelcast.client.impl.protocol.DefaultMessageTaskFactoryProvider$123
4224:             1             16  com.hazelcast.client.impl.protocol.DefaultMessageTaskFactoryProvider$124
4225:             1             16  com.hazelcast.client.impl.protocol.DefaultMessageTaskFactoryProvider$125
4226:             1             16  com.hazelcast.client.impl.protocol.DefaultMessageTaskFactoryProvider$126
4227:             1             16  com.hazelcast.client.impl.protocol.DefaultMessageTaskFactoryProvider$127
4228:             1             16  com.hazelcast.client.impl.protocol.DefaultMessageTaskFactoryProvider$128
4229:             1             16  com.hazelcast.client.impl.protocol.DefaultMessageTaskFactoryProvider$129
4230:             1             16  com.hazelcast.client.impl.protocol.DefaultMessageTaskFactoryProvider$13
4231:             1             16  com.hazelcast.client.impl.protocol.DefaultMessageTaskFactoryProvider$130
4232:             1             16  com.hazelcast.client.impl.protocol.DefaultMessageTaskFactoryProvider$131
4233:             1             16  com.hazelcast.client.impl.protocol.DefaultMessageTaskFactoryProvider$132
4234:             1             16  com.hazelcast.client.impl.protocol.DefaultMessageTaskFactoryProvider$133
4235:             1             16  com.hazelcast.client.impl.protocol.DefaultMessageTaskFactoryProvider$134
4236:             1             16  com.hazelcast.client.impl.protocol.DefaultMessageTaskFactoryProvider$135
4237:             1             16  com.hazelcast.client.impl.protocol.DefaultMessageTaskFactoryProvider$136
4238:             1             16  com.hazelcast.client.impl.protocol.DefaultMessageTaskFactoryProvider$137
4239:             1             16  com.hazelcast.client.impl.protocol.DefaultMessageTaskFactoryProvider$138
4240:             1             16  com.hazelcast.client.impl.protocol.DefaultMessageTaskFactoryProvider$139
4241:             1             16  com.hazelcast.client.impl.protocol.DefaultMessageTaskFactoryProvider$14
4242:             1             16  com.hazelcast.client.impl.protocol.DefaultMessageTaskFactoryProvider$140
4243:             1             16  com.hazelcast.client.impl.protocol.DefaultMessageTaskFactoryProvider$141
4244:             1             16  com.hazelcast.client.impl.protocol.DefaultMessageTaskFactoryProvider$142
4245:             1             16  com.hazelcast.client.impl.protocol.DefaultMessageTaskFactoryProvider$143
4246:             1             16  com.hazelcast.client.impl.protocol.DefaultMessageTaskFactoryProvider$144
4247:             1             16  com.hazelcast.client.impl.protocol.DefaultMessageTaskFactoryProvider$145
4248:             1             16  com.hazelcast.client.impl.protocol.DefaultMessageTaskFactoryProvider$146
4249:             1             16  com.hazelcast.client.impl.protocol.DefaultMessageTaskFactoryProvider$147
4250:             1             16  com.hazelcast.client.impl.protocol.DefaultMessageTaskFactoryProvider$148
4251:             1             16  com.hazelcast.client.impl.protocol.DefaultMessageTaskFactoryProvider$149
4252:             1             16  com.hazelcast.client.impl.protocol.DefaultMessageTaskFactoryProvider$15
4253:             1             16  com.hazelcast.client.impl.protocol.DefaultMessageTaskFactoryProvider$150
4254:             1             16  com.hazelcast.client.impl.protocol.DefaultMessageTaskFactoryProvider$151
4255:             1             16  com.hazelcast.client.impl.protocol.DefaultMessageTaskFactoryProvider$152
4256:             1             16  com.hazelcast.client.impl.protocol.DefaultMessageTaskFactoryProvider$153
4257:             1             16  com.hazelcast.client.impl.protocol.DefaultMessageTaskFactoryProvider$154
4258:             1             16  com.hazelcast.client.impl.protocol.DefaultMessageTaskFactoryProvider$155
4259:             1             16  com.hazelcast.client.impl.protocol.DefaultMessageTaskFactoryProvider$156
4260:             1             16  com.hazelcast.client.impl.protocol.DefaultMessageTaskFactoryProvider$157
4261:             1             16  com.hazelcast.client.impl.protocol.DefaultMessageTaskFactoryProvider$158
4262:             1             16  com.hazelcast.client.impl.protocol.DefaultMessageTaskFactoryProvider$159
4263:             1             16  com.hazelcast.client.impl.protocol.DefaultMessageTaskFactoryProvider$16
4264:             1             16  com.hazelcast.client.impl.protocol.DefaultMessageTaskFactoryProvider$160
4265:             1             16  com.hazelcast.client.impl.protocol.DefaultMessageTaskFactoryProvider$161
4266:             1             16  com.hazelcast.client.impl.protocol.DefaultMessageTaskFactoryProvider$162
4267:             1             16  com.hazelcast.client.impl.protocol.DefaultMessageTaskFactoryProvider$163
4268:             1             16  com.hazelcast.client.impl.protocol.DefaultMessageTaskFactoryProvider$164
4269:             1             16  com.hazelcast.client.impl.protocol.DefaultMessageTaskFactoryProvider$165
4270:             1             16  com.hazelcast.client.impl.protocol.DefaultMessageTaskFactoryProvider$166
4271:             1             16  com.hazelcast.client.impl.protocol.DefaultMessageTaskFactoryProvider$167
4272:             1             16  com.hazelcast.client.impl.protocol.DefaultMessageTaskFactoryProvider$168
4273:             1             16  com.hazelcast.client.impl.protocol.DefaultMessageTaskFactoryProvider$169
4274:             1             16  com.hazelcast.client.impl.protocol.DefaultMessageTaskFactoryProvider$17
4275:             1             16  com.hazelcast.client.impl.protocol.DefaultMessageTaskFactoryProvider$170
4276:             1             16  com.hazelcast.client.impl.protocol.DefaultMessageTaskFactoryProvider$171
4277:             1             16  com.hazelcast.client.impl.protocol.DefaultMessageTaskFactoryProvider$172
4278:             1             16  com.hazelcast.client.impl.protocol.DefaultMessageTaskFactoryProvider$173
4279:             1             16  com.hazelcast.client.impl.protocol.DefaultMessageTaskFactoryProvider$174
4280:             1             16  com.hazelcast.client.impl.protocol.DefaultMessageTaskFactoryProvider$175
4281:             1             16  com.hazelcast.client.impl.protocol.DefaultMessageTaskFactoryProvider$176
4282:             1             16  com.hazelcast.client.impl.protocol.DefaultMessageTaskFactoryProvider$177
4283:             1             16  com.hazelcast.client.impl.protocol.DefaultMessageTaskFactoryProvider$178
4284:             1             16  com.hazelcast.client.impl.protocol.DefaultMessageTaskFactoryProvider$179
4285:             1             16  com.hazelcast.client.impl.protocol.DefaultMessageTaskFactoryProvider$18
4286:             1             16  com.hazelcast.client.impl.protocol.DefaultMessageTaskFactoryProvider$180
4287:             1             16  com.hazelcast.client.impl.protocol.DefaultMessageTaskFactoryProvider$181
4288:             1             16  com.hazelcast.client.impl.protocol.DefaultMessageTaskFactoryProvider$182
4289:             1             16  com.hazelcast.client.impl.protocol.DefaultMessageTaskFactoryProvider$183
4290:             1             16  com.hazelcast.client.impl.protocol.DefaultMessageTaskFactoryProvider$184
4291:             1             16  com.hazelcast.client.impl.protocol.DefaultMessageTaskFactoryProvider$185
4292:             1             16  com.hazelcast.client.impl.protocol.DefaultMessageTaskFactoryProvider$186
4293:             1             16  com.hazelcast.client.impl.protocol.DefaultMessageTaskFactoryProvider$187
4294:             1             16  com.hazelcast.client.impl.protocol.DefaultMessageTaskFactoryProvider$188
4295:             1             16  com.hazelcast.client.impl.protocol.DefaultMessageTaskFactoryProvider$189
4296:             1             16  com.hazelcast.client.impl.protocol.DefaultMessageTaskFactoryProvider$19
4297:             1             16  com.hazelcast.client.impl.protocol.DefaultMessageTaskFactoryProvider$190
4298:             1             16  com.hazelcast.client.impl.protocol.DefaultMessageTaskFactoryProvider$191
4299:             1             16  com.hazelcast.client.impl.protocol.DefaultMessageTaskFactoryProvider$192
4300:             1             16  com.hazelcast.client.impl.protocol.DefaultMessageTaskFactoryProvider$193
4301:             1             16  com.hazelcast.client.impl.protocol.DefaultMessageTaskFactoryProvider$194
4302:             1             16  com.hazelcast.client.impl.protocol.DefaultMessageTaskFactoryProvider$195
4303:             1             16  com.hazelcast.client.impl.protocol.DefaultMessageTaskFactoryProvider$196
4304:             1             16  com.hazelcast.client.impl.protocol.DefaultMessageTaskFactoryProvider$197
4305:             1             16  com.hazelcast.client.impl.protocol.DefaultMessageTaskFactoryProvider$198
4306:             1             16  com.hazelcast.client.impl.protocol.DefaultMessageTaskFactoryProvider$199
4307:             1             16  com.hazelcast.client.impl.protocol.DefaultMessageTaskFactoryProvider$2
4308:             1             16  com.hazelcast.client.impl.protocol.DefaultMessageTaskFactoryProvider$20
4309:             1             16  com.hazelcast.client.impl.protocol.DefaultMessageTaskFactoryProvider$200
4310:             1             16  com.hazelcast.client.impl.protocol.DefaultMessageTaskFactoryProvider$201
4311:             1             16  com.hazelcast.client.impl.protocol.DefaultMessageTaskFactoryProvider$202
4312:             1             16  com.hazelcast.client.impl.protocol.DefaultMessageTaskFactoryProvider$203
4313:             1             16  com.hazelcast.client.impl.protocol.DefaultMessageTaskFactoryProvider$204
4314:             1             16  com.hazelcast.client.impl.protocol.DefaultMessageTaskFactoryProvider$205
4315:             1             16  com.hazelcast.client.impl.protocol.DefaultMessageTaskFactoryProvider$206
4316:             1             16  com.hazelcast.client.impl.protocol.DefaultMessageTaskFactoryProvider$207
4317:             1             16  com.hazelcast.client.impl.protocol.DefaultMessageTaskFactoryProvider$208
4318:             1             16  com.hazelcast.client.impl.protocol.DefaultMessageTaskFactoryProvider$209
4319:             1             16  com.hazelcast.client.impl.protocol.DefaultMessageTaskFactoryProvider$21
4320:             1             16  com.hazelcast.client.impl.protocol.DefaultMessageTaskFactoryProvider$210
4321:             1             16  com.hazelcast.client.impl.protocol.DefaultMessageTaskFactoryProvider$211
4322:             1             16  com.hazelcast.client.impl.protocol.DefaultMessageTaskFactoryProvider$212
4323:             1             16  com.hazelcast.client.impl.protocol.DefaultMessageTaskFactoryProvider$213
4324:             1             16  com.hazelcast.client.impl.protocol.DefaultMessageTaskFactoryProvider$214
4325:             1             16  com.hazelcast.client.impl.protocol.DefaultMessageTaskFactoryProvider$215
4326:             1             16  com.hazelcast.client.impl.protocol.DefaultMessageTaskFactoryProvider$216
4327:             1             16  com.hazelcast.client.impl.protocol.DefaultMessageTaskFactoryProvider$217
4328:             1             16  com.hazelcast.client.impl.protocol.DefaultMessageTaskFactoryProvider$218
4329:             1             16  com.hazelcast.client.impl.protocol.DefaultMessageTaskFactoryProvider$219
4330:             1             16  com.hazelcast.client.impl.protocol.DefaultMessageTaskFactoryProvider$22
4331:             1             16  com.hazelcast.client.impl.protocol.DefaultMessageTaskFactoryProvider$220
4332:             1             16  com.hazelcast.client.impl.protocol.DefaultMessageTaskFactoryProvider$221
4333:             1             16  com.hazelcast.client.impl.protocol.DefaultMessageTaskFactoryProvider$222
4334:             1             16  com.hazelcast.client.impl.protocol.DefaultMessageTaskFactoryProvider$223
4335:             1             16  com.hazelcast.client.impl.protocol.DefaultMessageTaskFactoryProvider$224
4336:             1             16  com.hazelcast.client.impl.protocol.DefaultMessageTaskFactoryProvider$225
4337:             1             16  com.hazelcast.client.impl.protocol.DefaultMessageTaskFactoryProvider$226
4338:             1             16  com.hazelcast.client.impl.protocol.DefaultMessageTaskFactoryProvider$227
4339:             1             16  com.hazelcast.client.impl.protocol.DefaultMessageTaskFactoryProvider$228
4340:             1             16  com.hazelcast.client.impl.protocol.DefaultMessageTaskFactoryProvider$229
4341:             1             16  com.hazelcast.client.impl.protocol.DefaultMessageTaskFactoryProvider$23
4342:             1             16  com.hazelcast.client.impl.protocol.DefaultMessageTaskFactoryProvider$230
4343:             1             16  com.hazelcast.client.impl.protocol.DefaultMessageTaskFactoryProvider$231
4344:             1             16  com.hazelcast.client.impl.protocol.DefaultMessageTaskFactoryProvider$232
4345:             1             16  com.hazelcast.client.impl.protocol.DefaultMessageTaskFactoryProvider$233
4346:             1             16  com.hazelcast.client.impl.protocol.DefaultMessageTaskFactoryProvider$234
4347:             1             16  com.hazelcast.client.impl.protocol.DefaultMessageTaskFactoryProvider$235
4348:             1             16  com.hazelcast.client.impl.protocol.DefaultMessageTaskFactoryProvider$236
4349:             1             16  com.hazelcast.client.impl.protocol.DefaultMessageTaskFactoryProvider$237
4350:             1             16  com.hazelcast.client.impl.protocol.DefaultMessageTaskFactoryProvider$238
4351:             1             16  com.hazelcast.client.impl.protocol.DefaultMessageTaskFactoryProvider$239
4352:             1             16  com.hazelcast.client.impl.protocol.DefaultMessageTaskFactoryProvider$24
4353:             1             16  com.hazelcast.client.impl.protocol.DefaultMessageTaskFactoryProvider$240
4354:             1             16  com.hazelcast.client.impl.protocol.DefaultMessageTaskFactoryProvider$241
4355:             1             16  com.hazelcast.client.impl.protocol.DefaultMessageTaskFactoryProvider$242
4356:             1             16  com.hazelcast.client.impl.protocol.DefaultMessageTaskFactoryProvider$243
4357:             1             16  com.hazelcast.client.impl.protocol.DefaultMessageTaskFactoryProvider$244
4358:             1             16  com.hazelcast.client.impl.protocol.DefaultMessageTaskFactoryProvider$245
4359:             1             16  com.hazelcast.client.impl.protocol.DefaultMessageTaskFactoryProvider$246
4360:             1             16  com.hazelcast.client.impl.protocol.DefaultMessageTaskFactoryProvider$247
4361:             1             16  com.hazelcast.client.impl.protocol.DefaultMessageTaskFactoryProvider$248
4362:             1             16  com.hazelcast.client.impl.protocol.DefaultMessageTaskFactoryProvider$249
4363:             1             16  com.hazelcast.client.impl.protocol.DefaultMessageTaskFactoryProvider$25
4364:             1             16  com.hazelcast.client.impl.protocol.DefaultMessageTaskFactoryProvider$250
4365:             1             16  com.hazelcast.client.impl.protocol.DefaultMessageTaskFactoryProvider$251
4366:             1             16  com.hazelcast.client.impl.protocol.DefaultMessageTaskFactoryProvider$252
4367:             1             16  com.hazelcast.client.impl.protocol.DefaultMessageTaskFactoryProvider$253
4368:             1             16  com.hazelcast.client.impl.protocol.DefaultMessageTaskFactoryProvider$254
4369:             1             16  com.hazelcast.client.impl.protocol.DefaultMessageTaskFactoryProvider$255
4370:             1             16  com.hazelcast.client.impl.protocol.DefaultMessageTaskFactoryProvider$256
4371:             1             16  com.hazelcast.client.impl.protocol.DefaultMessageTaskFactoryProvider$257
4372:             1             16  com.hazelcast.client.impl.protocol.DefaultMessageTaskFactoryProvider$258
4373:             1             16  com.hazelcast.client.impl.protocol.DefaultMessageTaskFactoryProvider$259
4374:             1             16  com.hazelcast.client.impl.protocol.DefaultMessageTaskFactoryProvider$26
4375:             1             16  com.hazelcast.client.impl.protocol.DefaultMessageTaskFactoryProvider$260
4376:             1             16  com.hazelcast.client.impl.protocol.DefaultMessageTaskFactoryProvider$261
4377:             1             16  com.hazelcast.client.impl.protocol.DefaultMessageTaskFactoryProvider$262
4378:             1             16  com.hazelcast.client.impl.protocol.DefaultMessageTaskFactoryProvider$263
4379:             1             16  com.hazelcast.client.impl.protocol.DefaultMessageTaskFactoryProvider$264
4380:             1             16  com.hazelcast.client.impl.protocol.DefaultMessageTaskFactoryProvider$265
4381:             1             16  com.hazelcast.client.impl.protocol.DefaultMessageTaskFactoryProvider$266
4382:             1             16  com.hazelcast.client.impl.protocol.DefaultMessageTaskFactoryProvider$267
4383:             1             16  com.hazelcast.client.impl.protocol.DefaultMessageTaskFactoryProvider$268
4384:             1             16  com.hazelcast.client.impl.protocol.DefaultMessageTaskFactoryProvider$269
4385:             1             16  com.hazelcast.client.impl.protocol.DefaultMessageTaskFactoryProvider$27
4386:             1             16  com.hazelcast.client.impl.protocol.DefaultMessageTaskFactoryProvider$270
4387:             1             16  com.hazelcast.client.impl.protocol.DefaultMessageTaskFactoryProvider$271
4388:             1             16  com.hazelcast.client.impl.protocol.DefaultMessageTaskFactoryProvider$272
4389:             1             16  com.hazelcast.client.impl.protocol.DefaultMessageTaskFactoryProvider$273
4390:             1             16  com.hazelcast.client.impl.protocol.DefaultMessageTaskFactoryProvider$274
4391:             1             16  com.hazelcast.client.impl.protocol.DefaultMessageTaskFactoryProvider$275
4392:             1             16  com.hazelcast.client.impl.protocol.DefaultMessageTaskFactoryProvider$276
4393:             1             16  com.hazelcast.client.impl.protocol.DefaultMessageTaskFactoryProvider$277
4394:             1             16  com.hazelcast.client.impl.protocol.DefaultMessageTaskFactoryProvider$278
4395:             1             16  com.hazelcast.client.impl.protocol.DefaultMessageTaskFactoryProvider$279
4396:             1             16  com.hazelcast.client.impl.protocol.DefaultMessageTaskFactoryProvider$28
4397:             1             16  com.hazelcast.client.impl.protocol.DefaultMessageTaskFactoryProvider$280
4398:             1             16  com.hazelcast.client.impl.protocol.DefaultMessageTaskFactoryProvider$281
4399:             1             16  com.hazelcast.client.impl.protocol.DefaultMessageTaskFactoryProvider$282
4400:             1             16  com.hazelcast.client.impl.protocol.DefaultMessageTaskFactoryProvider$283
4401:             1             16  com.hazelcast.client.impl.protocol.DefaultMessageTaskFactoryProvider$284
4402:             1             16  com.hazelcast.client.impl.protocol.DefaultMessageTaskFactoryProvider$285
4403:             1             16  com.hazelcast.client.impl.protocol.DefaultMessageTaskFactoryProvider$286
4404:             1             16  com.hazelcast.client.impl.protocol.DefaultMessageTaskFactoryProvider$287
4405:             1             16  com.hazelcast.client.impl.protocol.DefaultMessageTaskFactoryProvider$288
4406:             1             16  com.hazelcast.client.impl.protocol.DefaultMessageTaskFactoryProvider$289
4407:             1             16  com.hazelcast.client.impl.protocol.DefaultMessageTaskFactoryProvider$29
4408:             1             16  com.hazelcast.client.impl.protocol.DefaultMessageTaskFactoryProvider$290
4409:             1             16  com.hazelcast.client.impl.protocol.DefaultMessageTaskFactoryProvider$291
4410:             1             16  com.hazelcast.client.impl.protocol.DefaultMessageTaskFactoryProvider$292
4411:             1             16  com.hazelcast.client.impl.protocol.DefaultMessageTaskFactoryProvider$293
4412:             1             16  com.hazelcast.client.impl.protocol.DefaultMessageTaskFactoryProvider$294
4413:             1             16  com.hazelcast.client.impl.protocol.DefaultMessageTaskFactoryProvider$295
4414:             1             16  com.hazelcast.client.impl.protocol.DefaultMessageTaskFactoryProvider$296
4415:             1             16  com.hazelcast.client.impl.protocol.DefaultMessageTaskFactoryProvider$297
4416:             1             16  com.hazelcast.client.impl.protocol.DefaultMessageTaskFactoryProvider$298
4417:             1             16  com.hazelcast.client.impl.protocol.DefaultMessageTaskFactoryProvider$299
4418:             1             16  com.hazelcast.client.impl.protocol.DefaultMessageTaskFactoryProvider$3
4419:             1             16  com.hazelcast.client.impl.protocol.DefaultMessageTaskFactoryProvider$30
4420:             1             16  com.hazelcast.client.impl.protocol.DefaultMessageTaskFactoryProvider$300
4421:             1             16  com.hazelcast.client.impl.protocol.DefaultMessageTaskFactoryProvider$301
4422:             1             16  com.hazelcast.client.impl.protocol.DefaultMessageTaskFactoryProvider$302
4423:             1             16  com.hazelcast.client.impl.protocol.DefaultMessageTaskFactoryProvider$303
4424:             1             16  com.hazelcast.client.impl.protocol.DefaultMessageTaskFactoryProvider$304
4425:             1             16  com.hazelcast.client.impl.protocol.DefaultMessageTaskFactoryProvider$305
4426:             1             16  com.hazelcast.client.impl.protocol.DefaultMessageTaskFactoryProvider$306
4427:             1             16  com.hazelcast.client.impl.protocol.DefaultMessageTaskFactoryProvider$307
4428:             1             16  com.hazelcast.client.impl.protocol.DefaultMessageTaskFactoryProvider$308
4429:             1             16  com.hazelcast.client.impl.protocol.DefaultMessageTaskFactoryProvider$309
4430:             1             16  com.hazelcast.client.impl.protocol.DefaultMessageTaskFactoryProvider$31
4431:             1             16  com.hazelcast.client.impl.protocol.DefaultMessageTaskFactoryProvider$310
4432:             1             16  com.hazelcast.client.impl.protocol.DefaultMessageTaskFactoryProvider$311
4433:             1             16  com.hazelcast.client.impl.protocol.DefaultMessageTaskFactoryProvider$312
4434:             1             16  com.hazelcast.client.impl.protocol.DefaultMessageTaskFactoryProvider$313
4435:             1             16  com.hazelcast.client.impl.protocol.DefaultMessageTaskFactoryProvider$314
4436:             1             16  com.hazelcast.client.impl.protocol.DefaultMessageTaskFactoryProvider$315
4437:             1             16  com.hazelcast.client.impl.protocol.DefaultMessageTaskFactoryProvider$316
4438:             1             16  com.hazelcast.client.impl.protocol.DefaultMessageTaskFactoryProvider$317
4439:             1             16  com.hazelcast.client.impl.protocol.DefaultMessageTaskFactoryProvider$318
4440:             1             16  com.hazelcast.client.impl.protocol.DefaultMessageTaskFactoryProvider$319
4441:             1             16  com.hazelcast.client.impl.protocol.DefaultMessageTaskFactoryProvider$32
4442:             1             16  com.hazelcast.client.impl.protocol.DefaultMessageTaskFactoryProvider$320
4443:             1             16  com.hazelcast.client.impl.protocol.DefaultMessageTaskFactoryProvider$321
4444:             1             16  com.hazelcast.client.impl.protocol.DefaultMessageTaskFactoryProvider$322
4445:             1             16  com.hazelcast.client.impl.protocol.DefaultMessageTaskFactoryProvider$323
4446:             1             16  com.hazelcast.client.impl.protocol.DefaultMessageTaskFactoryProvider$324
4447:             1             16  com.hazelcast.client.impl.protocol.DefaultMessageTaskFactoryProvider$325
4448:             1             16  com.hazelcast.client.impl.protocol.DefaultMessageTaskFactoryProvider$326
4449:             1             16  com.hazelcast.client.impl.protocol.DefaultMessageTaskFactoryProvider$327
4450:             1             16  com.hazelcast.client.impl.protocol.DefaultMessageTaskFactoryProvider$328
4451:             1             16  com.hazelcast.client.impl.protocol.DefaultMessageTaskFactoryProvider$329
4452:             1             16  com.hazelcast.client.impl.protocol.DefaultMessageTaskFactoryProvider$33
4453:             1             16  com.hazelcast.client.impl.protocol.DefaultMessageTaskFactoryProvider$330
4454:             1             16  com.hazelcast.client.impl.protocol.DefaultMessageTaskFactoryProvider$331
4455:             1             16  com.hazelcast.client.impl.protocol.DefaultMessageTaskFactoryProvider$332
4456:             1             16  com.hazelcast.client.impl.protocol.DefaultMessageTaskFactoryProvider$333
4457:             1             16  com.hazelcast.client.impl.protocol.DefaultMessageTaskFactoryProvider$334
4458:             1             16  com.hazelcast.client.impl.protocol.DefaultMessageTaskFactoryProvider$335
4459:             1             16  com.hazelcast.client.impl.protocol.DefaultMessageTaskFactoryProvider$336
4460:             1             16  com.hazelcast.client.impl.protocol.DefaultMessageTaskFactoryProvider$337
4461:             1             16  com.hazelcast.client.impl.protocol.DefaultMessageTaskFactoryProvider$338
4462:             1             16  com.hazelcast.client.impl.protocol.DefaultMessageTaskFactoryProvider$339
4463:             1             16  com.hazelcast.client.impl.protocol.DefaultMessageTaskFactoryProvider$34
4464:             1             16  com.hazelcast.client.impl.protocol.DefaultMessageTaskFactoryProvider$340
4465:             1             16  com.hazelcast.client.impl.protocol.DefaultMessageTaskFactoryProvider$341
4466:             1             16  com.hazelcast.client.impl.protocol.DefaultMessageTaskFactoryProvider$342
4467:             1             16  com.hazelcast.client.impl.protocol.DefaultMessageTaskFactoryProvider$343
4468:             1             16  com.hazelcast.client.impl.protocol.DefaultMessageTaskFactoryProvider$344
4469:             1             16  com.hazelcast.client.impl.protocol.DefaultMessageTaskFactoryProvider$345
4470:             1             16  com.hazelcast.client.impl.protocol.DefaultMessageTaskFactoryProvider$346
4471:             1             16  com.hazelcast.client.impl.protocol.DefaultMessageTaskFactoryProvider$347
4472:             1             16  com.hazelcast.client.impl.protocol.DefaultMessageTaskFactoryProvider$348
4473:             1             16  com.hazelcast.client.impl.protocol.DefaultMessageTaskFactoryProvider$349
4474:             1             16  com.hazelcast.client.impl.protocol.DefaultMessageTaskFactoryProvider$35
4475:             1             16  com.hazelcast.client.impl.protocol.DefaultMessageTaskFactoryProvider$350
4476:             1             16  com.hazelcast.client.impl.protocol.DefaultMessageTaskFactoryProvider$351
4477:             1             16  com.hazelcast.client.impl.protocol.DefaultMessageTaskFactoryProvider$352
4478:             1             16  com.hazelcast.client.impl.protocol.DefaultMessageTaskFactoryProvider$353
4479:             1             16  com.hazelcast.client.impl.protocol.DefaultMessageTaskFactoryProvider$354
4480:             1             16  com.hazelcast.client.impl.protocol.DefaultMessageTaskFactoryProvider$355
4481:             1             16  com.hazelcast.client.impl.protocol.DefaultMessageTaskFactoryProvider$356
4482:             1             16  com.hazelcast.client.impl.protocol.DefaultMessageTaskFactoryProvider$357
4483:             1             16  com.hazelcast.client.impl.protocol.DefaultMessageTaskFactoryProvider$358
4484:             1             16  com.hazelcast.client.impl.protocol.DefaultMessageTaskFactoryProvider$359
4485:             1             16  com.hazelcast.client.impl.protocol.DefaultMessageTaskFactoryProvider$36
4486:             1             16  com.hazelcast.client.impl.protocol.DefaultMessageTaskFactoryProvider$360
4487:             1             16  com.hazelcast.client.impl.protocol.DefaultMessageTaskFactoryProvider$361
4488:             1             16  com.hazelcast.client.impl.protocol.DefaultMessageTaskFactoryProvider$362
4489:             1             16  com.hazelcast.client.impl.protocol.DefaultMessageTaskFactoryProvider$363
4490:             1             16  com.hazelcast.client.impl.protocol.DefaultMessageTaskFactoryProvider$364
4491:             1             16  com.hazelcast.client.impl.protocol.DefaultMessageTaskFactoryProvider$365
4492:             1             16  com.hazelcast.client.impl.protocol.DefaultMessageTaskFactoryProvider$366
4493:             1             16  com.hazelcast.client.impl.protocol.DefaultMessageTaskFactoryProvider$367
4494:             1             16  com.hazelcast.client.impl.protocol.DefaultMessageTaskFactoryProvider$368
4495:             1             16  com.hazelcast.client.impl.protocol.DefaultMessageTaskFactoryProvider$369
4496:             1             16  com.hazelcast.client.impl.protocol.DefaultMessageTaskFactoryProvider$37
4497:             1             16  com.hazelcast.client.impl.protocol.DefaultMessageTaskFactoryProvider$370
4498:             1             16  com.hazelcast.client.impl.protocol.DefaultMessageTaskFactoryProvider$371
4499:             1             16  com.hazelcast.client.impl.protocol.DefaultMessageTaskFactoryProvider$372
4500:             1             16  com.hazelcast.client.impl.protocol.DefaultMessageTaskFactoryProvider$373
4501:             1             16  com.hazelcast.client.impl.protocol.DefaultMessageTaskFactoryProvider$374
4502:             1             16  com.hazelcast.client.impl.protocol.DefaultMessageTaskFactoryProvider$375
4503:             1             16  com.hazelcast.client.impl.protocol.DefaultMessageTaskFactoryProvider$376
4504:             1             16  com.hazelcast.client.impl.protocol.DefaultMessageTaskFactoryProvider$377
4505:             1             16  com.hazelcast.client.impl.protocol.DefaultMessageTaskFactoryProvider$378
4506:             1             16  com.hazelcast.client.impl.protocol.DefaultMessageTaskFactoryProvider$379
4507:             1             16  com.hazelcast.client.impl.protocol.DefaultMessageTaskFactoryProvider$38
4508:             1             16  com.hazelcast.client.impl.protocol.DefaultMessageTaskFactoryProvider$380
4509:             1             16  com.hazelcast.client.impl.protocol.DefaultMessageTaskFactoryProvider$39
4510:             1             16  com.hazelcast.client.impl.protocol.DefaultMessageTaskFactoryProvider$4
4511:             1             16  com.hazelcast.client.impl.protocol.DefaultMessageTaskFactoryProvider$40
4512:             1             16  com.hazelcast.client.impl.protocol.DefaultMessageTaskFactoryProvider$41
4513:             1             16  com.hazelcast.client.impl.protocol.DefaultMessageTaskFactoryProvider$42
4514:             1             16  com.hazelcast.client.impl.protocol.DefaultMessageTaskFactoryProvider$43
4515:             1             16  com.hazelcast.client.impl.protocol.DefaultMessageTaskFactoryProvider$44
4516:             1             16  com.hazelcast.client.impl.protocol.DefaultMessageTaskFactoryProvider$45
4517:             1             16  com.hazelcast.client.impl.protocol.DefaultMessageTaskFactoryProvider$46
4518:             1             16  com.hazelcast.client.impl.protocol.DefaultMessageTaskFactoryProvider$47
4519:             1             16  com.hazelcast.client.impl.protocol.DefaultMessageTaskFactoryProvider$48
4520:             1             16  com.hazelcast.client.impl.protocol.DefaultMessageTaskFactoryProvider$49
4521:             1             16  com.hazelcast.client.impl.protocol.DefaultMessageTaskFactoryProvider$5
4522:             1             16  com.hazelcast.client.impl.protocol.DefaultMessageTaskFactoryProvider$50
4523:             1             16  com.hazelcast.client.impl.protocol.DefaultMessageTaskFactoryProvider$51
4524:             1             16  com.hazelcast.client.impl.protocol.DefaultMessageTaskFactoryProvider$52
4525:             1             16  com.hazelcast.client.impl.protocol.DefaultMessageTaskFactoryProvider$53
4526:             1             16  com.hazelcast.client.impl.protocol.DefaultMessageTaskFactoryProvider$54
4527:             1             16  com.hazelcast.client.impl.protocol.DefaultMessageTaskFactoryProvider$55
4528:             1             16  com.hazelcast.client.impl.protocol.DefaultMessageTaskFactoryProvider$56
4529:             1             16  com.hazelcast.client.impl.protocol.DefaultMessageTaskFactoryProvider$57
4530:             1             16  com.hazelcast.client.impl.protocol.DefaultMessageTaskFactoryProvider$58
4531:             1             16  com.hazelcast.client.impl.protocol.DefaultMessageTaskFactoryProvider$59
4532:             1             16  com.hazelcast.client.impl.protocol.DefaultMessageTaskFactoryProvider$6
4533:             1             16  com.hazelcast.client.impl.protocol.DefaultMessageTaskFactoryProvider$60
4534:             1             16  com.hazelcast.client.impl.protocol.DefaultMessageTaskFactoryProvider$61
4535:             1             16  com.hazelcast.client.impl.protocol.DefaultMessageTaskFactoryProvider$62
4536:             1             16  com.hazelcast.client.impl.protocol.DefaultMessageTaskFactoryProvider$63
4537:             1             16  com.hazelcast.client.impl.protocol.DefaultMessageTaskFactoryProvider$64
4538:             1             16  com.hazelcast.client.impl.protocol.DefaultMessageTaskFactoryProvider$65
4539:             1             16  com.hazelcast.client.impl.protocol.DefaultMessageTaskFactoryProvider$66
4540:             1             16  com.hazelcast.client.impl.protocol.DefaultMessageTaskFactoryProvider$67
4541:             1             16  com.hazelcast.client.impl.protocol.DefaultMessageTaskFactoryProvider$68
4542:             1             16  com.hazelcast.client.impl.protocol.DefaultMessageTaskFactoryProvider$69
4543:             1             16  com.hazelcast.client.impl.protocol.DefaultMessageTaskFactoryProvider$7
4544:             1             16  com.hazelcast.client.impl.protocol.DefaultMessageTaskFactoryProvider$70
4545:             1             16  com.hazelcast.client.impl.protocol.DefaultMessageTaskFactoryProvider$71
4546:             1             16  com.hazelcast.client.impl.protocol.DefaultMessageTaskFactoryProvider$72
4547:             1             16  com.hazelcast.client.impl.protocol.DefaultMessageTaskFactoryProvider$73
4548:             1             16  com.hazelcast.client.impl.protocol.DefaultMessageTaskFactoryProvider$74
4549:             1             16  com.hazelcast.client.impl.protocol.DefaultMessageTaskFactoryProvider$75
4550:             1             16  com.hazelcast.client.impl.protocol.DefaultMessageTaskFactoryProvider$76
4551:             1             16  com.hazelcast.client.impl.protocol.DefaultMessageTaskFactoryProvider$77
4552:             1             16  com.hazelcast.client.impl.protocol.DefaultMessageTaskFactoryProvider$78
4553:             1             16  com.hazelcast.client.impl.protocol.DefaultMessageTaskFactoryProvider$79
4554:             1             16  com.hazelcast.client.impl.protocol.DefaultMessageTaskFactoryProvider$8
4555:             1             16  com.hazelcast.client.impl.protocol.DefaultMessageTaskFactoryProvider$80
4556:             1             16  com.hazelcast.client.impl.protocol.DefaultMessageTaskFactoryProvider$81
4557:             1             16  com.hazelcast.client.impl.protocol.DefaultMessageTaskFactoryProvider$82
4558:             1             16  com.hazelcast.client.impl.protocol.DefaultMessageTaskFactoryProvider$83
4559:             1             16  com.hazelcast.client.impl.protocol.DefaultMessageTaskFactoryProvider$84
4560:             1             16  com.hazelcast.client.impl.protocol.DefaultMessageTaskFactoryProvider$85
4561:             1             16  com.hazelcast.client.impl.protocol.DefaultMessageTaskFactoryProvider$86
4562:             1             16  com.hazelcast.client.impl.protocol.DefaultMessageTaskFactoryProvider$87
4563:             1             16  com.hazelcast.client.impl.protocol.DefaultMessageTaskFactoryProvider$88
4564:             1             16  com.hazelcast.client.impl.protocol.DefaultMessageTaskFactoryProvider$89
4565:             1             16  com.hazelcast.client.impl.protocol.DefaultMessageTaskFactoryProvider$9
4566:             1             16  com.hazelcast.client.impl.protocol.DefaultMessageTaskFactoryProvider$90
4567:             1             16  com.hazelcast.client.impl.protocol.DefaultMessageTaskFactoryProvider$91
4568:             1             16  com.hazelcast.client.impl.protocol.DefaultMessageTaskFactoryProvider$92
4569:             1             16  com.hazelcast.client.impl.protocol.DefaultMessageTaskFactoryProvider$93
4570:             1             16  com.hazelcast.client.impl.protocol.DefaultMessageTaskFactoryProvider$94
4571:             1             16  com.hazelcast.client.impl.protocol.DefaultMessageTaskFactoryProvider$95
4572:             1             16  com.hazelcast.client.impl.protocol.DefaultMessageTaskFactoryProvider$96
4573:             1             16  com.hazelcast.client.impl.protocol.DefaultMessageTaskFactoryProvider$97
4574:             1             16  com.hazelcast.client.impl.protocol.DefaultMessageTaskFactoryProvider$98
4575:             1             16  com.hazelcast.client.impl.protocol.DefaultMessageTaskFactoryProvider$99
4576:             1             16  com.hazelcast.cluster.memberselector.MemberSelectors$1
4577:             1             16  com.hazelcast.cluster.memberselector.MemberSelectors$2
4578:             1             16  com.hazelcast.cluster.memberselector.MemberSelectors$3
4579:             1             16  com.hazelcast.cluster.memberselector.MemberSelectors$4
4580:             1             16  com.hazelcast.collection.impl.collection.CollectionDataSerializerHook
4581:             1             16  com.hazelcast.collection.impl.collection.CollectionDataSerializerHook$1
4582:             1             16  com.hazelcast.collection.impl.collection.CollectionDataSerializerHook$10
4583:             1             16  com.hazelcast.collection.impl.collection.CollectionDataSerializerHook$11
4584:             1             16  com.hazelcast.collection.impl.collection.CollectionDataSerializerHook$12
4585:             1             16  com.hazelcast.collection.impl.collection.CollectionDataSerializerHook$13
4586:             1             16  com.hazelcast.collection.impl.collection.CollectionDataSerializerHook$14
4587:             1             16  com.hazelcast.collection.impl.collection.CollectionDataSerializerHook$15
4588:             1             16  com.hazelcast.collection.impl.collection.CollectionDataSerializerHook$16
4589:             1             16  com.hazelcast.collection.impl.collection.CollectionDataSerializerHook$17
4590:             1             16  com.hazelcast.collection.impl.collection.CollectionDataSerializerHook$18
4591:             1             16  com.hazelcast.collection.impl.collection.CollectionDataSerializerHook$19
4592:             1             16  com.hazelcast.collection.impl.collection.CollectionDataSerializerHook$2
4593:             1             16  com.hazelcast.collection.impl.collection.CollectionDataSerializerHook$20
4594:             1             16  com.hazelcast.collection.impl.collection.CollectionDataSerializerHook$21
4595:             1             16  com.hazelcast.collection.impl.collection.CollectionDataSerializerHook$22
4596:             1             16  com.hazelcast.collection.impl.collection.CollectionDataSerializerHook$23
4597:             1             16  com.hazelcast.collection.impl.collection.CollectionDataSerializerHook$24
4598:             1             16  com.hazelcast.collection.impl.collection.CollectionDataSerializerHook$25
4599:             1             16  com.hazelcast.collection.impl.collection.CollectionDataSerializerHook$26
4600:             1             16  com.hazelcast.collection.impl.collection.CollectionDataSerializerHook$27
4601:             1             16  com.hazelcast.collection.impl.collection.CollectionDataSerializerHook$28
4602:             1             16  com.hazelcast.collection.impl.collection.CollectionDataSerializerHook$29
4603:             1             16  com.hazelcast.collection.impl.collection.CollectionDataSerializerHook$3
4604:             1             16  com.hazelcast.collection.impl.collection.CollectionDataSerializerHook$30
4605:             1             16  com.hazelcast.collection.impl.collection.CollectionDataSerializerHook$31
4606:             1             16  com.hazelcast.collection.impl.collection.CollectionDataSerializerHook$32
4607:             1             16  com.hazelcast.collection.impl.collection.CollectionDataSerializerHook$33
4608:             1             16  com.hazelcast.collection.impl.collection.CollectionDataSerializerHook$34
4609:             1             16  com.hazelcast.collection.impl.collection.CollectionDataSerializerHook$35
4610:             1             16  com.hazelcast.collection.impl.collection.CollectionDataSerializerHook$36
4611:             1             16  com.hazelcast.collection.impl.collection.CollectionDataSerializerHook$37
4612:             1             16  com.hazelcast.collection.impl.collection.CollectionDataSerializerHook$38
4613:             1             16  com.hazelcast.collection.impl.collection.CollectionDataSerializerHook$39
4614:             1             16  com.hazelcast.collection.impl.collection.CollectionDataSerializerHook$4
4615:             1             16  com.hazelcast.collection.impl.collection.CollectionDataSerializerHook$40
4616:             1             16  com.hazelcast.collection.impl.collection.CollectionDataSerializerHook$41
4617:             1             16  com.hazelcast.collection.impl.collection.CollectionDataSerializerHook$42
4618:             1             16  com.hazelcast.collection.impl.collection.CollectionDataSerializerHook$43
4619:             1             16  com.hazelcast.collection.impl.collection.CollectionDataSerializerHook$44
4620:             1             16  com.hazelcast.collection.impl.collection.CollectionDataSerializerHook$5
4621:             1             16  com.hazelcast.collection.impl.collection.CollectionDataSerializerHook$6
4622:             1             16  com.hazelcast.collection.impl.collection.CollectionDataSerializerHook$7
4623:             1             16  com.hazelcast.collection.impl.collection.CollectionDataSerializerHook$8
4624:             1             16  com.hazelcast.collection.impl.collection.CollectionDataSerializerHook$9
4625:             1             16  com.hazelcast.collection.impl.queue.QueueDataSerializerHook
4626:             1             16  com.hazelcast.collection.impl.queue.QueueDataSerializerHook$1
4627:             1             16  com.hazelcast.collection.impl.queue.QueueDataSerializerHook$10
4628:             1             16  com.hazelcast.collection.impl.queue.QueueDataSerializerHook$11
4629:             1             16  com.hazelcast.collection.impl.queue.QueueDataSerializerHook$12
4630:             1             16  com.hazelcast.collection.impl.queue.QueueDataSerializerHook$13
4631:             1             16  com.hazelcast.collection.impl.queue.QueueDataSerializerHook$14
4632:             1             16  com.hazelcast.collection.impl.queue.QueueDataSerializerHook$15
4633:             1             16  com.hazelcast.collection.impl.queue.QueueDataSerializerHook$16
4634:             1             16  com.hazelcast.collection.impl.queue.QueueDataSerializerHook$17
4635:             1             16  com.hazelcast.collection.impl.queue.QueueDataSerializerHook$18
4636:             1             16  com.hazelcast.collection.impl.queue.QueueDataSerializerHook$19
4637:             1             16  com.hazelcast.collection.impl.queue.QueueDataSerializerHook$2
4638:             1             16  com.hazelcast.collection.impl.queue.QueueDataSerializerHook$20
4639:             1             16  com.hazelcast.collection.impl.queue.QueueDataSerializerHook$21
4640:             1             16  com.hazelcast.collection.impl.queue.QueueDataSerializerHook$22
4641:             1             16  com.hazelcast.collection.impl.queue.QueueDataSerializerHook$23
4642:             1             16  com.hazelcast.collection.impl.queue.QueueDataSerializerHook$24
4643:             1             16  com.hazelcast.collection.impl.queue.QueueDataSerializerHook$25
4644:             1             16  com.hazelcast.collection.impl.queue.QueueDataSerializerHook$26
4645:             1             16  com.hazelcast.collection.impl.queue.QueueDataSerializerHook$27
4646:             1             16  com.hazelcast.collection.impl.queue.QueueDataSerializerHook$28
4647:             1             16  com.hazelcast.collection.impl.queue.QueueDataSerializerHook$29
4648:             1             16  com.hazelcast.collection.impl.queue.QueueDataSerializerHook$3
4649:             1             16  com.hazelcast.collection.impl.queue.QueueDataSerializerHook$30
4650:             1             16  com.hazelcast.collection.impl.queue.QueueDataSerializerHook$31
4651:             1             16  com.hazelcast.collection.impl.queue.QueueDataSerializerHook$32
4652:             1             16  com.hazelcast.collection.impl.queue.QueueDataSerializerHook$33
4653:             1             16  com.hazelcast.collection.impl.queue.QueueDataSerializerHook$34
4654:             1             16  com.hazelcast.collection.impl.queue.QueueDataSerializerHook$35
4655:             1             16  com.hazelcast.collection.impl.queue.QueueDataSerializerHook$36
4656:             1             16  com.hazelcast.collection.impl.queue.QueueDataSerializerHook$37
4657:             1             16  com.hazelcast.collection.impl.queue.QueueDataSerializerHook$38
4658:             1             16  com.hazelcast.collection.impl.queue.QueueDataSerializerHook$39
4659:             1             16  com.hazelcast.collection.impl.queue.QueueDataSerializerHook$4
4660:             1             16  com.hazelcast.collection.impl.queue.QueueDataSerializerHook$40
4661:             1             16  com.hazelcast.collection.impl.queue.QueueDataSerializerHook$41
4662:             1             16  com.hazelcast.collection.impl.queue.QueueDataSerializerHook$42
4663:             1             16  com.hazelcast.collection.impl.queue.QueueDataSerializerHook$43
4664:             1             16  com.hazelcast.collection.impl.queue.QueueDataSerializerHook$5
4665:             1             16  com.hazelcast.collection.impl.queue.QueueDataSerializerHook$6
4666:             1             16  com.hazelcast.collection.impl.queue.QueueDataSerializerHook$7
4667:             1             16  com.hazelcast.collection.impl.queue.QueueDataSerializerHook$8
4668:             1             16  com.hazelcast.collection.impl.queue.QueueDataSerializerHook$9
4669:             1             16  com.hazelcast.collection.impl.queue.QueueEvictionProcessor
4670:             1             16  com.hazelcast.collection.impl.queue.QueueService$1
4671:             1             16  com.hazelcast.concurrent.atomiclong.AtomicLongDataSerializerHook
4672:             1             16  com.hazelcast.concurrent.atomiclong.AtomicLongDataSerializerHook$1
4673:             1             16  com.hazelcast.concurrent.atomiclong.AtomicLongService$1
4674:             1             16  com.hazelcast.concurrent.atomicreference.AtomicReferenceDataSerializerHook
4675:             1             16  com.hazelcast.concurrent.atomicreference.AtomicReferenceDataSerializerHook$1
4676:             1             16  com.hazelcast.concurrent.atomicreference.AtomicReferenceService$1
4677:             1             16  com.hazelcast.concurrent.countdownlatch.CountDownLatchDataSerializerHook
4678:             1             16  com.hazelcast.concurrent.countdownlatch.CountDownLatchDataSerializerHook$1
4679:             1             16  com.hazelcast.concurrent.idgen.IdGeneratorService
4680:             1             16  com.hazelcast.concurrent.lock.LockDataSerializerHook
4681:             1             16  com.hazelcast.concurrent.lock.LockDataSerializerHook$1
4682:             1             16  com.hazelcast.concurrent.lock.LockServiceImpl$1
4683:             1             16  com.hazelcast.concurrent.semaphore.SemaphoreDataSerializerHook
4684:             1             16  com.hazelcast.concurrent.semaphore.SemaphoreDataSerializerHook$1
4685:             1             16  com.hazelcast.concurrent.semaphore.SemaphoreService$1
4686:             1             16  com.hazelcast.config.ConfigDataSerializerHook
4687:             1             16  com.hazelcast.config.ConfigDataSerializerHook$1
4688:             1             16  com.hazelcast.config.ConfigDataSerializerHook$10
4689:             1             16  com.hazelcast.config.ConfigDataSerializerHook$11
4690:             1             16  com.hazelcast.config.ConfigDataSerializerHook$12
4691:             1             16  com.hazelcast.config.ConfigDataSerializerHook$13
4692:             1             16  com.hazelcast.config.ConfigDataSerializerHook$14
4693:             1             16  com.hazelcast.config.ConfigDataSerializerHook$15
4694:             1             16  com.hazelcast.config.ConfigDataSerializerHook$16
4695:             1             16  com.hazelcast.config.ConfigDataSerializerHook$17
4696:             1             16  com.hazelcast.config.ConfigDataSerializerHook$18
4697:             1             16  com.hazelcast.config.ConfigDataSerializerHook$19
4698:             1             16  com.hazelcast.config.ConfigDataSerializerHook$2
4699:             1             16  com.hazelcast.config.ConfigDataSerializerHook$20
4700:             1             16  com.hazelcast.config.ConfigDataSerializerHook$21
4701:             1             16  com.hazelcast.config.ConfigDataSerializerHook$22
4702:             1             16  com.hazelcast.config.ConfigDataSerializerHook$23
4703:             1             16  com.hazelcast.config.ConfigDataSerializerHook$24
4704:             1             16  com.hazelcast.config.ConfigDataSerializerHook$25
4705:             1             16  com.hazelcast.config.ConfigDataSerializerHook$26
4706:             1             16  com.hazelcast.config.ConfigDataSerializerHook$27
4707:             1             16  com.hazelcast.config.ConfigDataSerializerHook$28
4708:             1             16  com.hazelcast.config.ConfigDataSerializerHook$29
4709:             1             16  com.hazelcast.config.ConfigDataSerializerHook$3
4710:             1             16  com.hazelcast.config.ConfigDataSerializerHook$30
4711:             1             16  com.hazelcast.config.ConfigDataSerializerHook$31
4712:             1             16  com.hazelcast.config.ConfigDataSerializerHook$32
4713:             1             16  com.hazelcast.config.ConfigDataSerializerHook$33
4714:             1             16  com.hazelcast.config.ConfigDataSerializerHook$34
4715:             1             16  com.hazelcast.config.ConfigDataSerializerHook$35
4716:             1             16  com.hazelcast.config.ConfigDataSerializerHook$36
4717:             1             16  com.hazelcast.config.ConfigDataSerializerHook$37
4718:             1             16  com.hazelcast.config.ConfigDataSerializerHook$38
4719:             1             16  com.hazelcast.config.ConfigDataSerializerHook$39
4720:             1             16  com.hazelcast.config.ConfigDataSerializerHook$4
4721:             1             16  com.hazelcast.config.ConfigDataSerializerHook$40
4722:             1             16  com.hazelcast.config.ConfigDataSerializerHook$41
4723:             1             16  com.hazelcast.config.ConfigDataSerializerHook$42
4724:             1             16  com.hazelcast.config.ConfigDataSerializerHook$43
4725:             1             16  com.hazelcast.config.ConfigDataSerializerHook$44
4726:             1             16  com.hazelcast.config.ConfigDataSerializerHook$45
4727:             1             16  com.hazelcast.config.ConfigDataSerializerHook$46
4728:             1             16  com.hazelcast.config.ConfigDataSerializerHook$47
4729:             1             16  com.hazelcast.config.ConfigDataSerializerHook$48
4730:             1             16  com.hazelcast.config.ConfigDataSerializerHook$5
4731:             1             16  com.hazelcast.config.ConfigDataSerializerHook$6
4732:             1             16  com.hazelcast.config.ConfigDataSerializerHook$7
4733:             1             16  com.hazelcast.config.ConfigDataSerializerHook$8
4734:             1             16  com.hazelcast.config.ConfigDataSerializerHook$9
4735:             1             16  com.hazelcast.durableexecutor.impl.DurableExecutorDataSerializerHook
4736:             1             16  com.hazelcast.durableexecutor.impl.DurableExecutorDataSerializerHook$1
4737:             1             16  com.hazelcast.executor.impl.DistributedExecutorService$1
4738:             1             16  com.hazelcast.executor.impl.ExecutorDataSerializerHook
4739:             1             16  com.hazelcast.executor.impl.ExecutorDataSerializerHook$1
4740:             1             16  com.hazelcast.instance.DefaultNodeExtension$1
4741:             1             16  com.hazelcast.instance.HazelcastInstanceCacheManager
4742:             1             16  com.hazelcast.instance.OutOfMemoryErrorDispatcher$EmptyOutOfMemoryHandler
4743:             1             16  com.hazelcast.internal.ascii.TextProtocolsDataSerializerHook
4744:             1             16  com.hazelcast.internal.ascii.TextProtocolsDataSerializerHook$1
4745:             1             16  com.hazelcast.internal.ascii.TextProtocolsDataSerializerHook$2
4746:             1             16  com.hazelcast.internal.ascii.memcache.DeleteCommandProcessor
4747:             1             16  com.hazelcast.internal.ascii.memcache.StatsCommandProcessor
4748:             1             16  com.hazelcast.internal.ascii.memcache.TouchCommandProcessor
4749:             1             16  com.hazelcast.internal.ascii.memcache.VersionCommandProcessor
4750:             1             16  com.hazelcast.internal.ascii.rest.HttpDeleteCommandProcessor
4751:             1             16  com.hazelcast.internal.ascii.rest.HttpGetCommandProcessor
4752:             1             16  com.hazelcast.internal.ascii.rest.HttpHeadCommandProcessor
4753:             1             16  com.hazelcast.internal.cluster.impl.AbstractJoiner$1
4754:             1             16  com.hazelcast.internal.cluster.impl.ClusterDataSerializerHook
4755:             1             16  com.hazelcast.internal.cluster.impl.ClusterDataSerializerHook$1
4756:             1             16  com.hazelcast.internal.cluster.impl.ClusterDataSerializerHook$10
4757:             1             16  com.hazelcast.internal.cluster.impl.ClusterDataSerializerHook$11
4758:             1             16  com.hazelcast.internal.cluster.impl.ClusterDataSerializerHook$12
4759:             1             16  com.hazelcast.internal.cluster.impl.ClusterDataSerializerHook$13
4760:             1             16  com.hazelcast.internal.cluster.impl.ClusterDataSerializerHook$14
4761:             1             16  com.hazelcast.internal.cluster.impl.ClusterDataSerializerHook$15
4762:             1             16  com.hazelcast.internal.cluster.impl.ClusterDataSerializerHook$16
4763:             1             16  com.hazelcast.internal.cluster.impl.ClusterDataSerializerHook$17
4764:             1             16  com.hazelcast.internal.cluster.impl.ClusterDataSerializerHook$18
4765:             1             16  com.hazelcast.internal.cluster.impl.ClusterDataSerializerHook$19
4766:             1             16  com.hazelcast.internal.cluster.impl.ClusterDataSerializerHook$2
4767:             1             16  com.hazelcast.internal.cluster.impl.ClusterDataSerializerHook$20
4768:             1             16  com.hazelcast.internal.cluster.impl.ClusterDataSerializerHook$21
4769:             1             16  com.hazelcast.internal.cluster.impl.ClusterDataSerializerHook$22
4770:             1             16  com.hazelcast.internal.cluster.impl.ClusterDataSerializerHook$23
4771:             1             16  com.hazelcast.internal.cluster.impl.ClusterDataSerializerHook$24
4772:             1             16  com.hazelcast.internal.cluster.impl.ClusterDataSerializerHook$25
4773:             1             16  com.hazelcast.internal.cluster.impl.ClusterDataSerializerHook$26
4774:             1             16  com.hazelcast.internal.cluster.impl.ClusterDataSerializerHook$27
4775:             1             16  com.hazelcast.internal.cluster.impl.ClusterDataSerializerHook$28
4776:             1             16  com.hazelcast.internal.cluster.impl.ClusterDataSerializerHook$29
4777:             1             16  com.hazelcast.internal.cluster.impl.ClusterDataSerializerHook$3
4778:             1             16  com.hazelcast.internal.cluster.impl.ClusterDataSerializerHook$30
4779:             1             16  com.hazelcast.internal.cluster.impl.ClusterDataSerializerHook$31
4780:             1             16  com.hazelcast.internal.cluster.impl.ClusterDataSerializerHook$32
4781:             1             16  com.hazelcast.internal.cluster.impl.ClusterDataSerializerHook$33
4782:             1             16  com.hazelcast.internal.cluster.impl.ClusterDataSerializerHook$34
4783:             1             16  com.hazelcast.internal.cluster.impl.ClusterDataSerializerHook$35
4784:             1             16  com.hazelcast.internal.cluster.impl.ClusterDataSerializerHook$36
4785:             1             16  com.hazelcast.internal.cluster.impl.ClusterDataSerializerHook$37
4786:             1             16  com.hazelcast.internal.cluster.impl.ClusterDataSerializerHook$38
4787:             1             16  com.hazelcast.internal.cluster.impl.ClusterDataSerializerHook$39
4788:             1             16  com.hazelcast.internal.cluster.impl.ClusterDataSerializerHook$4
4789:             1             16  com.hazelcast.internal.cluster.impl.ClusterDataSerializerHook$40
4790:             1             16  com.hazelcast.internal.cluster.impl.ClusterDataSerializerHook$41
4791:             1             16  com.hazelcast.internal.cluster.impl.ClusterDataSerializerHook$42
4792:             1             16  com.hazelcast.internal.cluster.impl.ClusterDataSerializerHook$43
4793:             1             16  com.hazelcast.internal.cluster.impl.ClusterDataSerializerHook$5
4794:             1             16  com.hazelcast.internal.cluster.impl.ClusterDataSerializerHook$6
4795:             1             16  com.hazelcast.internal.cluster.impl.ClusterDataSerializerHook$7
4796:             1             16  com.hazelcast.internal.cluster.impl.ClusterDataSerializerHook$8
4797:             1             16  com.hazelcast.internal.cluster.impl.ClusterDataSerializerHook$9
4798:             1             16  com.hazelcast.internal.cluster.impl.ClusterHeartbeatManager$1
4799:             1             16  com.hazelcast.internal.cluster.impl.ClusterHeartbeatManager$2
4800:             1             16  com.hazelcast.internal.cluster.impl.MembershipManager$1
4801:             1             16  com.hazelcast.internal.dynamicconfig.EmptyDynamicConfigListener
4802:             1             16  com.hazelcast.internal.eviction.impl.strategy.sampling.SamplingEvictionStrategy
4803:             1             16  com.hazelcast.internal.management.ManagementDataSerializerHook
4804:             1             16  com.hazelcast.internal.management.ManagementDataSerializerHook$1
4805:             1             16  com.hazelcast.internal.management.ManagementDataSerializerHook$2
4806:             1             16  com.hazelcast.internal.management.ManagementDataSerializerHook$3
4807:             1             16  com.hazelcast.internal.management.ManagementDataSerializerHook$4
4808:             1             16  com.hazelcast.internal.management.ManagementDataSerializerHook$5
4809:             1             16  com.hazelcast.internal.management.ManagementDataSerializerHook$6
4810:             1             16  com.hazelcast.internal.management.ManagementDataSerializerHook$7
4811:             1             16  com.hazelcast.internal.management.request.GetCacheEntryRequest$GetCacheEntryViewEntryProcessor
4812:             1             16  com.hazelcast.internal.memory.impl.AlignmentAwareMemoryAccessor
4813:             1             16  com.hazelcast.internal.memory.impl.ByteArrayAccessStrategy
4814:             1             16  com.hazelcast.internal.memory.impl.CustomByteAccessStrategy
4815:             1             16  com.hazelcast.internal.memory.impl.StandardMemoryAccessor
4816:             1             16  com.hazelcast.internal.metrics.impl.LockStripe
4817:             1             16  com.hazelcast.internal.metrics.impl.MetricsRegistryImpl$1
4818:             1             16  com.hazelcast.internal.metrics.metricsets.ClassLoadingMetricSet$1
4819:             1             16  com.hazelcast.internal.metrics.metricsets.ClassLoadingMetricSet$2
4820:             1             16  com.hazelcast.internal.metrics.metricsets.ClassLoadingMetricSet$3
4821:             1             16  com.hazelcast.internal.metrics.metricsets.FileMetricSet$1
4822:             1             16  com.hazelcast.internal.metrics.metricsets.FileMetricSet$2
4823:             1             16  com.hazelcast.internal.metrics.metricsets.FileMetricSet$3
4824:             1             16  com.hazelcast.internal.metrics.metricsets.OperatingSystemMetricSet$1
4825:             1             16  com.hazelcast.internal.metrics.metricsets.RuntimeMetricSet$1
4826:             1             16  com.hazelcast.internal.metrics.metricsets.RuntimeMetricSet$2
4827:             1             16  com.hazelcast.internal.metrics.metricsets.RuntimeMetricSet$3
4828:             1             16  com.hazelcast.internal.metrics.metricsets.RuntimeMetricSet$4
4829:             1             16  com.hazelcast.internal.metrics.metricsets.RuntimeMetricSet$5
4830:             1             16  com.hazelcast.internal.metrics.metricsets.RuntimeMetricSet$6
4831:             1             16  com.hazelcast.internal.metrics.metricsets.ThreadMetricSet$1
4832:             1             16  com.hazelcast.internal.metrics.metricsets.ThreadMetricSet$2
4833:             1             16  com.hazelcast.internal.metrics.metricsets.ThreadMetricSet$3
4834:             1             16  com.hazelcast.internal.metrics.metricsets.ThreadMetricSet$4
4835:             1             16  com.hazelcast.internal.nearcache.impl.invalidation.InvalidationUtils$TrueFilter
4836:             1             16  com.hazelcast.internal.networking.nio.NioChannelFactory
4837:             1             16  com.hazelcast.internal.networking.nio.NioEventLoopGroup$ChannelCloseListenerImpl
4838:             1             16  com.hazelcast.internal.networking.nio.NioEventLoopGroup$PublishAllTask
4839:             1             16  com.hazelcast.internal.networking.nio.iobalancer.EventCountBasicMigrationStrategy
4840:             1             16  com.hazelcast.internal.partition.NonFragmentedServiceNamespace
4841:             1             16  com.hazelcast.internal.partition.PartitionServiceProxy$1
4842:             1             16  com.hazelcast.internal.partition.impl.InternalMigrationListener$NopInternalMigrationListener
4843:             1             16  com.hazelcast.internal.partition.impl.MigrationManager$1
4844:             1             16  com.hazelcast.internal.partition.impl.PartitionDataSerializerHook
4845:             1             16  com.hazelcast.internal.partition.impl.PartitionDataSerializerHook$1
4846:             1             16  com.hazelcast.internal.partition.impl.PartitionDataSerializerHook$10
4847:             1             16  com.hazelcast.internal.partition.impl.PartitionDataSerializerHook$11
4848:             1             16  com.hazelcast.internal.partition.impl.PartitionDataSerializerHook$12
4849:             1             16  com.hazelcast.internal.partition.impl.PartitionDataSerializerHook$13
4850:             1             16  com.hazelcast.internal.partition.impl.PartitionDataSerializerHook$14
4851:             1             16  com.hazelcast.internal.partition.impl.PartitionDataSerializerHook$15
4852:             1             16  com.hazelcast.internal.partition.impl.PartitionDataSerializerHook$16
4853:             1             16  com.hazelcast.internal.partition.impl.PartitionDataSerializerHook$17
4854:             1             16  com.hazelcast.internal.partition.impl.PartitionDataSerializerHook$18
4855:             1             16  com.hazelcast.internal.partition.impl.PartitionDataSerializerHook$19
4856:             1             16  com.hazelcast.internal.partition.impl.PartitionDataSerializerHook$2
4857:             1             16  com.hazelcast.internal.partition.impl.PartitionDataSerializerHook$20
4858:             1             16  com.hazelcast.internal.partition.impl.PartitionDataSerializerHook$3
4859:             1             16  com.hazelcast.internal.partition.impl.PartitionDataSerializerHook$4
4860:             1             16  com.hazelcast.internal.partition.impl.PartitionDataSerializerHook$5
4861:             1             16  com.hazelcast.internal.partition.impl.PartitionDataSerializerHook$6
4862:             1             16  com.hazelcast.internal.partition.impl.PartitionDataSerializerHook$7
4863:             1             16  com.hazelcast.internal.partition.impl.PartitionDataSerializerHook$8
4864:             1             16  com.hazelcast.internal.partition.impl.PartitionDataSerializerHook$9
4865:             1             16  com.hazelcast.internal.partition.impl.PartitionLostListenerAdapter
4866:             1             16  com.hazelcast.internal.partition.impl.PartitionReplicaManager$AntiEntropyTask
4867:             1             16  com.hazelcast.internal.partition.impl.PartitionReplicaManager$ReplicaSyncTimeoutProcessor
4868:             1             16  com.hazelcast.internal.partition.impl.PartitionStateGeneratorImpl
4869:             1             16  com.hazelcast.internal.partition.operation.BaseMigrationDestinationOperation$1
4870:             1             16  com.hazelcast.internal.serialization.impl.ArrayListStreamSerializer
4871:             1             16  com.hazelcast.internal.serialization.impl.ByteArrayInputOutputFactory
4872:             1             16  com.hazelcast.internal.serialization.impl.ByteArraySerializerAdapter
4873:             1             16  com.hazelcast.internal.serialization.impl.ConstantSerializers$BooleanArraySerializer
4874:             1             16  com.hazelcast.internal.serialization.impl.ConstantSerializers$BooleanSerializer
4875:             1             16  com.hazelcast.internal.serialization.impl.ConstantSerializers$ByteSerializer
4876:             1             16  com.hazelcast.internal.serialization.impl.ConstantSerializers$CharArraySerializer
4877:             1             16  com.hazelcast.internal.serialization.impl.ConstantSerializers$CharSerializer
4878:             1             16  com.hazelcast.internal.serialization.impl.ConstantSerializers$DoubleArraySerializer
4879:             1             16  com.hazelcast.internal.serialization.impl.ConstantSerializers$DoubleSerializer
4880:             1             16  com.hazelcast.internal.serialization.impl.ConstantSerializers$FloatArraySerializer
4881:             1             16  com.hazelcast.internal.serialization.impl.ConstantSerializers$FloatSerializer
4882:             1             16  com.hazelcast.internal.serialization.impl.ConstantSerializers$IntegerArraySerializer
4883:             1             16  com.hazelcast.internal.serialization.impl.ConstantSerializers$IntegerSerializer
4884:             1             16  com.hazelcast.internal.serialization.impl.ConstantSerializers$LongArraySerializer
4885:             1             16  com.hazelcast.internal.serialization.impl.ConstantSerializers$LongSerializer
4886:             1             16  com.hazelcast.internal.serialization.impl.ConstantSerializers$NullSerializer
4887:             1             16  com.hazelcast.internal.serialization.impl.ConstantSerializers$ShortArraySerializer
4888:             1             16  com.hazelcast.internal.serialization.impl.ConstantSerializers$ShortSerializer
4889:             1             16  com.hazelcast.internal.serialization.impl.ConstantSerializers$StringArraySerializer
4890:             1             16  com.hazelcast.internal.serialization.impl.ConstantSerializers$StringSerializer
4891:             1             16  com.hazelcast.internal.serialization.impl.ConstantSerializers$TheByteArraySerializer
4892:             1             16  com.hazelcast.internal.serialization.impl.JavaDefaultSerializers$BigDecimalSerializer
4893:             1             16  com.hazelcast.internal.serialization.impl.JavaDefaultSerializers$ClassSerializer
4894:             1             16  com.hazelcast.internal.serialization.impl.JavaDefaultSerializers$DateSerializer
4895:             1             16  com.hazelcast.internal.serialization.impl.JavaDefaultSerializers$EnumSerializer
4896:             1             16  com.hazelcast.internal.serialization.impl.JavaDefaultSerializers$ExternalizableSerializer
4897:             1             16  com.hazelcast.internal.serialization.impl.JavaDefaultSerializers$JavaSerializer
4898:             1             16  com.hazelcast.internal.serialization.impl.LinkedListStreamSerializer
4899:             1             16  com.hazelcast.internal.serialization.impl.PortableContextImpl$1
4900:             1             16  com.hazelcast.internal.serialization.impl.SerializationUtil$EmptyPartitioningStrategy
4901:             1             16  com.hazelcast.internal.serialization.impl.bufferpool.BufferPoolFactoryImpl
4902:             1             16  com.hazelcast.internal.usercodedeployment.impl.UserCodeDeploymentSerializerHook
4903:             1             16  com.hazelcast.internal.usercodedeployment.impl.UserCodeDeploymentSerializerHook$1
4904:             1             16  com.hazelcast.internal.usercodedeployment.impl.UserCodeDeploymentSerializerHook$2
4905:             1             16  com.hazelcast.internal.usercodedeployment.impl.UserCodeDeploymentSerializerHook$3
4906:             1             16  com.hazelcast.journal.EventJournalDataSerializerHook
4907:             1             16  com.hazelcast.journal.EventJournalDataSerializerHook$1
4908:             1             16  com.hazelcast.logging.LoggingServiceImpl$1
4909:             1             16  com.hazelcast.map.impl.LocalMapStatsProvider$1
4910:             1             16  com.hazelcast.map.impl.MapClientAwareService
4911:             1             16  com.hazelcast.map.impl.MapDataSerializerHook
4912:             1             16  com.hazelcast.map.impl.MapDataSerializerHook$1
4913:             1             16  com.hazelcast.map.impl.MapDataSerializerHook$10
4914:             1             16  com.hazelcast.map.impl.MapDataSerializerHook$100
4915:             1             16  com.hazelcast.map.impl.MapDataSerializerHook$101
4916:             1             16  com.hazelcast.map.impl.MapDataSerializerHook$102
4917:             1             16  com.hazelcast.map.impl.MapDataSerializerHook$103
4918:             1             16  com.hazelcast.map.impl.MapDataSerializerHook$104
4919:             1             16  com.hazelcast.map.impl.MapDataSerializerHook$105
4920:             1             16  com.hazelcast.map.impl.MapDataSerializerHook$106
4921:             1             16  com.hazelcast.map.impl.MapDataSerializerHook$107
4922:             1             16  com.hazelcast.map.impl.MapDataSerializerHook$108
4923:             1             16  com.hazelcast.map.impl.MapDataSerializerHook$109
4924:             1             16  com.hazelcast.map.impl.MapDataSerializerHook$11
4925:             1             16  com.hazelcast.map.impl.MapDataSerializerHook$110
4926:             1             16  com.hazelcast.map.impl.MapDataSerializerHook$111
4927:             1             16  com.hazelcast.map.impl.MapDataSerializerHook$112
4928:             1             16  com.hazelcast.map.impl.MapDataSerializerHook$113
4929:             1             16  com.hazelcast.map.impl.MapDataSerializerHook$114
4930:             1             16  com.hazelcast.map.impl.MapDataSerializerHook$115
4931:             1             16  com.hazelcast.map.impl.MapDataSerializerHook$116
4932:             1             16  com.hazelcast.map.impl.MapDataSerializerHook$117
4933:             1             16  com.hazelcast.map.impl.MapDataSerializerHook$118
4934:             1             16  com.hazelcast.map.impl.MapDataSerializerHook$119
4935:             1             16  com.hazelcast.map.impl.MapDataSerializerHook$12
4936:             1             16  com.hazelcast.map.impl.MapDataSerializerHook$120
4937:             1             16  com.hazelcast.map.impl.MapDataSerializerHook$121
4938:             1             16  com.hazelcast.map.impl.MapDataSerializerHook$122
4939:             1             16  com.hazelcast.map.impl.MapDataSerializerHook$123
4940:             1             16  com.hazelcast.map.impl.MapDataSerializerHook$124
4941:             1             16  com.hazelcast.map.impl.MapDataSerializerHook$125
4942:             1             16  com.hazelcast.map.impl.MapDataSerializerHook$126
4943:             1             16  com.hazelcast.map.impl.MapDataSerializerHook$127
4944:             1             16  com.hazelcast.map.impl.MapDataSerializerHook$128
4945:             1             16  com.hazelcast.map.impl.MapDataSerializerHook$129
4946:             1             16  com.hazelcast.map.impl.MapDataSerializerHook$13
4947:             1             16  com.hazelcast.map.impl.MapDataSerializerHook$130
4948:             1             16  com.hazelcast.map.impl.MapDataSerializerHook$131
4949:             1             16  com.hazelcast.map.impl.MapDataSerializerHook$132
4950:             1             16  com.hazelcast.map.impl.MapDataSerializerHook$133
4951:             1             16  com.hazelcast.map.impl.MapDataSerializerHook$134
4952:             1             16  com.hazelcast.map.impl.MapDataSerializerHook$135
4953:             1             16  com.hazelcast.map.impl.MapDataSerializerHook$136
4954:             1             16  com.hazelcast.map.impl.MapDataSerializerHook$137
4955:             1             16  com.hazelcast.map.impl.MapDataSerializerHook$138
4956:             1             16  com.hazelcast.map.impl.MapDataSerializerHook$139
4957:             1             16  com.hazelcast.map.impl.MapDataSerializerHook$14
4958:             1             16  com.hazelcast.map.impl.MapDataSerializerHook$140
4959:             1             16  com.hazelcast.map.impl.MapDataSerializerHook$141
4960:             1             16  com.hazelcast.map.impl.MapDataSerializerHook$15
4961:             1             16  com.hazelcast.map.impl.MapDataSerializerHook$16
4962:             1             16  com.hazelcast.map.impl.MapDataSerializerHook$17
4963:             1             16  com.hazelcast.map.impl.MapDataSerializerHook$18
4964:             1             16  com.hazelcast.map.impl.MapDataSerializerHook$19
4965:             1             16  com.hazelcast.map.impl.MapDataSerializerHook$2
4966:             1             16  com.hazelcast.map.impl.MapDataSerializerHook$20
4967:             1             16  com.hazelcast.map.impl.MapDataSerializerHook$21
4968:             1             16  com.hazelcast.map.impl.MapDataSerializerHook$22
4969:             1             16  com.hazelcast.map.impl.MapDataSerializerHook$23
4970:             1             16  com.hazelcast.map.impl.MapDataSerializerHook$24
4971:             1             16  com.hazelcast.map.impl.MapDataSerializerHook$25
4972:             1             16  com.hazelcast.map.impl.MapDataSerializerHook$26
4973:             1             16  com.hazelcast.map.impl.MapDataSerializerHook$27
4974:             1             16  com.hazelcast.map.impl.MapDataSerializerHook$28
4975:             1             16  com.hazelcast.map.impl.MapDataSerializerHook$29
4976:             1             16  com.hazelcast.map.impl.MapDataSerializerHook$3
4977:             1             16  com.hazelcast.map.impl.MapDataSerializerHook$30
4978:             1             16  com.hazelcast.map.impl.MapDataSerializerHook$31
4979:             1             16  com.hazelcast.map.impl.MapDataSerializerHook$32
4980:             1             16  com.hazelcast.map.impl.MapDataSerializerHook$33
4981:             1             16  com.hazelcast.map.impl.MapDataSerializerHook$34
4982:             1             16  com.hazelcast.map.impl.MapDataSerializerHook$35
4983:             1             16  com.hazelcast.map.impl.MapDataSerializerHook$36
4984:             1             16  com.hazelcast.map.impl.MapDataSerializerHook$37
4985:             1             16  com.hazelcast.map.impl.MapDataSerializerHook$38
4986:             1             16  com.hazelcast.map.impl.MapDataSerializerHook$39
4987:             1             16  com.hazelcast.map.impl.MapDataSerializerHook$4
4988:             1             16  com.hazelcast.map.impl.MapDataSerializerHook$40
4989:             1             16  com.hazelcast.map.impl.MapDataSerializerHook$41
4990:             1             16  com.hazelcast.map.impl.MapDataSerializerHook$42
4991:             1             16  com.hazelcast.map.impl.MapDataSerializerHook$43
4992:             1             16  com.hazelcast.map.impl.MapDataSerializerHook$44
4993:             1             16  com.hazelcast.map.impl.MapDataSerializerHook$45
4994:             1             16  com.hazelcast.map.impl.MapDataSerializerHook$46
4995:             1             16  com.hazelcast.map.impl.MapDataSerializerHook$47
4996:             1             16  com.hazelcast.map.impl.MapDataSerializerHook$48
4997:             1             16  com.hazelcast.map.impl.MapDataSerializerHook$49
4998:             1             16  com.hazelcast.map.impl.MapDataSerializerHook$5
4999:             1             16  com.hazelcast.map.impl.MapDataSerializerHook$50
5000:             1             16  com.hazelcast.map.impl.MapDataSerializerHook$51
5001:             1             16  com.hazelcast.map.impl.MapDataSerializerHook$52
5002:             1             16  com.hazelcast.map.impl.MapDataSerializerHook$53
5003:             1             16  com.hazelcast.map.impl.MapDataSerializerHook$54
5004:             1             16  com.hazelcast.map.impl.MapDataSerializerHook$55
5005:             1             16  com.hazelcast.map.impl.MapDataSerializerHook$56
5006:             1             16  com.hazelcast.map.impl.MapDataSerializerHook$57
5007:             1             16  com.hazelcast.map.impl.MapDataSerializerHook$58
5008:             1             16  com.hazelcast.map.impl.MapDataSerializerHook$59
5009:             1             16  com.hazelcast.map.impl.MapDataSerializerHook$6
5010:             1             16  com.hazelcast.map.impl.MapDataSerializerHook$60
5011:             1             16  com.hazelcast.map.impl.MapDataSerializerHook$61
5012:             1             16  com.hazelcast.map.impl.MapDataSerializerHook$62
5013:             1             16  com.hazelcast.map.impl.MapDataSerializerHook$63
5014:             1             16  com.hazelcast.map.impl.MapDataSerializerHook$64
5015:             1             16  com.hazelcast.map.impl.MapDataSerializerHook$65
5016:             1             16  com.hazelcast.map.impl.MapDataSerializerHook$66
5017:             1             16  com.hazelcast.map.impl.MapDataSerializerHook$67
5018:             1             16  com.hazelcast.map.impl.MapDataSerializerHook$68
5019:             1             16  com.hazelcast.map.impl.MapDataSerializerHook$69
5020:             1             16  com.hazelcast.map.impl.MapDataSerializerHook$7
5021:             1             16  com.hazelcast.map.impl.MapDataSerializerHook$70
5022:             1             16  com.hazelcast.map.impl.MapDataSerializerHook$71
5023:             1             16  com.hazelcast.map.impl.MapDataSerializerHook$72
5024:             1             16  com.hazelcast.map.impl.MapDataSerializerHook$73
5025:             1             16  com.hazelcast.map.impl.MapDataSerializerHook$74
5026:             1             16  com.hazelcast.map.impl.MapDataSerializerHook$75
5027:             1             16  com.hazelcast.map.impl.MapDataSerializerHook$76
5028:             1             16  com.hazelcast.map.impl.MapDataSerializerHook$77
5029:             1             16  com.hazelcast.map.impl.MapDataSerializerHook$78
5030:             1             16  com.hazelcast.map.impl.MapDataSerializerHook$79
5031:             1             16  com.hazelcast.map.impl.MapDataSerializerHook$8
5032:             1             16  com.hazelcast.map.impl.MapDataSerializerHook$80
5033:             1             16  com.hazelcast.map.impl.MapDataSerializerHook$81
5034:             1             16  com.hazelcast.map.impl.MapDataSerializerHook$82
5035:             1             16  com.hazelcast.map.impl.MapDataSerializerHook$83
5036:             1             16  com.hazelcast.map.impl.MapDataSerializerHook$84
5037:             1             16  com.hazelcast.map.impl.MapDataSerializerHook$85
5038:             1             16  com.hazelcast.map.impl.MapDataSerializerHook$86
5039:             1             16  com.hazelcast.map.impl.MapDataSerializerHook$87
5040:             1             16  com.hazelcast.map.impl.MapDataSerializerHook$88
5041:             1             16  com.hazelcast.map.impl.MapDataSerializerHook$89
5042:             1             16  com.hazelcast.map.impl.MapDataSerializerHook$9
5043:             1             16  com.hazelcast.map.impl.MapDataSerializerHook$90
5044:             1             16  com.hazelcast.map.impl.MapDataSerializerHook$91
5045:             1             16  com.hazelcast.map.impl.MapDataSerializerHook$92
5046:             1             16  com.hazelcast.map.impl.MapDataSerializerHook$93
5047:             1             16  com.hazelcast.map.impl.MapDataSerializerHook$94
5048:             1             16  com.hazelcast.map.impl.MapDataSerializerHook$95
5049:             1             16  com.hazelcast.map.impl.MapDataSerializerHook$96
5050:             1             16  com.hazelcast.map.impl.MapDataSerializerHook$97
5051:             1             16  com.hazelcast.map.impl.MapDataSerializerHook$98
5052:             1             16  com.hazelcast.map.impl.MapDataSerializerHook$99
5053:             1             16  com.hazelcast.map.impl.MapManagedService
5054:             1             16  com.hazelcast.map.impl.MapManagedService$ObjectNamespaceLockStoreInfoConstructorFunction
5055:             1             16  com.hazelcast.map.impl.MapPostJoinAwareService
5056:             1             16  com.hazelcast.map.impl.MapQuorumAwareService
5057:             1             16  com.hazelcast.map.impl.MapServiceConstructor$1
5058:             1             16  com.hazelcast.map.impl.MapServiceContextImpl$1
5059:             1             16  com.hazelcast.map.impl.MapStatisticsAwareService
5060:             1             16  com.hazelcast.map.impl.client.MapPortableHook$MapPortableFactory
5061:             1             16  com.hazelcast.map.impl.eviction.ExpirationManager$ClearExpiredRecordsTask$1
5062:             1             16  com.hazelcast.map.impl.nearcache.MapNearCacheManager$InvalidationAcceptorFilter
5063:             1             16  com.hazelcast.map.impl.nearcache.MemberMinimalPartitionService
5064:             1             16  com.hazelcast.map.impl.operation.DefaultMapOperationProvider
5065:             1             16  com.hazelcast.map.impl.query.CallerRunsPartitionScanExecutor
5066:             1             16  com.hazelcast.map.impl.query.DefaultIndexProvider
5067:             1             16  com.hazelcast.map.impl.query.QueryResultProcessor
5068:             1             16  com.hazelcast.map.impl.query.ResultProcessorRegistry
5069:             1             16  com.hazelcast.map.impl.querycache.NodeInvokerWrapper
5070:             1             16  com.hazelcast.map.impl.querycache.NodeQueryCacheContext$1
5071:             1             16  com.hazelcast.map.impl.querycache.NodeQueryCacheContext$RegisterMapListenerFunction
5072:             1             16  com.hazelcast.map.impl.querycache.accumulator.AccumulatorScannerTask$ScannerConsumer
5073:             1             16  com.hazelcast.map.impl.querycache.accumulator.DefaultAccumulatorInfoSupplier$1
5074:             1             16  com.hazelcast.map.impl.querycache.publisher.DefaultPublisherContext$2
5075:             1             16  com.hazelcast.map.impl.querycache.publisher.MapListenerRegistry$1
5076:             1             16  com.hazelcast.map.impl.querycache.publisher.MapPublisherRegistry$1
5077:             1             16  com.hazelcast.map.impl.querycache.subscriber.MapSubscriberRegistry$1
5078:             1             16  com.hazelcast.map.impl.querycache.subscriber.NodeSubscriberContextSupport
5079:             1             16  com.hazelcast.map.impl.querycache.subscriber.QueryCacheEndToEndProvider$1
5080:             1             16  com.hazelcast.map.impl.querycache.subscriber.QueryCacheFactory
5081:             1             16  com.hazelcast.map.impl.record.DataRecordComparator
5082:             1             16  com.hazelcast.map.impl.record.ObjectRecordComparator
5083:             1             16  com.hazelcast.map.merge.HigherHitsMapMergePolicy
5084:             1             16  com.hazelcast.map.merge.LatestUpdateMapMergePolicy
5085:             1             16  com.hazelcast.map.merge.MergePolicyProvider$1
5086:             1             16  com.hazelcast.map.merge.PassThroughMergePolicy
5087:             1             16  com.hazelcast.map.merge.PutIfAbsentMapMergePolicy
5088:             1             16  com.hazelcast.mapreduce.aggregation.impl.AggregationsDataSerializerHook
5089:             1             16  com.hazelcast.mapreduce.aggregation.impl.AggregationsDataSerializerHook$1
5090:             1             16  com.hazelcast.mapreduce.aggregation.impl.AggregationsDataSerializerHook$10
5091:             1             16  com.hazelcast.mapreduce.aggregation.impl.AggregationsDataSerializerHook$11
5092:             1             16  com.hazelcast.mapreduce.aggregation.impl.AggregationsDataSerializerHook$12
5093:             1             16  com.hazelcast.mapreduce.aggregation.impl.AggregationsDataSerializerHook$13
5094:             1             16  com.hazelcast.mapreduce.aggregation.impl.AggregationsDataSerializerHook$14
5095:             1             16  com.hazelcast.mapreduce.aggregation.impl.AggregationsDataSerializerHook$15
5096:             1             16  com.hazelcast.mapreduce.aggregation.impl.AggregationsDataSerializerHook$16
5097:             1             16  com.hazelcast.mapreduce.aggregation.impl.AggregationsDataSerializerHook$17
5098:             1             16  com.hazelcast.mapreduce.aggregation.impl.AggregationsDataSerializerHook$18
5099:             1             16  com.hazelcast.mapreduce.aggregation.impl.AggregationsDataSerializerHook$19
5100:             1             16  com.hazelcast.mapreduce.aggregation.impl.AggregationsDataSerializerHook$2
5101:             1             16  com.hazelcast.mapreduce.aggregation.impl.AggregationsDataSerializerHook$20
5102:             1             16  com.hazelcast.mapreduce.aggregation.impl.AggregationsDataSerializerHook$21
5103:             1             16  com.hazelcast.mapreduce.aggregation.impl.AggregationsDataSerializerHook$22
5104:             1             16  com.hazelcast.mapreduce.aggregation.impl.AggregationsDataSerializerHook$23
5105:             1             16  com.hazelcast.mapreduce.aggregation.impl.AggregationsDataSerializerHook$24
5106:             1             16  com.hazelcast.mapreduce.aggregation.impl.AggregationsDataSerializerHook$25
5107:             1             16  com.hazelcast.mapreduce.aggregation.impl.AggregationsDataSerializerHook$26
5108:             1             16  com.hazelcast.mapreduce.aggregation.impl.AggregationsDataSerializerHook$27
5109:             1             16  com.hazelcast.mapreduce.aggregation.impl.AggregationsDataSerializerHook$28
5110:             1             16  com.hazelcast.mapreduce.aggregation.impl.AggregationsDataSerializerHook$29
5111:             1             16  com.hazelcast.mapreduce.aggregation.impl.AggregationsDataSerializerHook$3
5112:             1             16  com.hazelcast.mapreduce.aggregation.impl.AggregationsDataSerializerHook$30
5113:             1             16  com.hazelcast.mapreduce.aggregation.impl.AggregationsDataSerializerHook$31
5114:             1             16  com.hazelcast.mapreduce.aggregation.impl.AggregationsDataSerializerHook$32
5115:             1             16  com.hazelcast.mapreduce.aggregation.impl.AggregationsDataSerializerHook$33
5116:             1             16  com.hazelcast.mapreduce.aggregation.impl.AggregationsDataSerializerHook$34
5117:             1             16  com.hazelcast.mapreduce.aggregation.impl.AggregationsDataSerializerHook$35
5118:             1             16  com.hazelcast.mapreduce.aggregation.impl.AggregationsDataSerializerHook$36
5119:             1             16  com.hazelcast.mapreduce.aggregation.impl.AggregationsDataSerializerHook$37
5120:             1             16  com.hazelcast.mapreduce.aggregation.impl.AggregationsDataSerializerHook$38
5121:             1             16  com.hazelcast.mapreduce.aggregation.impl.AggregationsDataSerializerHook$39
5122:             1             16  com.hazelcast.mapreduce.aggregation.impl.AggregationsDataSerializerHook$4
5123:             1             16  com.hazelcast.mapreduce.aggregation.impl.AggregationsDataSerializerHook$40
5124:             1             16  com.hazelcast.mapreduce.aggregation.impl.AggregationsDataSerializerHook$41
5125:             1             16  com.hazelcast.mapreduce.aggregation.impl.AggregationsDataSerializerHook$42
5126:             1             16  com.hazelcast.mapreduce.aggregation.impl.AggregationsDataSerializerHook$43
5127:             1             16  com.hazelcast.mapreduce.aggregation.impl.AggregationsDataSerializerHook$44
5128:             1             16  com.hazelcast.mapreduce.aggregation.impl.AggregationsDataSerializerHook$45
5129:             1             16  com.hazelcast.mapreduce.aggregation.impl.AggregationsDataSerializerHook$46
5130:             1             16  com.hazelcast.mapreduce.aggregation.impl.AggregationsDataSerializerHook$47
5131:             1             16  com.hazelcast.mapreduce.aggregation.impl.AggregationsDataSerializerHook$48
5132:             1             16  com.hazelcast.mapreduce.aggregation.impl.AggregationsDataSerializerHook$49
5133:             1             16  com.hazelcast.mapreduce.aggregation.impl.AggregationsDataSerializerHook$5
5134:             1             16  com.hazelcast.mapreduce.aggregation.impl.AggregationsDataSerializerHook$50
5135:             1             16  com.hazelcast.mapreduce.aggregation.impl.AggregationsDataSerializerHook$51
5136:             1             16  com.hazelcast.mapreduce.aggregation.impl.AggregationsDataSerializerHook$52
5137:             1             16  com.hazelcast.mapreduce.aggregation.impl.AggregationsDataSerializerHook$53
5138:             1             16  com.hazelcast.mapreduce.aggregation.impl.AggregationsDataSerializerHook$54
5139:             1             16  com.hazelcast.mapreduce.aggregation.impl.AggregationsDataSerializerHook$55
5140:             1             16  com.hazelcast.mapreduce.aggregation.impl.AggregationsDataSerializerHook$6
5141:             1             16  com.hazelcast.mapreduce.aggregation.impl.AggregationsDataSerializerHook$7
5142:             1             16  com.hazelcast.mapreduce.aggregation.impl.AggregationsDataSerializerHook$8
5143:             1             16  com.hazelcast.mapreduce.aggregation.impl.AggregationsDataSerializerHook$9
5144:             1             16  com.hazelcast.mapreduce.impl.MapReduceDataSerializerHook
5145:             1             16  com.hazelcast.mapreduce.impl.MapReduceDataSerializerHook$1
5146:             1             16  com.hazelcast.mapreduce.impl.MapReduceDataSerializerHook$10
5147:             1             16  com.hazelcast.mapreduce.impl.MapReduceDataSerializerHook$11
5148:             1             16  com.hazelcast.mapreduce.impl.MapReduceDataSerializerHook$12
5149:             1             16  com.hazelcast.mapreduce.impl.MapReduceDataSerializerHook$13
5150:             1             16  com.hazelcast.mapreduce.impl.MapReduceDataSerializerHook$14
5151:             1             16  com.hazelcast.mapreduce.impl.MapReduceDataSerializerHook$15
5152:             1             16  com.hazelcast.mapreduce.impl.MapReduceDataSerializerHook$16
5153:             1             16  com.hazelcast.mapreduce.impl.MapReduceDataSerializerHook$17
5154:             1             16  com.hazelcast.mapreduce.impl.MapReduceDataSerializerHook$18
5155:             1             16  com.hazelcast.mapreduce.impl.MapReduceDataSerializerHook$19
5156:             1             16  com.hazelcast.mapreduce.impl.MapReduceDataSerializerHook$2
5157:             1             16  com.hazelcast.mapreduce.impl.MapReduceDataSerializerHook$20
5158:             1             16  com.hazelcast.mapreduce.impl.MapReduceDataSerializerHook$21
5159:             1             16  com.hazelcast.mapreduce.impl.MapReduceDataSerializerHook$22
5160:             1             16  com.hazelcast.mapreduce.impl.MapReduceDataSerializerHook$23
5161:             1             16  com.hazelcast.mapreduce.impl.MapReduceDataSerializerHook$24
5162:             1             16  com.hazelcast.mapreduce.impl.MapReduceDataSerializerHook$3
5163:             1             16  com.hazelcast.mapreduce.impl.MapReduceDataSerializerHook$4
5164:             1             16  com.hazelcast.mapreduce.impl.MapReduceDataSerializerHook$5
5165:             1             16  com.hazelcast.mapreduce.impl.MapReduceDataSerializerHook$6
5166:             1             16  com.hazelcast.mapreduce.impl.MapReduceDataSerializerHook$7
5167:             1             16  com.hazelcast.mapreduce.impl.MapReduceDataSerializerHook$8
5168:             1             16  com.hazelcast.mapreduce.impl.MapReduceDataSerializerHook$9
5169:             1             16  com.hazelcast.mapreduce.impl.MapReducePortableHook
5170:             1             16  com.hazelcast.mapreduce.impl.MapReducePortableHook$1$1
5171:             1             16  com.hazelcast.mapreduce.impl.MapReduceService$1
5172:             1             16  com.hazelcast.multimap.impl.MultiMapDataSerializerHook
5173:             1             16  com.hazelcast.multimap.impl.MultiMapDataSerializerHook$1
5174:             1             16  com.hazelcast.multimap.impl.MultiMapDataSerializerHook$10
5175:             1             16  com.hazelcast.multimap.impl.MultiMapDataSerializerHook$11
5176:             1             16  com.hazelcast.multimap.impl.MultiMapDataSerializerHook$12
5177:             1             16  com.hazelcast.multimap.impl.MultiMapDataSerializerHook$13
5178:             1             16  com.hazelcast.multimap.impl.MultiMapDataSerializerHook$14
5179:             1             16  com.hazelcast.multimap.impl.MultiMapDataSerializerHook$15
5180:             1             16  com.hazelcast.multimap.impl.MultiMapDataSerializerHook$16
5181:             1             16  com.hazelcast.multimap.impl.MultiMapDataSerializerHook$17
5182:             1             16  com.hazelcast.multimap.impl.MultiMapDataSerializerHook$18
5183:             1             16  com.hazelcast.multimap.impl.MultiMapDataSerializerHook$19
5184:             1             16  com.hazelcast.multimap.impl.MultiMapDataSerializerHook$2
5185:             1             16  com.hazelcast.multimap.impl.MultiMapDataSerializerHook$20
5186:             1             16  com.hazelcast.multimap.impl.MultiMapDataSerializerHook$21
5187:             1             16  com.hazelcast.multimap.impl.MultiMapDataSerializerHook$22
5188:             1             16  com.hazelcast.multimap.impl.MultiMapDataSerializerHook$23
5189:             1             16  com.hazelcast.multimap.impl.MultiMapDataSerializerHook$24
5190:             1             16  com.hazelcast.multimap.impl.MultiMapDataSerializerHook$25
5191:             1             16  com.hazelcast.multimap.impl.MultiMapDataSerializerHook$26
5192:             1             16  com.hazelcast.multimap.impl.MultiMapDataSerializerHook$27
5193:             1             16  com.hazelcast.multimap.impl.MultiMapDataSerializerHook$28
5194:             1             16  com.hazelcast.multimap.impl.MultiMapDataSerializerHook$29
5195:             1             16  com.hazelcast.multimap.impl.MultiMapDataSerializerHook$3
5196:             1             16  com.hazelcast.multimap.impl.MultiMapDataSerializerHook$30
5197:             1             16  com.hazelcast.multimap.impl.MultiMapDataSerializerHook$31
5198:             1             16  com.hazelcast.multimap.impl.MultiMapDataSerializerHook$32
5199:             1             16  com.hazelcast.multimap.impl.MultiMapDataSerializerHook$33
5200:             1             16  com.hazelcast.multimap.impl.MultiMapDataSerializerHook$34
5201:             1             16  com.hazelcast.multimap.impl.MultiMapDataSerializerHook$35
5202:             1             16  com.hazelcast.multimap.impl.MultiMapDataSerializerHook$36
5203:             1             16  com.hazelcast.multimap.impl.MultiMapDataSerializerHook$4
5204:             1             16  com.hazelcast.multimap.impl.MultiMapDataSerializerHook$5
5205:             1             16  com.hazelcast.multimap.impl.MultiMapDataSerializerHook$6
5206:             1             16  com.hazelcast.multimap.impl.MultiMapDataSerializerHook$7
5207:             1             16  com.hazelcast.multimap.impl.MultiMapDataSerializerHook$8
5208:             1             16  com.hazelcast.multimap.impl.MultiMapDataSerializerHook$9
5209:             1             16  com.hazelcast.multimap.impl.MultiMapEventsPublisher
5210:             1             16  com.hazelcast.multimap.impl.MultiMapService$1
5211:             1             16  com.hazelcast.nio.tcp.TcpIpConnectionChannelErrorHandler
5212:             1             16  com.hazelcast.nio.tcp.TcpIpConnectionManager$1
5213:             1             16  com.hazelcast.partition.membergroup.SingleMemberGroupFactory
5214:             1             16  com.hazelcast.partition.strategy.DefaultPartitioningStrategy
5215:             1             16  com.hazelcast.partition.strategy.StringPartitioningStrategy
5216:             1             16  com.hazelcast.projection.impl.ProjectionDataSerializerHook
5217:             1             16  com.hazelcast.projection.impl.ProjectionDataSerializerHook$1
5218:             1             16  com.hazelcast.projection.impl.ProjectionDataSerializerHook$2
5219:             1             16  com.hazelcast.query.impl.predicates.BetweenVisitor
5220:             1             16  com.hazelcast.query.impl.predicates.FlatteningVisitor
5221:             1             16  com.hazelcast.query.impl.predicates.OrToInVisitor
5222:             1             16  com.hazelcast.query.impl.predicates.PredicateDataSerializerHook
5223:             1             16  com.hazelcast.query.impl.predicates.PredicateDataSerializerHook$1
5224:             1             16  com.hazelcast.query.impl.predicates.PredicateDataSerializerHook$10
5225:             1             16  com.hazelcast.query.impl.predicates.PredicateDataSerializerHook$11
5226:             1             16  com.hazelcast.query.impl.predicates.PredicateDataSerializerHook$12
5227:             1             16  com.hazelcast.query.impl.predicates.PredicateDataSerializerHook$13
5228:             1             16  com.hazelcast.query.impl.predicates.PredicateDataSerializerHook$14
5229:             1             16  com.hazelcast.query.impl.predicates.PredicateDataSerializerHook$15
5230:             1             16  com.hazelcast.query.impl.predicates.PredicateDataSerializerHook$16
5231:             1             16  com.hazelcast.query.impl.predicates.PredicateDataSerializerHook$17
5232:             1             16  com.hazelcast.query.impl.predicates.PredicateDataSerializerHook$18
5233:             1             16  com.hazelcast.query.impl.predicates.PredicateDataSerializerHook$2
5234:             1             16  com.hazelcast.query.impl.predicates.PredicateDataSerializerHook$3
5235:             1             16  com.hazelcast.query.impl.predicates.PredicateDataSerializerHook$4
5236:             1             16  com.hazelcast.query.impl.predicates.PredicateDataSerializerHook$5
5237:             1             16  com.hazelcast.query.impl.predicates.PredicateDataSerializerHook$6
5238:             1             16  com.hazelcast.query.impl.predicates.PredicateDataSerializerHook$7
5239:             1             16  com.hazelcast.query.impl.predicates.PredicateDataSerializerHook$8
5240:             1             16  com.hazelcast.query.impl.predicates.PredicateDataSerializerHook$9
5241:             1             16  com.hazelcast.replicatedmap.impl.ReplicatedMapService$1
5242:             1             16  com.hazelcast.replicatedmap.impl.ReplicatedMapService$2
5243:             1             16  com.hazelcast.replicatedmap.impl.client.ReplicatedMapPortableHook
5244:             1             16  com.hazelcast.replicatedmap.impl.client.ReplicatedMapPortableHook$1$1
5245:             1             16  com.hazelcast.replicatedmap.impl.client.ReplicatedMapPortableHook$1$2
5246:             1             16  com.hazelcast.replicatedmap.impl.client.ReplicatedMapPortableHook$1$3
5247:             1             16  com.hazelcast.replicatedmap.impl.client.ReplicatedMapPortableHook$1$4
5248:             1             16  com.hazelcast.replicatedmap.impl.operation.ReplicatedMapDataSerializerHook$1
5249:             1             16  com.hazelcast.replicatedmap.impl.operation.ReplicatedMapDataSerializerHook$10
5250:             1             16  com.hazelcast.replicatedmap.impl.operation.ReplicatedMapDataSerializerHook$11
5251:             1             16  com.hazelcast.replicatedmap.impl.operation.ReplicatedMapDataSerializerHook$12
5252:             1             16  com.hazelcast.replicatedmap.impl.operation.ReplicatedMapDataSerializerHook$13
5253:             1             16  com.hazelcast.replicatedmap.impl.operation.ReplicatedMapDataSerializerHook$14
5254:             1             16  com.hazelcast.replicatedmap.impl.operation.ReplicatedMapDataSerializerHook$15
5255:             1             16  com.hazelcast.replicatedmap.impl.operation.ReplicatedMapDataSerializerHook$16
5256:             1             16  com.hazelcast.replicatedmap.impl.operation.ReplicatedMapDataSerializerHook$17
5257:             1             16  com.hazelcast.replicatedmap.impl.operation.ReplicatedMapDataSerializerHook$18
5258:             1             16  com.hazelcast.replicatedmap.impl.operation.ReplicatedMapDataSerializerHook$19
5259:             1             16  com.hazelcast.replicatedmap.impl.operation.ReplicatedMapDataSerializerHook$2
5260:             1             16  com.hazelcast.replicatedmap.impl.operation.ReplicatedMapDataSerializerHook$20
5261:             1             16  com.hazelcast.replicatedmap.impl.operation.ReplicatedMapDataSerializerHook$21
5262:             1             16  com.hazelcast.replicatedmap.impl.operation.ReplicatedMapDataSerializerHook$22
5263:             1             16  com.hazelcast.replicatedmap.impl.operation.ReplicatedMapDataSerializerHook$23
5264:             1             16  com.hazelcast.replicatedmap.impl.operation.ReplicatedMapDataSerializerHook$24
5265:             1             16  com.hazelcast.replicatedmap.impl.operation.ReplicatedMapDataSerializerHook$25
5266:             1             16  com.hazelcast.replicatedmap.impl.operation.ReplicatedMapDataSerializerHook$26
5267:             1             16  com.hazelcast.replicatedmap.impl.operation.ReplicatedMapDataSerializerHook$27
5268:             1             16  com.hazelcast.replicatedmap.impl.operation.ReplicatedMapDataSerializerHook$28
5269:             1             16  com.hazelcast.replicatedmap.impl.operation.ReplicatedMapDataSerializerHook$29
5270:             1             16  com.hazelcast.replicatedmap.impl.operation.ReplicatedMapDataSerializerHook$3
5271:             1             16  com.hazelcast.replicatedmap.impl.operation.ReplicatedMapDataSerializerHook$4
5272:             1             16  com.hazelcast.replicatedmap.impl.operation.ReplicatedMapDataSerializerHook$5
5273:             1             16  com.hazelcast.replicatedmap.impl.operation.ReplicatedMapDataSerializerHook$6
5274:             1             16  com.hazelcast.replicatedmap.impl.operation.ReplicatedMapDataSerializerHook$7
5275:             1             16  com.hazelcast.replicatedmap.impl.operation.ReplicatedMapDataSerializerHook$8
5276:             1             16  com.hazelcast.replicatedmap.impl.operation.ReplicatedMapDataSerializerHook$9
5277:             1             16  com.hazelcast.replicatedmap.merge.HigherHitsMapMergePolicy
5278:             1             16  com.hazelcast.replicatedmap.merge.LatestUpdateMapMergePolicy
5279:             1             16  com.hazelcast.replicatedmap.merge.MergePolicyProvider$1
5280:             1             16  com.hazelcast.replicatedmap.merge.PassThroughMergePolicy
5281:             1             16  com.hazelcast.replicatedmap.merge.PutIfAbsentMapMergePolicy
5282:             1             16  com.hazelcast.ringbuffer.impl.RingbufferDataSerializerHook
5283:             1             16  com.hazelcast.ringbuffer.impl.RingbufferDataSerializerHook$1
5284:             1             16  com.hazelcast.ringbuffer.impl.client.RingbufferPortableHook
5285:             1             16  com.hazelcast.ringbuffer.impl.client.RingbufferPortableHook$1
5286:             1             16  com.hazelcast.scheduledexecutor.impl.DistributedScheduledExecutorService$1
5287:             1             16  com.hazelcast.scheduledexecutor.impl.DistributedScheduledExecutorService$2
5288:             1             16  com.hazelcast.scheduledexecutor.impl.ScheduledExecutorDataSerializerHook
5289:             1             16  com.hazelcast.scheduledexecutor.impl.ScheduledExecutorDataSerializerHook$1
5290:             1             16  com.hazelcast.scheduledexecutor.impl.ScheduledExecutorMemberBin$1
5291:             1             16  com.hazelcast.spi.impl.NodeEngineImpl$ConnectionManagerPacketHandler
5292:             1             16  com.hazelcast.spi.impl.OperationResponseHandlerFactory$NoResponseHandler
5293:             1             16  com.hazelcast.spi.impl.SpiDataSerializerHook$1
5294:             1             16  com.hazelcast.spi.impl.SpiPortableHook
5295:             1             16  com.hazelcast.spi.impl.SpiPortableHook$1
5296:             1             16  com.hazelcast.spi.impl.executionservice.impl.ExecutionServiceImpl$1
5297:             1             16  com.hazelcast.spi.impl.executionservice.impl.ExecutionServiceImpl$2
5298:             1             16  com.hazelcast.spi.impl.executionservice.impl.ExecutionServiceImpl$3
5299:             1             16  com.hazelcast.spi.impl.executionservice.impl.ExecutionServiceImpl$4
5300:             1             16  com.hazelcast.spi.impl.operationexecutor.impl.DefaultOperationQueue$1
5301:             1             16  com.hazelcast.spi.impl.operationparker.impl.OperationParkerImpl$1
5302:             1             16  com.hazelcast.spi.impl.operationparker.impl.OperationParkerImpl$ExpirationTask
5303:             1             16  com.hazelcast.spi.impl.operationservice.impl.InvocationMonitor$1
5304:             1             16  com.hazelcast.spi.impl.proxyservice.impl.ProxyServiceImpl$1
5305:             1             16  com.hazelcast.spi.impl.proxyservice.impl.ProxyServiceImpl$2
5306:             1             16  com.hazelcast.topic.impl.TopicDataSerializerHook
5307:             1             16  com.hazelcast.topic.impl.TopicDataSerializerHook$1
5308:             1             16  com.hazelcast.topic.impl.TopicService$1
5309:             1             16  com.hazelcast.topic.impl.reliable.ReliableTopicService$1
5310:             1             16  com.hazelcast.transaction.impl.TransactionDataSerializerHook
5311:             1             16  com.hazelcast.transaction.impl.TransactionDataSerializerHook$1
5312:             1             16  com.hazelcast.util.Clock$SystemClock
5313:             1             16  com.hazelcast.util.FutureUtil$1
5314:             1             16  com.hazelcast.util.FutureUtil$2
5315:             1             16  com.hazelcast.util.FutureUtil$3
5316:             1             16  com.hazelcast.util.FutureUtil$4
5317:             1             16  com.hazelcast.util.FutureUtil$5
5318:             1             16  com.hazelcast.util.FutureUtil$6
5319:             1             16  com.hazelcast.util.HashUtil$ByteArrayLoadStrategy
5320:             1             16  com.hazelcast.util.HashUtil$NarrowDirectLoadStrategy
5321:             1             16  com.hazelcast.util.HashUtil$WideDirectLoadStrategy
5322:             1             16  com.hazelcast.util.PhoneHome
5323:             1             16  com.hazelcast.util.RuntimeMemoryInfoAccessor
5324:             1             16  com.hazelcast.util.collection.Int2ObjectHashMap$EntrySet
5325:             1             16  com.hazelcast.util.collection.Int2ObjectHashMap$KeySet
5326:             1             16  com.hazelcast.util.collection.Int2ObjectHashMap$ValueCollection
5327:             1             16  com.hazelcast.util.scheduler.SecondsBasedEntryTaskScheduler$1
5328:             1             16  com.hazelcast.version.MajorMinorVersionComparator
5329:             1             16  com.hazelcast.wan.impl.WanDataSerializerHook
5330:             1             16  com.hazelcast.wan.impl.WanDataSerializerHook$1
5331:             1             16  com.hazelcast.wan.impl.WanEventCounterContainer$1
5332:             1             16  com.hazelcast.wan.impl.WanReplicationServiceImpl$1
5333:             1             16  com.mysql.jdbc.Util
5334:             1             16  com.mysql.jdbc.log.NullLogger
5335:             1             16  com.ruubypay.common.common_interface.QueryPayChannelInfo
5336:             1             16  com.ruubypay.common.dubbo.filter.ConsumerGlobalSessionIdFilter
5337:             1             16  com.ruubypay.common.dubbo.filter.GlobalSessionIdFilter
5338:             1             16  com.ruubypay.common.util.LogProperty
5339:             1             16  com.ruubypay.config.InitConfigParameter$$Lambda$7/264092188
5340:             1             16  com.ruubypay.config.InitConfigParameter$$Lambda$8/513310553
5341:             1             16  com.ruubypay.function.BankCardInformationFunction
5342:             1             16  com.ruubypay.function.CommonFunction
5343:             1             16  com.ruubypay.function.Function
5344:             1             16  com.ruubypay.function.GateWayService
5345:             1             16  com.ruubypay.function.MerchantCenterFunction
5346:             1             16  com.ruubypay.function.ObtainConfigFunction
5347:             1             16  com.ruubypay.function.PayChannelOrderFunction
5348:             1             16  com.ruubypay.function.PayConsumeFunction
5349:             1             16  com.ruubypay.function.RiskFunction
5350:             1             16  com.ruubypay.function.UserRelationFunction
5351:             1             16  com.ruubypay.function.codecondition.RiskService
5352:             1             16  com.ruubypay.function.facefactory.impl.CityCenterLineCheckImpl
5353:             1             16  com.ruubypay.function.repay.RepayStrategyContext
5354:             1             16  com.ruubypay.function.repay.handle.CmbRepayStrategy
5355:             1             16  com.ruubypay.function.repay.handle.JdRepayStrategy
5356:             1             16  com.ruubypay.function.repay.handle.PidConfigRepayStrategy
5357:             1             16  com.ruubypay.function.repay.handle.UnionPayRepayStrategy
5358:             1             16  com.ruubypay.function.riskdisposefactory.impl.DefaultImpl
5359:             1             16  com.ruubypay.jdbc.MySqlFunction
5360:             1             16  com.ruubypay.log.AroundLogHandler
5361:             1             16  com.ruubypay.log.aop.AopInterceptor
5362:             1             16  com.ruubypay.ratelimit.aop.AspectjAopInterceptor
5363:             1             16  com.ruubypay.service.impl.DangerControllImpl$$EnhancerBySpringCGLIB$$2b7fb1aa$$FastClassBySpringCGLIB$$51610022
5364:             1             16  com.ruubypay.service.impl.DangerControllImpl$$FastClassBySpringCGLIB$$5ec9f325
5365:             1             16  com.ruubypay.service.impl.OpenBusinessImpl$$EnhancerBySpringCGLIB$$7ed981a2$$FastClassBySpringCGLIB$$90c234c9
5366:             1             16  com.ruubypay.service.impl.OpenBusinessImpl$$FastClassBySpringCGLIB$$12faea1d
5367:             1             16  com.ruubypay.util.HMAC
5368:             1             16  com.sun.jmx.interceptor.DefaultMBeanServerInterceptor$ResourceContext$1
5369:             1             16  com.sun.jmx.mbeanserver.DefaultMXBeanMappingFactory
5370:             1             16  com.sun.jmx.mbeanserver.DescriptorCache
5371:             1             16  com.sun.jmx.mbeanserver.MBeanAnalyzer$MethodOrder
5372:             1             16  com.sun.jmx.mbeanserver.MBeanInstantiator
5373:             1             16  com.sun.jmx.mbeanserver.MXBeanIntrospector
5374:             1             16  com.sun.jmx.mbeanserver.SecureClassLoaderRepository
5375:             1             16  com.sun.jmx.mbeanserver.StandardMBeanIntrospector
5376:             1             16  com.sun.org.apache.xalan.internal.utils.SecuritySupport
5377:             1             16  com.sun.org.apache.xerces.internal.dom.CharacterDataImpl$1
5378:             1             16  com.sun.org.apache.xerces.internal.impl.dv.dtd.DTDDVFactoryImpl
5379:             1             16  com.sun.org.apache.xerces.internal.impl.dv.dtd.IDDatatypeValidator
5380:             1             16  com.sun.org.apache.xerces.internal.impl.dv.dtd.IDREFDatatypeValidator
5381:             1             16  com.sun.org.apache.xerces.internal.impl.dv.dtd.NMTOKENDatatypeValidator
5382:             1             16  com.sun.org.apache.xerces.internal.impl.dv.dtd.NOTATIONDatatypeValidator
5383:             1             16  com.sun.org.apache.xerces.internal.impl.dv.dtd.StringDatatypeValidator
5384:             1             16  com.sun.org.apache.xerces.internal.impl.dv.xs.AnyAtomicDV
5385:             1             16  com.sun.org.apache.xerces.internal.impl.dv.xs.AnySimpleDV
5386:             1             16  com.sun.org.apache.xerces.internal.impl.dv.xs.AnyURIDV
5387:             1             16  com.sun.org.apache.xerces.internal.impl.dv.xs.Base64BinaryDV
5388:             1             16  com.sun.org.apache.xerces.internal.impl.dv.xs.BooleanDV
5389:             1             16  com.sun.org.apache.xerces.internal.impl.dv.xs.DateDV
5390:             1             16  com.sun.org.apache.xerces.internal.impl.dv.xs.DateTimeDV
5391:             1             16  com.sun.org.apache.xerces.internal.impl.dv.xs.DayDV
5392:             1             16  com.sun.org.apache.xerces.internal.impl.dv.xs.DayTimeDurationDV
5393:             1             16  com.sun.org.apache.xerces.internal.impl.dv.xs.DecimalDV
5394:             1             16  com.sun.org.apache.xerces.internal.impl.dv.xs.DoubleDV
5395:             1             16  com.sun.org.apache.xerces.internal.impl.dv.xs.DurationDV
5396:             1             16  com.sun.org.apache.xerces.internal.impl.dv.xs.EntityDV
5397:             1             16  com.sun.org.apache.xerces.internal.impl.dv.xs.FloatDV
5398:             1             16  com.sun.org.apache.xerces.internal.impl.dv.xs.HexBinaryDV
5399:             1             16  com.sun.org.apache.xerces.internal.impl.dv.xs.IDDV
5400:             1             16  com.sun.org.apache.xerces.internal.impl.dv.xs.IDREFDV
5401:             1             16  com.sun.org.apache.xerces.internal.impl.dv.xs.IntegerDV
5402:             1             16  com.sun.org.apache.xerces.internal.impl.dv.xs.ListDV
5403:             1             16  com.sun.org.apache.xerces.internal.impl.dv.xs.MonthDV
5404:             1             16  com.sun.org.apache.xerces.internal.impl.dv.xs.MonthDayDV
5405:             1             16  com.sun.org.apache.xerces.internal.impl.dv.xs.PrecisionDecimalDV
5406:             1             16  com.sun.org.apache.xerces.internal.impl.dv.xs.StringDV
5407:             1             16  com.sun.org.apache.xerces.internal.impl.dv.xs.TimeDV
5408:             1             16  com.sun.org.apache.xerces.internal.impl.dv.xs.UnionDV
5409:             1             16  com.sun.org.apache.xerces.internal.impl.dv.xs.XSSimpleTypeDecl$1
5410:             1             16  com.sun.org.apache.xerces.internal.impl.dv.xs.XSSimpleTypeDecl$4
5411:             1             16  com.sun.org.apache.xerces.internal.impl.dv.xs.YearDV
5412:             1             16  com.sun.org.apache.xerces.internal.impl.dv.xs.YearMonthDV
5413:             1             16  com.sun.org.apache.xerces.internal.impl.dv.xs.YearMonthDurationDV
5414:             1             16  com.sun.org.apache.xerces.internal.impl.xs.XSConstraints$1
5415:             1             16  com.sun.org.apache.xerces.internal.impl.xs.models.XSEmptyCM
5416:             1             16  com.sun.org.apache.xerces.internal.impl.xs.util.XIntPool
5417:             1             16  com.sun.org.apache.xerces.internal.impl.xs.util.XSObjectListImpl$1
5418:             1             16  com.sun.org.apache.xerces.internal.jaxp.datatype.DatatypeFactoryImpl
5419:             1             16  com.sun.org.apache.xerces.internal.jaxp.validation.DraconianErrorHandler
5420:             1             16  com.sun.org.apache.xerces.internal.parsers.AbstractSAXParser$AttributesProxy
5421:             1             16  com.sun.org.apache.xerces.internal.util.EntityResolver2Wrapper
5422:             1             16  com.sun.org.apache.xerces.internal.util.ErrorHandlerWrapper
5423:             1             16  com.sun.org.apache.xerces.internal.utils.SecuritySupport
5424:             1             16  com.sun.org.apache.xpath.internal.objects.EqualComparator
5425:             1             16  com.sun.org.apache.xpath.internal.objects.GreaterThanComparator
5426:             1             16  com.sun.org.apache.xpath.internal.objects.GreaterThanOrEqualComparator
5427:             1             16  com.sun.org.apache.xpath.internal.objects.LessThanComparator
5428:             1             16  com.sun.org.apache.xpath.internal.objects.LessThanOrEqualComparator
5429:             1             16  com.sun.org.apache.xpath.internal.objects.NotEqualComparator
5430:             1             16  com.sun.org.apache.xpath.internal.objects.XMLStringFactoryImpl
5431:             1             16  com.sun.proxy.$Proxy1
5432:             1             16  com.sun.proxy.$Proxy10
5433:             1             16  com.sun.proxy.$Proxy19
5434:             1             16  com.sun.proxy.$Proxy21
5435:             1             16  com.sun.proxy.$Proxy26
5436:             1             16  com.sun.proxy.$Proxy27
5437:             1             16  com.sun.proxy.$Proxy30
5438:             1             16  com.sun.proxy.$Proxy38
5439:             1             16  com.sun.proxy.$Proxy41
5440:             1             16  com.sun.proxy.$Proxy42
5441:             1             16  com.sun.proxy.$Proxy43
5442:             1             16  com.sun.proxy.$Proxy44
5443:             1             16  com.sun.proxy.$Proxy45
5444:             1             16  com.sun.proxy.$Proxy46
5445:             1             16  com.sun.proxy.$Proxy47
5446:             1             16  com.sun.proxy.$Proxy5
5447:             1             16  com.sun.proxy.$Proxy51
5448:             1             16  com.sun.proxy.$Proxy52
5449:             1             16  com.sun.proxy.$Proxy53
5450:             1             16  com.sun.proxy.$Proxy54
5451:             1             16  com.sun.proxy.$Proxy55
5452:             1             16  com.sun.proxy.$Proxy64
5453:             1             16  com.sun.proxy.$Proxy65
5454:             1             16  com.sun.proxy.$Proxy66
5455:             1             16  com.sun.proxy.$Proxy68
5456:             1             16  com.sun.proxy.$Proxy69
5457:             1             16  com.sun.proxy.$Proxy72
5458:             1             16  com.sun.proxy.$Proxy73
5459:             1             16  com.sun.proxy.$Proxy74
5460:             1             16  com.sun.proxy.$Proxy76
5461:             1             16  com.sun.proxy.$Proxy77
5462:             1             16  com.sun.proxy.$Proxy8
5463:             1             16  com.sun.proxy.$Proxy9
5464:             1             16  io.github.bucket4j.grid.jcache.JCache
5465:             1             16  io.github.bucket4j.grid.jcache.JCacheProxy
5466:             1             16  io.github.bucket4j.grid.jcache.JCacheProxyManager
5467:             1             16  java.awt.Font$FontAccessImpl
5468:             1             16  java.awt.GraphicsEnvironment$$Lambda$9/1124973744
5469:             1             16  java.awt.Toolkit$4
5470:             1             16  java.io.FileDescriptor$1
5471:             1             16  java.io.ObjectInputStream$$Lambda$5/1495898481
5472:             1             16  java.io.ObjectInputStream$1
5473:             1             16  java.lang.ApplicationShutdownHooks$1
5474:             1             16  java.lang.CharacterDataLatin1
5475:             1             16  java.lang.ClassValue$Identity
5476:             1             16  java.lang.InheritableThreadLocal
5477:             1             16  java.lang.Runtime
5478:             1             16  java.lang.String$CaseInsensitiveComparator
5479:             1             16  java.lang.System$2
5480:             1             16  java.lang.Terminator$1
5481:             1             16  java.lang.invoke.MemberName$Factory
5482:             1             16  java.lang.invoke.MethodHandleImpl$2
5483:             1             16  java.lang.invoke.MethodHandleImpl$3
5484:             1             16  java.lang.management.PlatformComponent$1
5485:             1             16  java.lang.management.PlatformComponent$10
5486:             1             16  java.lang.management.PlatformComponent$11
5487:             1             16  java.lang.management.PlatformComponent$12
5488:             1             16  java.lang.management.PlatformComponent$13
5489:             1             16  java.lang.management.PlatformComponent$14
5490:             1             16  java.lang.management.PlatformComponent$15
5491:             1             16  java.lang.management.PlatformComponent$2
5492:             1             16  java.lang.management.PlatformComponent$3
5493:             1             16  java.lang.management.PlatformComponent$4
5494:             1             16  java.lang.management.PlatformComponent$5
5495:             1             16  java.lang.management.PlatformComponent$6
5496:             1             16  java.lang.management.PlatformComponent$7
5497:             1             16  java.lang.management.PlatformComponent$8
5498:             1             16  java.lang.management.PlatformComponent$9
5499:             1             16  java.lang.ref.Reference$1
5500:             1             16  java.lang.ref.Reference$Lock
5501:             1             16  java.lang.reflect.Proxy$KeyFactory
5502:             1             16  java.lang.reflect.Proxy$ProxyClassFactory
5503:             1             16  java.lang.reflect.ReflectAccess
5504:             1             16  java.math.BigDecimal$1
5505:             1             16  java.net.InetAddress$2
5506:             1             16  java.net.URLClassLoader$7
5507:             1             16  java.nio.Bits$1
5508:             1             16  java.nio.Bits$1$1
5509:             1             16  java.nio.charset.CoderResult$1
5510:             1             16  java.nio.charset.CoderResult$2
5511:             1             16  java.nio.file.Files$AcceptAllFilter
5512:             1             16  java.security.ProtectionDomain$2
5513:             1             16  java.security.ProtectionDomain$JavaSecurityAccessImpl
5514:             1             16  java.text.DontCareFieldPosition$1
5515:             1             16  java.text.MessageFormat$Field
5516:             1             16  java.util.AbstractMap$1
5517:             1             16  java.util.Collections$EmptyEnumeration
5518:             1             16  java.util.Collections$EmptyIterator
5519:             1             16  java.util.Collections$EmptyList
5520:             1             16  java.util.Collections$EmptySet
5521:             1             16  java.util.Currency$CurrencyNameGetter
5522:             1             16  java.util.EnumMap$1
5523:             1             16  java.util.Optional
5524:             1             16  java.util.ResourceBundle$Control
5525:             1             16  java.util.TreeSet
5526:             1             16  java.util.concurrent.ThreadPoolExecutor$AbortPolicy
5527:             1             16  java.util.jar.JavaUtilJarAccessImpl
5528:             1             16  java.util.logging.ErrorManager
5529:             1             16  java.util.logging.LoggingProxyImpl
5530:             1             16  java.util.regex.Pattern$4
5531:             1             16  java.util.regex.Pattern$CharPropertyNames$10
5532:             1             16  java.util.regex.Pattern$CharPropertyNames$11
5533:             1             16  java.util.regex.Pattern$CharPropertyNames$12
5534:             1             16  java.util.regex.Pattern$CharPropertyNames$13
5535:             1             16  java.util.regex.Pattern$CharPropertyNames$14
5536:             1             16  java.util.regex.Pattern$CharPropertyNames$15
5537:             1             16  java.util.regex.Pattern$CharPropertyNames$16
5538:             1             16  java.util.regex.Pattern$CharPropertyNames$17
5539:             1             16  java.util.regex.Pattern$CharPropertyNames$18
5540:             1             16  java.util.regex.Pattern$CharPropertyNames$19
5541:             1             16  java.util.regex.Pattern$CharPropertyNames$20
5542:             1             16  java.util.regex.Pattern$CharPropertyNames$21
5543:             1             16  java.util.regex.Pattern$CharPropertyNames$22
5544:             1             16  java.util.regex.Pattern$CharPropertyNames$23
5545:             1             16  java.util.regex.Pattern$CharPropertyNames$5
5546:             1             16  java.util.regex.Pattern$CharPropertyNames$6
5547:             1             16  java.util.regex.Pattern$CharPropertyNames$7
5548:             1             16  java.util.regex.Pattern$CharPropertyNames$8
5549:             1             16  java.util.regex.Pattern$CharPropertyNames$9
5550:             1             16  java.util.regex.Pattern$LastNode
5551:             1             16  java.util.regex.Pattern$Node
5552:             1             16  java.util.zip.ZipFile$1
5553:             1             16  javassist.LoaderClassPath
5554:             1             16  javax.cache.configuration.FactoryBuilder$SingletonFactory
5555:             1             16  javax.cache.expiry.AccessedExpiryPolicy
5556:             1             16  javax.management.JMX
5557:             1             16  javax.management.MBeanServerBuilder
5558:             1             16  javax.management.NotificationBroadcasterSupport$1
5559:             1             16  javax.xml.parsers.SecuritySupport
5560:             1             16  javax.xml.transform.SecuritySupport
5561:             1             16  net.logstash.logback.NullAbbreviator
5562:             1             16  net.logstash.logback.encoder.org.apache.commons.lang.time.FastDateFormat$TwoDigitMonthField
5563:             1             16  org.I0Itec.zkclient.serialize.SerializableSerializer
5564:             1             16  org.apache.catalina.authenticator.AuthenticatorBase$NoOpAuthConfigProvider
5565:             1             16  org.apache.catalina.connector.CoyoteAdapter
5566:             1             16  org.apache.catalina.connector.CoyoteAdapter$1
5567:             1             16  org.apache.catalina.connector.Request$1
5568:             1             16  org.apache.catalina.connector.Request$2
5569:             1             16  org.apache.catalina.connector.Request$3
5570:             1             16  org.apache.catalina.connector.Request$4
5571:             1             16  org.apache.catalina.connector.Request$5
5572:             1             16  org.apache.catalina.connector.Request$6
5573:             1             16  org.apache.catalina.connector.Request$7
5574:             1             16  org.apache.catalina.core.ContainerBase$ContainerBackgroundProcessor
5575:             1             16  org.apache.catalina.core.StandardContext$1
5576:             1             16  org.apache.catalina.core.StandardHost$MemoryLeakTrackingListener
5577:             1             16  org.apache.catalina.mbeans.MBeanFactory
5578:             1             16  org.apache.catalina.realm.X509SubjectDnRetriever
5579:             1             16  org.apache.catalina.startup.Tomcat$FixContextListener
5580:             1             16  org.apache.catalina.util.CharsetMapper
5581:             1             16  org.apache.curator.RetryLoop$1
5582:             1             16  org.apache.curator.framework.imps.DefaultACLProvider
5583:             1             16  org.apache.curator.framework.imps.GzipCompressionProvider
5584:             1             16  org.apache.curator.utils.DefaultZookeeperFactory
5585:             1             16  org.apache.curator.x.discovery.ServiceInstanceBuilder$1
5586:             1             16  org.apache.curator.x.discovery.details.ServiceDiscoveryImpl$1
5587:             1             16  org.apache.ibatis.executor.loader.javassist.JavassistProxyFactory
5588:             1             16  org.apache.ibatis.io.DefaultVFS
5589:             1             16  org.apache.ibatis.javassist.util.proxy.ProxyFactory$1
5590:             1             16  org.apache.ibatis.javassist.util.proxy.ProxyFactory$3
5591:             1             16  org.apache.ibatis.ognl.ArrayElementsAccessor
5592:             1             16  org.apache.ibatis.ognl.ArrayPropertyAccessor
5593:             1             16  org.apache.ibatis.ognl.CollectionElementsAccessor
5594:             1             16  org.apache.ibatis.ognl.DefaultClassResolver
5595:             1             16  org.apache.ibatis.ognl.DefaultMemberAccess
5596:             1             16  org.apache.ibatis.ognl.DefaultTypeConverter
5597:             1             16  org.apache.ibatis.ognl.EnumerationElementsAccessor
5598:             1             16  org.apache.ibatis.ognl.EnumerationPropertyAccessor
5599:             1             16  org.apache.ibatis.ognl.EvaluationPool
5600:             1             16  org.apache.ibatis.ognl.IteratorElementsAccessor
5601:             1             16  org.apache.ibatis.ognl.IteratorPropertyAccessor
5602:             1             16  org.apache.ibatis.ognl.ListPropertyAccessor
5603:             1             16  org.apache.ibatis.ognl.MapElementsAccessor
5604:             1             16  org.apache.ibatis.ognl.MapPropertyAccessor
5605:             1             16  org.apache.ibatis.ognl.NumberElementsAccessor
5606:             1             16  org.apache.ibatis.ognl.ObjectArrayPool
5607:             1             16  org.apache.ibatis.ognl.ObjectElementsAccessor
5608:             1             16  org.apache.ibatis.ognl.ObjectMethodAccessor
5609:             1             16  org.apache.ibatis.ognl.ObjectNullHandler
5610:             1             16  org.apache.ibatis.ognl.ObjectPropertyAccessor
5611:             1             16  org.apache.ibatis.ognl.SetPropertyAccessor
5612:             1             16  org.apache.ibatis.plugin.InterceptorChain
5613:             1             16  org.apache.ibatis.reflection.factory.DefaultObjectFactory
5614:             1             16  org.apache.ibatis.reflection.wrapper.DefaultObjectWrapperFactory
5615:             1             16  org.apache.ibatis.scripting.defaults.RawLanguageDriver
5616:             1             16  org.apache.ibatis.scripting.xmltags.DynamicContext$ContextAccessor
5617:             1             16  org.apache.ibatis.scripting.xmltags.XMLLanguageDriver
5618:             1             16  org.apache.ibatis.session.SqlSessionFactoryBuilder
5619:             1             16  org.apache.ibatis.session.defaults.DefaultSqlSessionFactory
5620:             1             16  org.apache.ibatis.type.TypeAliasRegistry
5621:             1             16  org.apache.juli.logging.LogFactory
5622:             1             16  org.apache.log4j.helpers.NullEnumeration
5623:             1             16  org.apache.tomcat.util.buf.MessageBytes$MessageBytesFactory
5624:             1             16  org.apache.tomcat.util.buf.StringCache
5625:             1             16  org.apache.tomcat.util.compat.Jre8Compat
5626:             1             16  org.apache.tomcat.util.digester.Digester$SystemPropertySource
5627:             1             16  org.apache.tomcat.util.http.CookieProcessorBase$1
5628:             1             16  org.apache.tomcat.util.http.Rfc6265CookieProcessor
5629:             1             16  org.apache.tomcat.util.http.parser.MediaTypeCache
5630:             1             16  org.apache.tomcat.util.net.NioBlockingSelector$KeyReference
5631:             1             16  org.apache.tomcat.util.net.SocketWrapperBase$1
5632:             1             16  org.apache.tomcat.util.net.SocketWrapperBase$2
5633:             1             16  org.apache.tomcat.util.threads.ThreadPoolExecutor$RejectHandler
5634:             1             16  org.apache.zookeeper.ClientCnxn$1
5635:             1             16  org.aspectj.bridge.IMessage$Kind$1
5636:             1             16  org.aspectj.bridge.IMessageHandler$1
5637:             1             16  org.aspectj.util.FuzzyBoolean$MaybeFuzzyBoolean
5638:             1             16  org.aspectj.util.FuzzyBoolean$NeverFuzzyBoolean
5639:             1             16  org.aspectj.util.FuzzyBoolean$NoFuzzyBoolean
5640:             1             16  org.aspectj.util.FuzzyBoolean$YesFuzzyBoolean
5641:             1             16  org.aspectj.weaver.ResolvedType$FieldGetter
5642:             1             16  org.aspectj.weaver.ResolvedType$MethodGetter
5643:             1             16  org.aspectj.weaver.ResolvedType$MethodGetterIncludingItds
5644:             1             16  org.aspectj.weaver.ResolvedType$PointcutGetter
5645:             1             16  org.aspectj.weaver.SourceContextImpl$1
5646:             1             16  org.aspectj.weaver.patterns.Bindings
5647:             1             16  org.aspectj.weaver.tools.Jdk14TraceFactory
5648:             1             16  org.codehaus.jackson.map.deser.std.AtomicBooleanDeserializer
5649:             1             16  org.codehaus.jackson.map.deser.std.ClassDeserializer
5650:             1             16  org.codehaus.jackson.map.deser.std.DateDeserializer
5651:             1             16  org.codehaus.jackson.map.deser.std.FromStringDeserializer$CharsetDeserializer
5652:             1             16  org.codehaus.jackson.map.deser.std.FromStringDeserializer$CurrencyDeserializer
5653:             1             16  org.codehaus.jackson.map.deser.std.FromStringDeserializer$InetAddressDeserializer
5654:             1             16  org.codehaus.jackson.map.deser.std.FromStringDeserializer$LocaleDeserializer
5655:             1             16  org.codehaus.jackson.map.deser.std.FromStringDeserializer$PatternDeserializer
5656:             1             16  org.codehaus.jackson.map.deser.std.FromStringDeserializer$TimeZoneDeserializer
5657:             1             16  org.codehaus.jackson.map.deser.std.FromStringDeserializer$URIDeserializer
5658:             1             16  org.codehaus.jackson.map.deser.std.FromStringDeserializer$URLDeserializer
5659:             1             16  org.codehaus.jackson.map.deser.std.FromStringDeserializer$UUIDDeserializer
5660:             1             16  org.codehaus.jackson.map.deser.std.JavaTypeDeserializer
5661:             1             16  org.codehaus.jackson.map.deser.std.PrimitiveArrayDeserializers
5662:             1             16  org.codehaus.jackson.map.deser.std.PrimitiveArrayDeserializers$BooleanDeser
5663:             1             16  org.codehaus.jackson.map.deser.std.PrimitiveArrayDeserializers$ByteDeser
5664:             1             16  org.codehaus.jackson.map.deser.std.PrimitiveArrayDeserializers$CharDeser
5665:             1             16  org.codehaus.jackson.map.deser.std.PrimitiveArrayDeserializers$DoubleDeser
5666:             1             16  org.codehaus.jackson.map.deser.std.PrimitiveArrayDeserializers$FloatDeser
5667:             1             16  org.codehaus.jackson.map.deser.std.PrimitiveArrayDeserializers$IntDeser
5668:             1             16  org.codehaus.jackson.map.deser.std.PrimitiveArrayDeserializers$LongDeser
5669:             1             16  org.codehaus.jackson.map.deser.std.PrimitiveArrayDeserializers$ShortDeser
5670:             1             16  org.codehaus.jackson.map.deser.std.PrimitiveArrayDeserializers$StringDeser
5671:             1             16  org.codehaus.jackson.map.deser.std.StdDeserializer$BigDecimalDeserializer
5672:             1             16  org.codehaus.jackson.map.deser.std.StdDeserializer$BigIntegerDeserializer
5673:             1             16  org.codehaus.jackson.map.deser.std.StdDeserializer$NumberDeserializer
5674:             1             16  org.codehaus.jackson.map.deser.std.StdDeserializer$SqlDateDeserializer
5675:             1             16  org.codehaus.jackson.map.deser.std.StdDeserializer$StackTraceElementDeserializer
5676:             1             16  org.codehaus.jackson.map.deser.std.StdKeyDeserializer$BoolKD
5677:             1             16  org.codehaus.jackson.map.deser.std.StdKeyDeserializer$ByteKD
5678:             1             16  org.codehaus.jackson.map.deser.std.StdKeyDeserializer$CalendarKD
5679:             1             16  org.codehaus.jackson.map.deser.std.StdKeyDeserializer$CharKD
5680:             1             16  org.codehaus.jackson.map.deser.std.StdKeyDeserializer$DateKD
5681:             1             16  org.codehaus.jackson.map.deser.std.StdKeyDeserializer$DoubleKD
5682:             1             16  org.codehaus.jackson.map.deser.std.StdKeyDeserializer$FloatKD
5683:             1             16  org.codehaus.jackson.map.deser.std.StdKeyDeserializer$IntKD
5684:             1             16  org.codehaus.jackson.map.deser.std.StdKeyDeserializer$LongKD
5685:             1             16  org.codehaus.jackson.map.deser.std.StdKeyDeserializer$UuidKD
5686:             1             16  org.codehaus.jackson.map.deser.std.StringDeserializer
5687:             1             16  org.codehaus.jackson.map.deser.std.TimestampDeserializer
5688:             1             16  org.codehaus.jackson.map.deser.std.TokenBufferDeserializer
5689:             1             16  org.codehaus.jackson.map.deser.std.UntypedObjectDeserializer
5690:             1             16  org.codehaus.jackson.map.ext.OptionalHandlerFactory
5691:             1             16  org.codehaus.jackson.map.introspect.BasicClassIntrospector
5692:             1             16  org.codehaus.jackson.map.introspect.BasicClassIntrospector$GetterMethodFilter
5693:             1             16  org.codehaus.jackson.map.introspect.BasicClassIntrospector$MinimalMethodFilter
5694:             1             16  org.codehaus.jackson.map.introspect.BasicClassIntrospector$SetterAndGetterMethodFilter
5695:             1             16  org.codehaus.jackson.map.introspect.BasicClassIntrospector$SetterMethodFilter
5696:             1             16  org.codehaus.jackson.map.introspect.JacksonAnnotationIntrospector
5697:             1             16  org.codehaus.jackson.map.jsontype.impl.StdSubtypeResolver
5698:             1             16  org.codehaus.jackson.map.ser.StdSerializers$DoubleSerializer
5699:             1             16  org.codehaus.jackson.map.ser.StdSerializers$FloatSerializer
5700:             1             16  org.codehaus.jackson.map.ser.StdSerializers$IntLikeSerializer
5701:             1             16  org.codehaus.jackson.map.ser.StdSerializers$IntegerSerializer
5702:             1             16  org.codehaus.jackson.map.ser.StdSerializers$LongSerializer
5703:             1             16  org.codehaus.jackson.map.ser.StdSerializers$SqlDateSerializer
5704:             1             16  org.codehaus.jackson.map.ser.StdSerializers$SqlTimeSerializer
5705:             1             16  org.codehaus.jackson.map.ser.impl.PropertySerializerMap$Empty
5706:             1             16  org.codehaus.jackson.map.ser.impl.UnknownSerializer
5707:             1             16  org.codehaus.jackson.map.ser.std.CalendarSerializer
5708:             1             16  org.codehaus.jackson.map.ser.std.DateSerializer
5709:             1             16  org.codehaus.jackson.map.ser.std.NullSerializer
5710:             1             16  org.codehaus.jackson.map.ser.std.StdArraySerializers$ByteArraySerializer
5711:             1             16  org.codehaus.jackson.map.ser.std.StdArraySerializers$CharArraySerializer
5712:             1             16  org.codehaus.jackson.map.ser.std.StringSerializer
5713:             1             16  org.codehaus.jackson.map.ser.std.ToStringSerializer
5714:             1             16  org.codehaus.jackson.map.type.TypeParser
5715:             1             16  org.codehaus.jackson.map.util.EnumValues
5716:             1             16  org.codehaus.jackson.node.JsonNodeFactory
5717:             1             16  org.jboss.netty.channel.ChannelFutureListener$1
5718:             1             16  org.jboss.netty.channel.ChannelFutureListener$2
5719:             1             16  org.jboss.netty.channel.DefaultChannelPipeline$DiscardingChannelSink
5720:             1             16  org.jboss.netty.channel.socket.nio.NioClientBoss$1
5721:             1             16  org.jboss.netty.channel.socket.nio.NioClientSocketPipelineSink
5722:             1             16  org.jboss.netty.channel.socket.nio.SocketSendBufferPool$EmptySendBuffer
5723:             1             16  org.jboss.netty.util.ThreadNameDeterminer$1
5724:             1             16  org.jboss.netty.util.ThreadNameDeterminer$2
5725:             1             16  org.jboss.resteasy.core.InjectorFactoryImpl
5726:             1             16  org.jboss.resteasy.plugins.delegates.CacheControlDelegate
5727:             1             16  org.jboss.resteasy.plugins.delegates.CookieHeaderDelegate
5728:             1             16  org.jboss.resteasy.plugins.delegates.DateDelegate
5729:             1             16  org.jboss.resteasy.plugins.delegates.EntityTagDelegate
5730:             1             16  org.jboss.resteasy.plugins.delegates.LinkDelegate
5731:             1             16  org.jboss.resteasy.plugins.delegates.LinkHeaderDelegate
5732:             1             16  org.jboss.resteasy.plugins.delegates.LocaleDelegate
5733:             1             16  org.jboss.resteasy.plugins.delegates.MediaTypeHeaderDelegate
5734:             1             16  org.jboss.resteasy.plugins.delegates.NewCookieHeaderDelegate
5735:             1             16  org.jboss.resteasy.plugins.delegates.UriHeaderDelegate
5736:             1             16  org.jboss.resteasy.plugins.interceptors.encoding.ClientContentEncodingAnnotationFeature
5737:             1             16  org.jboss.resteasy.plugins.interceptors.encoding.GZIPDecodingInterceptor
5738:             1             16  org.jboss.resteasy.plugins.interceptors.encoding.GZIPEncodingInterceptor
5739:             1             16  org.jboss.resteasy.plugins.interceptors.encoding.ServerContentEncodingAnnotationFeature
5740:             1             16  org.jboss.resteasy.plugins.providers.FileRangeWriter
5741:             1             16  org.jboss.resteasy.plugins.providers.StreamingOutputProvider
5742:             1             16  org.jboss.resteasy.spi.InternalDispatcher
5743:             1             16  org.jboss.resteasy.util.CaseInsensitiveMap$CaseInsensitiveComparator
5744:             1             16  org.mybatis.spring.transaction.SpringManagedTransactionFactory
5745:             1             16  org.slf4j.helpers.BasicMarkerFactory
5746:             1             16  org.slf4j.helpers.NOPLoggerFactory
5747:             1             16  org.slf4j.impl.StaticMDCBinder
5748:             1             16  org.slf4j.impl.StaticMarkerBinder
5749:             1             16  org.springframework.aop.TrueClassFilter
5750:             1             16  org.springframework.aop.TrueMethodMatcher
5751:             1             16  org.springframework.aop.TruePointcut
5752:             1             16  org.springframework.aop.aspectj.annotation.AbstractAspectJAdvisorFactory$AspectJAnnotationParameterNameDiscoverer
5753:             1             16  org.springframework.aop.aspectj.annotation.ReflectiveAspectJAdvisorFactory$1
5754:             1             16  org.springframework.aop.aspectj.annotation.ReflectiveAspectJAdvisorFactory$2
5755:             1             16  org.springframework.aop.aspectj.autoproxy.AspectJPrecedenceComparator
5756:             1             16  org.springframework.aop.framework.adapter.AfterReturningAdviceAdapter
5757:             1             16  org.springframework.aop.framework.adapter.DefaultAdvisorAdapterRegistry
5758:             1             16  org.springframework.aop.framework.adapter.MethodBeforeAdviceAdapter
5759:             1             16  org.springframework.aop.framework.adapter.ThrowsAdviceAdapter
5760:             1             16  org.springframework.aop.interceptor.ExposeInvocationInterceptor
5761:             1             16  org.springframework.beans.ExtendedBeanInfoFactory
5762:             1             16  org.springframework.beans.factory.parsing.FailFastProblemReporter
5763:             1             16  org.springframework.beans.factory.parsing.PassThroughSourceExtractor
5764:             1             16  org.springframework.beans.factory.support.CglibSubclassingInstantiationStrategy
5765:             1             16  org.springframework.cglib.core.DefaultGeneratorStrategy
5766:             1             16  org.springframework.cglib.core.DefaultNamingPolicy
5767:             1             16  org.springframework.cglib.core.KeyFactory$1
5768:             1             16  org.springframework.cglib.core.KeyFactory$2
5769:             1             16  org.springframework.cglib.core.MethodInfoTransformer
5770:             1             16  org.springframework.cglib.core.SpringNamingPolicy
5771:             1             16  org.springframework.cglib.proxy.Enhancer$1
5772:             1             16  org.springframework.cglib.proxy.FixedValueGenerator
5773:             1             16  org.springframework.cglib.proxy.InvocationHandlerGenerator
5774:             1             16  org.springframework.cglib.proxy.LazyLoaderGenerator
5775:             1             16  org.springframework.cglib.proxy.MethodInterceptorGenerator
5776:             1             16  org.springframework.cglib.proxy.MethodInterceptorGenerator$1
5777:             1             16  org.springframework.cglib.proxy.NoOp$1
5778:             1             16  org.springframework.cglib.proxy.NoOpGenerator
5779:             1             16  org.springframework.cglib.transform.impl.UndeclaredThrowableStrategy$1
5780:             1             16  org.springframework.context.annotation.AnnotationBeanNameGenerator
5781:             1             16  org.springframework.context.annotation.ConditionEvaluator
5782:             1             16  org.springframework.context.annotation.ConfigurationClassEnhancer$BeanFactoryAwareGeneratorStrategy
5783:             1             16  org.springframework.context.annotation.ConfigurationClassEnhancer$BeanFactoryAwareMethodInterceptor
5784:             1             16  org.springframework.context.annotation.ConfigurationClassEnhancer$BeanMethodInterceptor
5785:             1             16  org.springframework.context.annotation.ConfigurationClassParser$1
5786:             1             16  org.springframework.context.annotation.ConfigurationClassPostProcessor$1
5787:             1             16  org.springframework.context.annotation.ConfigurationClassPostProcessor$EnhancedConfigurationBeanPostProcessor
5788:             1             16  org.springframework.context.annotation.ConfigurationClassPostProcessor$ImportAwareBeanPostProcessor
5789:             1             16  org.springframework.context.expression.BeanExpressionContextAccessor
5790:             1             16  org.springframework.context.expression.BeanFactoryAccessor
5791:             1             16  org.springframework.context.expression.BeanFactoryResolver
5792:             1             16  org.springframework.context.expression.EnvironmentAccessor
5793:             1             16  org.springframework.context.expression.MapAccessor
5794:             1             16  org.springframework.context.expression.StandardBeanExpressionResolver$1
5795:             1             16  org.springframework.context.support.ApplicationContextAwareProcessor
5796:             1             16  org.springframework.core.OrderComparator
5797:             1             16  org.springframework.core.annotation.AnnotationAwareOrderComparator
5798:             1             16  org.springframework.core.io.DefaultResourceLoader
5799:             1             16  org.springframework.expression.common.TemplateAwareExpressionParser$1
5800:             1             16  org.springframework.expression.spel.support.StandardOperatorOverloader
5801:             1             16  org.springframework.expression.spel.support.StandardTypeComparator
5802:             1             16  org.springframework.expression.spel.support.StandardTypeConverter
5803:             1             16  org.springframework.util.DefaultPropertiesPersister
5804:             1             16  org.springframework.util.ReflectionUtils$4
5805:             1             16  org.springframework.util.ReflectionUtils$5
5806:             1             16  org.springframework.util.ReflectionUtils$6
5807:             1             16  org.springframework.util.comparator.ComparableComparator
5808:             1             16  org.springframework.util.comparator.CompoundComparator
5809:             1             16  org.springframework.util.comparator.InstanceComparator
5810:             1             16  sun.management.ClassLoadingImpl
5811:             1             16  sun.management.HotSpotDiagnostic
5812:             1             16  sun.management.ManagementFactoryHelper$PlatformLoggingImpl
5813:             1             16  sun.misc.ASCIICaseInsensitiveComparator
5814:             1             16  sun.misc.FloatingDecimal$1
5815:             1             16  sun.misc.Launcher
5816:             1             16  sun.misc.Launcher$Factory
5817:             1             16  sun.misc.ObjectInputFilter$Config$$Lambda$6/1252175399
5818:             1             16  sun.misc.Perf
5819:             1             16  sun.misc.Unsafe
5820:             1             16  sun.net.DefaultProgressMeteringPolicy
5821:             1             16  sun.net.ExtendedOptionsImpl$$Lambda$1/924286412
5822:             1             16  sun.net.spi.DefaultProxySelector
5823:             1             16  sun.net.www.protocol.http.AuthCacheImpl
5824:             1             16  sun.net.www.protocol.jar.JarFileFactory
5825:             1             16  sun.nio.ch.EPollSelectorProvider
5826:             1             16  sun.nio.ch.ExtendedSocketOption$1
5827:             1             16  sun.nio.ch.FileChannelImpl$1
5828:             1             16  sun.nio.ch.Net$1
5829:             1             16  sun.nio.ch.Util$1
5830:             1             16  sun.nio.cs.CharsetMapping$2
5831:             1             16  sun.nio.cs.CharsetMapping$3
5832:             1             16  sun.nio.cs.CharsetMapping$4
5833:             1             16  sun.nio.fs.LinuxFileSystemProvider
5834:             1             16  sun.reflect.GeneratedConstructorAccessor1
5835:             1             16  sun.reflect.GeneratedConstructorAccessor10
5836:             1             16  sun.reflect.GeneratedConstructorAccessor11
5837:             1             16  sun.reflect.GeneratedConstructorAccessor12
5838:             1             16  sun.reflect.GeneratedConstructorAccessor13
5839:             1             16  sun.reflect.GeneratedConstructorAccessor14
5840:             1             16  sun.reflect.GeneratedConstructorAccessor15
5841:             1             16  sun.reflect.GeneratedConstructorAccessor16
5842:             1             16  sun.reflect.GeneratedConstructorAccessor17
5843:             1             16  sun.reflect.GeneratedConstructorAccessor18
5844:             1             16  sun.reflect.GeneratedConstructorAccessor19
5845:             1             16  sun.reflect.GeneratedConstructorAccessor2
5846:             1             16  sun.reflect.GeneratedConstructorAccessor20
5847:             1             16  sun.reflect.GeneratedConstructorAccessor21
5848:             1             16  sun.reflect.GeneratedConstructorAccessor22
5849:             1             16  sun.reflect.GeneratedConstructorAccessor23
5850:             1             16  sun.reflect.GeneratedConstructorAccessor24
5851:             1             16  sun.reflect.GeneratedConstructorAccessor25
5852:             1             16  sun.reflect.GeneratedConstructorAccessor26
5853:             1             16  sun.reflect.GeneratedConstructorAccessor27
5854:             1             16  sun.reflect.GeneratedConstructorAccessor28
5855:             1             16  sun.reflect.GeneratedConstructorAccessor29
5856:             1             16  sun.reflect.GeneratedConstructorAccessor3
5857:             1             16  sun.reflect.GeneratedConstructorAccessor30
5858:             1             16  sun.reflect.GeneratedConstructorAccessor31
5859:             1             16  sun.reflect.GeneratedConstructorAccessor32
5860:             1             16  sun.reflect.GeneratedConstructorAccessor33
5861:             1             16  sun.reflect.GeneratedConstructorAccessor34
5862:             1             16  sun.reflect.GeneratedConstructorAccessor35
5863:             1             16  sun.reflect.GeneratedConstructorAccessor36
5864:             1             16  sun.reflect.GeneratedConstructorAccessor37
5865:             1             16  sun.reflect.GeneratedConstructorAccessor38
5866:             1             16  sun.reflect.GeneratedConstructorAccessor39
5867:             1             16  sun.reflect.GeneratedConstructorAccessor4
5868:             1             16  sun.reflect.GeneratedConstructorAccessor40
5869:             1             16  sun.reflect.GeneratedConstructorAccessor41
5870:             1             16  sun.reflect.GeneratedConstructorAccessor42
5871:             1             16  sun.reflect.GeneratedConstructorAccessor43
5872:             1             16  sun.reflect.GeneratedConstructorAccessor44
5873:             1             16  sun.reflect.GeneratedConstructorAccessor45
5874:             1             16  sun.reflect.GeneratedConstructorAccessor46
5875:             1             16  sun.reflect.GeneratedConstructorAccessor47
5876:             1             16  sun.reflect.GeneratedConstructorAccessor48
5877:             1             16  sun.reflect.GeneratedConstructorAccessor49
5878:             1             16  sun.reflect.GeneratedConstructorAccessor5
5879:             1             16  sun.reflect.GeneratedConstructorAccessor50
5880:             1             16  sun.reflect.GeneratedConstructorAccessor52
5881:             1             16  sun.reflect.GeneratedConstructorAccessor53
5882:             1             16  sun.reflect.GeneratedConstructorAccessor54
5883:             1             16  sun.reflect.GeneratedConstructorAccessor55
5884:             1             16  sun.reflect.GeneratedConstructorAccessor56
5885:             1             16  sun.reflect.GeneratedConstructorAccessor57
5886:             1             16  sun.reflect.GeneratedConstructorAccessor58
5887:             1             16  sun.reflect.GeneratedConstructorAccessor59
5888:             1             16  sun.reflect.GeneratedConstructorAccessor6
5889:             1             16  sun.reflect.GeneratedConstructorAccessor60
5890:             1             16  sun.reflect.GeneratedConstructorAccessor7
5891:             1             16  sun.reflect.GeneratedConstructorAccessor8
5892:             1             16  sun.reflect.GeneratedConstructorAccessor9
5893:             1             16  sun.reflect.GeneratedMethodAccessor1
5894:             1             16  sun.reflect.GeneratedMethodAccessor10
5895:             1             16  sun.reflect.GeneratedMethodAccessor100
5896:             1             16  sun.reflect.GeneratedMethodAccessor101
5897:             1             16  sun.reflect.GeneratedMethodAccessor102
5898:             1             16  sun.reflect.GeneratedMethodAccessor103
5899:             1             16  sun.reflect.GeneratedMethodAccessor104
5900:             1             16  sun.reflect.GeneratedMethodAccessor105
5901:             1             16  sun.reflect.GeneratedMethodAccessor106
5902:             1             16  sun.reflect.GeneratedMethodAccessor107
5903:             1             16  sun.reflect.GeneratedMethodAccessor108
5904:             1             16  sun.reflect.GeneratedMethodAccessor109
5905:             1             16  sun.reflect.GeneratedMethodAccessor11
5906:             1             16  sun.reflect.GeneratedMethodAccessor110
5907:             1             16  sun.reflect.GeneratedMethodAccessor111
5908:             1             16  sun.reflect.GeneratedMethodAccessor112
5909:             1             16  sun.reflect.GeneratedMethodAccessor113
5910:             1             16  sun.reflect.GeneratedMethodAccessor114
5911:             1             16  sun.reflect.GeneratedMethodAccessor115
5912:             1             16  sun.reflect.GeneratedMethodAccessor116
5913:             1             16  sun.reflect.GeneratedMethodAccessor117
5914:             1             16  sun.reflect.GeneratedMethodAccessor118
5915:             1             16  sun.reflect.GeneratedMethodAccessor119
5916:             1             16  sun.reflect.GeneratedMethodAccessor12
5917:             1             16  sun.reflect.GeneratedMethodAccessor120
5918:             1             16  sun.reflect.GeneratedMethodAccessor121
5919:             1             16  sun.reflect.GeneratedMethodAccessor122
5920:             1             16  sun.reflect.GeneratedMethodAccessor123
5921:             1             16  sun.reflect.GeneratedMethodAccessor124
5922:             1             16  sun.reflect.GeneratedMethodAccessor125
5923:             1             16  sun.reflect.GeneratedMethodAccessor126
5924:             1             16  sun.reflect.GeneratedMethodAccessor127
5925:             1             16  sun.reflect.GeneratedMethodAccessor128
5926:             1             16  sun.reflect.GeneratedMethodAccessor129
5927:             1             16  sun.reflect.GeneratedMethodAccessor13
5928:             1             16  sun.reflect.GeneratedMethodAccessor130
5929:             1             16  sun.reflect.GeneratedMethodAccessor131
5930:             1             16  sun.reflect.GeneratedMethodAccessor132
5931:             1             16  sun.reflect.GeneratedMethodAccessor133
5932:             1             16  sun.reflect.GeneratedMethodAccessor134
5933:             1             16  sun.reflect.GeneratedMethodAccessor135
5934:             1             16  sun.reflect.GeneratedMethodAccessor136
5935:             1             16  sun.reflect.GeneratedMethodAccessor137
5936:             1             16  sun.reflect.GeneratedMethodAccessor138
5937:             1             16  sun.reflect.GeneratedMethodAccessor139
5938:             1             16  sun.reflect.GeneratedMethodAccessor14
5939:             1             16  sun.reflect.GeneratedMethodAccessor140
5940:             1             16  sun.reflect.GeneratedMethodAccessor141
5941:             1             16  sun.reflect.GeneratedMethodAccessor142
5942:             1             16  sun.reflect.GeneratedMethodAccessor143
5943:             1             16  sun.reflect.GeneratedMethodAccessor144
5944:             1             16  sun.reflect.GeneratedMethodAccessor145
5945:             1             16  sun.reflect.GeneratedMethodAccessor146
5946:             1             16  sun.reflect.GeneratedMethodAccessor147
5947:             1             16  sun.reflect.GeneratedMethodAccessor148
5948:             1             16  sun.reflect.GeneratedMethodAccessor149
5949:             1             16  sun.reflect.GeneratedMethodAccessor15
5950:             1             16  sun.reflect.GeneratedMethodAccessor150
5951:             1             16  sun.reflect.GeneratedMethodAccessor151
5952:             1             16  sun.reflect.GeneratedMethodAccessor152
5953:             1             16  sun.reflect.GeneratedMethodAccessor153
5954:             1             16  sun.reflect.GeneratedMethodAccessor154
5955:             1             16  sun.reflect.GeneratedMethodAccessor155
5956:             1             16  sun.reflect.GeneratedMethodAccessor156
5957:             1             16  sun.reflect.GeneratedMethodAccessor157
5958:             1             16  sun.reflect.GeneratedMethodAccessor158
5959:             1             16  sun.reflect.GeneratedMethodAccessor159
5960:             1             16  sun.reflect.GeneratedMethodAccessor16
5961:             1             16  sun.reflect.GeneratedMethodAccessor160
5962:             1             16  sun.reflect.GeneratedMethodAccessor161
5963:             1             16  sun.reflect.GeneratedMethodAccessor162
5964:             1             16  sun.reflect.GeneratedMethodAccessor163
5965:             1             16  sun.reflect.GeneratedMethodAccessor164
5966:             1             16  sun.reflect.GeneratedMethodAccessor165
5967:             1             16  sun.reflect.GeneratedMethodAccessor166
5968:             1             16  sun.reflect.GeneratedMethodAccessor167
5969:             1             16  sun.reflect.GeneratedMethodAccessor168
5970:             1             16  sun.reflect.GeneratedMethodAccessor169
5971:             1             16  sun.reflect.GeneratedMethodAccessor17
5972:             1             16  sun.reflect.GeneratedMethodAccessor170
5973:             1             16  sun.reflect.GeneratedMethodAccessor171
5974:             1             16  sun.reflect.GeneratedMethodAccessor172
5975:             1             16  sun.reflect.GeneratedMethodAccessor173
5976:             1             16  sun.reflect.GeneratedMethodAccessor174
5977:             1             16  sun.reflect.GeneratedMethodAccessor175
5978:             1             16  sun.reflect.GeneratedMethodAccessor176
5979:             1             16  sun.reflect.GeneratedMethodAccessor177
5980:             1             16  sun.reflect.GeneratedMethodAccessor178
5981:             1             16  sun.reflect.GeneratedMethodAccessor179
5982:             1             16  sun.reflect.GeneratedMethodAccessor18
5983:             1             16  sun.reflect.GeneratedMethodAccessor180
5984:             1             16  sun.reflect.GeneratedMethodAccessor181
5985:             1             16  sun.reflect.GeneratedMethodAccessor182
5986:             1             16  sun.reflect.GeneratedMethodAccessor183
5987:             1             16  sun.reflect.GeneratedMethodAccessor184
5988:             1             16  sun.reflect.GeneratedMethodAccessor185
5989:             1             16  sun.reflect.GeneratedMethodAccessor186
5990:             1             16  sun.reflect.GeneratedMethodAccessor187
5991:             1             16  sun.reflect.GeneratedMethodAccessor188
5992:             1             16  sun.reflect.GeneratedMethodAccessor189
5993:             1             16  sun.reflect.GeneratedMethodAccessor19
5994:             1             16  sun.reflect.GeneratedMethodAccessor190
5995:             1             16  sun.reflect.GeneratedMethodAccessor191
5996:             1             16  sun.reflect.GeneratedMethodAccessor192
5997:             1             16  sun.reflect.GeneratedMethodAccessor193
5998:             1             16  sun.reflect.GeneratedMethodAccessor194
5999:             1             16  sun.reflect.GeneratedMethodAccessor195
6000:             1             16  sun.reflect.GeneratedMethodAccessor196
6001:             1             16  sun.reflect.GeneratedMethodAccessor197
6002:             1             16  sun.reflect.GeneratedMethodAccessor198
6003:             1             16  sun.reflect.GeneratedMethodAccessor199
6004:             1             16  sun.reflect.GeneratedMethodAccessor2
6005:             1             16  sun.reflect.GeneratedMethodAccessor20
6006:             1             16  sun.reflect.GeneratedMethodAccessor200
6007:             1             16  sun.reflect.GeneratedMethodAccessor201
6008:             1             16  sun.reflect.GeneratedMethodAccessor202
6009:             1             16  sun.reflect.GeneratedMethodAccessor203
6010:             1             16  sun.reflect.GeneratedMethodAccessor204
6011:             1             16  sun.reflect.GeneratedMethodAccessor205
6012:             1             16  sun.reflect.GeneratedMethodAccessor206
6013:             1             16  sun.reflect.GeneratedMethodAccessor207
6014:             1             16  sun.reflect.GeneratedMethodAccessor208
6015:             1             16  sun.reflect.GeneratedMethodAccessor209
6016:             1             16  sun.reflect.GeneratedMethodAccessor21
6017:             1             16  sun.reflect.GeneratedMethodAccessor210
6018:             1             16  sun.reflect.GeneratedMethodAccessor211
6019:             1             16  sun.reflect.GeneratedMethodAccessor212
6020:             1             16  sun.reflect.GeneratedMethodAccessor213
6021:             1             16  sun.reflect.GeneratedMethodAccessor214
6022:             1             16  sun.reflect.GeneratedMethodAccessor215
6023:             1             16  sun.reflect.GeneratedMethodAccessor216
6024:             1             16  sun.reflect.GeneratedMethodAccessor217
6025:             1             16  sun.reflect.GeneratedMethodAccessor218
6026:             1             16  sun.reflect.GeneratedMethodAccessor219
6027:             1             16  sun.reflect.GeneratedMethodAccessor22
6028:             1             16  sun.reflect.GeneratedMethodAccessor220
6029:             1             16  sun.reflect.GeneratedMethodAccessor221
6030:             1             16  sun.reflect.GeneratedMethodAccessor222
6031:             1             16  sun.reflect.GeneratedMethodAccessor223
6032:             1             16  sun.reflect.GeneratedMethodAccessor224
6033:             1             16  sun.reflect.GeneratedMethodAccessor225
6034:             1             16  sun.reflect.GeneratedMethodAccessor226
6035:             1             16  sun.reflect.GeneratedMethodAccessor227
6036:             1             16  sun.reflect.GeneratedMethodAccessor228
6037:             1             16  sun.reflect.GeneratedMethodAccessor229
6038:             1             16  sun.reflect.GeneratedMethodAccessor23
6039:             1             16  sun.reflect.GeneratedMethodAccessor230
6040:             1             16  sun.reflect.GeneratedMethodAccessor231
6041:             1             16  sun.reflect.GeneratedMethodAccessor232
6042:             1             16  sun.reflect.GeneratedMethodAccessor233
6043:             1             16  sun.reflect.GeneratedMethodAccessor234
6044:             1             16  sun.reflect.GeneratedMethodAccessor235
6045:             1             16  sun.reflect.GeneratedMethodAccessor236
6046:             1             16  sun.reflect.GeneratedMethodAccessor237
6047:             1             16  sun.reflect.GeneratedMethodAccessor238
6048:             1             16  sun.reflect.GeneratedMethodAccessor239
6049:             1             16  sun.reflect.GeneratedMethodAccessor24
6050:             1             16  sun.reflect.GeneratedMethodAccessor240
6051:             1             16  sun.reflect.GeneratedMethodAccessor241
6052:             1             16  sun.reflect.GeneratedMethodAccessor242
6053:             1             16  sun.reflect.GeneratedMethodAccessor243
6054:             1             16  sun.reflect.GeneratedMethodAccessor244
6055:             1             16  sun.reflect.GeneratedMethodAccessor245
6056:             1             16  sun.reflect.GeneratedMethodAccessor246
6057:             1             16  sun.reflect.GeneratedMethodAccessor247
6058:             1             16  sun.reflect.GeneratedMethodAccessor248
6059:             1             16  sun.reflect.GeneratedMethodAccessor249
6060:             1             16  sun.reflect.GeneratedMethodAccessor25
6061:             1             16  sun.reflect.GeneratedMethodAccessor250
6062:             1             16  sun.reflect.GeneratedMethodAccessor251
6063:             1             16  sun.reflect.GeneratedMethodAccessor252
6064:             1             16  sun.reflect.GeneratedMethodAccessor253
6065:             1             16  sun.reflect.GeneratedMethodAccessor254
6066:             1             16  sun.reflect.GeneratedMethodAccessor255
6067:             1             16  sun.reflect.GeneratedMethodAccessor256
6068:             1             16  sun.reflect.GeneratedMethodAccessor257
6069:             1             16  sun.reflect.GeneratedMethodAccessor258
6070:             1             16  sun.reflect.GeneratedMethodAccessor259
6071:             1             16  sun.reflect.GeneratedMethodAccessor26
6072:             1             16  sun.reflect.GeneratedMethodAccessor260
6073:             1             16  sun.reflect.GeneratedMethodAccessor261
6074:             1             16  sun.reflect.GeneratedMethodAccessor262
6075:             1             16  sun.reflect.GeneratedMethodAccessor263
6076:             1             16  sun.reflect.GeneratedMethodAccessor264
6077:             1             16  sun.reflect.GeneratedMethodAccessor265
6078:             1             16  sun.reflect.GeneratedMethodAccessor266
6079:             1             16  sun.reflect.GeneratedMethodAccessor267
6080:             1             16  sun.reflect.GeneratedMethodAccessor268
6081:             1             16  sun.reflect.GeneratedMethodAccessor269
6082:             1             16  sun.reflect.GeneratedMethodAccessor27
6083:             1             16  sun.reflect.GeneratedMethodAccessor270
6084:             1             16  sun.reflect.GeneratedMethodAccessor271
6085:             1             16  sun.reflect.GeneratedMethodAccessor272
6086:             1             16  sun.reflect.GeneratedMethodAccessor273
6087:             1             16  sun.reflect.GeneratedMethodAccessor274
6088:             1             16  sun.reflect.GeneratedMethodAccessor275
6089:             1             16  sun.reflect.GeneratedMethodAccessor276
6090:             1             16  sun.reflect.GeneratedMethodAccessor277
6091:             1             16  sun.reflect.GeneratedMethodAccessor278
6092:             1             16  sun.reflect.GeneratedMethodAccessor279
6093:             1             16  sun.reflect.GeneratedMethodAccessor28
6094:             1             16  sun.reflect.GeneratedMethodAccessor280
6095:             1             16  sun.reflect.GeneratedMethodAccessor281
6096:             1             16  sun.reflect.GeneratedMethodAccessor282
6097:             1             16  sun.reflect.GeneratedMethodAccessor283
6098:             1             16  sun.reflect.GeneratedMethodAccessor284
6099:             1             16  sun.reflect.GeneratedMethodAccessor285
6100:             1             16  sun.reflect.GeneratedMethodAccessor286
6101:             1             16  sun.reflect.GeneratedMethodAccessor287
6102:             1             16  sun.reflect.GeneratedMethodAccessor288
6103:             1             16  sun.reflect.GeneratedMethodAccessor289
6104:             1             16  sun.reflect.GeneratedMethodAccessor29
6105:             1             16  sun.reflect.GeneratedMethodAccessor290
6106:             1             16  sun.reflect.GeneratedMethodAccessor291
6107:             1             16  sun.reflect.GeneratedMethodAccessor292
6108:             1             16  sun.reflect.GeneratedMethodAccessor293
6109:             1             16  sun.reflect.GeneratedMethodAccessor294
6110:             1             16  sun.reflect.GeneratedMethodAccessor295
6111:             1             16  sun.reflect.GeneratedMethodAccessor296
6112:             1             16  sun.reflect.GeneratedMethodAccessor297
6113:             1             16  sun.reflect.GeneratedMethodAccessor298
6114:             1             16  sun.reflect.GeneratedMethodAccessor299
6115:             1             16  sun.reflect.GeneratedMethodAccessor3
6116:             1             16  sun.reflect.GeneratedMethodAccessor30
6117:             1             16  sun.reflect.GeneratedMethodAccessor300
6118:             1             16  sun.reflect.GeneratedMethodAccessor301
6119:             1             16  sun.reflect.GeneratedMethodAccessor302
6120:             1             16  sun.reflect.GeneratedMethodAccessor303
6121:             1             16  sun.reflect.GeneratedMethodAccessor304
6122:             1             16  sun.reflect.GeneratedMethodAccessor305
6123:             1             16  sun.reflect.GeneratedMethodAccessor306
6124:             1             16  sun.reflect.GeneratedMethodAccessor307
6125:             1             16  sun.reflect.GeneratedMethodAccessor308
6126:             1             16  sun.reflect.GeneratedMethodAccessor309
6127:             1             16  sun.reflect.GeneratedMethodAccessor31
6128:             1             16  sun.reflect.GeneratedMethodAccessor310
6129:             1             16  sun.reflect.GeneratedMethodAccessor311
6130:             1             16  sun.reflect.GeneratedMethodAccessor312
6131:             1             16  sun.reflect.GeneratedMethodAccessor313
6132:             1             16  sun.reflect.GeneratedMethodAccessor314
6133:             1             16  sun.reflect.GeneratedMethodAccessor315
6134:             1             16  sun.reflect.GeneratedMethodAccessor316
6135:             1             16  sun.reflect.GeneratedMethodAccessor317
6136:             1             16  sun.reflect.GeneratedMethodAccessor318
6137:             1             16  sun.reflect.GeneratedMethodAccessor319
6138:             1             16  sun.reflect.GeneratedMethodAccessor32
6139:             1             16  sun.reflect.GeneratedMethodAccessor320
6140:             1             16  sun.reflect.GeneratedMethodAccessor321
6141:             1             16  sun.reflect.GeneratedMethodAccessor322
6142:             1             16  sun.reflect.GeneratedMethodAccessor323
6143:             1             16  sun.reflect.GeneratedMethodAccessor324
6144:             1             16  sun.reflect.GeneratedMethodAccessor325
6145:             1             16  sun.reflect.GeneratedMethodAccessor326
6146:             1             16  sun.reflect.GeneratedMethodAccessor327
6147:             1             16  sun.reflect.GeneratedMethodAccessor328
6148:             1             16  sun.reflect.GeneratedMethodAccessor329
6149:             1             16  sun.reflect.GeneratedMethodAccessor33
6150:             1             16  sun.reflect.GeneratedMethodAccessor330
6151:             1             16  sun.reflect.GeneratedMethodAccessor331
6152:             1             16  sun.reflect.GeneratedMethodAccessor332
6153:             1             16  sun.reflect.GeneratedMethodAccessor333
6154:             1             16  sun.reflect.GeneratedMethodAccessor334
6155:             1             16  sun.reflect.GeneratedMethodAccessor335
6156:             1             16  sun.reflect.GeneratedMethodAccessor336
6157:             1             16  sun.reflect.GeneratedMethodAccessor337
6158:             1             16  sun.reflect.GeneratedMethodAccessor338
6159:             1             16  sun.reflect.GeneratedMethodAccessor339
6160:             1             16  sun.reflect.GeneratedMethodAccessor34
6161:             1             16  sun.reflect.GeneratedMethodAccessor340
6162:             1             16  sun.reflect.GeneratedMethodAccessor341
6163:             1             16  sun.reflect.GeneratedMethodAccessor342
6164:             1             16  sun.reflect.GeneratedMethodAccessor343
6165:             1             16  sun.reflect.GeneratedMethodAccessor344
6166:             1             16  sun.reflect.GeneratedMethodAccessor345
6167:             1             16  sun.reflect.GeneratedMethodAccessor346
6168:             1             16  sun.reflect.GeneratedMethodAccessor347
6169:             1             16  sun.reflect.GeneratedMethodAccessor348
6170:             1             16  sun.reflect.GeneratedMethodAccessor349
6171:             1             16  sun.reflect.GeneratedMethodAccessor35
6172:             1             16  sun.reflect.GeneratedMethodAccessor350
6173:             1             16  sun.reflect.GeneratedMethodAccessor351
6174:             1             16  sun.reflect.GeneratedMethodAccessor352
6175:             1             16  sun.reflect.GeneratedMethodAccessor353
6176:             1             16  sun.reflect.GeneratedMethodAccessor354
6177:             1             16  sun.reflect.GeneratedMethodAccessor355
6178:             1             16  sun.reflect.GeneratedMethodAccessor356
6179:             1             16  sun.reflect.GeneratedMethodAccessor357
6180:             1             16  sun.reflect.GeneratedMethodAccessor358
6181:             1             16  sun.reflect.GeneratedMethodAccessor359
6182:             1             16  sun.reflect.GeneratedMethodAccessor36
6183:             1             16  sun.reflect.GeneratedMethodAccessor360
6184:             1             16  sun.reflect.GeneratedMethodAccessor361
6185:             1             16  sun.reflect.GeneratedMethodAccessor362
6186:             1             16  sun.reflect.GeneratedMethodAccessor363
6187:             1             16  sun.reflect.GeneratedMethodAccessor364
6188:             1             16  sun.reflect.GeneratedMethodAccessor365
6189:             1             16  sun.reflect.GeneratedMethodAccessor366
6190:             1             16  sun.reflect.GeneratedMethodAccessor367
6191:             1             16  sun.reflect.GeneratedMethodAccessor368
6192:             1             16  sun.reflect.GeneratedMethodAccessor369
6193:             1             16  sun.reflect.GeneratedMethodAccessor37
6194:             1             16  sun.reflect.GeneratedMethodAccessor370
6195:             1             16  sun.reflect.GeneratedMethodAccessor371
6196:             1             16  sun.reflect.GeneratedMethodAccessor372
6197:             1             16  sun.reflect.GeneratedMethodAccessor373
6198:             1             16  sun.reflect.GeneratedMethodAccessor374
6199:             1             16  sun.reflect.GeneratedMethodAccessor375
6200:             1             16  sun.reflect.GeneratedMethodAccessor376
6201:             1             16  sun.reflect.GeneratedMethodAccessor377
6202:             1             16  sun.reflect.GeneratedMethodAccessor378
6203:             1             16  sun.reflect.GeneratedMethodAccessor379
6204:             1             16  sun.reflect.GeneratedMethodAccessor38
6205:             1             16  sun.reflect.GeneratedMethodAccessor380
6206:             1             16  sun.reflect.GeneratedMethodAccessor381
6207:             1             16  sun.reflect.GeneratedMethodAccessor382
6208:             1             16  sun.reflect.GeneratedMethodAccessor383
6209:             1             16  sun.reflect.GeneratedMethodAccessor384
6210:             1             16  sun.reflect.GeneratedMethodAccessor385
6211:             1             16  sun.reflect.GeneratedMethodAccessor386
6212:             1             16  sun.reflect.GeneratedMethodAccessor387
6213:             1             16  sun.reflect.GeneratedMethodAccessor388
6214:             1             16  sun.reflect.GeneratedMethodAccessor389
6215:             1             16  sun.reflect.GeneratedMethodAccessor39
6216:             1             16  sun.reflect.GeneratedMethodAccessor390
6217:             1             16  sun.reflect.GeneratedMethodAccessor391
6218:             1             16  sun.reflect.GeneratedMethodAccessor392
6219:             1             16  sun.reflect.GeneratedMethodAccessor393
6220:             1             16  sun.reflect.GeneratedMethodAccessor394
6221:             1             16  sun.reflect.GeneratedMethodAccessor395
6222:             1             16  sun.reflect.GeneratedMethodAccessor396
6223:             1             16  sun.reflect.GeneratedMethodAccessor397
6224:             1             16  sun.reflect.GeneratedMethodAccessor398
6225:             1             16  sun.reflect.GeneratedMethodAccessor399
6226:             1             16  sun.reflect.GeneratedMethodAccessor4
6227:             1             16  sun.reflect.GeneratedMethodAccessor40
6228:             1             16  sun.reflect.GeneratedMethodAccessor400
6229:             1             16  sun.reflect.GeneratedMethodAccessor401
6230:             1             16  sun.reflect.GeneratedMethodAccessor402
6231:             1             16  sun.reflect.GeneratedMethodAccessor403
6232:             1             16  sun.reflect.GeneratedMethodAccessor404
6233:             1             16  sun.reflect.GeneratedMethodAccessor405
6234:             1             16  sun.reflect.GeneratedMethodAccessor406
6235:             1             16  sun.reflect.GeneratedMethodAccessor407
6236:             1             16  sun.reflect.GeneratedMethodAccessor408
6237:             1             16  sun.reflect.GeneratedMethodAccessor409
6238:             1             16  sun.reflect.GeneratedMethodAccessor41
6239:             1             16  sun.reflect.GeneratedMethodAccessor410
6240:             1             16  sun.reflect.GeneratedMethodAccessor411
6241:             1             16  sun.reflect.GeneratedMethodAccessor412
6242:             1             16  sun.reflect.GeneratedMethodAccessor413
6243:             1             16  sun.reflect.GeneratedMethodAccessor414
6244:             1             16  sun.reflect.GeneratedMethodAccessor415
6245:             1             16  sun.reflect.GeneratedMethodAccessor416
6246:             1             16  sun.reflect.GeneratedMethodAccessor417
6247:             1             16  sun.reflect.GeneratedMethodAccessor418
6248:             1             16  sun.reflect.GeneratedMethodAccessor419
6249:             1             16  sun.reflect.GeneratedMethodAccessor42
6250:             1             16  sun.reflect.GeneratedMethodAccessor420
6251:             1             16  sun.reflect.GeneratedMethodAccessor421
6252:             1             16  sun.reflect.GeneratedMethodAccessor422
6253:             1             16  sun.reflect.GeneratedMethodAccessor423
6254:             1             16  sun.reflect.GeneratedMethodAccessor43
6255:             1             16  sun.reflect.GeneratedMethodAccessor44
6256:             1             16  sun.reflect.GeneratedMethodAccessor45
6257:             1             16  sun.reflect.GeneratedMethodAccessor46
6258:             1             16  sun.reflect.GeneratedMethodAccessor47
6259:             1             16  sun.reflect.GeneratedMethodAccessor48
6260:             1             16  sun.reflect.GeneratedMethodAccessor49
6261:             1             16  sun.reflect.GeneratedMethodAccessor5
6262:             1             16  sun.reflect.GeneratedMethodAccessor50
6263:             1             16  sun.reflect.GeneratedMethodAccessor51
6264:             1             16  sun.reflect.GeneratedMethodAccessor52
6265:             1             16  sun.reflect.GeneratedMethodAccessor53
6266:             1             16  sun.reflect.GeneratedMethodAccessor54
6267:             1             16  sun.reflect.GeneratedMethodAccessor55
6268:             1             16  sun.reflect.GeneratedMethodAccessor56
6269:             1             16  sun.reflect.GeneratedMethodAccessor57
6270:             1             16  sun.reflect.GeneratedMethodAccessor58
6271:             1             16  sun.reflect.GeneratedMethodAccessor59
6272:             1             16  sun.reflect.GeneratedMethodAccessor6
6273:             1             16  sun.reflect.GeneratedMethodAccessor60
6274:             1             16  sun.reflect.GeneratedMethodAccessor61
6275:             1             16  sun.reflect.GeneratedMethodAccessor62
6276:             1             16  sun.reflect.GeneratedMethodAccessor63
6277:             1             16  sun.reflect.GeneratedMethodAccessor64
6278:             1             16  sun.reflect.GeneratedMethodAccessor65
6279:             1             16  sun.reflect.GeneratedMethodAccessor66
6280:             1             16  sun.reflect.GeneratedMethodAccessor67
6281:             1             16  sun.reflect.GeneratedMethodAccessor68
6282:             1             16  sun.reflect.GeneratedMethodAccessor69
6283:             1             16  sun.reflect.GeneratedMethodAccessor7
6284:             1             16  sun.reflect.GeneratedMethodAccessor70
6285:             1             16  sun.reflect.GeneratedMethodAccessor71
6286:             1             16  sun.reflect.GeneratedMethodAccessor72
6287:             1             16  sun.reflect.GeneratedMethodAccessor73
6288:             1             16  sun.reflect.GeneratedMethodAccessor74
6289:             1             16  sun.reflect.GeneratedMethodAccessor75
6290:             1             16  sun.reflect.GeneratedMethodAccessor76
6291:             1             16  sun.reflect.GeneratedMethodAccessor77
6292:             1             16  sun.reflect.GeneratedMethodAccessor78
6293:             1             16  sun.reflect.GeneratedMethodAccessor79
6294:             1             16  sun.reflect.GeneratedMethodAccessor8
6295:             1             16  sun.reflect.GeneratedMethodAccessor80
6296:             1             16  sun.reflect.GeneratedMethodAccessor81
6297:             1             16  sun.reflect.GeneratedMethodAccessor82
6298:             1             16  sun.reflect.GeneratedMethodAccessor83
6299:             1             16  sun.reflect.GeneratedMethodAccessor84
6300:             1             16  sun.reflect.GeneratedMethodAccessor85
6301:             1             16  sun.reflect.GeneratedMethodAccessor86
6302:             1             16  sun.reflect.GeneratedMethodAccessor87
6303:             1             16  sun.reflect.GeneratedMethodAccessor88
6304:             1             16  sun.reflect.GeneratedMethodAccessor89
6305:             1             16  sun.reflect.GeneratedMethodAccessor9
6306:             1             16  sun.reflect.GeneratedMethodAccessor90
6307:             1             16  sun.reflect.GeneratedMethodAccessor91
6308:             1             16  sun.reflect.GeneratedMethodAccessor92
6309:             1             16  sun.reflect.GeneratedMethodAccessor93
6310:             1             16  sun.reflect.GeneratedMethodAccessor94
6311:             1             16  sun.reflect.GeneratedMethodAccessor95
6312:             1             16  sun.reflect.GeneratedMethodAccessor96
6313:             1             16  sun.reflect.GeneratedMethodAccessor97
6314:             1             16  sun.reflect.GeneratedMethodAccessor98
6315:             1             16  sun.reflect.GeneratedMethodAccessor99
6316:             1             16  sun.reflect.GeneratedSerializationConstructorAccessor1
6317:             1             16  sun.reflect.GeneratedSerializationConstructorAccessor2
6318:             1             16  sun.reflect.GeneratedSerializationConstructorAccessor3
6319:             1             16  sun.reflect.GeneratedSerializationConstructorAccessor4
6320:             1             16  sun.reflect.ReflectionFactory
6321:             1             16  sun.reflect.generics.tree.BooleanSignature
6322:             1             16  sun.reflect.generics.tree.BottomSignature
6323:             1             16  sun.reflect.generics.tree.ByteSignature
6324:             1             16  sun.reflect.generics.tree.DoubleSignature
6325:             1             16  sun.reflect.generics.tree.IntSignature
6326:             1             16  sun.reflect.generics.tree.LongSignature
6327:             1             16  sun.reflect.generics.tree.VoidDescriptor
6328:             1             16  sun.security.rsa.RSAKeyFactory
6329:             1             16  sun.security.util.ByteArrayLexOrder
6330:             1             16  sun.security.util.ByteArrayTagOrder
6331:             1             16  sun.text.normalizer.NormalizerBase$Mode
6332:             1             16  sun.text.normalizer.NormalizerBase$NFCMode
6333:             1             16  sun.text.normalizer.NormalizerBase$NFDMode
6334:             1             16  sun.text.normalizer.NormalizerBase$NFKCMode
6335:             1             16  sun.text.normalizer.NormalizerBase$NFKDMode
6336:             1             16  sun.util.CoreResourceBundleControl
6337:             1             16  sun.util.calendar.Gregorian
6338:             1             16  sun.util.locale.provider.AuxLocaleProviderAdapter$NullProvider
6339:             1             16  sun.util.locale.provider.CalendarDataUtility$CalendarWeekParameterGetter
6340:             1             16  sun.util.locale.provider.SPILocaleProviderAdapter
6341:             1             16  sun.util.locale.provider.TimeZoneNameUtility$TimeZoneNameGetter
6342:             1             16  sun.util.resources.LocaleData
6343:             1             16  sun.util.resources.LocaleData$LocaleDataResourceBundleControl
Total        631766       48771736
