Java HotSpot(TM) 64-Bit Server VM (25.151-b12) for bsd-amd64 JRE (1.8.0_151-b12), built on Sep  5 2017 19:37:08 by "java_re" with gcc 4.2.1 (Based on Apple Inc. build 5658) (LLVM build 2336.11.00)
Memory: 4k page, physical 8388608k(345660k free)

/proc/meminfo:

CommandLine flags: -XX:InitialHeapSize=268435456 -XX:MaxHeapSize=536870912 -XX:+PrintGC -XX:+PrintGCDateStamps -XX:+PrintGCDetails -XX:+PrintGCTimeStamps -XX:+UseCompressedClassPointers -XX:+UseCompressedOops -XX:+UseSerialGC 
2020-10-24T13:23:23.518-0800: 0.154: [GC (Allocation Failure) 2020-10-24T13:23:23.518-0800: 0.154: [DefNew: 69543K->8704K(78656K), 0.0207395 secs] 69543K->24408K(253440K), 0.0208665 secs] [Times: user=0.02 sys=0.01, real=0.02 secs] 
2020-10-24T13:23:23.549-0800: 0.185: [GC (Allocation Failure) 2020-10-24T13:23:23.549-0800: 0.185: [DefNew: 78439K->8703K(78656K), 0.0215639 secs] 94144K->45041K(253440K), 0.0216550 secs] [Times: user=0.01 sys=0.01, real=0.03 secs] 
2020-10-24T13:23:23.585-0800: 0.221: [GC (Allocation Failure) 2020-10-24T13:23:23.585-0800: 0.221: [DefNew: 78182K->8703K(78656K), 0.0219975 secs] 114520K->68036K(253440K), 0.0221630 secs] [Times: user=0.01 sys=0.01, real=0.02 secs] 
2020-10-24T13:23:23.622-0800: 0.258: [GC (Allocation Failure) 2020-10-24T13:23:23.622-0800: 0.258: [DefNew: 78655K->8703K(78656K), 0.0193394 secs] 137988K->90354K(253440K), 0.0194270 secs] [Times: user=0.01 sys=0.01, real=0.02 secs] 
2020-10-24T13:23:23.658-0800: 0.294: [GC (Allocation Failure) 2020-10-24T13:23:23.658-0800: 0.294: [DefNew: 78655K->8702K(78656K), 0.0199063 secs] 160306K->111735K(253440K), 0.0201421 secs] [Times: user=0.01 sys=0.01, real=0.02 secs] 
2020-10-24T13:23:23.693-0800: 0.329: [GC (Allocation Failure) 2020-10-24T13:23:23.693-0800: 0.329: [DefNew: 78654K->8696K(78656K), 0.0257539 secs] 181687K->133736K(253440K), 0.0258526 secs] [Times: user=0.01 sys=0.01, real=0.02 secs] 
2020-10-24T13:23:23.730-0800: 0.366: [GC (Allocation Failure) 2020-10-24T13:23:23.730-0800: 0.366: [DefNew: 78648K->8696K(78656K), 0.0264957 secs] 203688K->158408K(253440K), 0.0267254 secs] [Times: user=0.01 sys=0.01, real=0.02 secs] 
2020-10-24T13:23:23.770-0800: 0.406: [GC (Allocation Failure) 2020-10-24T13:23:23.770-0800: 0.406: [DefNew: 78648K->8703K(78656K), 0.0215485 secs] 228360K->179933K(253440K), 0.0218227 secs] [Times: user=0.01 sys=0.00, real=0.02 secs] 
2020-10-24T13:23:23.800-0800: 0.436: [GC (Allocation Failure) 2020-10-24T13:23:23.800-0800: 0.436: [DefNew: 78433K->8703K(78656K), 0.0163760 secs]2020-10-24T13:23:23.816-0800: 0.452: [Tenured: 189875K->167264K(190052K), 0.0378398 secs] 249663K->167264K(268708K), [Metaspace: 2691K->2691K(1056768K)], 0.0545653 secs] [Times: user=0.05 sys=0.00, real=0.05 secs] 
2020-10-24T13:23:23.889-0800: 0.525: [GC (Allocation Failure) 2020-10-24T13:23:23.889-0800: 0.525: [DefNew: 111074K->13887K(125568K), 0.0190206 secs] 278338K->207283K(404344K), 0.0191827 secs] [Times: user=0.01 sys=0.01, real=0.02 secs] 
2020-10-24T13:23:23.937-0800: 0.573: [GC (Allocation Failure) 2020-10-24T13:23:23.937-0800: 0.573: [DefNew: 125567K->13885K(125568K), 0.0994056 secs] 318963K->245682K(404344K), 0.0996520 secs] [Times: user=0.02 sys=0.03, real=0.10 secs] 
2020-10-24T13:23:24.063-0800: 0.699: [GC (Allocation Failure) 2020-10-24T13:23:24.063-0800: 0.699: [DefNew: 125565K->13886K(125568K), 0.0732244 secs] 357362K->284799K(404344K), 0.0734028 secs] [Times: user=0.02 sys=0.02, real=0.07 secs] 
2020-10-24T13:23:24.160-0800: 0.796: [GC (Allocation Failure) 2020-10-24T13:23:24.160-0800: 0.796: [DefNew: 125566K->13887K(125568K), 0.0631124 secs]2020-10-24T13:23:24.223-0800: 0.859: [Tenured: 306337K->258008K(306488K), 0.0552652 secs] 396479K->258008K(432056K), [Metaspace: 2691K->2691K(1056768K)], 0.1187092 secs] [Times: user=0.08 sys=0.02, real=0.11 secs] 
2020-10-24T13:23:24.295-0800: 0.931: [GC (Allocation Failure) 2020-10-24T13:23:24.295-0800: 0.931: [DefNew: 139776K->17471K(157248K), 0.0282408 secs] 397784K->300076K(506816K), 0.0283933 secs] [Times: user=0.02 sys=0.01, real=0.03 secs] 
2020-10-24T13:23:24.359-0800: 0.995: [GC (Allocation Failure) 2020-10-24T13:23:24.359-0800: 0.995: [DefNew: 157247K->17471K(157248K), 0.0495996 secs] 439852K->344326K(506816K), 0.0497317 secs] [Times: user=0.02 sys=0.02, real=0.05 secs] 
2020-10-24T13:23:24.449-0800: 1.085: [GC (Allocation Failure) 2020-10-24T13:23:24.449-0800: 1.085: [DefNew: 157247K->157247K(157248K), 0.0001119 secs]2020-10-24T13:23:24.449-0800: 1.085: [Tenured: 326855K->300168K(349568K), 0.0520648 secs] 484102K->300168K(506816K), [Metaspace: 2691K->2691K(1056768K)], 0.0524246 secs] [Times: user=0.04 sys=0.00, real=0.06 secs] 
Heap
 def new generation   total 157248K, used 5650K [0x00000007a0000000, 0x00000007aaaa0000, 0x00000007aaaa0000)
  eden space 139776K,   4% used [0x00000007a0000000, 0x00000007a05849b8, 0x00000007a8880000)
  from space 17472K,   0% used [0x00000007a8880000, 0x00000007a8880000, 0x00000007a9990000)
  to   space 17472K,   0% used [0x00000007a9990000, 0x00000007a9990000, 0x00000007aaaa0000)
 tenured generation   total 349568K, used 300168K [0x00000007aaaa0000, 0x00000007c0000000, 0x00000007c0000000)
   the space 349568K,  85% used [0x00000007aaaa0000, 0x00000007bcfc2338, 0x00000007bcfc2400, 0x00000007c0000000)
 Metaspace       used 2697K, capacity 4486K, committed 4864K, reserved 1056768K
  class space    used 295K, capacity 386K, committed 512K, reserved 1048576K
